[mm] sensors ['radar'] pos_source predicted window_bytes {'radar': 262144} coverage {"radar": {"channel_frames": 53800, "missing": 53800, "examples": ["Town03_5wayroad/cav_1/326234", "Town03_5wayroad/cav_1/326235", "Town03_5wayroad/cav_1/326236", "Town03_5wayroad/cav_1/326237", "Town03_5wayroad/cav_1/326238"], "rsu_frames_cached": 16, "row_bytes": 16384}}
[mm_radar_zerocache] frames 53800 Nr 16 Nt 64 Ksc 64 | split B1: train windows 43121 (x16 = 689936), val windows 2439 (x16 = 39024) | load 0s
model mm:chiron params 22.79M | args {"model": "mm:chiron", "run_id": "mm_radar_zerocache", "setting": "Nt_1_64_Nr_1_16_fc_28GHz", "Ksc": 64, "K_hist": 16, "H_pred": 4, "split": "B1", "seed": 42, "epochs": 40, "patience": 5, "lr": 0.0003, "wd": 0.0001, "batch": 64, "clip": 1.0, "warmup_epochs": 1.0, "D": 512, "L": 6, "heads": 8, "dropout": 0.1, "no_pos_emb": false, "residual": false, "c_hid": 128, "c_enc": 32, "norm": "rms", "patch_h": 4, "patch_w": 16, "lwm11_init": "pretrained", "lwm11_freeze": "none", "in_scale": 1.0, "t_layers": 2, "device": "cuda:0", "workers": 0, "max_train_windows": 0, "eval_every": 1, "out_root": "/mnt/ssd_7t_2/carla-wireless-dataset/mmw_reproduction/outputs_cp", "sensors": "radar", "pos_source": "predicted", "pos_mode": "token", "fuse_layers": 3, "causal_mask": false, "sensor_cache_root": "/mnt/ssd_7t_2/carla-wireless-dataset/mmw_reproduction/derived_cp/sensor_cache_radarzero", "backbone_init": ""}
[mm] param_groups {"backbone_no_head": 9178368, "head": 9978368, "fusion": 3554304, "embeddings": 5120, "enc_radar": 72672, "sensor_encoders": 72672, "total": 22788832}
  ep1 step 500/10781 loss 1.1674 lr 1.39e-05 95s
  ep1 step 1000/10781 loss 1.0926 lr 2.79e-05 190s
  ep1 step 1500/10781 loss 1.0625 lr 4.18e-05 284s
  ep1 step 2000/10781 loss 1.0446 lr 5.57e-05 436s
  ep1 step 2500/10781 loss 1.0325 lr 6.96e-05 619s
  ep1 step 3000/10781 loss 1.0239 lr 8.35e-05 802s
  ep1 step 3500/10781 loss 1.0167 lr 9.74e-05 982s
  ep1 step 4000/10781 loss 1.0104 lr 1.11e-04 1126s
  ep1 step 4500/10781 loss 1.0043 lr 1.25e-04 1220s
  ep1 step 5000/10781 loss 0.9982 lr 1.39e-04 1314s
  ep1 step 5500/10781 loss 0.9912 lr 1.53e-04 1408s
  ep1 step 6000/10781 loss 0.9838 lr 1.67e-04 1502s
  ep1 step 6500/10781 loss 0.9755 lr 1.81e-04 1597s
  ep1 step 7000/10781 loss 0.9654 lr 1.95e-04 1692s
  ep1 step 7500/10781 loss 0.9528 lr 2.09e-04 1787s
  ep1 step 8000/10781 loss 0.9362 lr 2.23e-04 1881s
  ep1 step 8500/10781 loss 0.9142 lr 2.37e-04 1976s
  ep1 step 9000/10781 loss 0.8898 lr 2.50e-04 2070s
  ep1 step 9500/10781 loss 0.8637 lr 2.64e-04 2166s
  ep1 step 10000/10781 loss 0.8359 lr 2.78e-04 2260s
  ep1 step 10500/10781 loss 0.8090 lr 2.92e-04 2354s
{"ep": 1, "loss": 0.79438, "val_pooled_db": [-8.12, -7.47, -6.95, -6.37], "val_median_db": [-10.27, -9.69, -8.89, -8.27], "val_align_db": [-11.42, -11.03, -10.55, -10.04], "rho": [0.963, 0.96, 0.955, 0.949], "copy_last_db": [-4.45, -1.94, -1.6, -1.16], "lr": 0.0003, "sec": 2445.5}
  ep2 step 500/10781 loss 0.2569 lr 3.00e-04 93s
  ep2 step 1000/10781 loss 0.2381 lr 3.00e-04 188s
  ep2 step 1500/10781 loss 0.2316 lr 3.00e-04 282s
  ep2 step 2000/10781 loss 0.2265 lr 3.00e-04 375s
  ep2 step 2500/10781 loss 0.2198 lr 3.00e-04 469s
  ep2 step 3000/10781 loss 0.2169 lr 3.00e-04 563s
  ep2 step 3500/10781 loss 0.2118 lr 3.00e-04 657s
  ep2 step 4000/10781 loss 0.2079 lr 3.00e-04 750s
  ep2 step 4500/10781 loss 0.2040 lr 3.00e-04 844s
  ep2 step 5000/10781 loss 0.2003 lr 3.00e-04 938s
  ep2 step 5500/10781 loss 0.1974 lr 3.00e-04 1031s
  ep2 step 6000/10781 loss 0.1947 lr 3.00e-04 1125s
  ep2 step 6500/10781 loss 0.1922 lr 3.00e-04 1219s
  ep2 step 7000/10781 loss 0.1900 lr 3.00e-04 1313s
  ep2 step 7500/10781 loss 0.1876 lr 3.00e-04 1406s
  ep2 step 8000/10781 loss 0.1859 lr 3.00e-04 1500s
  ep2 step 8500/10781 loss 0.1840 lr 3.00e-04 1594s
  ep2 step 9000/10781 loss 0.1821 lr 3.00e-04 1687s
  ep2 step 9500/10781 loss 0.1808 lr 3.00e-04 1780s
  ep2 step 10000/10781 loss 0.1789 lr 3.00e-04 1874s
  ep2 step 10500/10781 loss 0.1773 lr 3.00e-04 1968s
{"ep": 2, "loss": 0.17644, "val_pooled_db": [-10.78, -9.92, -9.17, -8.45], "val_median_db": [-13.9, -13.12, -12.44, -11.87], "val_align_db": [-15.66, -15.03, -14.23, -13.69], "rho": [0.986, 0.984, 0.981, 0.978], "copy_last_db": [-4.45, -1.94, -1.6, -1.16], "lr": 0.0002995135962201315, "sec": 2057.5}
  ep3 step 500/10781 loss 0.1405 lr 2.99e-04 94s
  ep3 step 1000/10781 loss 0.1401 lr 2.99e-04 187s
  ep3 step 1500/10781 loss 0.1390 lr 2.99e-04 280s
  ep3 step 2000/10781 loss 0.1393 lr 2.99e-04 373s
  ep3 step 2500/10781 loss 0.1404 lr 2.99e-04 468s
  ep3 step 3000/10781 loss 0.1395 lr 2.99e-04 562s
  ep3 step 3500/10781 loss 0.1386 lr 2.99e-04 656s
  ep3 step 4000/10781 loss 0.1383 lr 2.99e-04 750s
  ep3 step 4500/10781 loss 0.1377 lr 2.99e-04 844s
  ep3 step 5000/10781 loss 0.1375 lr 2.99e-04 938s
  ep3 step 5500/10781 loss 0.1371 lr 2.99e-04 1032s
  ep3 step 6000/10781 loss 0.1373 lr 2.99e-04 1125s
  ep3 step 6500/10781 loss 0.1369 lr 2.99e-04 1219s
  ep3 step 7000/10781 loss 0.1367 lr 2.99e-04 1312s
  ep3 step 7500/10781 loss 0.1359 lr 2.99e-04 1406s
  ep3 step 8000/10781 loss 0.1356 lr 2.99e-04 1499s
  ep3 step 8500/10781 loss 0.1351 lr 2.98e-04 1593s
  ep3 step 9000/10781 loss 0.1346 lr 2.98e-04 1687s
  ep3 step 9500/10781 loss 0.1341 lr 2.98e-04 1781s
  ep3 step 10000/10781 loss 0.1336 lr 2.98e-04 1875s
  ep3 step 10500/10781 loss 0.1330 lr 2.98e-04 1968s
{"ep": 3, "loss": 0.13274, "val_pooled_db": [-11.27, -10.32, -9.47, -8.79], "val_median_db": [-14.92, -14.09, -13.25, -12.55], "val_align_db": [-16.74, -16.17, -15.45, -14.73], "rho": [0.989, 0.988, 0.986, 0.983], "copy_last_db": [-4.45, -1.94, -1.6, -1.16], "lr": 0.00029805753939568687, "sec": 2058.9}
  ep4 step 500/10781 loss 0.1233 lr 2.98e-04 94s
  ep4 step 1000/10781 loss 0.1248 lr 2.98e-04 187s
  ep4 step 1500/10781 loss 0.1236 lr 2.98e-04 281s
  ep4 step 2000/10781 loss 0.1229 lr 2.98e-04 374s
  ep4 step 2500/10781 loss 0.1218 lr 2.98e-04 468s
  ep4 step 3000/10781 loss 0.1215 lr 2.97e-04 563s
  ep4 step 3500/10781 loss 0.1225 lr 2.97e-04 657s
  ep4 step 4000/10781 loss 0.1219 lr 2.97e-04 750s
  ep4 step 4500/10781 loss 0.1212 lr 2.97e-04 844s
  ep4 step 5000/10781 loss 0.1209 lr 2.97e-04 936s
  ep4 step 5500/10781 loss 0.1208 lr 2.97e-04 1030s
  ep4 step 6000/10781 loss 0.1205 lr 2.97e-04 1124s
  ep4 step 6500/10781 loss 0.1203 lr 2.97e-04 1217s
  ep4 step 7000/10781 loss 0.1199 lr 2.97e-04 1311s
  ep4 step 7500/10781 loss 0.1194 lr 2.96e-04 1404s
  ep4 step 8000/10781 loss 0.1191 lr 2.96e-04 1498s
  ep4 step 8500/10781 loss 0.1188 lr 2.96e-04 1591s
  ep4 step 9000/10781 loss 0.1185 lr 2.96e-04 1684s
  ep4 step 9500/10781 loss 0.1182 lr 2.96e-04 1776s
  ep4 step 10000/10781 loss 0.1179 lr 2.96e-04 1870s
  ep4 step 10500/10781 loss 0.1175 lr 2.96e-04 1963s
{"ep": 4, "loss": 0.11733, "val_pooled_db": [-11.51, -10.5, -9.63, -8.83], "val_median_db": [-15.49, -14.48, -13.51, -12.7], "val_align_db": [-17.05, -16.26, -15.51, -14.72], "rho": [0.99, 0.988, 0.986, 0.983], "copy_last_db": [-4.45, -1.94, -1.6, -1.16], "lr": 0.00029564127261390776, "sec": 2053.2}
  ep5 step 500/10781 loss 0.1149 lr 2.96e-04 94s
  ep5 step 1000/10781 loss 0.1137 lr 2.95e-04 187s
  ep5 step 1500/10781 loss 0.1116 lr 2.95e-04 280s
  ep5 step 2000/10781 loss 0.1105 lr 2.95e-04 373s
  ep5 step 2500/10781 loss 0.1097 lr 2.95e-04 467s
  ep5 step 3000/10781 loss 0.1089 lr 2.95e-04 560s
  ep5 step 3500/10781 loss 0.1085 lr 2.95e-04 653s
  ep5 step 4000/10781 loss 0.1082 lr 2.95e-04 747s
  ep5 step 4500/10781 loss 0.1078 lr 2.94e-04 841s
  ep5 step 5000/10781 loss 0.1076 lr 2.94e-04 934s
  ep5 step 5500/10781 loss 0.1072 lr 2.94e-04 1027s
  ep5 step 6000/10781 loss 0.1070 lr 2.94e-04 1121s
  ep5 step 6500/10781 loss 0.1066 lr 2.94e-04 1214s
  ep5 step 7000/10781 loss 0.1063 lr 2.94e-04 1307s
  ep5 step 7500/10781 loss 0.1061 lr 2.93e-04 1400s
  ep5 step 8000/10781 loss 0.1060 lr 2.93e-04 1494s
  ep5 step 8500/10781 loss 0.1057 lr 2.93e-04 1587s
  ep5 step 9000/10781 loss 0.1054 lr 2.93e-04 1680s
  ep5 step 9500/10781 loss 0.1052 lr 2.93e-04 1774s
  ep5 step 10000/10781 loss 0.1050 lr 2.93e-04 1867s
  ep5 step 10500/10781 loss 0.1048 lr 2.92e-04 1960s
{"ep": 5, "loss": 0.10553, "val_pooled_db": [-11.58, -10.46, -9.56, -8.75], "val_median_db": [-15.64, -14.56, -13.45, -12.62], "val_align_db": [-17.06, -16.22, -15.25, -14.44], "rho": [0.99, 0.988, 0.985, 0.982], "copy_last_db": [-4.45, -1.94, -1.6, -1.16], "lr": 0.00029228046629207175, "sec": 2050.0}
  ep6 step 500/10781 loss 0.1015 lr 2.92e-04 93s
  ep6 step 1000/10781 loss 0.0999 lr 2.92e-04 186s
  ep6 step 1500/10781 loss 0.0988 lr 2.92e-04 279s
  ep6 step 2000/10781 loss 0.0984 lr 2.92e-04 372s
  ep6 step 2500/10781 loss 0.0981 lr 2.91e-04 465s
  ep6 step 3000/10781 loss 0.0980 lr 2.91e-04 558s
  ep6 step 3500/10781 loss 0.0978 lr 2.91e-04 651s
  ep6 step 4000/10781 loss 0.0976 lr 2.91e-04 744s
  ep6 step 4500/10781 loss 0.0977 lr 2.91e-04 837s
  ep6 step 5000/10781 loss 0.0976 lr 2.90e-04 930s
  ep6 step 5500/10781 loss 0.0975 lr 2.90e-04 1022s
  ep6 step 6000/10781 loss 0.0974 lr 2.90e-04 1114s
  ep6 step 6500/10781 loss 0.0973 lr 2.90e-04 1207s
  ep6 step 7000/10781 loss 0.0972 lr 2.90e-04 1300s
  ep6 step 7500/10781 loss 0.0971 lr 2.89e-04 1393s
  ep6 step 8000/10781 loss 0.0970 lr 2.89e-04 1486s
  ep6 step 8500/10781 loss 0.0969 lr 2.89e-04 1579s
  ep6 step 9000/10781 loss 0.0968 lr 2.89e-04 1673s
  ep6 step 9500/10781 loss 0.0967 lr 2.89e-04 1768s
  ep6 step 10000/10781 loss 0.0967 lr 2.88e-04 1862s
  ep6 step 10500/10781 loss 0.0965 lr 2.88e-04 1956s
{"ep": 6, "loss": 0.09639, "val_pooled_db": [-11.58, -10.48, -9.61, -8.88], "val_median_db": [-16.01, -14.98, -13.83, -13.04], "val_align_db": [-17.5, -16.71, -15.8, -15.02], "rho": [0.991, 0.989, 0.987, 0.984], "copy_last_db": [-4.45, -1.94, -1.6, -1.16], "lr": 0.0002879969165488236, "sec": 2047.6}
  ep7 step 500/10781 loss 0.0911 lr 2.88e-04 94s
  ep7 step 1000/10781 loss 0.0910 lr 2.88e-04 186s
  ep7 step 1500/10781 loss 0.0916 lr 2.87e-04 280s
  ep7 step 2000/10781 loss 0.0923 lr 2.87e-04 373s
  ep7 step 2500/10781 loss 0.0922 lr 2.87e-04 466s
  ep7 step 3000/10781 loss 0.0922 lr 2.87e-04 559s
  ep7 step 3500/10781 loss 0.0920 lr 2.86e-04 652s
  ep7 step 4000/10781 loss 0.0919 lr 2.86e-04 745s
  ep7 step 4500/10781 loss 0.0919 lr 2.86e-04 839s
  ep7 step 5000/10781 loss 0.0919 lr 2.86e-04 932s
  ep7 step 5500/10781 loss 0.0917 lr 2.85e-04 1026s
  ep7 step 6000/10781 loss 0.0917 lr 2.85e-04 1119s
  ep7 step 6500/10781 loss 0.0916 lr 2.85e-04 1213s
  ep7 step 7000/10781 loss 0.0915 lr 2.85e-04 1306s
  ep7 step 7500/10781 loss 0.0914 lr 2.84e-04 1399s
  ep7 step 8000/10781 loss 0.0913 lr 2.84e-04 1493s
  ep7 step 8500/10781 loss 0.0912 lr 2.84e-04 1586s
  ep7 step 9000/10781 loss 0.0911 lr 2.84e-04 1680s
  ep7 step 9500/10781 loss 0.0910 lr 2.83e-04 1773s
  ep7 step 10000/10781 loss 0.0909 lr 2.83e-04 1866s
  ep7 step 10500/10781 loss 0.0909 lr 2.83e-04 1960s
{"ep": 7, "loss": 0.0908, "val_pooled_db": [-11.77, -10.56, -9.72, -8.95], "val_median_db": [-16.18, -15.13, -14.05, -13.29], "val_align_db": [-17.61, -16.81, -15.89, -15.15], "rho": [0.991, 0.99, 0.987, 0.985], "copy_last_db": [-4.45, -1.94, -1.6, -1.16], "lr": 0.0002828184038479814, "sec": 2050.2}
  ep8 step 500/10781 loss 0.0882 lr 2.83e-04 93s
  ep8 step 1000/10781 loss 0.0879 lr 2.82e-04 187s
  ep8 step 1500/10781 loss 0.0876 lr 2.82e-04 280s
  ep8 step 2000/10781 loss 0.0877 lr 2.82e-04 374s
  ep8 step 2500/10781 loss 0.0875 lr 2.81e-04 467s
  ep8 step 3000/10781 loss 0.0876 lr 2.81e-04 561s
  ep8 step 3500/10781 loss 0.0875 lr 2.81e-04 655s
  ep8 step 4000/10781 loss 0.0874 lr 2.81e-04 748s
  ep8 step 4500/10781 loss 0.0873 lr 2.80e-04 842s
  ep8 step 5000/10781 loss 0.0873 lr 2.80e-04 936s
  ep8 step 5500/10781 loss 0.0872 lr 2.80e-04 1029s
  ep8 step 6000/10781 loss 0.0871 lr 2.80e-04 1123s
  ep8 step 6500/10781 loss 0.0870 lr 2.79e-04 1217s
  ep8 step 7000/10781 loss 0.0869 lr 2.79e-04 1310s
  ep8 step 7500/10781 loss 0.0868 lr 2.79e-04 1404s
  ep8 step 8000/10781 loss 0.0867 lr 2.78e-04 1497s
  ep8 step 8500/10781 loss 0.0867 lr 2.78e-04 1591s
  ep8 step 9000/10781 loss 0.0866 lr 2.78e-04 1685s
  ep8 step 9500/10781 loss 0.0865 lr 2.78e-04 1778s
  ep8 step 10000/10781 loss 0.0865 lr 2.77e-04 1872s
  ep8 step 10500/10781 loss 0.0864 lr 2.77e-04 1965s
{"ep": 8, "loss": 0.08635, "val_pooled_db": [-11.59, -10.41, -9.62, -8.87], "val_median_db": [-16.0, -14.91, -13.9, -12.95], "val_align_db": [-17.66, -16.82, -15.96, -14.98], "rho": [0.991, 0.99, 0.987, 0.984], "copy_last_db": [-4.45, -1.94, -1.6, -1.16], "lr": 0.0002767785128315692, "sec": 2055.7}
  ep9 step 500/10781 loss 0.0839 lr 2.76e-04 94s
  ep9 step 1000/10781 loss 0.0844 lr 2.76e-04 188s
  ep9 step 1500/10781 loss 0.0839 lr 2.76e-04 281s
  ep9 step 2000/10781 loss 0.0836 lr 2.76e-04 374s
  ep9 step 2500/10781 loss 0.0835 lr 2.75e-04 468s
  ep9 step 3000/10781 loss 0.0835 lr 2.75e-04 562s
  ep9 step 3500/10781 loss 0.0836 lr 2.75e-04 655s
  ep9 step 4000/10781 loss 0.0837 lr 2.74e-04 748s
  ep9 step 4500/10781 loss 0.0837 lr 2.74e-04 842s
  ep9 step 5000/10781 loss 0.0837 lr 2.74e-04 935s
  ep9 step 5500/10781 loss 0.0836 lr 2.73e-04 1029s
  ep9 step 6000/10781 loss 0.0835 lr 2.73e-04 1122s
  ep9 step 6500/10781 loss 0.0834 lr 2.73e-04 1216s
  ep9 step 7000/10781 loss 0.0834 lr 2.72e-04 1309s
  ep9 step 7500/10781 loss 0.0833 lr 2.72e-04 1403s
  ep9 step 8000/10781 loss 0.0832 lr 2.72e-04 1496s
  ep9 step 8500/10781 loss 0.0832 lr 2.71e-04 1590s
  ep9 step 9000/10781 loss 0.0831 lr 2.71e-04 1683s
  ep9 step 9500/10781 loss 0.0831 lr 2.71e-04 1776s
  ep9 step 10000/10781 loss 0.0830 lr 2.70e-04 1870s
  ep9 step 10500/10781 loss 0.0830 lr 2.70e-04 1964s
{"ep": 9, "loss": 0.08298, "val_pooled_db": [-11.41, -10.17, -9.33, -8.66], "val_median_db": [-15.93, -14.77, -13.75, -12.88], "val_align_db": [-17.34, -16.56, -15.69, -14.92], "rho": [0.991, 0.989, 0.986, 0.984], "copy_last_db": [-4.45, -1.94, -1.6, -1.16], "lr": 0.00026991641451052517, "sec": 2054.3}
  ep10 step 500/10781 loss 0.0801 lr 2.70e-04 94s
  ep10 step 1000/10781 loss 0.0805 lr 2.69e-04 187s
  ep10 step 1500/10781 loss 0.0805 lr 2.69e-04 281s
  ep10 step 2000/10781 loss 0.0805 lr 2.69e-04 374s
  ep10 step 2500/10781 loss 0.0804 lr 2.68e-04 468s
  ep10 step 3000/10781 loss 0.0805 lr 2.68e-04 561s
  ep10 step 3500/10781 loss 0.0809 lr 2.68e-04 654s
  ep10 step 4000/10781 loss 0.0809 lr 2.67e-04 748s
  ep10 step 4500/10781 loss 0.0808 lr 2.67e-04 841s
  ep10 step 5000/10781 loss 0.0807 lr 2.66e-04 935s
  ep10 step 5500/10781 loss 0.0806 lr 2.66e-04 1027s
  ep10 step 6000/10781 loss 0.0806 lr 2.66e-04 1121s
  ep10 step 6500/10781 loss 0.0805 lr 2.65e-04 1214s
  ep10 step 7000/10781 loss 0.0804 lr 2.65e-04 1307s
  ep10 step 7500/10781 loss 0.0804 lr 2.65e-04 1400s
  ep10 step 8000/10781 loss 0.0803 lr 2.64e-04 1494s
  ep10 step 8500/10781 loss 0.0803 lr 2.64e-04 1587s
  ep10 step 9000/10781 loss 0.0802 lr 2.64e-04 1680s
  ep10 step 9500/10781 loss 0.0801 lr 2.63e-04 1774s
  ep10 step 10000/10781 loss 0.0801 lr 2.63e-04 1867s
  ep10 step 10500/10781 loss 0.0800 lr 2.62e-04 1961s
{"ep": 10, "loss": 0.08001, "val_pooled_db": [-11.55, -10.33, -9.5, -8.68], "val_median_db": [-16.13, -14.99, -13.97, -13.06], "val_align_db": [-17.57, -16.74, -15.9, -14.93], "rho": [0.991, 0.989, 0.987, 0.984], "copy_last_db": [-4.45, -1.94, -1.6, -1.16], "lr": 0.00026227661222566516, "sec": 2050.7}
  ep11 step 500/10781 loss 0.0784 lr 2.62e-04 93s
  ep11 step 1000/10781 loss 0.0780 lr 2.62e-04 187s
  ep11 step 1500/10781 loss 0.0779 lr 2.61e-04 280s
  ep11 step 2000/10781 loss 0.0778 lr 2.61e-04 374s
  ep11 step 2500/10781 loss 0.0778 lr 2.60e-04 467s
  ep11 step 3000/10781 loss 0.0779 lr 2.60e-04 560s
  ep11 step 3500/10781 loss 0.0779 lr 2.60e-04 654s
  ep11 step 4000/10781 loss 0.0778 lr 2.59e-04 747s
  ep11 step 4500/10781 loss 0.0779 lr 2.59e-04 841s
  ep11 step 5000/10781 loss 0.0778 lr 2.58e-04 934s
  ep11 step 5500/10781 loss 0.0778 lr 2.58e-04 1028s
  ep11 step 6000/10781 loss 0.0778 lr 2.58e-04 1121s
  ep11 step 6500/10781 loss 0.0778 lr 2.57e-04 1214s
  ep11 step 7000/10781 loss 0.0778 lr 2.57e-04 1309s
  ep11 step 7500/10781 loss 0.0777 lr 2.57e-04 1403s
  ep11 step 8000/10781 loss 0.0777 lr 2.56e-04 1496s
  ep11 step 8500/10781 loss 0.0776 lr 2.56e-04 1589s
  ep11 step 9000/10781 loss 0.0776 lr 2.55e-04 1683s
  ep11 step 9500/10781 loss 0.0775 lr 2.55e-04 1777s
  ep11 step 10000/10781 loss 0.0775 lr 2.55e-04 1871s
  ep11 step 10500/10781 loss 0.0774 lr 2.54e-04 1965s
{"ep": 11, "loss": 0.07737, "val_pooled_db": [-11.68, -10.48, -9.51, -8.73], "val_median_db": [-16.53, -15.48, -14.23, -13.24], "val_align_db": [-17.93, -17.09, -16.11, -15.19], "rho": [0.992, 0.99, 0.988, 0.985], "copy_last_db": [-4.45, -1.94, -1.6, -1.16], "lr": 0.0002539086530264399, "sec": 2056.7}
  ep12 step 500/10781 loss 0.0753 lr 2.54e-04 94s
  ep12 step 1000/10781 loss 0.0754 lr 2.53e-04 188s
  ep12 step 1500/10781 loss 0.0754 lr 2.53e-04 282s
  ep12 step 2000/10781 loss 0.0755 lr 2.52e-04 376s
  ep12 step 2500/10781 loss 0.0756 lr 2.52e-04 471s
  ep12 step 3000/10781 loss 0.0758 lr 2.51e-04 564s
  ep12 step 3500/10781 loss 0.0758 lr 2.51e-04 657s
  ep12 step 4000/10781 loss 0.0757 lr 2.51e-04 751s
  ep12 step 4500/10781 loss 0.0754 lr 2.50e-04 845s
  ep12 step 5000/10781 loss 0.0753 lr 2.50e-04 945s
  ep12 step 5500/10781 loss 0.0754 lr 2.49e-04 1050s
  ep12 step 6000/10781 loss 0.0753 lr 2.49e-04 1154s
  ep12 step 6500/10781 loss 0.0753 lr 2.49e-04 1259s
  ep12 step 7000/10781 loss 0.0752 lr 2.48e-04 1377s
  ep12 step 7500/10781 loss 0.0752 lr 2.48e-04 1529s
  ep12 step 8000/10781 loss 0.0752 lr 2.47e-04 1682s
  ep12 step 8500/10781 loss 0.0752 lr 2.47e-04 1831s
  ep12 step 9000/10781 loss 0.0752 lr 2.46e-04 1983s
  ep12 step 9500/10781 loss 0.0752 lr 2.46e-04 2134s
  ep12 step 10000/10781 loss 0.0751 lr 2.46e-04 2263s
  ep12 step 10500/10781 loss 0.0751 lr 2.45e-04 2401s
{"ep": 12, "loss": 0.07501, "val_pooled_db": [-11.73, -10.43, -9.57, -8.81], "val_median_db": [-16.54, -15.56, -14.45, -13.45], "val_align_db": [-18.07, -17.21, -16.34, -15.39], "rho": [0.992, 0.99, 0.988, 0.985], "copy_last_db": [-4.45, -1.94, -1.6, -1.16], "lr": 0.0002448668063393066, "sec": 2543.4}
early stopping at ep 12 (best ep 7, -10.25 dB)
DONE best_ep 7 val_mean_pooled_db -10.25
