[mm] sensors ['pos'] pos_source predicted window_bytes {'pos': 640} coverage {"pos": {"source": "predicted", "nan_rows": 0, "missing_yaml": 0, "examples": [], "n": 53800}}
[mm_pos_pred_token] frames 53800 Nr 16 Nt 64 Ksc 64 | split B1: train windows 43121 (x16 = 689936), val windows 2439 (x16 = 39024) | load 0s
model mm:chiron params 22.78M | args {"model": "mm:chiron", "run_id": "mm_pos_pred_token", "setting": "Nt_1_64_Nr_1_16_fc_28GHz", "Ksc": 64, "K_hist": 16, "H_pred": 4, "split": "B1", "seed": 42, "epochs": 40, "patience": 5, "lr": 0.0003, "wd": 0.0001, "batch": 64, "clip": 1.0, "warmup_epochs": 1.0, "D": 512, "L": 6, "heads": 8, "dropout": 0.1, "no_pos_emb": false, "residual": false, "c_hid": 128, "c_enc": 32, "norm": "rms", "patch_h": 4, "patch_w": 16, "lwm11_init": "pretrained", "lwm11_freeze": "none", "in_scale": 1.0, "t_layers": 2, "device": "cuda:0", "workers": 0, "max_train_windows": 0, "eval_every": 1, "out_root": "/mnt/ssd_7t_2/carla-wireless-dataset/mmw_reproduction/outputs_cp", "sensors": "pos", "pos_source": "predicted", "pos_mode": "token", "fuse_layers": 3, "causal_mask": false, "sensor_cache_root": "", "backbone_init": ""}
[mm] param_groups {"backbone_no_head": 9178368, "head": 9978368, "fusion": 3554304, "embeddings": 5120, "enc_pos": 68608, "sensor_encoders": 68608, "total": 22784768}
  ep1 step 500/10781 loss 1.1771 lr 1.39e-05 100s
  ep1 step 1000/10781 loss 1.0980 lr 2.79e-05 200s
  ep1 step 1500/10781 loss 1.0659 lr 4.18e-05 299s
  ep1 step 2000/10781 loss 1.0471 lr 5.57e-05 456s
  ep1 step 2500/10781 loss 1.0348 lr 6.96e-05 635s
  ep1 step 3000/10781 loss 1.0251 lr 8.35e-05 822s
  ep1 step 3500/10781 loss 1.0166 lr 9.74e-05 1000s
  ep1 step 4000/10781 loss 1.0089 lr 1.11e-04 1184s
  ep1 step 4500/10781 loss 1.0009 lr 1.25e-04 1305s
  ep1 step 5000/10781 loss 0.9920 lr 1.39e-04 1405s
  ep1 step 5500/10781 loss 0.9818 lr 1.53e-04 1504s
  ep1 step 6000/10781 loss 0.9717 lr 1.67e-04 1604s
  ep1 step 6500/10781 loss 0.9591 lr 1.81e-04 1704s
  ep1 step 7000/10781 loss 0.9432 lr 1.95e-04 1803s
  ep1 step 7500/10781 loss 0.9237 lr 2.09e-04 1903s
  ep1 step 8000/10781 loss 0.8998 lr 2.23e-04 2002s
  ep1 step 8500/10781 loss 0.8723 lr 2.37e-04 2102s
  ep1 step 9000/10781 loss 0.8440 lr 2.50e-04 2202s
  ep1 step 9500/10781 loss 0.8156 lr 2.64e-04 2301s
  ep1 step 10000/10781 loss 0.7884 lr 2.78e-04 2400s
  ep1 step 10500/10781 loss 0.7625 lr 2.92e-04 2499s
{"ep": 1, "loss": 0.7489, "val_pooled_db": [-8.37, -7.77, -7.27, -6.71], "val_median_db": [-10.47, -10.0, -9.36, -8.9], "val_align_db": [-11.74, -11.43, -10.94, -10.59], "rho": [0.966, 0.963, 0.959, 0.955], "copy_last_db": [-4.45, -1.94, -1.6, -1.16], "lr": 0.0003, "sec": 2595.8}
  ep2 step 500/10781 loss 0.2286 lr 3.00e-04 99s
  ep2 step 1000/10781 loss 0.2206 lr 3.00e-04 197s
  ep2 step 1500/10781 loss 0.2132 lr 3.00e-04 295s
  ep2 step 2000/10781 loss 0.2089 lr 3.00e-04 392s
  ep2 step 2500/10781 loss 0.2049 lr 3.00e-04 491s
  ep2 step 3000/10781 loss 0.2032 lr 3.00e-04 589s
  ep2 step 3500/10781 loss 0.2003 lr 3.00e-04 686s
  ep2 step 4000/10781 loss 0.1985 lr 3.00e-04 785s
  ep2 step 4500/10781 loss 0.1956 lr 3.00e-04 882s
  ep2 step 5000/10781 loss 0.1928 lr 3.00e-04 980s
  ep2 step 5500/10781 loss 0.1903 lr 3.00e-04 1078s
  ep2 step 6000/10781 loss 0.1886 lr 3.00e-04 1176s
  ep2 step 6500/10781 loss 0.1865 lr 3.00e-04 1275s
  ep2 step 7000/10781 loss 0.1845 lr 3.00e-04 1373s
  ep2 step 7500/10781 loss 0.1824 lr 3.00e-04 1471s
  ep2 step 8000/10781 loss 0.1810 lr 3.00e-04 1570s
  ep2 step 8500/10781 loss 0.1791 lr 3.00e-04 1668s
  ep2 step 9000/10781 loss 0.1775 lr 3.00e-04 1767s
  ep2 step 9500/10781 loss 0.1760 lr 3.00e-04 1865s
  ep2 step 10000/10781 loss 0.1747 lr 3.00e-04 1963s
  ep2 step 10500/10781 loss 0.1733 lr 3.00e-04 2062s
{"ep": 2, "loss": 0.17261, "val_pooled_db": [-10.71, -9.91, -9.29, -8.63], "val_median_db": [-13.68, -13.08, -12.35, -11.78], "val_align_db": [-15.57, -15.03, -14.46, -13.89], "rho": [0.986, 0.984, 0.982, 0.979], "copy_last_db": [-4.45, -1.94, -1.6, -1.16], "lr": 0.0002995135962201315, "sec": 2155.2}
  ep3 step 500/10781 loss 0.1433 lr 2.99e-04 98s
  ep3 step 1000/10781 loss 0.1422 lr 2.99e-04 196s
  ep3 step 1500/10781 loss 0.1418 lr 2.99e-04 294s
  ep3 step 2000/10781 loss 0.1419 lr 2.99e-04 393s
  ep3 step 2500/10781 loss 0.1409 lr 2.99e-04 492s
  ep3 step 3000/10781 loss 0.1400 lr 2.99e-04 591s
  ep3 step 3500/10781 loss 0.1396 lr 2.99e-04 689s
  ep3 step 4000/10781 loss 0.1393 lr 2.99e-04 789s
  ep3 step 4500/10781 loss 0.1386 lr 2.99e-04 892s
  ep3 step 5000/10781 loss 0.1380 lr 2.99e-04 994s
  ep3 step 5500/10781 loss 0.1378 lr 2.99e-04 1097s
  ep3 step 6000/10781 loss 0.1371 lr 2.99e-04 1198s
  ep3 step 6500/10781 loss 0.1368 lr 2.99e-04 1299s
  ep3 step 7000/10781 loss 0.1364 lr 2.99e-04 1402s
  ep3 step 7500/10781 loss 0.1358 lr 2.99e-04 1503s
  ep3 step 8000/10781 loss 0.1353 lr 2.99e-04 1604s
  ep3 step 8500/10781 loss 0.1347 lr 2.98e-04 1707s
  ep3 step 9000/10781 loss 0.1341 lr 2.98e-04 1809s
  ep3 step 9500/10781 loss 0.1341 lr 2.98e-04 1912s
  ep3 step 10000/10781 loss 0.1335 lr 2.98e-04 2015s
  ep3 step 10500/10781 loss 0.1331 lr 2.98e-04 2118s
{"ep": 3, "loss": 0.13275, "val_pooled_db": [-11.23, -10.34, -9.63, -9.01], "val_median_db": [-14.7, -14.03, -13.1, -12.56], "val_align_db": [-16.15, -15.73, -14.94, -14.48], "rho": [0.988, 0.987, 0.984, 0.982], "copy_last_db": [-4.45, -1.94, -1.6, -1.16], "lr": 0.00029805753939568687, "sec": 2219.9}
  ep4 step 500/10781 loss 0.1191 lr 2.98e-04 99s
  ep4 step 1000/10781 loss 0.1231 lr 2.98e-04 198s
  ep4 step 1500/10781 loss 0.1216 lr 2.98e-04 297s
  ep4 step 2000/10781 loss 0.1221 lr 2.98e-04 396s
  ep4 step 2500/10781 loss 0.1211 lr 2.98e-04 494s
  ep4 step 3000/10781 loss 0.1207 lr 2.97e-04 592s
  ep4 step 3500/10781 loss 0.1203 lr 2.97e-04 690s
  ep4 step 4000/10781 loss 0.1201 lr 2.97e-04 789s
  ep4 step 4500/10781 loss 0.1198 lr 2.97e-04 888s
  ep4 step 5000/10781 loss 0.1193 lr 2.97e-04 986s
  ep4 step 5500/10781 loss 0.1191 lr 2.97e-04 1084s
  ep4 step 6000/10781 loss 0.1189 lr 2.97e-04 1184s
  ep4 step 6500/10781 loss 0.1190 lr 2.97e-04 1282s
  ep4 step 7000/10781 loss 0.1192 lr 2.97e-04 1381s
  ep4 step 7500/10781 loss 0.1188 lr 2.96e-04 1479s
  ep4 step 8000/10781 loss 0.1185 lr 2.96e-04 1577s
  ep4 step 8500/10781 loss 0.1180 lr 2.96e-04 1677s
  ep4 step 9000/10781 loss 0.1177 lr 2.96e-04 1775s
  ep4 step 9500/10781 loss 0.1175 lr 2.96e-04 1874s
  ep4 step 10000/10781 loss 0.1174 lr 2.96e-04 1973s
  ep4 step 10500/10781 loss 0.1171 lr 2.96e-04 2072s
{"ep": 4, "loss": 0.11691, "val_pooled_db": [-11.1, -10.43, -9.66, -9.05], "val_median_db": [-14.86, -14.1, -13.27, -12.56], "val_align_db": [-16.68, -16.07, -15.4, -14.71], "rho": [0.989, 0.988, 0.985, 0.983], "copy_last_db": [-4.45, -1.94, -1.6, -1.16], "lr": 0.00029564127261390776, "sec": 2167.2}
  ep5 step 500/10781 loss 0.1095 lr 2.96e-04 99s
  ep5 step 1000/10781 loss 0.1084 lr 2.95e-04 197s
  ep5 step 1500/10781 loss 0.1081 lr 2.95e-04 296s
  ep5 step 2000/10781 loss 0.1075 lr 2.95e-04 395s
  ep5 step 2500/10781 loss 0.1071 lr 2.95e-04 493s
  ep5 step 3000/10781 loss 0.1076 lr 2.95e-04 592s
  ep5 step 3500/10781 loss 0.1075 lr 2.95e-04 690s
  ep5 step 4000/10781 loss 0.1074 lr 2.95e-04 789s
  ep5 step 4500/10781 loss 0.1072 lr 2.94e-04 889s
  ep5 step 5000/10781 loss 0.1069 lr 2.94e-04 988s
  ep5 step 5500/10781 loss 0.1068 lr 2.94e-04 1087s
  ep5 step 6000/10781 loss 0.1066 lr 2.94e-04 1186s
  ep5 step 6500/10781 loss 0.1064 lr 2.94e-04 1285s
  ep5 step 7000/10781 loss 0.1066 lr 2.94e-04 1384s
  ep5 step 7500/10781 loss 0.1065 lr 2.93e-04 1484s
  ep5 step 8000/10781 loss 0.1062 lr 2.93e-04 1583s
  ep5 step 8500/10781 loss 0.1063 lr 2.93e-04 1682s
  ep5 step 9000/10781 loss 0.1061 lr 2.93e-04 1781s
  ep5 step 9500/10781 loss 0.1058 lr 2.93e-04 1879s
  ep5 step 10000/10781 loss 0.1057 lr 2.93e-04 1978s
  ep5 step 10500/10781 loss 0.1055 lr 2.92e-04 2076s
{"ep": 5, "loss": 0.10538, "val_pooled_db": [-11.41, -10.58, -9.8, -9.17], "val_median_db": [-15.71, -14.77, -13.75, -13.11], "val_align_db": [-17.19, -16.54, -15.82, -15.16], "rho": [0.99, 0.989, 0.987, 0.985], "copy_last_db": [-4.45, -1.94, -1.6, -1.16], "lr": 0.00029228046629207175, "sec": 2171.3}
  ep6 step 500/10781 loss 0.1006 lr 2.92e-04 101s
  ep6 step 1000/10781 loss 0.0995 lr 2.92e-04 200s
  ep6 step 1500/10781 loss 0.0998 lr 2.92e-04 300s
  ep6 step 2000/10781 loss 0.0997 lr 2.92e-04 399s
  ep6 step 2500/10781 loss 0.0998 lr 2.91e-04 498s
  ep6 step 3000/10781 loss 0.0997 lr 2.91e-04 597s
  ep6 step 3500/10781 loss 0.0995 lr 2.91e-04 695s
  ep6 step 4000/10781 loss 0.0993 lr 2.91e-04 794s
  ep6 step 4500/10781 loss 0.0993 lr 2.91e-04 893s
  ep6 step 5000/10781 loss 0.0992 lr 2.90e-04 992s
  ep6 step 5500/10781 loss 0.0991 lr 2.90e-04 1091s
  ep6 step 6000/10781 loss 0.0991 lr 2.90e-04 1190s
  ep6 step 6500/10781 loss 0.0990 lr 2.90e-04 1289s
  ep6 step 7000/10781 loss 0.0987 lr 2.90e-04 1388s
  ep6 step 7500/10781 loss 0.0986 lr 2.89e-04 1486s
  ep6 step 8000/10781 loss 0.0984 lr 2.89e-04 1585s
  ep6 step 8500/10781 loss 0.0983 lr 2.89e-04 1684s
  ep6 step 9000/10781 loss 0.0982 lr 2.89e-04 1783s
  ep6 step 9500/10781 loss 0.0980 lr 2.89e-04 1882s
  ep6 step 10000/10781 loss 0.0979 lr 2.88e-04 1981s
  ep6 step 10500/10781 loss 0.0977 lr 2.88e-04 2079s
{"ep": 6, "loss": 0.09771, "val_pooled_db": [-11.34, -10.59, -9.74, -9.08], "val_median_db": [-15.82, -15.01, -13.86, -13.04], "val_align_db": [-17.26, -16.67, -15.8, -15.03], "rho": [0.991, 0.989, 0.987, 0.984], "copy_last_db": [-4.45, -1.94, -1.6, -1.16], "lr": 0.0002879969165488236, "sec": 2174.4}
  ep7 step 500/10781 loss 0.0932 lr 2.88e-04 99s
  ep7 step 1000/10781 loss 0.0943 lr 2.88e-04 197s
  ep7 step 1500/10781 loss 0.0939 lr 2.87e-04 296s
  ep7 step 2000/10781 loss 0.0936 lr 2.87e-04 395s
  ep7 step 2500/10781 loss 0.0932 lr 2.87e-04 495s
  ep7 step 3000/10781 loss 0.0930 lr 2.87e-04 595s
  ep7 step 3500/10781 loss 0.0929 lr 2.86e-04 694s
  ep7 step 4000/10781 loss 0.0928 lr 2.86e-04 792s
  ep7 step 4500/10781 loss 0.0928 lr 2.86e-04 891s
  ep7 step 5000/10781 loss 0.0929 lr 2.86e-04 990s
  ep7 step 5500/10781 loss 0.0928 lr 2.85e-04 1089s
  ep7 step 6000/10781 loss 0.0928 lr 2.85e-04 1188s
  ep7 step 6500/10781 loss 0.0927 lr 2.85e-04 1286s
  ep7 step 7000/10781 loss 0.0927 lr 2.85e-04 1384s
  ep7 step 7500/10781 loss 0.0925 lr 2.84e-04 1483s
  ep7 step 8000/10781 loss 0.0926 lr 2.84e-04 1581s
  ep7 step 8500/10781 loss 0.0925 lr 2.84e-04 1679s
  ep7 step 9000/10781 loss 0.0924 lr 2.84e-04 1778s
  ep7 step 9500/10781 loss 0.0923 lr 2.83e-04 1876s
  ep7 step 10000/10781 loss 0.0921 lr 2.83e-04 1974s
  ep7 step 10500/10781 loss 0.0921 lr 2.83e-04 2072s
{"ep": 7, "loss": 0.09202, "val_pooled_db": [-11.38, -10.59, -9.76, -9.15], "val_median_db": [-16.04, -15.18, -14.14, -13.36], "val_align_db": [-17.42, -16.71, -15.91, -15.26], "rho": [0.991, 0.989, 0.987, 0.985], "copy_last_db": [-4.45, -1.94, -1.6, -1.16], "lr": 0.0002828184038479814, "sec": 2167.8}
  ep8 step 500/10781 loss 0.0888 lr 2.83e-04 99s
  ep8 step 1000/10781 loss 0.0883 lr 2.82e-04 198s
  ep8 step 1500/10781 loss 0.0886 lr 2.82e-04 297s
  ep8 step 2000/10781 loss 0.0891 lr 2.82e-04 395s
  ep8 step 2500/10781 loss 0.0891 lr 2.81e-04 493s
  ep8 step 3000/10781 loss 0.0890 lr 2.81e-04 592s
  ep8 step 3500/10781 loss 0.0888 lr 2.81e-04 690s
  ep8 step 4000/10781 loss 0.0886 lr 2.81e-04 788s
  ep8 step 4500/10781 loss 0.0885 lr 2.80e-04 888s
  ep8 step 5000/10781 loss 0.0886 lr 2.80e-04 987s
  ep8 step 5500/10781 loss 0.0884 lr 2.80e-04 1086s
  ep8 step 6000/10781 loss 0.0884 lr 2.80e-04 1185s
  ep8 step 6500/10781 loss 0.0883 lr 2.79e-04 1284s
  ep8 step 7000/10781 loss 0.0882 lr 2.79e-04 1383s
  ep8 step 7500/10781 loss 0.0881 lr 2.79e-04 1481s
  ep8 step 8000/10781 loss 0.0880 lr 2.78e-04 1580s
  ep8 step 8500/10781 loss 0.0879 lr 2.78e-04 1679s
  ep8 step 9000/10781 loss 0.0879 lr 2.78e-04 1778s
  ep8 step 9500/10781 loss 0.0879 lr 2.78e-04 1877s
  ep8 step 10000/10781 loss 0.0878 lr 2.77e-04 1976s
  ep8 step 10500/10781 loss 0.0877 lr 2.77e-04 2075s
{"ep": 8, "loss": 0.08769, "val_pooled_db": [-11.43, -10.59, -9.81, -9.05], "val_median_db": [-15.99, -15.15, -14.08, -13.23], "val_align_db": [-17.6, -16.93, -16.13, -15.29], "rho": [0.991, 0.99, 0.988, 0.985], "copy_last_db": [-4.45, -1.94, -1.6, -1.16], "lr": 0.0002767785128315692, "sec": 2163.3}
  ep9 step 500/10781 loss 0.0849 lr 2.76e-04 87s
  ep9 step 1000/10781 loss 0.0845 lr 2.76e-04 174s
  ep9 step 1500/10781 loss 0.0867 lr 2.76e-04 261s
  ep9 step 2000/10781 loss 0.0898 lr 2.76e-04 348s
  ep9 step 2500/10781 loss 0.0889 lr 2.75e-04 434s
  ep9 step 3000/10781 loss 0.0885 lr 2.75e-04 521s
  ep9 step 3500/10781 loss 0.0880 lr 2.75e-04 608s
  ep9 step 4000/10781 loss 0.0875 lr 2.74e-04 695s
  ep9 step 4500/10781 loss 0.0870 lr 2.74e-04 782s
  ep9 step 5000/10781 loss 0.0868 lr 2.74e-04 868s
  ep9 step 5500/10781 loss 0.0866 lr 2.73e-04 955s
  ep9 step 6000/10781 loss 0.0863 lr 2.73e-04 1042s
  ep9 step 6500/10781 loss 0.0861 lr 2.73e-04 1129s
  ep9 step 7000/10781 loss 0.0858 lr 2.72e-04 1216s
  ep9 step 7500/10781 loss 0.0857 lr 2.72e-04 1303s
  ep9 step 8000/10781 loss 0.0856 lr 2.72e-04 1390s
  ep9 step 8500/10781 loss 0.0855 lr 2.71e-04 1477s
  ep9 step 9000/10781 loss 0.0853 lr 2.71e-04 1564s
  ep9 step 9500/10781 loss 0.0851 lr 2.71e-04 1651s
  ep9 step 10000/10781 loss 0.0852 lr 2.70e-04 1738s
  ep9 step 10500/10781 loss 0.0851 lr 2.70e-04 1825s
{"ep": 9, "loss": 0.08504, "val_pooled_db": [-11.39, -10.56, -9.79, -9.11], "val_median_db": [-16.36, -15.55, -14.47, -13.73], "val_align_db": [-17.78, -17.13, -16.33, -15.64], "rho": [0.992, 0.99, 0.988, 0.986], "copy_last_db": [-4.45, -1.94, -1.6, -1.16], "lr": 0.00026991641451052517, "sec": 1910.4}
  ep10 step 500/10781 loss 0.0806 lr 2.70e-04 87s
  ep10 step 1000/10781 loss 0.0818 lr 2.69e-04 174s
  ep10 step 1500/10781 loss 0.0817 lr 2.69e-04 261s
  ep10 step 2000/10781 loss 0.0817 lr 2.69e-04 348s
  ep10 step 2500/10781 loss 0.0817 lr 2.68e-04 435s
  ep10 step 3000/10781 loss 0.0817 lr 2.68e-04 522s
  ep10 step 3500/10781 loss 0.0816 lr 2.68e-04 609s
  ep10 step 4000/10781 loss 0.0816 lr 2.67e-04 696s
  ep10 step 4500/10781 loss 0.0816 lr 2.67e-04 783s
  ep10 step 5000/10781 loss 0.0816 lr 2.66e-04 869s
  ep10 step 5500/10781 loss 0.0815 lr 2.66e-04 956s
  ep10 step 6000/10781 loss 0.0814 lr 2.66e-04 1043s
  ep10 step 6500/10781 loss 0.0815 lr 2.65e-04 1130s
  ep10 step 7000/10781 loss 0.0814 lr 2.65e-04 1218s
  ep10 step 7500/10781 loss 0.0815 lr 2.65e-04 1305s
  ep10 step 8000/10781 loss 0.0814 lr 2.64e-04 1391s
  ep10 step 8500/10781 loss 0.0814 lr 2.64e-04 1478s
  ep10 step 9000/10781 loss 0.0813 lr 2.64e-04 1565s
  ep10 step 9500/10781 loss 0.0813 lr 2.63e-04 1653s
  ep10 step 10000/10781 loss 0.0812 lr 2.63e-04 1739s
  ep10 step 10500/10781 loss 0.0811 lr 2.62e-04 1826s
{"ep": 10, "loss": 0.08111, "val_pooled_db": [-11.53, -10.61, -9.79, -9.09], "val_median_db": [-16.4, -15.58, -14.33, -13.64], "val_align_db": [-17.72, -17.11, -16.23, -15.36], "rho": [0.992, 0.99, 0.988, 0.985], "copy_last_db": [-4.45, -1.94, -1.6, -1.16], "lr": 0.00026227661222566516, "sec": 1911.4}
  ep11 step 500/10781 loss 0.0795 lr 2.62e-04 87s
  ep11 step 1000/10781 loss 0.0788 lr 2.62e-04 174s
  ep11 step 1500/10781 loss 0.0791 lr 2.61e-04 261s
  ep11 step 2000/10781 loss 0.0790 lr 2.61e-04 348s
  ep11 step 2500/10781 loss 0.0790 lr 2.60e-04 435s
  ep11 step 3000/10781 loss 0.0790 lr 2.60e-04 523s
  ep11 step 3500/10781 loss 0.0790 lr 2.60e-04 610s
  ep11 step 4000/10781 loss 0.0790 lr 2.59e-04 697s
  ep11 step 4500/10781 loss 0.0790 lr 2.59e-04 784s
  ep11 step 5000/10781 loss 0.0804 lr 2.58e-04 872s
  ep11 step 5500/10781 loss 0.0802 lr 2.58e-04 959s
  ep11 step 6000/10781 loss 0.0801 lr 2.58e-04 1047s
  ep11 step 6500/10781 loss 0.0804 lr 2.57e-04 1134s
  ep11 step 7000/10781 loss 0.0802 lr 2.57e-04 1222s
  ep11 step 7500/10781 loss 0.0801 lr 2.57e-04 1309s
  ep11 step 8000/10781 loss 0.0799 lr 2.56e-04 1397s
  ep11 step 8500/10781 loss 0.0798 lr 2.56e-04 1485s
  ep11 step 9000/10781 loss 0.0797 lr 2.55e-04 1572s
  ep11 step 9500/10781 loss 0.0795 lr 2.55e-04 1659s
  ep11 step 10000/10781 loss 0.0795 lr 2.55e-04 1746s
  ep11 step 10500/10781 loss 0.0793 lr 2.54e-04 1833s
{"ep": 11, "loss": 0.07928, "val_pooled_db": [-11.44, -10.61, -9.77, -9.11], "val_median_db": [-16.32, -15.6, -14.54, -13.69], "val_align_db": [-17.82, -17.23, -16.44, -15.59], "rho": [0.992, 0.99, 0.989, 0.986], "copy_last_db": [-4.45, -1.94, -1.6, -1.16], "lr": 0.0002539086530264399, "sec": 1918.2}
  ep12 step 500/10781 loss 0.0776 lr 2.54e-04 87s
  ep12 step 1000/10781 loss 0.0764 lr 2.53e-04 175s
  ep12 step 1500/10781 loss 0.0765 lr 2.53e-04 262s
  ep12 step 2000/10781 loss 0.0765 lr 2.52e-04 349s
  ep12 step 2500/10781 loss 0.0766 lr 2.52e-04 436s
  ep12 step 3000/10781 loss 0.0766 lr 2.51e-04 523s
  ep12 step 3500/10781 loss 0.0768 lr 2.51e-04 609s
  ep12 step 4000/10781 loss 0.0768 lr 2.51e-04 695s
  ep12 step 4500/10781 loss 0.0768 lr 2.50e-04 782s
  ep12 step 5000/10781 loss 0.0767 lr 2.50e-04 869s
  ep12 step 5500/10781 loss 0.0766 lr 2.49e-04 956s
  ep12 step 6000/10781 loss 0.0766 lr 2.49e-04 1043s
  ep12 step 6500/10781 loss 0.0765 lr 2.49e-04 1129s
  ep12 step 7000/10781 loss 0.0765 lr 2.48e-04 1216s
  ep12 step 7500/10781 loss 0.0764 lr 2.48e-04 1303s
  ep12 step 8000/10781 loss 0.0764 lr 2.47e-04 1390s
  ep12 step 8500/10781 loss 0.0763 lr 2.47e-04 1477s
  ep12 step 9000/10781 loss 0.0763 lr 2.46e-04 1563s
  ep12 step 9500/10781 loss 0.0762 lr 2.46e-04 1650s
  ep12 step 10000/10781 loss 0.0762 lr 2.46e-04 1737s
  ep12 step 10500/10781 loss 0.0762 lr 2.45e-04 1824s
{"ep": 12, "loss": 0.07619, "val_pooled_db": [-11.46, -10.54, -9.68, -9.0], "val_median_db": [-16.53, -15.64, -14.55, -13.75], "val_align_db": [-17.82, -17.17, -16.37, -15.61], "rho": [0.992, 0.99, 0.988, 0.986], "copy_last_db": [-4.45, -1.94, -1.6, -1.16], "lr": 0.0002448668063393066, "sec": 1909.0}
  ep13 step 500/10781 loss 0.0744 lr 2.44e-04 87s
  ep13 step 1000/10781 loss 0.0744 lr 2.44e-04 174s
  ep13 step 1500/10781 loss 0.0743 lr 2.44e-04 261s
  ep13 step 2000/10781 loss 0.0744 lr 2.43e-04 347s
  ep13 step 2500/10781 loss 0.0746 lr 2.43e-04 434s
  ep13 step 3000/10781 loss 0.0745 lr 2.42e-04 521s
  ep13 step 3500/10781 loss 0.0745 lr 2.42e-04 608s
  ep13 step 4000/10781 loss 0.0745 lr 2.41e-04 695s
  ep13 step 4500/10781 loss 0.0746 lr 2.41e-04 796s
  ep13 step 5000/10781 loss 0.0745 lr 2.40e-04 883s
  ep13 step 5500/10781 loss 0.0745 lr 2.40e-04 970s
  ep13 step 6000/10781 loss 0.0745 lr 2.40e-04 1057s
  ep13 step 6500/10781 loss 0.0753 lr 2.39e-04 1143s
  ep13 step 7000/10781 loss 0.0752 lr 2.39e-04 1230s
  ep13 step 7500/10781 loss 0.0753 lr 2.38e-04 1317s
  ep13 step 8000/10781 loss 0.0751 lr 2.38e-04 1403s
  ep13 step 8500/10781 loss 0.0750 lr 2.37e-04 1490s
  ep13 step 9000/10781 loss 0.0750 lr 2.37e-04 1577s
  ep13 step 9500/10781 loss 0.0750 lr 2.36e-04 1663s
  ep13 step 10000/10781 loss 0.0749 lr 2.36e-04 1750s
  ep13 step 10500/10781 loss 0.0748 lr 2.35e-04 1836s
{"ep": 13, "loss": 0.07475, "val_pooled_db": [-11.59, -10.71, -9.89, -9.18], "val_median_db": [-16.7, -15.85, -14.75, -13.93], "val_align_db": [-18.25, -17.45, -16.58, -15.91], "rho": [0.992, 0.991, 0.989, 0.987], "copy_last_db": [-4.45, -1.94, -1.6, -1.16], "lr": 0.00023520971200967334, "sec": 1921.1}
  ep14 step 500/10781 loss 0.0723 lr 2.35e-04 87s
  ep14 step 1000/10781 loss 0.0726 lr 2.34e-04 173s
  ep14 step 1500/10781 loss 0.0725 lr 2.34e-04 260s
  ep14 step 2000/10781 loss 0.0727 lr 2.33e-04 346s
  ep14 step 2500/10781 loss 0.0729 lr 2.33e-04 433s
  ep14 step 3000/10781 loss 0.0730 lr 2.32e-04 520s
  ep14 step 3500/10781 loss 0.0731 lr 2.32e-04 607s
  ep14 step 4000/10781 loss 0.0730 lr 2.31e-04 694s
  ep14 step 4500/10781 loss 0.0731 lr 2.31e-04 780s
  ep14 step 5000/10781 loss 0.0730 lr 2.31e-04 867s
  ep14 step 5500/10781 loss 0.0729 lr 2.30e-04 954s
  ep14 step 6000/10781 loss 0.0732 lr 2.30e-04 1040s
  ep14 step 6500/10781 loss 0.0732 lr 2.29e-04 1127s
  ep14 step 7000/10781 loss 0.0731 lr 2.29e-04 1214s
  ep14 step 7500/10781 loss 0.0730 lr 2.28e-04 1301s
  ep14 step 8000/10781 loss 0.0730 lr 2.28e-04 1388s
  ep14 step 8500/10781 loss 0.0729 lr 2.27e-04 1474s
  ep14 step 9000/10781 loss 0.0729 lr 2.27e-04 1561s
  ep14 step 9500/10781 loss 0.0729 lr 2.26e-04 1648s
  ep14 step 10000/10781 loss 0.0728 lr 2.26e-04 1734s
  ep14 step 10500/10781 loss 0.0728 lr 2.25e-04 1821s
{"ep": 14, "loss": 0.07276, "val_pooled_db": [-11.42, -10.54, -9.78, -9.09], "val_median_db": [-16.71, -15.86, -14.64, -13.94], "val_align_db": [-18.11, -17.41, -16.56, -15.89], "rho": [0.992, 0.991, 0.989, 0.987], "copy_last_db": [-4.45, -1.94, -1.6, -1.16], "lr": 0.000225, "sec": 1905.9}
  ep15 step 500/10781 loss 0.0716 lr 2.25e-04 87s
  ep15 step 1000/10781 loss 0.0719 lr 2.24e-04 174s
  ep15 step 1500/10781 loss 0.0716 lr 2.24e-04 261s
  ep15 step 2000/10781 loss 0.0716 lr 2.23e-04 348s
  ep15 step 2500/10781 loss 0.0715 lr 2.23e-04 434s
  ep15 step 3000/10781 loss 0.0714 lr 2.22e-04 521s
  ep15 step 3500/10781 loss 0.0714 lr 2.22e-04 609s
  ep15 step 4000/10781 loss 0.0715 lr 2.21e-04 696s
  ep15 step 4500/10781 loss 0.0715 lr 2.21e-04 782s
  ep15 step 5000/10781 loss 0.0714 lr 2.20e-04 869s
  ep15 step 5500/10781 loss 0.0714 lr 2.20e-04 956s
  ep15 step 6000/10781 loss 0.0714 lr 2.19e-04 1043s
  ep15 step 6500/10781 loss 0.0714 lr 2.19e-04 1130s
  ep15 step 7000/10781 loss 0.0713 lr 2.18e-04 1216s
  ep15 step 7500/10781 loss 0.0712 lr 2.18e-04 1303s
  ep15 step 8000/10781 loss 0.0712 lr 2.17e-04 1390s
  ep15 step 8500/10781 loss 0.0712 lr 2.17e-04 1477s
  ep15 step 9000/10781 loss 0.0712 lr 2.16e-04 1564s
  ep15 step 9500/10781 loss 0.0712 lr 2.16e-04 1651s
  ep15 step 10000/10781 loss 0.0711 lr 2.15e-04 1737s
  ep15 step 10500/10781 loss 0.0711 lr 2.15e-04 1824s
{"ep": 15, "loss": 0.07108, "val_pooled_db": [-11.56, -10.67, -9.81, -9.21], "val_median_db": [-16.79, -16.03, -14.88, -14.02], "val_align_db": [-18.2, -17.59, -16.73, -15.99], "rho": [0.992, 0.991, 0.989, 0.987], "copy_last_db": [-4.45, -1.94, -1.6, -1.16], "lr": 0.0002143038842104581, "sec": 1907.2}
  ep16 step 500/10781 loss 0.0696 lr 2.14e-04 87s
  ep16 step 1000/10781 loss 0.0697 lr 2.13e-04 173s
  ep16 step 1500/10781 loss 0.0697 lr 2.13e-04 260s
  ep16 step 2000/10781 loss 0.0698 lr 2.12e-04 346s
  ep16 step 2500/10781 loss 0.0697 lr 2.12e-04 433s
  ep16 step 3000/10781 loss 0.0696 lr 2.11e-04 520s
  ep16 step 3500/10781 loss 0.0696 lr 2.11e-04 607s
  ep16 step 4000/10781 loss 0.0697 lr 2.10e-04 693s
  ep16 step 4500/10781 loss 0.0697 lr 2.10e-04 780s
  ep16 step 5000/10781 loss 0.0698 lr 2.09e-04 867s
  ep16 step 5500/10781 loss 0.0698 lr 2.09e-04 953s
  ep16 step 6000/10781 loss 0.0698 lr 2.08e-04 1040s
  ep16 step 6500/10781 loss 0.0698 lr 2.08e-04 1127s
  ep16 step 7000/10781 loss 0.0697 lr 2.07e-04 1214s
  ep16 step 7500/10781 loss 0.0697 lr 2.07e-04 1301s
  ep16 step 8000/10781 loss 0.0697 lr 2.06e-04 1387s
  ep16 step 8500/10781 loss 0.0696 lr 2.06e-04 1474s
  ep16 step 9000/10781 loss 0.0696 lr 2.05e-04 1561s
  ep16 step 9500/10781 loss 0.0696 lr 2.05e-04 1648s
  ep16 step 10000/10781 loss 0.0696 lr 2.04e-04 1734s
  ep16 step 10500/10781 loss 0.0696 lr 2.03e-04 1821s
{"ep": 16, "loss": 0.06954, "val_pooled_db": [-11.44, -10.49, -9.77, -9.09], "val_median_db": [-16.79, -15.94, -14.75, -13.96], "val_align_db": [-18.02, -17.4, -16.6, -15.82], "rho": [0.992, 0.991, 0.989, 0.987], "copy_last_db": [-4.45, -1.94, -1.6, -1.16], "lr": 0.0002031907330563803, "sec": 1905.0}
  ep17 step 500/10781 loss 0.0687 lr 2.03e-04 87s
  ep17 step 1000/10781 loss 0.0682 lr 2.02e-04 173s
  ep17 step 1500/10781 loss 0.0684 lr 2.02e-04 260s
  ep17 step 2000/10781 loss 0.0683 lr 2.01e-04 347s
  ep17 step 2500/10781 loss 0.0683 lr 2.01e-04 434s
  ep17 step 3000/10781 loss 0.0684 lr 2.00e-04 520s
  ep17 step 3500/10781 loss 0.0684 lr 2.00e-04 607s
  ep17 step 4000/10781 loss 0.0683 lr 1.99e-04 694s
  ep17 step 4500/10781 loss 0.0683 lr 1.98e-04 782s
  ep17 step 5000/10781 loss 0.0683 lr 1.98e-04 869s
  ep17 step 5500/10781 loss 0.0683 lr 1.97e-04 956s
  ep17 step 6000/10781 loss 0.0683 lr 1.97e-04 1043s
  ep17 step 6500/10781 loss 0.0682 lr 1.96e-04 1130s
  ep17 step 7000/10781 loss 0.0683 lr 1.96e-04 1218s
  ep17 step 7500/10781 loss 0.0682 lr 1.95e-04 1305s
  ep17 step 8000/10781 loss 0.0681 lr 1.95e-04 1392s
  ep17 step 8500/10781 loss 0.0681 lr 1.94e-04 1479s
  ep17 step 9000/10781 loss 0.0681 lr 1.94e-04 1566s
  ep17 step 9500/10781 loss 0.0681 lr 1.93e-04 1654s
  ep17 step 10000/10781 loss 0.0680 lr 1.93e-04 1744s
  ep17 step 10500/10781 loss 0.0680 lr 1.92e-04 1839s
{"ep": 17, "loss": 0.068, "val_pooled_db": [-11.39, -10.46, -9.69, -9.02], "val_median_db": [-16.78, -15.77, -14.6, -13.82], "val_align_db": [-18.13, -17.34, -16.56, -15.73], "rho": [0.992, 0.991, 0.989, 0.987], "copy_last_db": [-4.45, -1.94, -1.6, -1.16], "lr": 0.0001917326195874679, "sec": 1943.9}
  ep18 step 500/10781 loss 0.0678 lr 1.91e-04 93s
  ep18 step 1000/10781 loss 0.0677 lr 1.91e-04 185s
  ep18 step 1500/10781 loss 0.0673 lr 1.90e-04 278s
  ep18 step 2000/10781 loss 0.0673 lr 1.90e-04 368s
  ep18 step 2500/10781 loss 0.0672 lr 1.89e-04 457s
  ep18 step 3000/10781 loss 0.0672 lr 1.88e-04 546s
  ep18 step 3500/10781 loss 0.0672 lr 1.88e-04 634s
  ep18 step 4000/10781 loss 0.0672 lr 1.87e-04 723s
  ep18 step 4500/10781 loss 0.0672 lr 1.87e-04 810s
  ep18 step 5000/10781 loss 0.0671 lr 1.86e-04 898s
  ep18 step 5500/10781 loss 0.0671 lr 1.86e-04 986s
  ep18 step 6000/10781 loss 0.0671 lr 1.85e-04 1073s
  ep18 step 6500/10781 loss 0.0671 lr 1.85e-04 1160s
  ep18 step 7000/10781 loss 0.0671 lr 1.84e-04 1247s
  ep18 step 7500/10781 loss 0.0671 lr 1.84e-04 1334s
  ep18 step 8000/10781 loss 0.0670 lr 1.83e-04 1421s
  ep18 step 8500/10781 loss 0.0670 lr 1.83e-04 1508s
  ep18 step 9000/10781 loss 0.0669 lr 1.82e-04 1595s
  ep18 step 9500/10781 loss 0.0669 lr 1.81e-04 1682s
  ep18 step 10000/10781 loss 0.0669 lr 1.81e-04 1769s
  ep18 step 10500/10781 loss 0.0669 lr 1.80e-04 1856s
{"ep": 18, "loss": 0.06682, "val_pooled_db": [-11.31, -10.54, -9.76, -9.05], "val_median_db": [-16.88, -16.02, -14.8, -13.97], "val_align_db": [-18.2, -17.44, -16.63, -15.85], "rho": [0.992, 0.991, 0.989, 0.987], "copy_last_db": [-4.45, -1.94, -1.6, -1.16], "lr": 0.00018000385406640666, "sec": 1952.0}
early stopping at ep 18 (best ep 13, -10.34 dB)
DONE best_ep 13 val_mean_pooled_db -10.34
