[mm] sensors ['pos'] pos_source predicted window_bytes {'pos': 640} coverage {"pos": {"source": "predicted", "nan_rows": 0, "missing_yaml": 0, "examples": [], "n": 53800}}
[mm_pos_pred_bc] frames 53800 Nr 16 Nt 64 Ksc 64 | split B1: train windows 43121 (x16 = 689936), val windows 2439 (x16 = 39024) | load 0s
model mm:chiron params 19.23M | args {"model": "mm:chiron", "run_id": "mm_pos_pred_bc", "setting": "Nt_1_64_Nr_1_16_fc_28GHz", "Ksc": 64, "K_hist": 16, "H_pred": 4, "split": "B1", "seed": 42, "epochs": 40, "patience": 5, "lr": 0.0003, "wd": 0.0001, "batch": 64, "clip": 1.0, "warmup_epochs": 1.0, "D": 512, "L": 6, "heads": 8, "dropout": 0.1, "no_pos_emb": false, "residual": false, "c_hid": 128, "c_enc": 32, "norm": "rms", "patch_h": 4, "patch_w": 16, "lwm11_init": "pretrained", "lwm11_freeze": "none", "in_scale": 1.0, "t_layers": 2, "device": "cuda:0", "workers": 0, "max_train_windows": 0, "eval_every": 1, "out_root": "/mnt/ssd_7t_2/carla-wireless-dataset/mmw_reproduction/outputs_cp", "sensors": "pos", "pos_source": "predicted", "pos_mode": "broadcast", "fuse_layers": 3, "causal_mask": false, "sensor_cache_root": "", "backbone_init": ""}
[mm] param_groups {"backbone_no_head": 9178368, "head": 9978368, "fusion": 0, "embeddings": 5120, "enc_pos": 68608, "sensor_encoders": 68608, "total": 19230464}
  ep1 step 500/10781 loss 1.1703 lr 1.39e-05 69s
  ep1 step 1000/10781 loss 1.0942 lr 2.79e-05 137s
  ep1 step 1500/10781 loss 1.0635 lr 4.18e-05 205s
  ep1 step 2000/10781 loss 1.0451 lr 5.57e-05 273s
  ep1 step 2500/10781 loss 1.0330 lr 6.96e-05 341s
  ep1 step 3000/10781 loss 1.0240 lr 8.35e-05 409s
  ep1 step 3500/10781 loss 1.0166 lr 9.74e-05 477s
  ep1 step 4000/10781 loss 1.0100 lr 1.11e-04 545s
  ep1 step 4500/10781 loss 1.0037 lr 1.25e-04 613s
  ep1 step 5000/10781 loss 0.9973 lr 1.39e-04 681s
  ep1 step 5500/10781 loss 0.9895 lr 1.53e-04 749s
  ep1 step 6000/10781 loss 0.9809 lr 1.67e-04 817s
  ep1 step 6500/10781 loss 0.9708 lr 1.81e-04 885s
  ep1 step 7000/10781 loss 0.9578 lr 1.95e-04 953s
  ep1 step 7500/10781 loss 0.9426 lr 2.09e-04 1021s
  ep1 step 8000/10781 loss 0.9235 lr 2.23e-04 1089s
  ep1 step 8500/10781 loss 0.8992 lr 2.37e-04 1157s
  ep1 step 9000/10781 loss 0.8731 lr 2.50e-04 1225s
  ep1 step 9500/10781 loss 0.8450 lr 2.64e-04 1293s
  ep1 step 10000/10781 loss 0.8175 lr 2.78e-04 1360s
  ep1 step 10500/10781 loss 0.7918 lr 2.92e-04 1428s
{"ep": 1, "loss": 0.77803, "val_pooled_db": [-7.82, -7.27, -6.77, -6.27], "val_median_db": [-9.76, -9.4, -8.71, -8.15], "val_align_db": [-10.89, -10.69, -10.2, -9.8], "rho": [0.958, 0.956, 0.951, 0.946], "copy_last_db": [-4.45, -1.94, -1.6, -1.16], "lr": 0.0003, "sec": 1492.5}
  ep2 step 500/10781 loss 0.2373 lr 3.00e-04 68s
  ep2 step 1000/10781 loss 0.2348 lr 3.00e-04 136s
  ep2 step 1500/10781 loss 0.2259 lr 3.00e-04 204s
  ep2 step 2000/10781 loss 0.2247 lr 3.00e-04 272s
  ep2 step 2500/10781 loss 0.2185 lr 3.00e-04 340s
  ep2 step 3000/10781 loss 0.2135 lr 3.00e-04 408s
  ep2 step 3500/10781 loss 0.2104 lr 3.00e-04 476s
  ep2 step 4000/10781 loss 0.2067 lr 3.00e-04 544s
  ep2 step 4500/10781 loss 0.2031 lr 3.00e-04 612s
  ep2 step 5000/10781 loss 0.2000 lr 3.00e-04 680s
  ep2 step 5500/10781 loss 0.1975 lr 3.00e-04 748s
  ep2 step 6000/10781 loss 0.1949 lr 3.00e-04 816s
  ep2 step 6500/10781 loss 0.1925 lr 3.00e-04 884s
  ep2 step 7000/10781 loss 0.1905 lr 3.00e-04 952s
  ep2 step 7500/10781 loss 0.1884 lr 3.00e-04 1020s
  ep2 step 8000/10781 loss 0.1866 lr 3.00e-04 1088s
  ep2 step 8500/10781 loss 0.1851 lr 3.00e-04 1156s
  ep2 step 9000/10781 loss 0.1834 lr 3.00e-04 1224s
  ep2 step 9500/10781 loss 0.1817 lr 3.00e-04 1292s
  ep2 step 10000/10781 loss 0.1802 lr 3.00e-04 1360s
  ep2 step 10500/10781 loss 0.1786 lr 3.00e-04 1428s
{"ep": 2, "loss": 0.17791, "val_pooled_db": [-10.3, -9.51, -8.79, -8.13], "val_median_db": [-13.28, -12.66, -11.66, -11.01], "val_align_db": [-14.82, -14.29, -13.45, -12.92], "rho": [0.983, 0.981, 0.977, 0.974], "copy_last_db": [-4.45, -1.94, -1.6, -1.16], "lr": 0.0002995135962201315, "sec": 1491.2}
  ep3 step 500/10781 loss 0.1473 lr 2.99e-04 68s
  ep3 step 1000/10781 loss 0.1449 lr 2.99e-04 136s
  ep3 step 1500/10781 loss 0.1453 lr 2.99e-04 204s
  ep3 step 2000/10781 loss 0.1434 lr 2.99e-04 272s
  ep3 step 2500/10781 loss 0.1427 lr 2.99e-04 340s
  ep3 step 3000/10781 loss 0.1421 lr 2.99e-04 408s
  ep3 step 3500/10781 loss 0.1416 lr 2.99e-04 476s
  ep3 step 4000/10781 loss 0.1413 lr 2.99e-04 544s
  ep3 step 4500/10781 loss 0.1410 lr 2.99e-04 612s
  ep3 step 5000/10781 loss 0.1403 lr 2.99e-04 680s
  ep3 step 5500/10781 loss 0.1396 lr 2.99e-04 748s
  ep3 step 6000/10781 loss 0.1391 lr 2.99e-04 816s
  ep3 step 6500/10781 loss 0.1384 lr 2.99e-04 884s
  ep3 step 7000/10781 loss 0.1379 lr 2.99e-04 952s
  ep3 step 7500/10781 loss 0.1373 lr 2.99e-04 1020s
  ep3 step 8000/10781 loss 0.1369 lr 2.99e-04 1088s
  ep3 step 8500/10781 loss 0.1366 lr 2.98e-04 1156s
  ep3 step 9000/10781 loss 0.1364 lr 2.98e-04 1224s
  ep3 step 9500/10781 loss 0.1361 lr 2.98e-04 1292s
  ep3 step 10000/10781 loss 0.1357 lr 2.98e-04 1360s
  ep3 step 10500/10781 loss 0.1351 lr 2.98e-04 1428s
{"ep": 3, "loss": 0.13484, "val_pooled_db": [-10.82, -9.93, -9.21, -8.52], "val_median_db": [-14.34, -13.67, -12.89, -12.2], "val_align_db": [-15.86, -15.52, -14.75, -14.15], "rho": [0.987, 0.986, 0.983, 0.981], "copy_last_db": [-4.45, -1.94, -1.6, -1.16], "lr": 0.00029805753939568687, "sec": 1492.1}
  ep4 step 500/10781 loss 0.1210 lr 2.98e-04 68s
  ep4 step 1000/10781 loss 0.1212 lr 2.98e-04 136s
  ep4 step 1500/10781 loss 0.1215 lr 2.98e-04 204s
  ep4 step 2000/10781 loss 0.1222 lr 2.98e-04 272s
  ep4 step 2500/10781 loss 0.1223 lr 2.98e-04 340s
  ep4 step 3000/10781 loss 0.1217 lr 2.97e-04 408s
  ep4 step 3500/10781 loss 0.1213 lr 2.97e-04 476s
  ep4 step 4000/10781 loss 0.1208 lr 2.97e-04 544s
  ep4 step 4500/10781 loss 0.1207 lr 2.97e-04 612s
  ep4 step 5000/10781 loss 0.1208 lr 2.97e-04 680s
  ep4 step 5500/10781 loss 0.1204 lr 2.97e-04 748s
  ep4 step 6000/10781 loss 0.1201 lr 2.97e-04 816s
  ep4 step 6500/10781 loss 0.1198 lr 2.97e-04 884s
  ep4 step 7000/10781 loss 0.1193 lr 2.97e-04 952s
  ep4 step 7500/10781 loss 0.1192 lr 2.96e-04 1020s
  ep4 step 8000/10781 loss 0.1189 lr 2.96e-04 1088s
  ep4 step 8500/10781 loss 0.1185 lr 2.96e-04 1156s
  ep4 step 9000/10781 loss 0.1182 lr 2.96e-04 1224s
  ep4 step 9500/10781 loss 0.1180 lr 2.96e-04 1292s
  ep4 step 10000/10781 loss 0.1175 lr 2.96e-04 1360s
  ep4 step 10500/10781 loss 0.1174 lr 2.96e-04 1428s
{"ep": 4, "loss": 0.11724, "val_pooled_db": [-10.9, -9.99, -9.21, -8.4], "val_median_db": [-14.28, -13.36, -12.44, -11.89], "val_align_db": [-16.25, -15.48, -14.6, -13.95], "rho": [0.988, 0.986, 0.983, 0.98], "copy_last_db": [-4.45, -1.94, -1.6, -1.16], "lr": 0.00029564127261390776, "sec": 1491.2}
  ep5 step 500/10781 loss 0.1082 lr 2.96e-04 68s
  ep5 step 1000/10781 loss 0.1102 lr 2.95e-04 136s
  ep5 step 1500/10781 loss 0.1101 lr 2.95e-04 204s
  ep5 step 2000/10781 loss 0.1097 lr 2.95e-04 272s
  ep5 step 2500/10781 loss 0.1099 lr 2.95e-04 340s
  ep5 step 3000/10781 loss 0.1095 lr 2.95e-04 408s
  ep5 step 3500/10781 loss 0.1091 lr 2.95e-04 476s
  ep5 step 4000/10781 loss 0.1087 lr 2.95e-04 544s
  ep5 step 4500/10781 loss 0.1085 lr 2.94e-04 612s
  ep5 step 5000/10781 loss 0.1082 lr 2.94e-04 680s
  ep5 step 5500/10781 loss 0.1079 lr 2.94e-04 748s
  ep5 step 6000/10781 loss 0.1076 lr 2.94e-04 816s
  ep5 step 6500/10781 loss 0.1074 lr 2.94e-04 884s
  ep5 step 7000/10781 loss 0.1074 lr 2.94e-04 952s
  ep5 step 7500/10781 loss 0.1072 lr 2.93e-04 1020s
  ep5 step 8000/10781 loss 0.1070 lr 2.93e-04 1088s
  ep5 step 8500/10781 loss 0.1068 lr 2.93e-04 1156s
  ep5 step 9000/10781 loss 0.1066 lr 2.93e-04 1224s
  ep5 step 9500/10781 loss 0.1064 lr 2.93e-04 1292s
  ep5 step 10000/10781 loss 0.1062 lr 2.93e-04 1360s
  ep5 step 10500/10781 loss 0.1060 lr 2.92e-04 1428s
{"ep": 5, "loss": 0.10594, "val_pooled_db": [-10.77, -9.85, -9.01, -8.22], "val_median_db": [-14.32, -13.6, -12.69, -11.97], "val_align_db": [-15.97, -15.33, -14.52, -13.91], "rho": [0.987, 0.985, 0.982, 0.979], "copy_last_db": [-4.45, -1.94, -1.6, -1.16], "lr": 0.00029228046629207175, "sec": 1492.0}
  ep6 step 500/10781 loss 0.1021 lr 2.92e-04 69s
  ep6 step 1000/10781 loss 0.1016 lr 2.92e-04 137s
  ep6 step 1500/10781 loss 0.1007 lr 2.92e-04 206s
  ep6 step 2000/10781 loss 0.1004 lr 2.92e-04 274s
  ep6 step 2500/10781 loss 0.1005 lr 2.91e-04 342s
  ep6 step 3000/10781 loss 0.1002 lr 2.91e-04 411s
  ep6 step 3500/10781 loss 0.1000 lr 2.91e-04 479s
  ep6 step 4000/10781 loss 0.0998 lr 2.91e-04 548s
  ep6 step 4500/10781 loss 0.0997 lr 2.91e-04 616s
  ep6 step 5000/10781 loss 0.0995 lr 2.90e-04 685s
  ep6 step 5500/10781 loss 0.0995 lr 2.90e-04 753s
  ep6 step 6000/10781 loss 0.0993 lr 2.90e-04 822s
  ep6 step 6500/10781 loss 0.0993 lr 2.90e-04 890s
  ep6 step 7000/10781 loss 0.0992 lr 2.90e-04 959s
  ep6 step 7500/10781 loss 0.0993 lr 2.89e-04 1027s
  ep6 step 8000/10781 loss 0.0992 lr 2.89e-04 1095s
  ep6 step 8500/10781 loss 0.0992 lr 2.89e-04 1164s
  ep6 step 9000/10781 loss 0.0990 lr 2.89e-04 1232s
  ep6 step 9500/10781 loss 0.0989 lr 2.89e-04 1301s
  ep6 step 10000/10781 loss 0.0988 lr 2.88e-04 1369s
  ep6 step 10500/10781 loss 0.0987 lr 2.88e-04 1437s
{"ep": 6, "loss": 0.09859, "val_pooled_db": [-11.17, -10.22, -9.33, -8.45], "val_median_db": [-15.27, -14.19, -13.23, -12.67], "val_align_db": [-16.94, -16.05, -15.13, -14.48], "rho": [0.99, 0.988, 0.985, 0.982], "copy_last_db": [-4.45, -1.94, -1.6, -1.16], "lr": 0.0002879969165488236, "sec": 1501.4}
  ep7 step 500/10781 loss 0.0955 lr 2.88e-04 68s
  ep7 step 1000/10781 loss 0.0946 lr 2.88e-04 136s
  ep7 step 1500/10781 loss 0.0945 lr 2.87e-04 204s
  ep7 step 2000/10781 loss 0.0944 lr 2.87e-04 272s
  ep7 step 2500/10781 loss 0.0947 lr 2.87e-04 340s
  ep7 step 3000/10781 loss 0.0946 lr 2.87e-04 408s
  ep7 step 3500/10781 loss 0.0945 lr 2.86e-04 476s
  ep7 step 4000/10781 loss 0.0944 lr 2.86e-04 544s
  ep7 step 4500/10781 loss 0.0943 lr 2.86e-04 612s
  ep7 step 5000/10781 loss 0.0942 lr 2.86e-04 680s
  ep7 step 5500/10781 loss 0.0942 lr 2.85e-04 748s
  ep7 step 6000/10781 loss 0.0940 lr 2.85e-04 816s
  ep7 step 6500/10781 loss 0.0938 lr 2.85e-04 884s
  ep7 step 7000/10781 loss 0.0938 lr 2.85e-04 952s
  ep7 step 7500/10781 loss 0.0936 lr 2.84e-04 1020s
  ep7 step 8000/10781 loss 0.0935 lr 2.84e-04 1088s
  ep7 step 8500/10781 loss 0.0934 lr 2.84e-04 1156s
  ep7 step 9000/10781 loss 0.0934 lr 2.84e-04 1224s
  ep7 step 9500/10781 loss 0.0933 lr 2.83e-04 1292s
  ep7 step 10000/10781 loss 0.0932 lr 2.83e-04 1360s
  ep7 step 10500/10781 loss 0.0931 lr 2.83e-04 1428s
{"ep": 7, "loss": 0.093, "val_pooled_db": [-11.16, -10.19, -9.35, -8.46], "val_median_db": [-15.0, -14.18, -13.48, -12.76], "val_align_db": [-16.69, -16.09, -15.46, -14.74], "rho": [0.989, 0.988, 0.986, 0.983], "copy_last_db": [-4.45, -1.94, -1.6, -1.16], "lr": 0.0002828184038479814, "sec": 1491.6}
  ep8 step 500/10781 loss 0.0908 lr 2.83e-04 68s
  ep8 step 1000/10781 loss 0.0899 lr 2.82e-04 136s
  ep8 step 1500/10781 loss 0.0896 lr 2.82e-04 204s
  ep8 step 2000/10781 loss 0.0897 lr 2.82e-04 272s
  ep8 step 2500/10781 loss 0.0894 lr 2.81e-04 340s
  ep8 step 3000/10781 loss 0.0894 lr 2.81e-04 408s
  ep8 step 3500/10781 loss 0.0893 lr 2.81e-04 476s
  ep8 step 4000/10781 loss 0.0892 lr 2.81e-04 544s
  ep8 step 4500/10781 loss 0.0891 lr 2.80e-04 612s
  ep8 step 5000/10781 loss 0.0891 lr 2.80e-04 680s
  ep8 step 5500/10781 loss 0.0892 lr 2.80e-04 748s
  ep8 step 6000/10781 loss 0.0890 lr 2.80e-04 816s
  ep8 step 6500/10781 loss 0.0890 lr 2.79e-04 884s
  ep8 step 7000/10781 loss 0.0889 lr 2.79e-04 952s
  ep8 step 7500/10781 loss 0.0889 lr 2.79e-04 1020s
  ep8 step 8000/10781 loss 0.0888 lr 2.78e-04 1088s
  ep8 step 8500/10781 loss 0.0887 lr 2.78e-04 1156s
  ep8 step 9000/10781 loss 0.0887 lr 2.78e-04 1224s
  ep8 step 9500/10781 loss 0.0886 lr 2.78e-04 1292s
  ep8 step 10000/10781 loss 0.0885 lr 2.77e-04 1360s
  ep8 step 10500/10781 loss 0.0885 lr 2.77e-04 1428s
{"ep": 8, "loss": 0.08846, "val_pooled_db": [-11.24, -10.29, -9.36, -8.58], "val_median_db": [-15.45, -14.66, -13.61, -12.98], "val_align_db": [-17.04, -16.45, -15.58, -14.93], "rho": [0.99, 0.989, 0.986, 0.984], "copy_last_db": [-4.45, -1.94, -1.6, -1.16], "lr": 0.0002767785128315692, "sec": 1491.3}
  ep9 step 500/10781 loss 0.0853 lr 2.76e-04 68s
  ep9 step 1000/10781 loss 0.0857 lr 2.76e-04 136s
  ep9 step 1500/10781 loss 0.0857 lr 2.76e-04 204s
  ep9 step 2000/10781 loss 0.0855 lr 2.76e-04 272s
  ep9 step 2500/10781 loss 0.0855 lr 2.75e-04 340s
  ep9 step 3000/10781 loss 0.0876 lr 2.75e-04 408s
  ep9 step 3500/10781 loss 0.0874 lr 2.75e-04 476s
  ep9 step 4000/10781 loss 0.0870 lr 2.74e-04 544s
  ep9 step 4500/10781 loss 0.0868 lr 2.74e-04 612s
  ep9 step 5000/10781 loss 0.0866 lr 2.74e-04 680s
  ep9 step 5500/10781 loss 0.0864 lr 2.73e-04 748s
  ep9 step 6000/10781 loss 0.0862 lr 2.73e-04 816s
  ep9 step 6500/10781 loss 0.0861 lr 2.73e-04 884s
  ep9 step 7000/10781 loss 0.0860 lr 2.72e-04 952s
  ep9 step 7500/10781 loss 0.0860 lr 2.72e-04 1020s
  ep9 step 8000/10781 loss 0.0859 lr 2.72e-04 1088s
  ep9 step 8500/10781 loss 0.0858 lr 2.71e-04 1156s
  ep9 step 9000/10781 loss 0.0857 lr 2.71e-04 1224s
  ep9 step 9500/10781 loss 0.0856 lr 2.71e-04 1292s
  ep9 step 10000/10781 loss 0.0855 lr 2.70e-04 1360s
  ep9 step 10500/10781 loss 0.0854 lr 2.70e-04 1428s
{"ep": 9, "loss": 0.08537, "val_pooled_db": [-11.16, -10.17, -9.27, -8.46], "val_median_db": [-15.43, -14.5, -13.62, -12.97], "val_align_db": [-17.17, -16.34, -15.58, -14.92], "rho": [0.99, 0.988, 0.986, 0.984], "copy_last_db": [-4.45, -1.94, -1.6, -1.16], "lr": 0.00026991641451052517, "sec": 1491.9}
  ep10 step 500/10781 loss 0.0834 lr 2.70e-04 68s
  ep10 step 1000/10781 loss 0.0831 lr 2.69e-04 136s
  ep10 step 1500/10781 loss 0.0827 lr 2.69e-04 205s
  ep10 step 2000/10781 loss 0.0825 lr 2.69e-04 273s
  ep10 step 2500/10781 loss 0.0826 lr 2.68e-04 341s
  ep10 step 3000/10781 loss 0.0825 lr 2.68e-04 410s
  ep10 step 3500/10781 loss 0.0826 lr 2.68e-04 478s
  ep10 step 4000/10781 loss 0.0825 lr 2.67e-04 546s
  ep10 step 4500/10781 loss 0.0825 lr 2.67e-04 614s
  ep10 step 5000/10781 loss 0.0826 lr 2.66e-04 683s
  ep10 step 5500/10781 loss 0.0825 lr 2.66e-04 751s
  ep10 step 6000/10781 loss 0.0824 lr 2.66e-04 819s
  ep10 step 6500/10781 loss 0.0825 lr 2.65e-04 886s
  ep10 step 7000/10781 loss 0.0824 lr 2.65e-04 955s
  ep10 step 7500/10781 loss 0.0824 lr 2.65e-04 1023s
  ep10 step 8000/10781 loss 0.0824 lr 2.64e-04 1091s
  ep10 step 8500/10781 loss 0.0823 lr 2.64e-04 1159s
  ep10 step 9000/10781 loss 0.0822 lr 2.64e-04 1227s
  ep10 step 9500/10781 loss 0.0822 lr 2.63e-04 1296s
  ep10 step 10000/10781 loss 0.0821 lr 2.63e-04 1364s
  ep10 step 10500/10781 loss 0.0821 lr 2.62e-04 1432s
{"ep": 10, "loss": 0.08204, "val_pooled_db": [-11.23, -10.24, -9.35, -8.47], "val_median_db": [-15.66, -14.76, -13.83, -12.99], "val_align_db": [-17.3, -16.58, -15.77, -15.02], "rho": [0.991, 0.989, 0.987, 0.984], "copy_last_db": [-4.45, -1.94, -1.6, -1.16], "lr": 0.00026227661222566516, "sec": 1495.9}
  ep11 step 500/10781 loss 0.0805 lr 2.62e-04 68s
  ep11 step 1000/10781 loss 0.0800 lr 2.62e-04 137s
  ep11 step 1500/10781 loss 0.0801 lr 2.61e-04 205s
  ep11 step 2000/10781 loss 0.0803 lr 2.61e-04 273s
  ep11 step 2500/10781 loss 0.0803 lr 2.60e-04 341s
  ep11 step 3000/10781 loss 0.0801 lr 2.60e-04 409s
  ep11 step 3500/10781 loss 0.0801 lr 2.60e-04 477s
  ep11 step 4000/10781 loss 0.0801 lr 2.59e-04 545s
  ep11 step 4500/10781 loss 0.0801 lr 2.59e-04 613s
  ep11 step 5000/10781 loss 0.0800 lr 2.58e-04 681s
  ep11 step 5500/10781 loss 0.0799 lr 2.58e-04 749s
  ep11 step 6000/10781 loss 0.0798 lr 2.58e-04 817s
  ep11 step 6500/10781 loss 0.0798 lr 2.57e-04 885s
  ep11 step 7000/10781 loss 0.0798 lr 2.57e-04 953s
  ep11 step 7500/10781 loss 0.0798 lr 2.57e-04 1021s
  ep11 step 8000/10781 loss 0.0798 lr 2.56e-04 1089s
  ep11 step 8500/10781 loss 0.0797 lr 2.56e-04 1157s
  ep11 step 9000/10781 loss 0.0796 lr 2.55e-04 1225s
  ep11 step 9500/10781 loss 0.0796 lr 2.55e-04 1293s
  ep11 step 10000/10781 loss 0.0796 lr 2.55e-04 1361s
  ep11 step 10500/10781 loss 0.0795 lr 2.54e-04 1429s
{"ep": 11, "loss": 0.07949, "val_pooled_db": [-11.25, -10.28, -9.35, -8.53], "val_median_db": [-15.64, -14.71, -13.84, -13.15], "val_align_db": [-17.3, -16.53, -15.79, -15.16], "rho": [0.991, 0.989, 0.987, 0.985], "copy_last_db": [-4.45, -1.94, -1.6, -1.16], "lr": 0.0002539086530264399, "sec": 1493.1}
  ep12 step 500/10781 loss 0.0779 lr 2.54e-04 68s
  ep12 step 1000/10781 loss 0.0778 lr 2.53e-04 136s
  ep12 step 1500/10781 loss 0.0779 lr 2.53e-04 204s
  ep12 step 2000/10781 loss 0.0778 lr 2.52e-04 272s
  ep12 step 2500/10781 loss 0.0777 lr 2.52e-04 340s
  ep12 step 3000/10781 loss 0.0776 lr 2.51e-04 408s
  ep12 step 3500/10781 loss 0.0776 lr 2.51e-04 476s
  ep12 step 4000/10781 loss 0.0777 lr 2.51e-04 544s
  ep12 step 4500/10781 loss 0.0777 lr 2.50e-04 612s
  ep12 step 5000/10781 loss 0.0777 lr 2.50e-04 680s
  ep12 step 5500/10781 loss 0.0777 lr 2.49e-04 748s
  ep12 step 6000/10781 loss 0.0776 lr 2.49e-04 816s
  ep12 step 6500/10781 loss 0.0776 lr 2.49e-04 884s
  ep12 step 7000/10781 loss 0.0776 lr 2.48e-04 952s
  ep12 step 7500/10781 loss 0.0775 lr 2.48e-04 1020s
  ep12 step 8000/10781 loss 0.0775 lr 2.47e-04 1088s
  ep12 step 8500/10781 loss 0.0776 lr 2.47e-04 1156s
  ep12 step 9000/10781 loss 0.0775 lr 2.46e-04 1224s
  ep12 step 9500/10781 loss 0.0777 lr 2.46e-04 1292s
  ep12 step 10000/10781 loss 0.0776 lr 2.46e-04 1360s
  ep12 step 10500/10781 loss 0.0776 lr 2.45e-04 1428s
{"ep": 12, "loss": 0.07758, "val_pooled_db": [-11.23, -10.28, -9.43, -8.56], "val_median_db": [-15.93, -14.93, -13.98, -13.25], "val_align_db": [-17.41, -16.68, -15.97, -15.26], "rho": [0.991, 0.989, 0.987, 0.985], "copy_last_db": [-4.45, -1.94, -1.6, -1.16], "lr": 0.0002448668063393066, "sec": 1492.0}
  ep13 step 500/10781 loss 0.0757 lr 2.44e-04 68s
  ep13 step 1000/10781 loss 0.0760 lr 2.44e-04 136s
  ep13 step 1500/10781 loss 0.0761 lr 2.44e-04 204s
  ep13 step 2000/10781 loss 0.0760 lr 2.43e-04 272s
  ep13 step 2500/10781 loss 0.0760 lr 2.43e-04 340s
  ep13 step 3000/10781 loss 0.0759 lr 2.42e-04 408s
  ep13 step 3500/10781 loss 0.0759 lr 2.42e-04 476s
  ep13 step 4000/10781 loss 0.0759 lr 2.41e-04 544s
  ep13 step 4500/10781 loss 0.0760 lr 2.41e-04 612s
  ep13 step 5000/10781 loss 0.0759 lr 2.40e-04 680s
  ep13 step 5500/10781 loss 0.0759 lr 2.40e-04 748s
  ep13 step 6000/10781 loss 0.0758 lr 2.40e-04 816s
  ep13 step 6500/10781 loss 0.0758 lr 2.39e-04 884s
  ep13 step 7000/10781 loss 0.0758 lr 2.39e-04 952s
  ep13 step 7500/10781 loss 0.0757 lr 2.38e-04 1020s
  ep13 step 8000/10781 loss 0.0757 lr 2.38e-04 1088s
  ep13 step 8500/10781 loss 0.0756 lr 2.37e-04 1156s
  ep13 step 9000/10781 loss 0.0756 lr 2.37e-04 1224s
  ep13 step 9500/10781 loss 0.0756 lr 2.36e-04 1292s
  ep13 step 10000/10781 loss 0.0756 lr 2.36e-04 1360s
  ep13 step 10500/10781 loss 0.0756 lr 2.35e-04 1429s
{"ep": 13, "loss": 0.07552, "val_pooled_db": [-11.38, -10.29, -9.37, -8.53], "val_median_db": [-16.14, -15.35, -14.25, -13.48], "val_align_db": [-17.6, -16.95, -16.19, -15.42], "rho": [0.991, 0.99, 0.988, 0.986], "copy_last_db": [-4.45, -1.94, -1.6, -1.16], "lr": 0.00023520971200967334, "sec": 1491.7}
  ep14 step 500/10781 loss 0.0739 lr 2.35e-04 68s
  ep14 step 1000/10781 loss 0.0741 lr 2.34e-04 136s
  ep14 step 1500/10781 loss 0.0741 lr 2.34e-04 204s
  ep14 step 2000/10781 loss 0.0740 lr 2.33e-04 272s
  ep14 step 2500/10781 loss 0.0740 lr 2.33e-04 340s
  ep14 step 3000/10781 loss 0.0741 lr 2.32e-04 408s
  ep14 step 3500/10781 loss 0.0741 lr 2.32e-04 477s
  ep14 step 4000/10781 loss 0.0741 lr 2.31e-04 545s
  ep14 step 4500/10781 loss 0.0741 lr 2.31e-04 612s
  ep14 step 5000/10781 loss 0.0740 lr 2.31e-04 680s
  ep14 step 5500/10781 loss 0.0739 lr 2.30e-04 749s
  ep14 step 6000/10781 loss 0.0740 lr 2.30e-04 817s
  ep14 step 6500/10781 loss 0.0739 lr 2.29e-04 885s
  ep14 step 7000/10781 loss 0.0739 lr 2.29e-04 953s
  ep14 step 7500/10781 loss 0.0739 lr 2.28e-04 1021s
  ep14 step 8000/10781 loss 0.0738 lr 2.28e-04 1089s
  ep14 step 8500/10781 loss 0.0738 lr 2.27e-04 1157s
  ep14 step 9000/10781 loss 0.0738 lr 2.27e-04 1225s
  ep14 step 9500/10781 loss 0.0737 lr 2.26e-04 1293s
  ep14 step 10000/10781 loss 0.0737 lr 2.26e-04 1361s
  ep14 step 10500/10781 loss 0.0737 lr 2.25e-04 1429s
{"ep": 14, "loss": 0.07364, "val_pooled_db": [-11.4, -10.31, -9.33, -8.57], "val_median_db": [-16.17, -15.3, -14.09, -13.32], "val_align_db": [-17.58, -16.89, -16.09, -15.38], "rho": [0.991, 0.99, 0.988, 0.985], "copy_last_db": [-4.45, -1.94, -1.6, -1.16], "lr": 0.000225, "sec": 1493.1}
  ep15 step 500/10781 loss 0.0720 lr 2.25e-04 68s
  ep15 step 1000/10781 loss 0.0719 lr 2.24e-04 136s
  ep15 step 1500/10781 loss 0.0722 lr 2.24e-04 204s
  ep15 step 2000/10781 loss 0.0724 lr 2.23e-04 272s
  ep15 step 2500/10781 loss 0.0724 lr 2.23e-04 340s
  ep15 step 3000/10781 loss 0.0724 lr 2.22e-04 408s
  ep15 step 3500/10781 loss 0.0727 lr 2.22e-04 476s
  ep15 step 4000/10781 loss 0.0726 lr 2.21e-04 544s
  ep15 step 4500/10781 loss 0.0725 lr 2.21e-04 612s
  ep15 step 5000/10781 loss 0.0724 lr 2.20e-04 681s
  ep15 step 5500/10781 loss 0.0724 lr 2.20e-04 749s
  ep15 step 6000/10781 loss 0.0724 lr 2.19e-04 817s
  ep15 step 6500/10781 loss 0.0724 lr 2.19e-04 885s
  ep15 step 7000/10781 loss 0.0724 lr 2.18e-04 953s
  ep15 step 7500/10781 loss 0.0723 lr 2.18e-04 1021s
  ep15 step 8000/10781 loss 0.0722 lr 2.17e-04 1089s
  ep15 step 8500/10781 loss 0.0722 lr 2.17e-04 1157s
  ep15 step 9000/10781 loss 0.0722 lr 2.16e-04 1225s
  ep15 step 9500/10781 loss 0.0722 lr 2.16e-04 1293s
  ep15 step 10000/10781 loss 0.0722 lr 2.15e-04 1361s
  ep15 step 10500/10781 loss 0.0721 lr 2.15e-04 1429s
{"ep": 15, "loss": 0.07214, "val_pooled_db": [-11.42, -10.33, -9.39, -8.57], "val_median_db": [-16.16, -15.36, -14.26, -13.59], "val_align_db": [-17.66, -17.06, -16.25, -15.57], "rho": [0.991, 0.99, 0.988, 0.986], "copy_last_db": [-4.45, -1.94, -1.6, -1.16], "lr": 0.0002143038842104581, "sec": 1492.5}
  ep16 step 500/10781 loss 0.0716 lr 2.14e-04 68s
  ep16 step 1000/10781 loss 0.0713 lr 2.13e-04 136s
  ep16 step 1500/10781 loss 0.0711 lr 2.13e-04 204s
  ep16 step 2000/10781 loss 0.0712 lr 2.12e-04 272s
  ep16 step 2500/10781 loss 0.0711 lr 2.12e-04 340s
  ep16 step 3000/10781 loss 0.0711 lr 2.11e-04 408s
  ep16 step 3500/10781 loss 0.0710 lr 2.11e-04 476s
  ep16 step 4000/10781 loss 0.0711 lr 2.10e-04 544s
  ep16 step 4500/10781 loss 0.0710 lr 2.10e-04 612s
  ep16 step 5000/10781 loss 0.0710 lr 2.09e-04 680s
  ep16 step 5500/10781 loss 0.0710 lr 2.09e-04 748s
  ep16 step 6000/10781 loss 0.0710 lr 2.08e-04 816s
  ep16 step 6500/10781 loss 0.0709 lr 2.08e-04 884s
  ep16 step 7000/10781 loss 0.0709 lr 2.07e-04 952s
  ep16 step 7500/10781 loss 0.0709 lr 2.07e-04 1020s
  ep16 step 8000/10781 loss 0.0709 lr 2.06e-04 1088s
  ep16 step 8500/10781 loss 0.0709 lr 2.06e-04 1156s
  ep16 step 9000/10781 loss 0.0709 lr 2.05e-04 1224s
  ep16 step 9500/10781 loss 0.0708 lr 2.05e-04 1292s
  ep16 step 10000/10781 loss 0.0708 lr 2.04e-04 1359s
  ep16 step 10500/10781 loss 0.0707 lr 2.03e-04 1427s
{"ep": 16, "loss": 0.07073, "val_pooled_db": [-11.46, -10.29, -9.36, -8.48], "val_median_db": [-16.24, -15.3, -14.23, -13.49], "val_align_db": [-17.68, -16.98, -16.24, -15.47], "rho": [0.991, 0.99, 0.988, 0.986], "copy_last_db": [-4.45, -1.94, -1.6, -1.16], "lr": 0.0002031907330563803, "sec": 1490.7}
  ep17 step 500/10781 loss 0.0708 lr 2.03e-04 68s
  ep17 step 1000/10781 loss 0.0706 lr 2.02e-04 136s
  ep17 step 1500/10781 loss 0.0702 lr 2.02e-04 204s
  ep17 step 2000/10781 loss 0.0699 lr 2.01e-04 272s
  ep17 step 2500/10781 loss 0.0698 lr 2.01e-04 340s
  ep17 step 3000/10781 loss 0.0697 lr 2.00e-04 408s
  ep17 step 3500/10781 loss 0.0696 lr 2.00e-04 476s
  ep17 step 4000/10781 loss 0.0697 lr 1.99e-04 544s
  ep17 step 4500/10781 loss 0.0697 lr 1.98e-04 612s
  ep17 step 5000/10781 loss 0.0697 lr 1.98e-04 680s
  ep17 step 5500/10781 loss 0.0697 lr 1.97e-04 748s
  ep17 step 6000/10781 loss 0.0697 lr 1.97e-04 816s
  ep17 step 6500/10781 loss 0.0696 lr 1.96e-04 884s
  ep17 step 7000/10781 loss 0.0696 lr 1.96e-04 952s
  ep17 step 7500/10781 loss 0.0696 lr 1.95e-04 1020s
  ep17 step 8000/10781 loss 0.0696 lr 1.95e-04 1088s
  ep17 step 8500/10781 loss 0.0696 lr 1.94e-04 1156s
  ep17 step 9000/10781 loss 0.0695 lr 1.94e-04 1224s
  ep17 step 9500/10781 loss 0.0695 lr 1.93e-04 1292s
  ep17 step 10000/10781 loss 0.0695 lr 1.93e-04 1360s
  ep17 step 10500/10781 loss 0.0695 lr 1.92e-04 1428s
{"ep": 17, "loss": 0.06951, "val_pooled_db": [-11.37, -10.27, -9.31, -8.46], "val_median_db": [-16.36, -15.51, -14.37, -13.71], "val_align_db": [-17.84, -17.17, -16.38, -15.68], "rho": [0.992, 0.99, 0.988, 0.986], "copy_last_db": [-4.45, -1.94, -1.6, -1.16], "lr": 0.0001917326195874679, "sec": 1492.3}
  ep18 step 500/10781 loss 0.0698 lr 1.91e-04 68s
  ep18 step 1000/10781 loss 0.0692 lr 1.91e-04 136s
  ep18 step 1500/10781 loss 0.0688 lr 1.90e-04 204s
  ep18 step 2000/10781 loss 0.0697 lr 1.90e-04 272s
  ep18 step 2500/10781 loss 0.0694 lr 1.89e-04 341s
  ep18 step 3000/10781 loss 0.0692 lr 1.88e-04 409s
  ep18 step 3500/10781 loss 0.0691 lr 1.88e-04 476s
  ep18 step 4000/10781 loss 0.0691 lr 1.87e-04 545s
  ep18 step 4500/10781 loss 0.0690 lr 1.87e-04 613s
  ep18 step 5000/10781 loss 0.0689 lr 1.86e-04 680s
  ep18 step 5500/10781 loss 0.0692 lr 1.86e-04 749s
  ep18 step 6000/10781 loss 0.0692 lr 1.85e-04 817s
  ep18 step 6500/10781 loss 0.0691 lr 1.85e-04 885s
  ep18 step 7000/10781 loss 0.0690 lr 1.84e-04 953s
  ep18 step 7500/10781 loss 0.0689 lr 1.84e-04 1021s
  ep18 step 8000/10781 loss 0.0689 lr 1.83e-04 1089s
  ep18 step 8500/10781 loss 0.0689 lr 1.83e-04 1157s
  ep18 step 9000/10781 loss 0.0689 lr 1.82e-04 1225s
  ep18 step 9500/10781 loss 0.0688 lr 1.81e-04 1293s
  ep18 step 10000/10781 loss 0.0688 lr 1.81e-04 1361s
  ep18 step 10500/10781 loss 0.0688 lr 1.80e-04 1429s
{"ep": 18, "loss": 0.06873, "val_pooled_db": [-11.4, -10.3, -9.36, -8.5], "val_median_db": [-16.3, -15.45, -14.35, -13.53], "val_align_db": [-17.78, -17.08, -16.28, -15.54], "rho": [0.992, 0.99, 0.988, 0.986], "copy_last_db": [-4.45, -1.94, -1.6, -1.16], "lr": 0.00018000385406640666, "sec": 1492.4}
  ep19 step 500/10781 loss 0.0678 lr 1.79e-04 68s
  ep19 step 1000/10781 loss 0.0677 lr 1.79e-04 136s
  ep19 step 1500/10781 loss 0.0677 lr 1.78e-04 204s
  ep19 step 2000/10781 loss 0.0675 lr 1.78e-04 272s
  ep19 step 2500/10781 loss 0.0676 lr 1.77e-04 340s
  ep19 step 3000/10781 loss 0.0675 lr 1.77e-04 408s
  ep19 step 3500/10781 loss 0.0675 lr 1.76e-04 476s
  ep19 step 4000/10781 loss 0.0676 lr 1.76e-04 544s
  ep19 step 4500/10781 loss 0.0675 lr 1.75e-04 612s
  ep19 step 5000/10781 loss 0.0676 lr 1.74e-04 680s
  ep19 step 5500/10781 loss 0.0675 lr 1.74e-04 748s
  ep19 step 6000/10781 loss 0.0676 lr 1.73e-04 816s
  ep19 step 6500/10781 loss 0.0675 lr 1.73e-04 884s
  ep19 step 7000/10781 loss 0.0675 lr 1.72e-04 952s
  ep19 step 7500/10781 loss 0.0675 lr 1.72e-04 1020s
  ep19 step 8000/10781 loss 0.0675 lr 1.71e-04 1088s
  ep19 step 8500/10781 loss 0.0675 lr 1.71e-04 1156s
  ep19 step 9000/10781 loss 0.0675 lr 1.70e-04 1225s
  ep19 step 9500/10781 loss 0.0675 lr 1.70e-04 1293s
  ep19 step 10000/10781 loss 0.0674 lr 1.69e-04 1361s
  ep19 step 10500/10781 loss 0.0674 lr 1.68e-04 1429s
{"ep": 19, "loss": 0.06741, "val_pooled_db": [-11.39, -10.33, -9.39, -8.51], "val_median_db": [-16.1, -15.14, -14.19, -13.46], "val_align_db": [-17.62, -16.89, -16.2, -15.5], "rho": [0.991, 0.99, 0.988, 0.986], "copy_last_db": [-4.45, -1.94, -1.6, -1.16], "lr": 0.00016808050203829842, "sec": 1492.5}
  ep20 step 500/10781 loss 0.0665 lr 1.68e-04 68s
  ep20 step 1000/10781 loss 0.0664 lr 1.67e-04 136s
  ep20 step 1500/10781 loss 0.0665 lr 1.66e-04 204s
  ep20 step 2000/10781 loss 0.0666 lr 1.66e-04 272s
  ep20 step 2500/10781 loss 0.0667 lr 1.65e-04 340s
  ep20 step 3000/10781 loss 0.0668 lr 1.65e-04 408s
  ep20 step 3500/10781 loss 0.0667 lr 1.64e-04 476s
  ep20 step 4000/10781 loss 0.0667 lr 1.64e-04 544s
  ep20 step 4500/10781 loss 0.0667 lr 1.63e-04 612s
  ep20 step 5000/10781 loss 0.0667 lr 1.63e-04 680s
  ep20 step 5500/10781 loss 0.0667 lr 1.62e-04 748s
  ep20 step 6000/10781 loss 0.0667 lr 1.61e-04 816s
  ep20 step 6500/10781 loss 0.0667 lr 1.61e-04 884s
  ep20 step 7000/10781 loss 0.0667 lr 1.60e-04 952s
  ep20 step 7500/10781 loss 0.0666 lr 1.60e-04 1020s
  ep20 step 8000/10781 loss 0.0666 lr 1.59e-04 1088s
  ep20 step 8500/10781 loss 0.0666 lr 1.59e-04 1156s
  ep20 step 9000/10781 loss 0.0666 lr 1.58e-04 1224s
  ep20 step 9500/10781 loss 0.0665 lr 1.57e-04 1292s
  ep20 step 10000/10781 loss 0.0665 lr 1.57e-04 1360s
  ep20 step 10500/10781 loss 0.0665 lr 1.56e-04 1428s
{"ep": 20, "loss": 0.0665, "val_pooled_db": [-11.49, -10.37, -9.41, -8.43], "val_median_db": [-16.2, -15.35, -14.29, -13.55], "val_align_db": [-17.78, -16.98, -16.25, -15.5], "rho": [0.992, 0.99, 0.988, 0.986], "copy_last_db": [-4.45, -1.94, -1.6, -1.16], "lr": 0.00015603989101641228, "sec": 1491.9}
early stopping at ep 20 (best ep 15, -9.93 dB)
DONE best_ep 15 val_mean_pooled_db -9.93
