[mm] sensors ['radar'] pos_source predicted window_bytes {'radar': 262144} coverage {"radar": {"channel_frames": 53800, "missing": 0, "examples": [], "rsu_frames_cached": 17200, "row_bytes": 16384}}
[mm_radar] frames 53800 Nr 16 Nt 64 Ksc 64 | split B1: train windows 43121 (x16 = 689936), val windows 2439 (x16 = 39024) | load 0s
model mm:chiron params 22.79M | args {"model": "mm:chiron", "run_id": "mm_radar", "setting": "Nt_1_64_Nr_1_16_fc_28GHz", "Ksc": 64, "K_hist": 16, "H_pred": 4, "split": "B1", "seed": 42, "epochs": 40, "patience": 5, "lr": 0.0003, "wd": 0.0001, "batch": 64, "clip": 1.0, "warmup_epochs": 1.0, "D": 512, "L": 6, "heads": 8, "dropout": 0.1, "no_pos_emb": false, "residual": false, "c_hid": 128, "c_enc": 32, "norm": "rms", "patch_h": 4, "patch_w": 16, "lwm11_init": "pretrained", "lwm11_freeze": "none", "in_scale": 1.0, "t_layers": 2, "device": "cuda:0", "workers": 0, "max_train_windows": 0, "eval_every": 1, "out_root": "/mnt/ssd_7t_2/carla-wireless-dataset/mmw_reproduction/outputs_cp", "sensors": "radar", "pos_source": "predicted", "pos_mode": "token", "fuse_layers": 3, "causal_mask": false, "sensor_cache_root": "", "backbone_init": ""}
[mm] param_groups {"backbone_no_head": 9178368, "head": 9978368, "fusion": 3554304, "embeddings": 5120, "enc_radar": 72672, "sensor_encoders": 72672, "total": 22788832}
  ep1 step 500/10781 loss 1.1674 lr 1.39e-05 120s
  ep1 step 1000/10781 loss 1.0926 lr 2.79e-05 277s
  ep1 step 1500/10781 loss 1.0625 lr 4.18e-05 482s
  ep1 step 2000/10781 loss 1.0446 lr 5.57e-05 716s
  ep1 step 2500/10781 loss 1.0325 lr 6.96e-05 926s
  ep1 step 3000/10781 loss 1.0238 lr 8.35e-05 1079s
  ep1 step 3500/10781 loss 1.0164 lr 9.74e-05 1233s
  ep1 step 4000/10781 loss 1.0098 lr 1.11e-04 1388s
  ep1 step 4500/10781 loss 1.0037 lr 1.25e-04 1544s
  ep1 step 5000/10781 loss 0.9974 lr 1.39e-04 1699s
  ep1 step 5500/10781 loss 0.9900 lr 1.53e-04 1854s
  ep1 step 6000/10781 loss 0.9817 lr 1.67e-04 2013s
  ep1 step 6500/10781 loss 0.9726 lr 1.81e-04 2171s
  ep1 step 7000/10781 loss 0.9614 lr 1.95e-04 2313s
  ep1 step 7500/10781 loss 0.9471 lr 2.09e-04 2456s
  ep1 step 8000/10781 loss 0.9268 lr 2.23e-04 2558s
  ep1 step 8500/10781 loss 0.8997 lr 2.37e-04 2651s
  ep1 step 9000/10781 loss 0.8719 lr 2.50e-04 2744s
  ep1 step 9500/10781 loss 0.8438 lr 2.64e-04 2838s
  ep1 step 10000/10781 loss 0.8154 lr 2.78e-04 2931s
  ep1 step 10500/10781 loss 0.7882 lr 2.92e-04 3025s
{"ep": 1, "loss": 0.77355, "val_pooled_db": [-8.78, -8.06, -7.44, -6.83], "val_median_db": [-10.83, -10.34, -9.59, -9.11], "val_align_db": [-12.04, -11.65, -11.13, -10.77], "rho": [0.968, 0.965, 0.961, 0.957], "copy_last_db": [-4.45, -1.94, -1.6, -1.16], "lr": 0.0003, "sec": 3117.0}
  ep2 step 500/10781 loss 0.2374 lr 3.00e-04 95s
  ep2 step 1000/10781 loss 0.2205 lr 3.00e-04 189s
  ep2 step 1500/10781 loss 0.2143 lr 3.00e-04 282s
  ep2 step 2000/10781 loss 0.2084 lr 3.00e-04 376s
  ep2 step 2500/10781 loss 0.2029 lr 3.00e-04 471s
  ep2 step 3000/10781 loss 0.2010 lr 3.00e-04 565s
  ep2 step 3500/10781 loss 0.1970 lr 3.00e-04 659s
  ep2 step 4000/10781 loss 0.1937 lr 3.00e-04 753s
  ep2 step 4500/10781 loss 0.1904 lr 3.00e-04 847s
  ep2 step 5000/10781 loss 0.1875 lr 3.00e-04 941s
  ep2 step 5500/10781 loss 0.1850 lr 3.00e-04 1034s
  ep2 step 6000/10781 loss 0.1829 lr 3.00e-04 1128s
  ep2 step 6500/10781 loss 0.1810 lr 3.00e-04 1222s
  ep2 step 7000/10781 loss 0.1791 lr 3.00e-04 1316s
  ep2 step 7500/10781 loss 0.1771 lr 3.00e-04 1411s
  ep2 step 8000/10781 loss 0.1755 lr 3.00e-04 1505s
  ep2 step 8500/10781 loss 0.1741 lr 3.00e-04 1599s
  ep2 step 9000/10781 loss 0.1725 lr 3.00e-04 1693s
  ep2 step 9500/10781 loss 0.1712 lr 3.00e-04 1787s
  ep2 step 10000/10781 loss 0.1698 lr 3.00e-04 1883s
  ep2 step 10500/10781 loss 0.1684 lr 3.00e-04 1977s
{"ep": 2, "loss": 0.16761, "val_pooled_db": [-10.95, -10.05, -9.32, -8.61], "val_median_db": [-13.99, -13.19, -12.48, -11.9], "val_align_db": [-15.83, -15.19, -14.47, -13.81], "rho": [0.987, 0.985, 0.982, 0.979], "copy_last_db": [-4.45, -1.94, -1.6, -1.16], "lr": 0.0002995135962201315, "sec": 2068.6}
  ep3 step 500/10781 loss 0.1357 lr 2.99e-04 95s
  ep3 step 1000/10781 loss 0.1359 lr 2.99e-04 189s
  ep3 step 1500/10781 loss 0.1352 lr 2.99e-04 284s
  ep3 step 2000/10781 loss 0.1357 lr 2.99e-04 377s
  ep3 step 2500/10781 loss 0.1365 lr 2.99e-04 471s
  ep3 step 3000/10781 loss 0.1355 lr 2.99e-04 564s
  ep3 step 3500/10781 loss 0.1347 lr 2.99e-04 658s
  ep3 step 4000/10781 loss 0.1346 lr 2.99e-04 751s
  ep3 step 4500/10781 loss 0.1340 lr 2.99e-04 845s
  ep3 step 5000/10781 loss 0.1334 lr 2.99e-04 939s
  ep3 step 5500/10781 loss 0.1328 lr 2.99e-04 1032s
  ep3 step 6000/10781 loss 0.1322 lr 2.99e-04 1125s
  ep3 step 6500/10781 loss 0.1319 lr 2.99e-04 1218s
  ep3 step 7000/10781 loss 0.1317 lr 2.99e-04 1313s
  ep3 step 7500/10781 loss 0.1310 lr 2.99e-04 1408s
  ep3 step 8000/10781 loss 0.1307 lr 2.99e-04 1501s
  ep3 step 8500/10781 loss 0.1302 lr 2.98e-04 1594s
  ep3 step 9000/10781 loss 0.1298 lr 2.98e-04 1688s
  ep3 step 9500/10781 loss 0.1294 lr 2.98e-04 1782s
  ep3 step 10000/10781 loss 0.1290 lr 2.98e-04 1875s
  ep3 step 10500/10781 loss 0.1285 lr 2.98e-04 1969s
{"ep": 3, "loss": 0.12818, "val_pooled_db": [-11.51, -10.52, -9.76, -9.05], "val_median_db": [-15.47, -14.44, -13.57, -12.85], "val_align_db": [-16.88, -16.22, -15.53, -14.76], "rho": [0.99, 0.988, 0.986, 0.983], "copy_last_db": [-4.45, -1.94, -1.6, -1.16], "lr": 0.00029805753939568687, "sec": 2064.0}
  ep4 step 500/10781 loss 0.1158 lr 2.98e-04 95s
  ep4 step 1000/10781 loss 0.1193 lr 2.98e-04 190s
  ep4 step 1500/10781 loss 0.1189 lr 2.98e-04 284s
  ep4 step 2000/10781 loss 0.1185 lr 2.98e-04 378s
  ep4 step 2500/10781 loss 0.1176 lr 2.98e-04 472s
  ep4 step 3000/10781 loss 0.1170 lr 2.97e-04 565s
  ep4 step 3500/10781 loss 0.1167 lr 2.97e-04 660s
  ep4 step 4000/10781 loss 0.1163 lr 2.97e-04 754s
  ep4 step 4500/10781 loss 0.1158 lr 2.97e-04 848s
  ep4 step 5000/10781 loss 0.1155 lr 2.97e-04 943s
  ep4 step 5500/10781 loss 0.1154 lr 2.97e-04 1039s
  ep4 step 6000/10781 loss 0.1152 lr 2.97e-04 1132s
  ep4 step 6500/10781 loss 0.1147 lr 2.97e-04 1225s
  ep4 step 7000/10781 loss 0.1144 lr 2.97e-04 1320s
  ep4 step 7500/10781 loss 0.1140 lr 2.96e-04 1413s
  ep4 step 8000/10781 loss 0.1139 lr 2.96e-04 1507s
  ep4 step 8500/10781 loss 0.1137 lr 2.96e-04 1601s
  ep4 step 9000/10781 loss 0.1135 lr 2.96e-04 1694s
  ep4 step 9500/10781 loss 0.1133 lr 2.96e-04 1787s
  ep4 step 10000/10781 loss 0.1130 lr 2.96e-04 1880s
  ep4 step 10500/10781 loss 0.1127 lr 2.96e-04 1974s
{"ep": 4, "loss": 0.11253, "val_pooled_db": [-11.54, -10.52, -9.74, -8.89], "val_median_db": [-15.57, -14.5, -13.52, -12.7], "val_align_db": [-17.35, -16.42, -15.69, -14.89], "rho": [0.991, 0.989, 0.986, 0.984], "copy_last_db": [-4.45, -1.94, -1.6, -1.16], "lr": 0.00029564127261390776, "sec": 2064.4}
  ep5 step 500/10781 loss 0.1093 lr 2.96e-04 95s
  ep5 step 1000/10781 loss 0.1096 lr 2.95e-04 189s
  ep5 step 1500/10781 loss 0.1075 lr 2.95e-04 282s
  ep5 step 2000/10781 loss 0.1066 lr 2.95e-04 376s
  ep5 step 2500/10781 loss 0.1059 lr 2.95e-04 469s
  ep5 step 3000/10781 loss 0.1053 lr 2.95e-04 563s
  ep5 step 3500/10781 loss 0.1050 lr 2.95e-04 657s
  ep5 step 4000/10781 loss 0.1047 lr 2.95e-04 751s
  ep5 step 4500/10781 loss 0.1043 lr 2.94e-04 845s
  ep5 step 5000/10781 loss 0.1040 lr 2.94e-04 941s
  ep5 step 5500/10781 loss 0.1038 lr 2.94e-04 1036s
  ep5 step 6000/10781 loss 0.1037 lr 2.94e-04 1131s
  ep5 step 6500/10781 loss 0.1033 lr 2.94e-04 1224s
  ep5 step 7000/10781 loss 0.1033 lr 2.94e-04 1318s
  ep5 step 7500/10781 loss 0.1030 lr 2.93e-04 1412s
  ep5 step 8000/10781 loss 0.1030 lr 2.93e-04 1507s
  ep5 step 8500/10781 loss 0.1027 lr 2.93e-04 1600s
  ep5 step 9000/10781 loss 0.1025 lr 2.93e-04 1695s
  ep5 step 9500/10781 loss 0.1022 lr 2.93e-04 1792s
  ep5 step 10000/10781 loss 0.1021 lr 2.93e-04 1890s
  ep5 step 10500/10781 loss 0.1019 lr 2.92e-04 1989s
{"ep": 5, "loss": 0.10179, "val_pooled_db": [-11.71, -10.65, -9.77, -8.95], "val_median_db": [-15.87, -14.95, -13.88, -12.89], "val_align_db": [-17.29, -16.56, -15.62, -14.51], "rho": [0.991, 0.989, 0.986, 0.982], "copy_last_db": [-4.45, -1.94, -1.6, -1.16], "lr": 0.00029228046629207175, "sec": 2087.5}
  ep6 step 500/10781 loss 0.0969 lr 2.92e-04 103s
  ep6 step 1000/10781 loss 0.0964 lr 2.92e-04 205s
  ep6 step 1500/10781 loss 0.0959 lr 2.92e-04 306s
  ep6 step 2000/10781 loss 0.0958 lr 2.92e-04 405s
  ep6 step 2500/10781 loss 0.0956 lr 2.91e-04 504s
  ep6 step 3000/10781 loss 0.0954 lr 2.91e-04 603s
  ep6 step 3500/10781 loss 0.0952 lr 2.91e-04 704s
  ep6 step 4000/10781 loss 0.0950 lr 2.91e-04 809s
  ep6 step 4500/10781 loss 0.0948 lr 2.91e-04 926s
  ep6 step 5000/10781 loss 0.0946 lr 2.90e-04 1059s
  ep6 step 5500/10781 loss 0.0945 lr 2.90e-04 1187s
  ep6 step 6000/10781 loss 0.0943 lr 2.90e-04 1316s
  ep6 step 6500/10781 loss 0.0942 lr 2.90e-04 1443s
  ep6 step 7000/10781 loss 0.0940 lr 2.90e-04 1578s
  ep6 step 7500/10781 loss 0.0939 lr 2.89e-04 1714s
  ep6 step 8000/10781 loss 0.0937 lr 2.89e-04 1848s
  ep6 step 8500/10781 loss 0.0936 lr 2.89e-04 1980s
  ep6 step 9000/10781 loss 0.0935 lr 2.89e-04 2115s
  ep6 step 9500/10781 loss 0.0933 lr 2.89e-04 2249s
  ep6 step 10000/10781 loss 0.0932 lr 2.88e-04 2375s
  ep6 step 10500/10781 loss 0.0931 lr 2.88e-04 2485s
{"ep": 6, "loss": 0.09294, "val_pooled_db": [-11.93, -10.81, -9.98, -9.19], "val_median_db": [-16.46, -15.46, -14.4, -13.5], "val_align_db": [-17.86, -17.1, -16.23, -15.33], "rho": [0.992, 0.99, 0.988, 0.985], "copy_last_db": [-4.45, -1.94, -1.6, -1.16], "lr": 0.0002879969165488236, "sec": 2594.4}
  ep7 step 500/10781 loss 0.0875 lr 2.88e-04 116s
  ep7 step 1000/10781 loss 0.0877 lr 2.88e-04 231s
  ep7 step 1500/10781 loss 0.0885 lr 2.87e-04 348s
  ep7 step 2000/10781 loss 0.0887 lr 2.87e-04 465s
  ep7 step 2500/10781 loss 0.0885 lr 2.87e-04 590s
  ep7 step 3000/10781 loss 0.0885 lr 2.87e-04 722s
  ep7 step 3500/10781 loss 0.0883 lr 2.86e-04 852s
  ep7 step 4000/10781 loss 0.0881 lr 2.86e-04 986s
  ep7 step 4500/10781 loss 0.0879 lr 2.86e-04 1119s
  ep7 step 5000/10781 loss 0.0879 lr 2.86e-04 1249s
  ep7 step 5500/10781 loss 0.0877 lr 2.85e-04 1380s
  ep7 step 6000/10781 loss 0.0876 lr 2.85e-04 1487s
  ep7 step 6500/10781 loss 0.0875 lr 2.85e-04 1596s
  ep7 step 7000/10781 loss 0.0874 lr 2.85e-04 1706s
  ep7 step 7500/10781 loss 0.0873 lr 2.84e-04 1816s
  ep7 step 8000/10781 loss 0.0872 lr 2.84e-04 1926s
  ep7 step 8500/10781 loss 0.0871 lr 2.84e-04 2038s
  ep7 step 9000/10781 loss 0.0870 lr 2.84e-04 2147s
  ep7 step 9500/10781 loss 0.0869 lr 2.83e-04 2259s
  ep7 step 10000/10781 loss 0.0868 lr 2.83e-04 2370s
  ep7 step 10500/10781 loss 0.0867 lr 2.83e-04 2500s
{"ep": 7, "loss": 0.08662, "val_pooled_db": [-11.72, -10.75, -9.91, -9.14], "val_median_db": [-16.45, -15.44, -14.4, -13.46], "val_align_db": [-17.8, -17.12, -16.28, -15.35], "rho": [0.992, 0.99, 0.988, 0.985], "copy_last_db": [-4.45, -1.94, -1.6, -1.16], "lr": 0.0002828184038479814, "sec": 2629.0}
  ep8 step 500/10781 loss 0.0837 lr 2.83e-04 132s
  ep8 step 1000/10781 loss 0.0837 lr 2.82e-04 265s
  ep8 step 1500/10781 loss 0.0834 lr 2.82e-04 398s
  ep8 step 2000/10781 loss 0.0837 lr 2.82e-04 530s
  ep8 step 2500/10781 loss 0.0835 lr 2.81e-04 651s
  ep8 step 3000/10781 loss 0.0835 lr 2.81e-04 760s
  ep8 step 3500/10781 loss 0.0833 lr 2.81e-04 870s
  ep8 step 4000/10781 loss 0.0831 lr 2.81e-04 982s
  ep8 step 4500/10781 loss 0.0830 lr 2.80e-04 1096s
  ep8 step 5000/10781 loss 0.0830 lr 2.80e-04 1209s
  ep8 step 5500/10781 loss 0.0830 lr 2.80e-04 1321s
  ep8 step 6000/10781 loss 0.0828 lr 2.80e-04 1435s
  ep8 step 6500/10781 loss 0.0827 lr 2.79e-04 1568s
  ep8 step 7000/10781 loss 0.0826 lr 2.79e-04 1699s
  ep8 step 7500/10781 loss 0.0825 lr 2.79e-04 1832s
  ep8 step 8000/10781 loss 0.0824 lr 2.78e-04 1965s
  ep8 step 8500/10781 loss 0.0823 lr 2.78e-04 2097s
  ep8 step 9000/10781 loss 0.0822 lr 2.78e-04 2229s
  ep8 step 9500/10781 loss 0.0821 lr 2.78e-04 2349s
  ep8 step 10000/10781 loss 0.0821 lr 2.77e-04 2456s
  ep8 step 10500/10781 loss 0.0820 lr 2.77e-04 2568s
{"ep": 8, "loss": 0.08196, "val_pooled_db": [-11.81, -10.92, -10.08, -9.38], "val_median_db": [-16.58, -15.75, -14.56, -13.77], "val_align_db": [-17.88, -17.25, -16.31, -15.59], "rho": [0.992, 0.991, 0.988, 0.986], "copy_last_db": [-4.45, -1.94, -1.6, -1.16], "lr": 0.0002767785128315692, "sec": 2681.2}
  ep9 step 500/10781 loss 0.0793 lr 2.76e-04 113s
  ep9 step 1000/10781 loss 0.0798 lr 2.76e-04 228s
  ep9 step 1500/10781 loss 0.0792 lr 2.76e-04 343s
  ep9 step 2000/10781 loss 0.0789 lr 2.76e-04 471s
  ep9 step 2500/10781 loss 0.0789 lr 2.75e-04 601s
  ep9 step 3000/10781 loss 0.0790 lr 2.75e-04 733s
  ep9 step 3500/10781 loss 0.0789 lr 2.75e-04 863s
  ep9 step 4000/10781 loss 0.0790 lr 2.74e-04 993s
  ep9 step 4500/10781 loss 0.0789 lr 2.74e-04 1123s
  ep9 step 5000/10781 loss 0.0789 lr 2.74e-04 1255s
  ep9 step 5500/10781 loss 0.0788 lr 2.73e-04 1386s
  ep9 step 6000/10781 loss 0.0787 lr 2.73e-04 1518s
  ep9 step 6500/10781 loss 0.0787 lr 2.73e-04 1651s
  ep9 step 7000/10781 loss 0.0786 lr 2.72e-04 1780s
  ep9 step 7500/10781 loss 0.0786 lr 2.72e-04 1911s
  ep9 step 8000/10781 loss 0.0785 lr 2.72e-04 2044s
  ep9 step 8500/10781 loss 0.0784 lr 2.71e-04 2173s
  ep9 step 9000/10781 loss 0.0784 lr 2.71e-04 2303s
  ep9 step 9500/10781 loss 0.0783 lr 2.71e-04 2434s
  ep9 step 10000/10781 loss 0.0783 lr 2.70e-04 2568s
  ep9 step 10500/10781 loss 0.0782 lr 2.70e-04 2700s
{"ep": 9, "loss": 0.07824, "val_pooled_db": [-11.9, -10.92, -10.04, -9.28], "val_median_db": [-16.74, -15.78, -14.51, -13.61], "val_align_db": [-17.96, -17.29, -16.45, -15.5], "rho": [0.992, 0.991, 0.989, 0.986], "copy_last_db": [-4.45, -1.94, -1.6, -1.16], "lr": 0.00026991641451052517, "sec": 2835.0}
  ep10 step 500/10781 loss 0.0758 lr 2.70e-04 132s
  ep10 step 1000/10781 loss 0.0760 lr 2.69e-04 263s
  ep10 step 1500/10781 loss 0.0761 lr 2.69e-04 393s
  ep10 step 2000/10781 loss 0.0760 lr 2.69e-04 525s
  ep10 step 2500/10781 loss 0.0760 lr 2.68e-04 655s
  ep10 step 3000/10781 loss 0.0760 lr 2.68e-04 788s
  ep10 step 3500/10781 loss 0.0760 lr 2.68e-04 917s
  ep10 step 4000/10781 loss 0.0760 lr 2.67e-04 1047s
  ep10 step 4500/10781 loss 0.0760 lr 2.67e-04 1153s
  ep10 step 5000/10781 loss 0.0758 lr 2.66e-04 1247s
  ep10 step 5500/10781 loss 0.0758 lr 2.66e-04 1340s
  ep10 step 6000/10781 loss 0.0758 lr 2.66e-04 1434s
  ep10 step 6500/10781 loss 0.0757 lr 2.65e-04 1528s
  ep10 step 7000/10781 loss 0.0757 lr 2.65e-04 1621s
  ep10 step 7500/10781 loss 0.0756 lr 2.65e-04 1715s
  ep10 step 8000/10781 loss 0.0756 lr 2.64e-04 1808s
  ep10 step 8500/10781 loss 0.0755 lr 2.64e-04 1902s
  ep10 step 9000/10781 loss 0.0754 lr 2.64e-04 1996s
  ep10 step 9500/10781 loss 0.0754 lr 2.63e-04 2090s
  ep10 step 10000/10781 loss 0.0753 lr 2.63e-04 2183s
  ep10 step 10500/10781 loss 0.0753 lr 2.62e-04 2278s
{"ep": 10, "loss": 0.07528, "val_pooled_db": [-11.82, -10.95, -10.12, -9.36], "val_median_db": [-16.98, -16.06, -14.91, -13.95], "val_align_db": [-18.1, -17.52, -16.65, -15.83], "rho": [0.992, 0.991, 0.989, 0.987], "copy_last_db": [-4.45, -1.94, -1.6, -1.16], "lr": 0.00026227661222566516, "sec": 2369.4}
  ep11 step 500/10781 loss 0.0733 lr 2.62e-04 94s
  ep11 step 1000/10781 loss 0.0729 lr 2.62e-04 189s
  ep11 step 1500/10781 loss 0.0731 lr 2.61e-04 284s
  ep11 step 2000/10781 loss 0.0731 lr 2.61e-04 379s
  ep11 step 2500/10781 loss 0.0730 lr 2.60e-04 475s
  ep11 step 3000/10781 loss 0.0731 lr 2.60e-04 569s
  ep11 step 3500/10781 loss 0.0730 lr 2.60e-04 664s
  ep11 step 4000/10781 loss 0.0731 lr 2.59e-04 758s
  ep11 step 4500/10781 loss 0.0731 lr 2.59e-04 851s
  ep11 step 5000/10781 loss 0.0730 lr 2.58e-04 945s
  ep11 step 5500/10781 loss 0.0730 lr 2.58e-04 1039s
  ep11 step 6000/10781 loss 0.0731 lr 2.58e-04 1133s
  ep11 step 6500/10781 loss 0.0730 lr 2.57e-04 1227s
  ep11 step 7000/10781 loss 0.0730 lr 2.57e-04 1322s
  ep11 step 7500/10781 loss 0.0730 lr 2.57e-04 1417s
  ep11 step 8000/10781 loss 0.0730 lr 2.56e-04 1511s
  ep11 step 8500/10781 loss 0.0729 lr 2.56e-04 1607s
  ep11 step 9000/10781 loss 0.0728 lr 2.55e-04 1702s
  ep11 step 9500/10781 loss 0.0728 lr 2.55e-04 1798s
  ep11 step 10000/10781 loss 0.0728 lr 2.55e-04 1893s
  ep11 step 10500/10781 loss 0.0728 lr 2.54e-04 1988s
{"ep": 11, "loss": 0.07276, "val_pooled_db": [-12.03, -11.05, -10.13, -9.41], "val_median_db": [-17.43, -16.38, -15.0, -13.96], "val_align_db": [-18.53, -17.79, -16.68, -15.78], "rho": [0.993, 0.992, 0.989, 0.987], "copy_last_db": [-4.45, -1.94, -1.6, -1.16], "lr": 0.0002539086530264399, "sec": 2079.5}
  ep12 step 500/10781 loss 0.0705 lr 2.54e-04 94s
  ep12 step 1000/10781 loss 0.0708 lr 2.53e-04 188s
  ep12 step 1500/10781 loss 0.0707 lr 2.53e-04 282s
  ep12 step 2000/10781 loss 0.0706 lr 2.52e-04 377s
  ep12 step 2500/10781 loss 0.0706 lr 2.52e-04 470s
  ep12 step 3000/10781 loss 0.0708 lr 2.51e-04 564s
  ep12 step 3500/10781 loss 0.0708 lr 2.51e-04 658s
  ep12 step 4000/10781 loss 0.0709 lr 2.51e-04 751s
  ep12 step 4500/10781 loss 0.0708 lr 2.50e-04 844s
  ep12 step 5000/10781 loss 0.0708 lr 2.50e-04 937s
  ep12 step 5500/10781 loss 0.0708 lr 2.49e-04 1030s
  ep12 step 6000/10781 loss 0.0708 lr 2.49e-04 1123s
  ep12 step 6500/10781 loss 0.0708 lr 2.49e-04 1215s
  ep12 step 7000/10781 loss 0.0707 lr 2.48e-04 1308s
  ep12 step 7500/10781 loss 0.0707 lr 2.48e-04 1401s
  ep12 step 8000/10781 loss 0.0707 lr 2.47e-04 1494s
  ep12 step 8500/10781 loss 0.0707 lr 2.47e-04 1586s
  ep12 step 9000/10781 loss 0.0707 lr 2.46e-04 1680s
  ep12 step 9500/10781 loss 0.0707 lr 2.46e-04 1772s
  ep12 step 10000/10781 loss 0.0706 lr 2.46e-04 1865s
  ep12 step 10500/10781 loss 0.0706 lr 2.45e-04 1958s
{"ep": 12, "loss": 0.07053, "val_pooled_db": [-12.07, -11.08, -10.22, -9.49], "val_median_db": [-17.47, -16.46, -15.09, -14.05], "val_align_db": [-18.66, -17.89, -16.98, -16.07], "rho": [0.993, 0.992, 0.99, 0.988], "copy_last_db": [-4.45, -1.94, -1.6, -1.16], "lr": 0.0002448668063393066, "sec": 2047.9}
  ep13 step 500/10781 loss 0.0696 lr 2.44e-04 93s
  ep13 step 1000/10781 loss 0.0693 lr 2.44e-04 185s
  ep13 step 1500/10781 loss 0.0693 lr 2.44e-04 277s
  ep13 step 2000/10781 loss 0.0694 lr 2.43e-04 370s
  ep13 step 2500/10781 loss 0.0693 lr 2.43e-04 462s
  ep13 step 3000/10781 loss 0.0693 lr 2.42e-04 555s
  ep13 step 3500/10781 loss 0.0692 lr 2.42e-04 649s
  ep13 step 4000/10781 loss 0.0692 lr 2.41e-04 742s
  ep13 step 4500/10781 loss 0.0691 lr 2.41e-04 834s
  ep13 step 5000/10781 loss 0.0691 lr 2.40e-04 926s
  ep13 step 5500/10781 loss 0.0690 lr 2.40e-04 1019s
  ep13 step 6000/10781 loss 0.0690 lr 2.40e-04 1111s
  ep13 step 6500/10781 loss 0.0690 lr 2.39e-04 1204s
  ep13 step 7000/10781 loss 0.0689 lr 2.39e-04 1297s
  ep13 step 7500/10781 loss 0.0689 lr 2.38e-04 1390s
  ep13 step 8000/10781 loss 0.0688 lr 2.38e-04 1483s
  ep13 step 8500/10781 loss 0.0688 lr 2.37e-04 1575s
  ep13 step 9000/10781 loss 0.0688 lr 2.37e-04 1668s
  ep13 step 9500/10781 loss 0.0688 lr 2.36e-04 1762s
  ep13 step 10000/10781 loss 0.0687 lr 2.36e-04 1855s
  ep13 step 10500/10781 loss 0.0687 lr 2.35e-04 1948s
{"ep": 13, "loss": 0.06864, "val_pooled_db": [-12.12, -11.05, -10.26, -9.54], "val_median_db": [-17.65, -16.54, -15.31, -14.33], "val_align_db": [-18.61, -17.85, -17.03, -16.16], "rho": [0.993, 0.992, 0.99, 0.988], "copy_last_db": [-4.45, -1.94, -1.6, -1.16], "lr": 0.00023520971200967334, "sec": 2037.3}
  ep14 step 500/10781 loss 0.0669 lr 2.35e-04 93s
  ep14 step 1000/10781 loss 0.0674 lr 2.34e-04 186s
  ep14 step 1500/10781 loss 0.0673 lr 2.34e-04 279s
  ep14 step 2000/10781 loss 0.0673 lr 2.33e-04 371s
  ep14 step 2500/10781 loss 0.0673 lr 2.33e-04 464s
  ep14 step 3000/10781 loss 0.0673 lr 2.32e-04 557s
  ep14 step 3500/10781 loss 0.0672 lr 2.32e-04 651s
  ep14 step 4000/10781 loss 0.0672 lr 2.31e-04 743s
  ep14 step 4500/10781 loss 0.0672 lr 2.31e-04 836s
  ep14 step 5000/10781 loss 0.0672 lr 2.31e-04 929s
  ep14 step 5500/10781 loss 0.0672 lr 2.30e-04 1022s
  ep14 step 6000/10781 loss 0.0671 lr 2.30e-04 1116s
  ep14 step 6500/10781 loss 0.0671 lr 2.29e-04 1209s
  ep14 step 7000/10781 loss 0.0671 lr 2.29e-04 1303s
  ep14 step 7500/10781 loss 0.0671 lr 2.28e-04 1399s
  ep14 step 8000/10781 loss 0.0671 lr 2.28e-04 1493s
  ep14 step 8500/10781 loss 0.0670 lr 2.27e-04 1588s
  ep14 step 9000/10781 loss 0.0670 lr 2.27e-04 1681s
  ep14 step 9500/10781 loss 0.0670 lr 2.26e-04 1776s
  ep14 step 10000/10781 loss 0.0670 lr 2.26e-04 1872s
  ep14 step 10500/10781 loss 0.0669 lr 2.25e-04 1966s
{"ep": 14, "loss": 0.06694, "val_pooled_db": [-12.16, -11.1, -10.23, -9.52], "val_median_db": [-17.73, -16.63, -15.31, -14.29], "val_align_db": [-18.81, -17.9, -17.02, -16.25], "rho": [0.993, 0.992, 0.99, 0.988], "copy_last_db": [-4.45, -1.94, -1.6, -1.16], "lr": 0.000225, "sec": 2058.6}
  ep15 step 500/10781 loss 0.0660 lr 2.25e-04 94s
  ep15 step 1000/10781 loss 0.0660 lr 2.24e-04 187s
  ep15 step 1500/10781 loss 0.0659 lr 2.24e-04 284s
  ep15 step 2000/10781 loss 0.0658 lr 2.23e-04 389s
  ep15 step 2500/10781 loss 0.0657 lr 2.23e-04 497s
  ep15 step 3000/10781 loss 0.0657 lr 2.22e-04 607s
  ep15 step 3500/10781 loss 0.0657 lr 2.22e-04 715s
  ep15 step 4000/10781 loss 0.0657 lr 2.21e-04 819s
  ep15 step 4500/10781 loss 0.0657 lr 2.21e-04 923s
  ep15 step 5000/10781 loss 0.0656 lr 2.20e-04 1030s
  ep15 step 5500/10781 loss 0.0656 lr 2.20e-04 1133s
  ep15 step 6000/10781 loss 0.0655 lr 2.19e-04 1237s
  ep15 step 6500/10781 loss 0.0655 lr 2.19e-04 1342s
  ep15 step 7000/10781 loss 0.0655 lr 2.18e-04 1450s
  ep15 step 7500/10781 loss 0.0655 lr 2.18e-04 1556s
  ep15 step 8000/10781 loss 0.0655 lr 2.17e-04 1659s
  ep15 step 8500/10781 loss 0.0655 lr 2.17e-04 1751s
  ep15 step 9000/10781 loss 0.0655 lr 2.16e-04 1843s
  ep15 step 9500/10781 loss 0.0654 lr 2.16e-04 1936s
  ep15 step 10000/10781 loss 0.0654 lr 2.15e-04 2029s
  ep15 step 10500/10781 loss 0.0654 lr 2.15e-04 2121s
{"ep": 15, "loss": 0.06532, "val_pooled_db": [-12.19, -11.15, -10.3, -9.54], "val_median_db": [-17.74, -16.56, -15.21, -14.27], "val_align_db": [-18.88, -17.98, -16.98, -16.2], "rho": [0.994, 0.992, 0.99, 0.988], "copy_last_db": [-4.45, -1.94, -1.6, -1.16], "lr": 0.0002143038842104581, "sec": 2213.6}
  ep16 step 500/10781 loss 0.0641 lr 2.14e-04 92s
  ep16 step 1000/10781 loss 0.0645 lr 2.13e-04 184s
  ep16 step 1500/10781 loss 0.0644 lr 2.13e-04 276s
  ep16 step 2000/10781 loss 0.0644 lr 2.12e-04 368s
  ep16 step 2500/10781 loss 0.0644 lr 2.12e-04 461s
  ep16 step 3000/10781 loss 0.0642 lr 2.11e-04 554s
  ep16 step 3500/10781 loss 0.0643 lr 2.11e-04 647s
  ep16 step 4000/10781 loss 0.0644 lr 2.10e-04 740s
  ep16 step 4500/10781 loss 0.0643 lr 2.10e-04 834s
  ep16 step 5000/10781 loss 0.0643 lr 2.09e-04 926s
  ep16 step 5500/10781 loss 0.0642 lr 2.09e-04 1018s
  ep16 step 6000/10781 loss 0.0642 lr 2.08e-04 1110s
  ep16 step 6500/10781 loss 0.0641 lr 2.08e-04 1202s
  ep16 step 7000/10781 loss 0.0641 lr 2.07e-04 1295s
  ep16 step 7500/10781 loss 0.0641 lr 2.07e-04 1389s
  ep16 step 8000/10781 loss 0.0641 lr 2.06e-04 1482s
  ep16 step 8500/10781 loss 0.0641 lr 2.06e-04 1575s
  ep16 step 9000/10781 loss 0.0640 lr 2.05e-04 1668s
  ep16 step 9500/10781 loss 0.0640 lr 2.05e-04 1761s
  ep16 step 10000/10781 loss 0.0640 lr 2.04e-04 1854s
  ep16 step 10500/10781 loss 0.0640 lr 2.03e-04 1947s
{"ep": 16, "loss": 0.06401, "val_pooled_db": [-12.17, -11.09, -10.24, -9.54], "val_median_db": [-17.77, -16.56, -15.25, -14.31], "val_align_db": [-18.81, -17.89, -16.99, -16.2], "rho": [0.993, 0.992, 0.99, 0.988], "copy_last_db": [-4.45, -1.94, -1.6, -1.16], "lr": 0.0002031907330563803, "sec": 2039.6}
  ep17 step 500/10781 loss 0.0631 lr 2.03e-04 93s
  ep17 step 1000/10781 loss 0.0628 lr 2.02e-04 186s
  ep17 step 1500/10781 loss 0.0629 lr 2.02e-04 279s
  ep17 step 2000/10781 loss 0.0631 lr 2.01e-04 372s
  ep17 step 2500/10781 loss 0.0631 lr 2.01e-04 466s
  ep17 step 3000/10781 loss 0.0632 lr 2.00e-04 559s
  ep17 step 3500/10781 loss 0.0632 lr 2.00e-04 652s
  ep17 step 4000/10781 loss 0.0632 lr 1.99e-04 745s
  ep17 step 4500/10781 loss 0.0632 lr 1.98e-04 838s
  ep17 step 5000/10781 loss 0.0632 lr 1.98e-04 931s
  ep17 step 5500/10781 loss 0.0632 lr 1.97e-04 1024s
  ep17 step 6000/10781 loss 0.0631 lr 1.97e-04 1117s
  ep17 step 6500/10781 loss 0.0631 lr 1.96e-04 1210s
  ep17 step 7000/10781 loss 0.0630 lr 1.96e-04 1302s
  ep17 step 7500/10781 loss 0.0630 lr 1.95e-04 1395s
  ep17 step 8000/10781 loss 0.0630 lr 1.95e-04 1488s
  ep17 step 8500/10781 loss 0.0630 lr 1.94e-04 1580s
  ep17 step 9000/10781 loss 0.0630 lr 1.94e-04 1673s
  ep17 step 9500/10781 loss 0.0629 lr 1.93e-04 1765s
  ep17 step 10000/10781 loss 0.0629 lr 1.93e-04 1858s
  ep17 step 10500/10781 loss 0.0629 lr 1.92e-04 1950s
{"ep": 17, "loss": 0.0629, "val_pooled_db": [-12.18, -11.19, -10.38, -9.67], "val_median_db": [-17.97, -16.86, -15.57, -14.53], "val_align_db": [-19.05, -18.12, -17.26, -16.42], "rho": [0.994, 0.992, 0.991, 0.989], "copy_last_db": [-4.45, -1.94, -1.6, -1.16], "lr": 0.0001917326195874679, "sec": 2042.8}
  ep18 step 500/10781 loss 0.0620 lr 1.91e-04 93s
  ep18 step 1000/10781 loss 0.0623 lr 1.91e-04 185s
  ep18 step 1500/10781 loss 0.0623 lr 1.90e-04 276s
  ep18 step 2000/10781 loss 0.0622 lr 1.90e-04 368s
  ep18 step 2500/10781 loss 0.0622 lr 1.89e-04 461s
  ep18 step 3000/10781 loss 0.0622 lr 1.88e-04 553s
  ep18 step 3500/10781 loss 0.0622 lr 1.88e-04 647s
  ep18 step 4000/10781 loss 0.0622 lr 1.87e-04 739s
  ep18 step 4500/10781 loss 0.0622 lr 1.87e-04 832s
  ep18 step 5000/10781 loss 0.0623 lr 1.86e-04 924s
  ep18 step 5500/10781 loss 0.0623 lr 1.86e-04 1016s
  ep18 step 6000/10781 loss 0.0622 lr 1.85e-04 1108s
  ep18 step 6500/10781 loss 0.0622 lr 1.85e-04 1201s
  ep18 step 7000/10781 loss 0.0621 lr 1.84e-04 1292s
  ep18 step 7500/10781 loss 0.0621 lr 1.84e-04 1383s
  ep18 step 8000/10781 loss 0.0621 lr 1.83e-04 1475s
  ep18 step 8500/10781 loss 0.0621 lr 1.83e-04 1566s
  ep18 step 9000/10781 loss 0.0620 lr 1.82e-04 1658s
  ep18 step 9500/10781 loss 0.0620 lr 1.81e-04 1750s
  ep18 step 10000/10781 loss 0.0620 lr 1.81e-04 1841s
  ep18 step 10500/10781 loss 0.0620 lr 1.80e-04 1933s
{"ep": 18, "loss": 0.06196, "val_pooled_db": [-12.2, -11.16, -10.35, -9.66], "val_median_db": [-17.93, -16.68, -15.42, -14.46], "val_align_db": [-19.02, -18.05, -17.15, -16.38], "rho": [0.994, 0.992, 0.99, 0.988], "copy_last_db": [-4.45, -1.94, -1.6, -1.16], "lr": 0.00018000385406640666, "sec": 2025.0}
  ep19 step 500/10781 loss 0.0613 lr 1.79e-04 96s
  ep19 step 1000/10781 loss 0.0614 lr 1.79e-04 195s
  ep19 step 1500/10781 loss 0.0612 lr 1.78e-04 290s
  ep19 step 2000/10781 loss 0.0611 lr 1.78e-04 384s
  ep19 step 2500/10781 loss 0.0611 lr 1.77e-04 476s
  ep19 step 3000/10781 loss 0.0611 lr 1.77e-04 570s
  ep19 step 3500/10781 loss 0.0611 lr 1.76e-04 663s
  ep19 step 4000/10781 loss 0.0612 lr 1.76e-04 756s
  ep19 step 4500/10781 loss 0.0612 lr 1.75e-04 849s
  ep19 step 5000/10781 loss 0.0612 lr 1.74e-04 942s
  ep19 step 5500/10781 loss 0.0612 lr 1.74e-04 1035s
  ep19 step 6000/10781 loss 0.0612 lr 1.73e-04 1128s
  ep19 step 6500/10781 loss 0.0612 lr 1.73e-04 1219s
  ep19 step 7000/10781 loss 0.0611 lr 1.72e-04 1313s
  ep19 step 7500/10781 loss 0.0611 lr 1.72e-04 1406s
  ep19 step 8000/10781 loss 0.0611 lr 1.71e-04 1500s
  ep19 step 8500/10781 loss 0.0612 lr 1.71e-04 1593s
  ep19 step 9000/10781 loss 0.0612 lr 1.70e-04 1687s
  ep19 step 9500/10781 loss 0.0611 lr 1.70e-04 1780s
  ep19 step 10000/10781 loss 0.0611 lr 1.69e-04 1873s
  ep19 step 10500/10781 loss 0.0611 lr 1.68e-04 1967s
{"ep": 19, "loss": 0.06109, "val_pooled_db": [-12.22, -11.16, -10.35, -9.64], "val_median_db": [-18.1, -16.84, -15.52, -14.47], "val_align_db": [-19.13, -18.19, -17.19, -16.35], "rho": [0.994, 0.992, 0.99, 0.988], "copy_last_db": [-4.45, -1.94, -1.6, -1.16], "lr": 0.00016808050203829842, "sec": 2059.1}
  ep20 step 500/10781 loss 0.0610 lr 1.68e-04 93s
  ep20 step 1000/10781 loss 0.0607 lr 1.67e-04 187s
  ep20 step 1500/10781 loss 0.0606 lr 1.66e-04 280s
  ep20 step 2000/10781 loss 0.0605 lr 1.66e-04 373s
  ep20 step 2500/10781 loss 0.0605 lr 1.65e-04 467s
  ep20 step 3000/10781 loss 0.0604 lr 1.65e-04 560s
  ep20 step 3500/10781 loss 0.0604 lr 1.64e-04 654s
  ep20 step 4000/10781 loss 0.0605 lr 1.64e-04 747s
  ep20 step 4500/10781 loss 0.0604 lr 1.63e-04 841s
  ep20 step 5000/10781 loss 0.0604 lr 1.63e-04 934s
  ep20 step 5500/10781 loss 0.0604 lr 1.62e-04 1028s
  ep20 step 6000/10781 loss 0.0604 lr 1.61e-04 1121s
  ep20 step 6500/10781 loss 0.0604 lr 1.61e-04 1215s
  ep20 step 7000/10781 loss 0.0604 lr 1.60e-04 1308s
  ep20 step 7500/10781 loss 0.0604 lr 1.60e-04 1401s
  ep20 step 8000/10781 loss 0.0604 lr 1.59e-04 1495s
  ep20 step 8500/10781 loss 0.0604 lr 1.59e-04 1588s
  ep20 step 9000/10781 loss 0.0604 lr 1.58e-04 1681s
  ep20 step 9500/10781 loss 0.0603 lr 1.57e-04 1775s
  ep20 step 10000/10781 loss 0.0603 lr 1.57e-04 1869s
  ep20 step 10500/10781 loss 0.0603 lr 1.56e-04 1962s
{"ep": 20, "loss": 0.06031, "val_pooled_db": [-12.23, -11.22, -10.39, -9.66], "val_median_db": [-18.12, -16.93, -15.55, -14.52], "val_align_db": [-19.28, -18.34, -17.27, -16.47], "rho": [0.994, 0.993, 0.991, 0.989], "copy_last_db": [-4.45, -1.94, -1.6, -1.16], "lr": 0.00015603989101641228, "sec": 2049.4}
  ep21 step 500/10781 loss 0.0596 lr 1.55e-04 94s
  ep21 step 1000/10781 loss 0.0598 lr 1.55e-04 187s
  ep21 step 1500/10781 loss 0.0596 lr 1.54e-04 280s
  ep21 step 2000/10781 loss 0.0597 lr 1.54e-04 374s
  ep21 step 2500/10781 loss 0.0598 lr 1.53e-04 468s
  ep21 step 3000/10781 loss 0.0597 lr 1.53e-04 561s
  ep21 step 3500/10781 loss 0.0597 lr 1.52e-04 655s
  ep21 step 4000/10781 loss 0.0597 lr 1.52e-04 748s
  ep21 step 4500/10781 loss 0.0597 lr 1.51e-04 842s
  ep21 step 5000/10781 loss 0.0597 lr 1.50e-04 936s
  ep21 step 5500/10781 loss 0.0597 lr 1.50e-04 1030s
  ep21 step 6000/10781 loss 0.0597 lr 1.49e-04 1124s
  ep21 step 6500/10781 loss 0.0597 lr 1.49e-04 1218s
  ep21 step 7000/10781 loss 0.0597 lr 1.48e-04 1312s
  ep21 step 7500/10781 loss 0.0597 lr 1.48e-04 1406s
  ep21 step 8000/10781 loss 0.0596 lr 1.47e-04 1501s
  ep21 step 8500/10781 loss 0.0596 lr 1.47e-04 1594s
  ep21 step 9000/10781 loss 0.0596 lr 1.46e-04 1688s
  ep21 step 9500/10781 loss 0.0596 lr 1.45e-04 1782s
  ep21 step 10000/10781 loss 0.0596 lr 1.45e-04 1878s
  ep21 step 10500/10781 loss 0.0596 lr 1.44e-04 1982s
{"ep": 21, "loss": 0.05955, "val_pooled_db": [-12.19, -11.16, -10.37, -9.66], "val_median_db": [-18.06, -16.88, -15.53, -14.41], "val_align_db": [-19.21, -18.32, -17.3, -16.45], "rho": [0.994, 0.993, 0.991, 0.989], "copy_last_db": [-4.45, -1.94, -1.6, -1.16], "lr": 0.00014396010898358775, "sec": 2095.6}
  ep22 step 500/10781 loss 0.0586 lr 1.43e-04 98s
  ep22 step 1000/10781 loss 0.0587 lr 1.43e-04 199s
  ep22 step 1500/10781 loss 0.0589 lr 1.42e-04 299s
  ep22 step 2000/10781 loss 0.0590 lr 1.42e-04 398s
  ep22 step 2500/10781 loss 0.0591 lr 1.41e-04 494s
  ep22 step 3000/10781 loss 0.0591 lr 1.41e-04 590s
  ep22 step 3500/10781 loss 0.0590 lr 1.40e-04 685s
  ep22 step 4000/10781 loss 0.0590 lr 1.39e-04 781s
  ep22 step 4500/10781 loss 0.0590 lr 1.39e-04 877s
  ep22 step 5000/10781 loss 0.0589 lr 1.38e-04 971s
  ep22 step 5500/10781 loss 0.0589 lr 1.38e-04 1064s
  ep22 step 6000/10781 loss 0.0589 lr 1.37e-04 1156s
  ep22 step 6500/10781 loss 0.0588 lr 1.37e-04 1249s
  ep22 step 7000/10781 loss 0.0588 lr 1.36e-04 1342s
  ep22 step 7500/10781 loss 0.0588 lr 1.36e-04 1433s
  ep22 step 8000/10781 loss 0.0588 lr 1.35e-04 1525s
  ep22 step 8500/10781 loss 0.0588 lr 1.34e-04 1617s
  ep22 step 9000/10781 loss 0.0588 lr 1.34e-04 1710s
  ep22 step 9500/10781 loss 0.0588 lr 1.33e-04 1802s
  ep22 step 10000/10781 loss 0.0588 lr 1.33e-04 1895s
  ep22 step 10500/10781 loss 0.0588 lr 1.32e-04 1987s
{"ep": 22, "loss": 0.05882, "val_pooled_db": [-12.2, -11.18, -10.37, -9.69], "val_median_db": [-18.18, -16.96, -15.63, -14.56], "val_align_db": [-19.25, -18.23, -17.26, -16.5], "rho": [0.994, 0.992, 0.991, 0.989], "copy_last_db": [-4.45, -1.94, -1.6, -1.16], "lr": 0.00013191949796170156, "sec": 2079.0}
  ep23 step 500/10781 loss 0.0585 lr 1.31e-04 92s
  ep23 step 1000/10781 loss 0.0585 lr 1.31e-04 185s
  ep23 step 1500/10781 loss 0.0585 lr 1.30e-04 277s
  ep23 step 2000/10781 loss 0.0584 lr 1.30e-04 369s
  ep23 step 2500/10781 loss 0.0584 lr 1.29e-04 462s
  ep23 step 3000/10781 loss 0.0584 lr 1.29e-04 554s
  ep23 step 3500/10781 loss 0.0584 lr 1.28e-04 647s
  ep23 step 4000/10781 loss 0.0583 lr 1.27e-04 739s
  ep23 step 4500/10781 loss 0.0583 lr 1.27e-04 832s
  ep23 step 5000/10781 loss 0.0583 lr 1.26e-04 924s
  ep23 step 5500/10781 loss 0.0583 lr 1.26e-04 1016s
  ep23 step 6000/10781 loss 0.0583 lr 1.25e-04 1109s
  ep23 step 6500/10781 loss 0.0583 lr 1.25e-04 1202s
  ep23 step 7000/10781 loss 0.0583 lr 1.24e-04 1295s
  ep23 step 7500/10781 loss 0.0582 lr 1.24e-04 1388s
  ep23 step 8000/10781 loss 0.0583 lr 1.23e-04 1481s
  ep23 step 8500/10781 loss 0.0582 lr 1.23e-04 1574s
  ep23 step 9000/10781 loss 0.0582 lr 1.22e-04 1668s
  ep23 step 9500/10781 loss 0.0582 lr 1.21e-04 1761s
  ep23 step 10000/10781 loss 0.0582 lr 1.21e-04 1853s
  ep23 step 10500/10781 loss 0.0582 lr 1.20e-04 1947s
{"ep": 23, "loss": 0.05819, "val_pooled_db": [-12.25, -11.18, -10.4, -9.7], "val_median_db": [-18.31, -17.03, -15.64, -14.6], "val_align_db": [-19.39, -18.38, -17.33, -16.55], "rho": [0.994, 0.993, 0.991, 0.989], "copy_last_db": [-4.45, -1.94, -1.6, -1.16], "lr": 0.00011999614593359334, "sec": 2038.8}
  ep24 step 500/10781 loss 0.0577 lr 1.19e-04 93s
  ep24 step 1000/10781 loss 0.0576 lr 1.19e-04 187s
  ep24 step 1500/10781 loss 0.0577 lr 1.18e-04 280s
  ep24 step 2000/10781 loss 0.0578 lr 1.18e-04 373s
  ep24 step 2500/10781 loss 0.0577 lr 1.17e-04 466s
  ep24 step 3000/10781 loss 0.0577 lr 1.17e-04 559s
  ep24 step 3500/10781 loss 0.0576 lr 1.16e-04 652s
  ep24 step 4000/10781 loss 0.0576 lr 1.16e-04 745s
  ep24 step 4500/10781 loss 0.0576 lr 1.15e-04 837s
  ep24 step 5000/10781 loss 0.0576 lr 1.15e-04 929s
  ep24 step 5500/10781 loss 0.0576 lr 1.14e-04 1021s
  ep24 step 6000/10781 loss 0.0576 lr 1.13e-04 1113s
  ep24 step 6500/10781 loss 0.0576 lr 1.13e-04 1206s
  ep24 step 7000/10781 loss 0.0576 lr 1.12e-04 1298s
  ep24 step 7500/10781 loss 0.0576 lr 1.12e-04 1390s
  ep24 step 8000/10781 loss 0.0576 lr 1.11e-04 1483s
  ep24 step 8500/10781 loss 0.0576 lr 1.11e-04 1575s
  ep24 step 9000/10781 loss 0.0576 lr 1.10e-04 1667s
  ep24 step 9500/10781 loss 0.0576 lr 1.10e-04 1759s
  ep24 step 10000/10781 loss 0.0576 lr 1.09e-04 1851s
  ep24 step 10500/10781 loss 0.0576 lr 1.09e-04 1943s
{"ep": 24, "loss": 0.05755, "val_pooled_db": [-12.2, -11.14, -10.34, -9.63], "val_median_db": [-18.12, -16.93, -15.65, -14.54], "val_align_db": [-19.16, -18.22, -17.28, -16.48], "rho": [0.994, 0.992, 0.991, 0.989], "copy_last_db": [-4.45, -1.94, -1.6, -1.16], "lr": 0.0001082673804125321, "sec": 2035.1}
  ep25 step 500/10781 loss 0.0568 lr 1.08e-04 92s
  ep25 step 1000/10781 loss 0.0571 lr 1.07e-04 184s
  ep25 step 1500/10781 loss 0.0572 lr 1.07e-04 276s
  ep25 step 2000/10781 loss 0.0573 lr 1.06e-04 369s
  ep25 step 2500/10781 loss 0.0573 lr 1.06e-04 461s
  ep25 step 3000/10781 loss 0.0573 lr 1.05e-04 553s
  ep25 step 3500/10781 loss 0.0573 lr 1.05e-04 645s
  ep25 step 4000/10781 loss 0.0572 lr 1.04e-04 737s
  ep25 step 4500/10781 loss 0.0572 lr 1.03e-04 830s
  ep25 step 5000/10781 loss 0.0571 lr 1.03e-04 923s
  ep25 step 5500/10781 loss 0.0571 lr 1.02e-04 1016s
  ep25 step 6000/10781 loss 0.0571 lr 1.02e-04 1108s
  ep25 step 6500/10781 loss 0.0571 lr 1.01e-04 1200s
  ep25 step 7000/10781 loss 0.0571 lr 1.01e-04 1292s
  ep25 step 7500/10781 loss 0.0571 lr 1.00e-04 1383s
  ep25 step 8000/10781 loss 0.0571 lr 9.97e-05 1475s
  ep25 step 8500/10781 loss 0.0571 lr 9.92e-05 1566s
  ep25 step 9000/10781 loss 0.0571 lr 9.87e-05 1658s
  ep25 step 9500/10781 loss 0.0570 lr 9.82e-05 1749s
  ep25 step 10000/10781 loss 0.0570 lr 9.76e-05 1841s
  ep25 step 10500/10781 loss 0.0570 lr 9.71e-05 1933s
{"ep": 25, "loss": 0.057, "val_pooled_db": [-12.22, -11.17, -10.33, -9.64], "val_median_db": [-18.29, -17.0, -15.66, -14.54], "val_align_db": [-19.37, -18.34, -17.28, -16.44], "rho": [0.994, 0.993, 0.991, 0.989], "copy_last_db": [-4.45, -1.94, -1.6, -1.16], "lr": 9.680926694361964e-05, "sec": 2025.1}
  ep26 step 500/10781 loss 0.0566 lr 9.63e-05 92s
  ep26 step 1000/10781 loss 0.0568 lr 9.58e-05 183s
  ep26 step 1500/10781 loss 0.0567 lr 9.52e-05 275s
  ep26 step 2000/10781 loss 0.0567 lr 9.47e-05 367s
  ep26 step 2500/10781 loss 0.0567 lr 9.42e-05 460s
  ep26 step 3000/10781 loss 0.0565 lr 9.37e-05 552s
  ep26 step 3500/10781 loss 0.0565 lr 9.32e-05 644s
  ep26 step 4000/10781 loss 0.0565 lr 9.26e-05 737s
  ep26 step 4500/10781 loss 0.0565 lr 9.21e-05 829s
  ep26 step 5000/10781 loss 0.0565 lr 9.16e-05 920s
  ep26 step 5500/10781 loss 0.0565 lr 9.11e-05 1012s
  ep26 step 6000/10781 loss 0.0566 lr 9.06e-05 1105s
  ep26 step 6500/10781 loss 0.0566 lr 9.01e-05 1198s
  ep26 step 7000/10781 loss 0.0566 lr 8.95e-05 1290s
  ep26 step 7500/10781 loss 0.0565 lr 8.90e-05 1383s
  ep26 step 8000/10781 loss 0.0565 lr 8.85e-05 1476s
  ep26 step 8500/10781 loss 0.0565 lr 8.80e-05 1568s
  ep26 step 9000/10781 loss 0.0565 lr 8.75e-05 1660s
  ep26 step 9500/10781 loss 0.0565 lr 8.70e-05 1752s
  ep26 step 10000/10781 loss 0.0565 lr 8.65e-05 1845s
  ep26 step 10500/10781 loss 0.0565 lr 8.60e-05 1938s
{"ep": 26, "loss": 0.0565, "val_pooled_db": [-12.17, -11.15, -10.37, -9.68], "val_median_db": [-18.28, -17.01, -15.68, -14.61], "val_align_db": [-19.34, -18.3, -17.34, -16.52], "rho": [0.994, 0.993, 0.991, 0.989], "copy_last_db": [-4.45, -1.94, -1.6, -1.16], "lr": 8.569611578954184e-05, "sec": 2030.0}
  ep27 step 500/10781 loss 0.0565 lr 8.52e-05 92s
  ep27 step 1000/10781 loss 0.0565 lr 8.47e-05 185s
  ep27 step 1500/10781 loss 0.0562 lr 8.42e-05 277s
  ep27 step 2000/10781 loss 0.0561 lr 8.37e-05 370s
  ep27 step 2500/10781 loss 0.0561 lr 8.32e-05 462s
  ep27 step 3000/10781 loss 0.0561 lr 8.27e-05 554s
  ep27 step 3500/10781 loss 0.0562 lr 8.22e-05 648s
  ep27 step 4000/10781 loss 0.0562 lr 8.17e-05 741s
  ep27 step 4500/10781 loss 0.0561 lr 8.12e-05 834s
  ep27 step 5000/10781 loss 0.0561 lr 8.07e-05 927s
  ep27 step 5500/10781 loss 0.0561 lr 8.02e-05 1021s
  ep27 step 6000/10781 loss 0.0562 lr 7.97e-05 1114s
  ep27 step 6500/10781 loss 0.0561 lr 7.92e-05 1207s
  ep27 step 7000/10781 loss 0.0561 lr 7.87e-05 1301s
  ep27 step 7500/10781 loss 0.0561 lr 7.82e-05 1394s
  ep27 step 8000/10781 loss 0.0561 lr 7.77e-05 1488s
  ep27 step 8500/10781 loss 0.0561 lr 7.72e-05 1581s
  ep27 step 9000/10781 loss 0.0561 lr 7.67e-05 1675s
  ep27 step 9500/10781 loss 0.0561 lr 7.62e-05 1768s
  ep27 step 10000/10781 loss 0.0561 lr 7.58e-05 1861s
  ep27 step 10500/10781 loss 0.0561 lr 7.53e-05 1954s
{"ep": 27, "loss": 0.05605, "val_pooled_db": [-12.17, -11.13, -10.32, -9.63], "val_median_db": [-18.3, -16.95, -15.5, -14.51], "val_align_db": [-19.32, -18.23, -17.13, -16.44], "rho": [0.994, 0.992, 0.99, 0.989], "copy_last_db": [-4.45, -1.94, -1.6, -1.16], "lr": 7.500000000000002e-05, "sec": 2046.4}
  ep28 step 500/10781 loss 0.0556 lr 7.45e-05 93s
  ep28 step 1000/10781 loss 0.0558 lr 7.40e-05 186s
  ep28 step 1500/10781 loss 0.0556 lr 7.35e-05 279s
  ep28 step 2000/10781 loss 0.0557 lr 7.31e-05 372s
  ep28 step 2500/10781 loss 0.0557 lr 7.26e-05 465s
  ep28 step 3000/10781 loss 0.0558 lr 7.21e-05 558s
  ep28 step 3500/10781 loss 0.0559 lr 7.16e-05 651s
  ep28 step 4000/10781 loss 0.0558 lr 7.12e-05 744s
  ep28 step 4500/10781 loss 0.0558 lr 7.07e-05 837s
  ep28 step 5000/10781 loss 0.0558 lr 7.02e-05 930s
  ep28 step 5500/10781 loss 0.0558 lr 6.97e-05 1023s
  ep28 step 6000/10781 loss 0.0558 lr 6.93e-05 1116s
  ep28 step 6500/10781 loss 0.0557 lr 6.88e-05 1209s
  ep28 step 7000/10781 loss 0.0557 lr 6.83e-05 1302s
  ep28 step 7500/10781 loss 0.0557 lr 6.78e-05 1395s
  ep28 step 8000/10781 loss 0.0557 lr 6.74e-05 1488s
  ep28 step 8500/10781 loss 0.0556 lr 6.69e-05 1581s
  ep28 step 9000/10781 loss 0.0556 lr 6.64e-05 1675s
  ep28 step 9500/10781 loss 0.0556 lr 6.60e-05 1768s
  ep28 step 10000/10781 loss 0.0556 lr 6.55e-05 1861s
  ep28 step 10500/10781 loss 0.0556 lr 6.50e-05 1955s
{"ep": 28, "loss": 0.05563, "val_pooled_db": [-12.19, -11.12, -10.35, -9.64], "val_median_db": [-18.34, -17.03, -15.67, -14.6], "val_align_db": [-19.34, -18.3, -17.31, -16.46], "rho": [0.994, 0.993, 0.991, 0.989], "copy_last_db": [-4.45, -1.94, -1.6, -1.16], "lr": 6.479028799032664e-05, "sec": 2047.2}
early stopping at ep 28 (best ep 23, -10.88 dB)
DONE best_ep 23 val_mean_pooled_db -10.88
