[mm] sensors ['radar'] pos_source predicted window_bytes {'radar': 262144} coverage {"radar": {"channel_frames": 53800, "missing": 0, "examples": [], "rsu_frames_cached": 17200, "row_bytes": 16384}}
[t1_mm_radar] frames 53800 Nr 16 Nt 64 Ksc 64 | split T1: train windows 41090 (x16 = 657440), val windows 2490 (x16 = 39840) | load 0s
model mm:chiron params 22.79M | args {"model": "mm:chiron", "run_id": "t1_mm_radar", "setting": "Nt_1_64_Nr_1_16_fc_28GHz", "Ksc": 64, "K_hist": 16, "H_pred": 4, "split": "T1", "seed": 42, "epochs": 40, "patience": 5, "lr": 0.0003, "wd": 0.0001, "batch": 64, "clip": 1.0, "warmup_epochs": 1.0, "D": 512, "L": 6, "heads": 8, "dropout": 0.1, "no_pos_emb": false, "residual": false, "c_hid": 128, "c_enc": 32, "norm": "rms", "patch_h": 4, "patch_w": 16, "lwm11_init": "pretrained", "lwm11_freeze": "none", "in_scale": 1.0, "t_layers": 2, "device": "cuda:0", "workers": 0, "max_train_windows": 0, "eval_every": 1, "out_root": "/mnt/ssd_7t_2/carla-wireless-dataset/mmw_reproduction/outputs_cp", "sensors": "radar", "pos_source": "predicted", "pos_mode": "token", "fuse_layers": 3, "causal_mask": false, "sensor_cache_root": "", "backbone_init": ""}
[mm] param_groups {"backbone_no_head": 9178368, "head": 9978368, "fusion": 3554304, "embeddings": 5120, "enc_radar": 72672, "sensor_encoders": 72672, "total": 22788832}
  ep1 step 500/10273 loss 1.1527 lr 1.46e-05 148s
  ep1 step 1000/10273 loss 1.0839 lr 2.92e-05 313s
  ep1 step 1500/10273 loss 1.0551 lr 4.38e-05 491s
  ep1 step 2000/10273 loss 1.0384 lr 5.84e-05 651s
  ep1 step 2500/10273 loss 1.0266 lr 7.30e-05 810s
  ep1 step 3000/10273 loss 1.0177 lr 8.76e-05 967s
  ep1 step 3500/10273 loss 1.0107 lr 1.02e-04 1107s
  ep1 step 4000/10273 loss 1.0046 lr 1.17e-04 1197s
  ep1 step 4500/10273 loss 0.9986 lr 1.31e-04 1288s
  ep1 step 5000/10273 loss 0.9930 lr 1.46e-04 1378s
  ep1 step 5500/10273 loss 0.9871 lr 1.61e-04 1469s
  ep1 step 6000/10273 loss 0.9803 lr 1.75e-04 1559s
  ep1 step 6500/10273 loss 0.9716 lr 1.90e-04 1649s
  ep1 step 7000/10273 loss 0.9606 lr 2.04e-04 1740s
  ep1 step 7500/10273 loss 0.9470 lr 2.19e-04 1830s
  ep1 step 8000/10273 loss 0.9301 lr 2.34e-04 1921s
  ep1 step 8500/10273 loss 0.9069 lr 2.48e-04 2011s
  ep1 step 9000/10273 loss 0.8792 lr 2.63e-04 2102s
  ep1 step 9500/10273 loss 0.8502 lr 2.77e-04 2192s
  ep1 step 10000/10273 loss 0.8217 lr 2.92e-04 2282s
{"ep": 1, "loss": 0.80648, "val_pooled_db": [-6.86, -6.43, -5.85, -5.32], "val_median_db": [-7.51, -7.02, -6.49, -6.02], "val_align_db": [-8.63, -8.27, -7.78, -7.37], "rho": [0.929, 0.923, 0.913, 0.904], "copy_last_db": [-4.46, -2.38, -1.54, -0.84], "lr": 0.0003, "sec": 2368.0}
  ep2 step 500/10273 loss 0.2360 lr 3.00e-04 90s
  ep2 step 1000/10273 loss 0.2261 lr 3.00e-04 180s
  ep2 step 1500/10273 loss 0.2209 lr 3.00e-04 271s
  ep2 step 2000/10273 loss 0.2137 lr 3.00e-04 361s
  ep2 step 2500/10273 loss 0.2082 lr 3.00e-04 451s
  ep2 step 3000/10273 loss 0.2035 lr 3.00e-04 542s
  ep2 step 3500/10273 loss 0.1996 lr 3.00e-04 632s
  ep2 step 4000/10273 loss 0.1963 lr 3.00e-04 722s
  ep2 step 4500/10273 loss 0.1933 lr 3.00e-04 813s
  ep2 step 5000/10273 loss 0.1903 lr 3.00e-04 904s
  ep2 step 5500/10273 loss 0.1872 lr 3.00e-04 994s
  ep2 step 6000/10273 loss 0.1843 lr 3.00e-04 1084s
  ep2 step 6500/10273 loss 0.1818 lr 3.00e-04 1175s
  ep2 step 7000/10273 loss 0.1796 lr 3.00e-04 1265s
  ep2 step 7500/10273 loss 0.1774 lr 3.00e-04 1355s
  ep2 step 8000/10273 loss 0.1755 lr 3.00e-04 1446s
  ep2 step 8500/10273 loss 0.1737 lr 3.00e-04 1536s
  ep2 step 9000/10273 loss 0.1718 lr 3.00e-04 1626s
  ep2 step 9500/10273 loss 0.1700 lr 3.00e-04 1717s
  ep2 step 10000/10273 loss 0.1684 lr 3.00e-04 1807s
{"ep": 2, "loss": 0.16762, "val_pooled_db": [-9.35, -8.6, -7.7, -6.86], "val_median_db": [-11.23, -10.36, -9.34, -8.49], "val_align_db": [-12.46, -11.72, -10.84, -10.22], "rho": [0.971, 0.966, 0.958, 0.951], "copy_last_db": [-4.46, -2.38, -1.54, -0.84], "lr": 0.0002995135962201315, "sec": 1891.3}
  ep3 step 500/10273 loss 0.1336 lr 2.99e-04 90s
  ep3 step 1000/10273 loss 0.1311 lr 2.99e-04 181s
  ep3 step 1500/10273 loss 0.1312 lr 2.99e-04 271s
  ep3 step 2000/10273 loss 0.1303 lr 2.99e-04 362s
  ep3 step 2500/10273 loss 0.1297 lr 2.99e-04 452s
  ep3 step 3000/10273 loss 0.1295 lr 2.99e-04 543s
  ep3 step 3500/10273 loss 0.1289 lr 2.99e-04 633s
  ep3 step 4000/10273 loss 0.1288 lr 2.99e-04 723s
  ep3 step 4500/10273 loss 0.1283 lr 2.99e-04 813s
  ep3 step 5000/10273 loss 0.1278 lr 2.99e-04 904s
  ep3 step 5500/10273 loss 0.1271 lr 2.99e-04 994s
  ep3 step 6000/10273 loss 0.1267 lr 2.99e-04 1085s
  ep3 step 6500/10273 loss 0.1263 lr 2.99e-04 1175s
  ep3 step 7000/10273 loss 0.1258 lr 2.99e-04 1265s
  ep3 step 7500/10273 loss 0.1252 lr 2.99e-04 1355s
  ep3 step 8000/10273 loss 0.1246 lr 2.98e-04 1446s
  ep3 step 8500/10273 loss 0.1242 lr 2.98e-04 1536s
  ep3 step 9000/10273 loss 0.1237 lr 2.98e-04 1626s
  ep3 step 9500/10273 loss 0.1232 lr 2.98e-04 1717s
  ep3 step 10000/10273 loss 0.1227 lr 2.98e-04 1807s
{"ep": 3, "loss": 0.12238, "val_pooled_db": [-9.92, -9.15, -8.11, -7.26], "val_median_db": [-12.1, -11.17, -10.06, -9.22], "val_align_db": [-13.08, -12.5, -11.54, -10.88], "rho": [0.975, 0.971, 0.964, 0.958], "copy_last_db": [-4.46, -2.38, -1.54, -0.84], "lr": 0.00029805753939568687, "sec": 1891.7}
  ep4 step 500/10273 loss 0.1117 lr 2.98e-04 91s
  ep4 step 1000/10273 loss 0.1113 lr 2.98e-04 181s
  ep4 step 1500/10273 loss 0.1109 lr 2.98e-04 272s
  ep4 step 2000/10273 loss 0.1102 lr 2.98e-04 362s
  ep4 step 2500/10273 loss 0.1095 lr 2.98e-04 453s
  ep4 step 3000/10273 loss 0.1094 lr 2.97e-04 543s
  ep4 step 3500/10273 loss 0.1091 lr 2.97e-04 634s
  ep4 step 4000/10273 loss 0.1089 lr 2.97e-04 724s
  ep4 step 4500/10273 loss 0.1084 lr 2.97e-04 815s
  ep4 step 5000/10273 loss 0.1079 lr 2.97e-04 906s
  ep4 step 5500/10273 loss 0.1076 lr 2.97e-04 996s
  ep4 step 6000/10273 loss 0.1074 lr 2.97e-04 1087s
  ep4 step 6500/10273 loss 0.1071 lr 2.97e-04 1177s
  ep4 step 7000/10273 loss 0.1069 lr 2.97e-04 1267s
  ep4 step 7500/10273 loss 0.1066 lr 2.96e-04 1358s
  ep4 step 8000/10273 loss 0.1063 lr 2.96e-04 1449s
  ep4 step 8500/10273 loss 0.1062 lr 2.96e-04 1540s
  ep4 step 9000/10273 loss 0.1059 lr 2.96e-04 1630s
  ep4 step 9500/10273 loss 0.1056 lr 2.96e-04 1721s
  ep4 step 10000/10273 loss 0.1053 lr 2.96e-04 1812s
{"ep": 4, "loss": 0.10521, "val_pooled_db": [-10.19, -9.36, -8.38, -7.47], "val_median_db": [-12.63, -11.56, -10.5, -9.57], "val_align_db": [-13.66, -12.95, -11.9, -11.16], "rho": [0.978, 0.974, 0.967, 0.961], "copy_last_db": [-4.46, -2.38, -1.54, -0.84], "lr": 0.00029564127261390776, "sec": 1896.1}
  ep5 step 500/10273 loss 0.0979 lr 2.95e-04 91s
  ep5 step 1000/10273 loss 0.0984 lr 2.95e-04 181s
  ep5 step 1500/10273 loss 0.0985 lr 2.95e-04 272s
  ep5 step 2000/10273 loss 0.0983 lr 2.95e-04 362s
  ep5 step 2500/10273 loss 0.0979 lr 2.95e-04 453s
  ep5 step 3000/10273 loss 0.0977 lr 2.95e-04 543s
  ep5 step 3500/10273 loss 0.0974 lr 2.95e-04 634s
  ep5 step 4000/10273 loss 0.0973 lr 2.94e-04 724s
  ep5 step 4500/10273 loss 0.0971 lr 2.94e-04 815s
  ep5 step 5000/10273 loss 0.0969 lr 2.94e-04 906s
  ep5 step 5500/10273 loss 0.0968 lr 2.94e-04 996s
  ep5 step 6000/10273 loss 0.0966 lr 2.94e-04 1086s
  ep5 step 6500/10273 loss 0.0963 lr 2.94e-04 1177s
  ep5 step 7000/10273 loss 0.0961 lr 2.93e-04 1267s
  ep5 step 7500/10273 loss 0.0960 lr 2.93e-04 1358s
  ep5 step 8000/10273 loss 0.0958 lr 2.93e-04 1449s
  ep5 step 8500/10273 loss 0.0957 lr 2.93e-04 1539s
  ep5 step 9000/10273 loss 0.0954 lr 2.93e-04 1630s
  ep5 step 9500/10273 loss 0.0953 lr 2.93e-04 1720s
  ep5 step 10000/10273 loss 0.0951 lr 2.92e-04 1811s
{"ep": 5, "loss": 0.095, "val_pooled_db": [-10.33, -9.49, -8.53, -7.65], "val_median_db": [-12.91, -11.87, -10.76, -9.82], "val_align_db": [-13.96, -13.25, -12.16, -11.36], "rho": [0.98, 0.976, 0.969, 0.963], "copy_last_db": [-4.46, -2.38, -1.54, -0.84], "lr": 0.00029228046629207175, "sec": 1895.9}
  ep6 step 500/10273 loss 0.0901 lr 2.92e-04 91s
  ep6 step 1000/10273 loss 0.0901 lr 2.92e-04 181s
  ep6 step 1500/10273 loss 0.0903 lr 2.92e-04 272s
  ep6 step 2000/10273 loss 0.0901 lr 2.92e-04 363s
  ep6 step 2500/10273 loss 0.0901 lr 2.91e-04 453s
  ep6 step 3000/10273 loss 0.0898 lr 2.91e-04 544s
  ep6 step 3500/10273 loss 0.0898 lr 2.91e-04 635s
  ep6 step 4000/10273 loss 0.0897 lr 2.91e-04 725s
  ep6 step 4500/10273 loss 0.0895 lr 2.91e-04 816s
  ep6 step 5000/10273 loss 0.0894 lr 2.90e-04 907s
  ep6 step 5500/10273 loss 0.0892 lr 2.90e-04 997s
  ep6 step 6000/10273 loss 0.0891 lr 2.90e-04 1088s
  ep6 step 6500/10273 loss 0.0889 lr 2.90e-04 1179s
  ep6 step 7000/10273 loss 0.0887 lr 2.89e-04 1269s
  ep6 step 7500/10273 loss 0.0886 lr 2.89e-04 1360s
  ep6 step 8000/10273 loss 0.0885 lr 2.89e-04 1450s
  ep6 step 8500/10273 loss 0.0884 lr 2.89e-04 1541s
  ep6 step 9000/10273 loss 0.0883 lr 2.89e-04 1632s
  ep6 step 9500/10273 loss 0.0881 lr 2.88e-04 1722s
  ep6 step 10000/10273 loss 0.0880 lr 2.88e-04 1813s
{"ep": 6, "loss": 0.08793, "val_pooled_db": [-10.46, -9.5, -8.54, -7.66], "val_median_db": [-13.14, -11.96, -10.86, -9.94], "val_align_db": [-14.1, -13.3, -12.24, -11.46], "rho": [0.98, 0.976, 0.97, 0.964], "copy_last_db": [-4.46, -2.38, -1.54, -0.84], "lr": 0.0002879969165488236, "sec": 1897.9}
  ep7 step 500/10273 loss 0.0848 lr 2.88e-04 91s
  ep7 step 1000/10273 loss 0.0843 lr 2.88e-04 181s
  ep7 step 1500/10273 loss 0.0846 lr 2.87e-04 272s
  ep7 step 2000/10273 loss 0.0841 lr 2.87e-04 362s
  ep7 step 2500/10273 loss 0.0839 lr 2.87e-04 453s
  ep7 step 3000/10273 loss 0.0839 lr 2.87e-04 543s
  ep7 step 3500/10273 loss 0.0837 lr 2.86e-04 634s
  ep7 step 4000/10273 loss 0.0836 lr 2.86e-04 724s
  ep7 step 4500/10273 loss 0.0836 lr 2.86e-04 815s
  ep7 step 5000/10273 loss 0.0834 lr 2.86e-04 905s
  ep7 step 5500/10273 loss 0.0833 lr 2.85e-04 996s
  ep7 step 6000/10273 loss 0.0833 lr 2.85e-04 1086s
  ep7 step 6500/10273 loss 0.0832 lr 2.85e-04 1177s
  ep7 step 7000/10273 loss 0.0831 lr 2.85e-04 1267s
  ep7 step 7500/10273 loss 0.0830 lr 2.84e-04 1358s
  ep7 step 8000/10273 loss 0.0829 lr 2.84e-04 1448s
  ep7 step 8500/10273 loss 0.0829 lr 2.84e-04 1539s
  ep7 step 9000/10273 loss 0.0827 lr 2.84e-04 1629s
  ep7 step 9500/10273 loss 0.0826 lr 2.83e-04 1719s
  ep7 step 10000/10273 loss 0.0825 lr 2.83e-04 1810s
{"ep": 7, "loss": 0.08248, "val_pooled_db": [-10.51, -9.58, -8.58, -7.68], "val_median_db": [-13.23, -12.08, -10.91, -9.96], "val_align_db": [-14.24, -13.45, -12.35, -11.56], "rho": [0.981, 0.977, 0.97, 0.964], "copy_last_db": [-4.46, -2.38, -1.54, -0.84], "lr": 0.0002828184038479814, "sec": 1894.5}
  ep8 step 500/10273 loss 0.0789 lr 2.83e-04 91s
  ep8 step 1000/10273 loss 0.0792 lr 2.82e-04 181s
  ep8 step 1500/10273 loss 0.0793 lr 2.82e-04 272s
  ep8 step 2000/10273 loss 0.0789 lr 2.82e-04 362s
  ep8 step 2500/10273 loss 0.0790 lr 2.81e-04 452s
  ep8 step 3000/10273 loss 0.0790 lr 2.81e-04 543s
  ep8 step 3500/10273 loss 0.0790 lr 2.81e-04 633s
  ep8 step 4000/10273 loss 0.0790 lr 2.81e-04 724s
  ep8 step 4500/10273 loss 0.0791 lr 2.80e-04 815s
  ep8 step 5000/10273 loss 0.0790 lr 2.80e-04 905s
  ep8 step 5500/10273 loss 0.0790 lr 2.80e-04 996s
  ep8 step 6000/10273 loss 0.0789 lr 2.79e-04 1086s
  ep8 step 6500/10273 loss 0.0790 lr 2.79e-04 1177s
  ep8 step 7000/10273 loss 0.0790 lr 2.79e-04 1268s
  ep8 step 7500/10273 loss 0.0789 lr 2.78e-04 1358s
  ep8 step 8000/10273 loss 0.0788 lr 2.78e-04 1448s
  ep8 step 8500/10273 loss 0.0787 lr 2.78e-04 1539s
  ep8 step 9000/10273 loss 0.0787 lr 2.78e-04 1629s
  ep8 step 9500/10273 loss 0.0785 lr 2.77e-04 1720s
  ep8 step 10000/10273 loss 0.0785 lr 2.77e-04 1810s
{"ep": 8, "loss": 0.07843, "val_pooled_db": [-10.6, -9.67, -8.72, -7.79], "val_median_db": [-13.47, -12.35, -11.16, -10.3], "val_align_db": [-14.48, -13.65, -12.58, -11.84], "rho": [0.982, 0.978, 0.972, 0.967], "copy_last_db": [-4.46, -2.38, -1.54, -0.84], "lr": 0.0002767785128315692, "sec": 1895.0}
  ep9 step 500/10273 loss 0.0761 lr 2.76e-04 90s
  ep9 step 1000/10273 loss 0.0761 lr 2.76e-04 181s
  ep9 step 1500/10273 loss 0.0760 lr 2.76e-04 271s
  ep9 step 2000/10273 loss 0.0760 lr 2.76e-04 362s
  ep9 step 2500/10273 loss 0.0759 lr 2.75e-04 452s
  ep9 step 3000/10273 loss 0.0758 lr 2.75e-04 543s
  ep9 step 3500/10273 loss 0.0760 lr 2.75e-04 633s
  ep9 step 4000/10273 loss 0.0759 lr 2.74e-04 724s
  ep9 step 4500/10273 loss 0.0760 lr 2.74e-04 815s
  ep9 step 5000/10273 loss 0.0759 lr 2.74e-04 905s
  ep9 step 5500/10273 loss 0.0758 lr 2.73e-04 996s
  ep9 step 6000/10273 loss 0.0758 lr 2.73e-04 1086s
  ep9 step 6500/10273 loss 0.0757 lr 2.73e-04 1177s
  ep9 step 7000/10273 loss 0.0756 lr 2.72e-04 1267s
  ep9 step 7500/10273 loss 0.0756 lr 2.72e-04 1358s
  ep9 step 8000/10273 loss 0.0755 lr 2.72e-04 1448s
  ep9 step 8500/10273 loss 0.0754 lr 2.71e-04 1539s
  ep9 step 9000/10273 loss 0.0754 lr 2.71e-04 1629s
  ep9 step 9500/10273 loss 0.0754 lr 2.70e-04 1720s
  ep9 step 10000/10273 loss 0.0754 lr 2.70e-04 1811s
{"ep": 9, "loss": 0.07532, "val_pooled_db": [-10.66, -9.69, -8.69, -7.78], "val_median_db": [-13.53, -12.29, -11.11, -10.25], "val_align_db": [-14.46, -13.55, -12.44, -11.77], "rho": [0.982, 0.978, 0.971, 0.966], "copy_last_db": [-4.46, -2.38, -1.54, -0.84], "lr": 0.00026991641451052517, "sec": 1895.6}
  ep10 step 500/10273 loss 0.0737 lr 2.70e-04 91s
  ep10 step 1000/10273 loss 0.0737 lr 2.69e-04 182s
  ep10 step 1500/10273 loss 0.0735 lr 2.69e-04 273s
  ep10 step 2000/10273 loss 0.0735 lr 2.68e-04 363s
  ep10 step 2500/10273 loss 0.0733 lr 2.68e-04 454s
  ep10 step 3000/10273 loss 0.0734 lr 2.68e-04 545s
  ep10 step 3500/10273 loss 0.0733 lr 2.67e-04 636s
  ep10 step 4000/10273 loss 0.0732 lr 2.67e-04 727s
  ep10 step 4500/10273 loss 0.0732 lr 2.67e-04 817s
  ep10 step 5000/10273 loss 0.0731 lr 2.66e-04 908s
  ep10 step 5500/10273 loss 0.0731 lr 2.66e-04 999s
  ep10 step 6000/10273 loss 0.0730 lr 2.66e-04 1089s
  ep10 step 6500/10273 loss 0.0730 lr 2.65e-04 1180s
  ep10 step 7000/10273 loss 0.0730 lr 2.65e-04 1271s
  ep10 step 7500/10273 loss 0.0729 lr 2.64e-04 1362s
  ep10 step 8000/10273 loss 0.0728 lr 2.64e-04 1453s
  ep10 step 8500/10273 loss 0.0727 lr 2.64e-04 1544s
  ep10 step 9000/10273 loss 0.0727 lr 2.63e-04 1635s
  ep10 step 9500/10273 loss 0.0726 lr 2.63e-04 1726s
  ep10 step 10000/10273 loss 0.0726 lr 2.62e-04 1816s
{"ep": 10, "loss": 0.07259, "val_pooled_db": [-10.7, -9.78, -8.78, -7.89], "val_median_db": [-13.66, -12.45, -11.17, -10.41], "val_align_db": [-14.59, -13.73, -12.59, -11.92], "rho": [0.982, 0.979, 0.972, 0.967], "copy_last_db": [-4.46, -2.38, -1.54, -0.84], "lr": 0.00026227661222566516, "sec": 1901.1}
  ep11 step 500/10273 loss 0.0709 lr 2.62e-04 91s
  ep11 step 1000/10273 loss 0.0711 lr 2.61e-04 181s
  ep11 step 1500/10273 loss 0.0709 lr 2.61e-04 272s
  ep11 step 2000/10273 loss 0.0710 lr 2.61e-04 362s
  ep11 step 2500/10273 loss 0.0709 lr 2.60e-04 453s
  ep11 step 3000/10273 loss 0.0708 lr 2.60e-04 543s
  ep11 step 3500/10273 loss 0.0710 lr 2.60e-04 634s
  ep11 step 4000/10273 loss 0.0710 lr 2.59e-04 724s
  ep11 step 4500/10273 loss 0.0709 lr 2.59e-04 815s
  ep11 step 5000/10273 loss 0.0709 lr 2.58e-04 906s
  ep11 step 5500/10273 loss 0.0708 lr 2.58e-04 996s
  ep11 step 6000/10273 loss 0.0708 lr 2.57e-04 1087s
  ep11 step 6500/10273 loss 0.0707 lr 2.57e-04 1177s
  ep11 step 7000/10273 loss 0.0706 lr 2.57e-04 1268s
  ep11 step 7500/10273 loss 0.0706 lr 2.56e-04 1358s
  ep11 step 8000/10273 loss 0.0705 lr 2.56e-04 1449s
  ep11 step 8500/10273 loss 0.0705 lr 2.55e-04 1539s
  ep11 step 9000/10273 loss 0.0705 lr 2.55e-04 1630s
  ep11 step 9500/10273 loss 0.0704 lr 2.55e-04 1720s
  ep11 step 10000/10273 loss 0.0704 lr 2.54e-04 1811s
{"ep": 11, "loss": 0.07033, "val_pooled_db": [-10.74, -9.79, -8.84, -7.94], "val_median_db": [-13.79, -12.53, -11.2, -10.39], "val_align_db": [-14.66, -13.74, -12.67, -11.88], "rho": [0.983, 0.979, 0.973, 0.967], "copy_last_db": [-4.46, -2.38, -1.54, -0.84], "lr": 0.0002539086530264399, "sec": 1895.5}
  ep12 step 500/10273 loss 0.0687 lr 2.53e-04 90s
  ep12 step 1000/10273 loss 0.0685 lr 2.53e-04 181s
  ep12 step 1500/10273 loss 0.0688 lr 2.53e-04 272s
  ep12 step 2000/10273 loss 0.0688 lr 2.52e-04 363s
  ep12 step 2500/10273 loss 0.0687 lr 2.52e-04 453s
  ep12 step 3000/10273 loss 0.0687 lr 2.51e-04 544s
  ep12 step 3500/10273 loss 0.0688 lr 2.51e-04 634s
  ep12 step 4000/10273 loss 0.0687 lr 2.50e-04 725s
  ep12 step 4500/10273 loss 0.0687 lr 2.50e-04 815s
  ep12 step 5000/10273 loss 0.0686 lr 2.50e-04 905s
  ep12 step 5500/10273 loss 0.0685 lr 2.49e-04 996s
  ep12 step 6000/10273 loss 0.0686 lr 2.49e-04 1086s
  ep12 step 6500/10273 loss 0.0686 lr 2.48e-04 1177s
  ep12 step 7000/10273 loss 0.0686 lr 2.48e-04 1268s
  ep12 step 7500/10273 loss 0.0686 lr 2.47e-04 1358s
  ep12 step 8000/10273 loss 0.0686 lr 2.47e-04 1448s
  ep12 step 8500/10273 loss 0.0685 lr 2.46e-04 1539s
  ep12 step 9000/10273 loss 0.0685 lr 2.46e-04 1629s
  ep12 step 9500/10273 loss 0.0685 lr 2.46e-04 1720s
  ep12 step 10000/10273 loss 0.0684 lr 2.45e-04 1811s
{"ep": 12, "loss": 0.06838, "val_pooled_db": [-10.76, -9.8, -8.8, -7.89], "val_median_db": [-13.76, -12.5, -11.12, -10.28], "val_align_db": [-14.65, -13.71, -12.54, -11.86], "rho": [0.983, 0.979, 0.972, 0.967], "copy_last_db": [-4.46, -2.38, -1.54, -0.84], "lr": 0.0002448668063393066, "sec": 1895.7}
  ep13 step 500/10273 loss 0.0670 lr 2.44e-04 90s
  ep13 step 1000/10273 loss 0.0669 lr 2.44e-04 181s
  ep13 step 1500/10273 loss 0.0671 lr 2.43e-04 272s
  ep13 step 2000/10273 loss 0.0670 lr 2.43e-04 362s
  ep13 step 2500/10273 loss 0.0670 lr 2.43e-04 453s
  ep13 step 3000/10273 loss 0.0671 lr 2.42e-04 543s
  ep13 step 3500/10273 loss 0.0670 lr 2.42e-04 634s
  ep13 step 4000/10273 loss 0.0670 lr 2.41e-04 725s
  ep13 step 4500/10273 loss 0.0670 lr 2.41e-04 816s
  ep13 step 5000/10273 loss 0.0670 lr 2.40e-04 906s
  ep13 step 5500/10273 loss 0.0669 lr 2.40e-04 997s
  ep13 step 6000/10273 loss 0.0669 lr 2.39e-04 1088s
  ep13 step 6500/10273 loss 0.0669 lr 2.39e-04 1178s
  ep13 step 7000/10273 loss 0.0669 lr 2.38e-04 1269s
  ep13 step 7500/10273 loss 0.0669 lr 2.38e-04 1360s
  ep13 step 8000/10273 loss 0.0669 lr 2.37e-04 1451s
  ep13 step 8500/10273 loss 0.0669 lr 2.37e-04 1541s
  ep13 step 9000/10273 loss 0.0668 lr 2.36e-04 1632s
  ep13 step 9500/10273 loss 0.0668 lr 2.36e-04 1723s
  ep13 step 10000/10273 loss 0.0668 lr 2.35e-04 1813s
{"ep": 13, "loss": 0.06678, "val_pooled_db": [-10.69, -9.79, -8.79, -7.89], "val_median_db": [-13.77, -12.57, -11.22, -10.38], "val_align_db": [-14.68, -13.83, -12.67, -11.96], "rho": [0.983, 0.979, 0.973, 0.968], "copy_last_db": [-4.46, -2.38, -1.54, -0.84], "lr": 0.00023520971200967334, "sec": 1898.1}
  ep14 step 500/10273 loss 0.0659 lr 2.35e-04 90s
  ep14 step 1000/10273 loss 0.0661 lr 2.34e-04 181s
  ep14 step 1500/10273 loss 0.0662 lr 2.34e-04 271s
  ep14 step 2000/10273 loss 0.0661 lr 2.33e-04 362s
  ep14 step 2500/10273 loss 0.0661 lr 2.33e-04 452s
  ep14 step 3000/10273 loss 0.0661 lr 2.32e-04 543s
  ep14 step 3500/10273 loss 0.0660 lr 2.32e-04 633s
  ep14 step 4000/10273 loss 0.0658 lr 2.31e-04 724s
  ep14 step 4500/10273 loss 0.0657 lr 2.31e-04 814s
  ep14 step 5000/10273 loss 0.0656 lr 2.30e-04 905s
  ep14 step 5500/10273 loss 0.0656 lr 2.30e-04 995s
  ep14 step 6000/10273 loss 0.0656 lr 2.29e-04 1086s
  ep14 step 6500/10273 loss 0.0655 lr 2.29e-04 1177s
  ep14 step 7000/10273 loss 0.0655 lr 2.28e-04 1267s
  ep14 step 7500/10273 loss 0.0655 lr 2.28e-04 1358s
  ep14 step 8000/10273 loss 0.0655 lr 2.27e-04 1448s
  ep14 step 8500/10273 loss 0.0655 lr 2.27e-04 1539s
  ep14 step 9000/10273 loss 0.0654 lr 2.26e-04 1629s
  ep14 step 9500/10273 loss 0.0654 lr 2.26e-04 1720s
  ep14 step 10000/10273 loss 0.0654 lr 2.25e-04 1810s
{"ep": 14, "loss": 0.06536, "val_pooled_db": [-10.72, -9.81, -8.84, -7.94], "val_median_db": [-13.83, -12.58, -11.24, -10.35], "val_align_db": [-14.72, -13.8, -12.68, -11.88], "rho": [0.983, 0.979, 0.973, 0.967], "copy_last_db": [-4.46, -2.38, -1.54, -0.84], "lr": 0.000225, "sec": 1894.8}
  ep15 step 500/10273 loss 0.0653 lr 2.24e-04 90s
  ep15 step 1000/10273 loss 0.0647 lr 2.24e-04 181s
  ep15 step 1500/10273 loss 0.0648 lr 2.23e-04 272s
  ep15 step 2000/10273 loss 0.0647 lr 2.23e-04 362s
  ep15 step 2500/10273 loss 0.0646 lr 2.22e-04 453s
  ep15 step 3000/10273 loss 0.0645 lr 2.22e-04 543s
  ep15 step 3500/10273 loss 0.0645 lr 2.21e-04 633s
  ep15 step 4000/10273 loss 0.0644 lr 2.21e-04 724s
  ep15 step 4500/10273 loss 0.0643 lr 2.20e-04 814s
  ep15 step 5000/10273 loss 0.0642 lr 2.20e-04 904s
  ep15 step 5500/10273 loss 0.0643 lr 2.19e-04 995s
  ep15 step 6000/10273 loss 0.0642 lr 2.19e-04 1085s
  ep15 step 6500/10273 loss 0.0642 lr 2.18e-04 1175s
  ep15 step 7000/10273 loss 0.0641 lr 2.18e-04 1265s
  ep15 step 7500/10273 loss 0.0641 lr 2.17e-04 1356s
  ep15 step 8000/10273 loss 0.0640 lr 2.17e-04 1446s
  ep15 step 8500/10273 loss 0.0640 lr 2.16e-04 1536s
  ep15 step 9000/10273 loss 0.0640 lr 2.16e-04 1627s
  ep15 step 9500/10273 loss 0.0640 lr 2.15e-04 1717s
  ep15 step 10000/10273 loss 0.0640 lr 2.15e-04 1808s
{"ep": 15, "loss": 0.06397, "val_pooled_db": [-10.77, -9.81, -8.84, -7.91], "val_median_db": [-13.92, -12.53, -11.21, -10.28], "val_align_db": [-14.78, -13.81, -12.63, -11.79], "rho": [0.983, 0.979, 0.972, 0.966], "copy_last_db": [-4.46, -2.38, -1.54, -0.84], "lr": 0.0002143038842104581, "sec": 1892.0}
  ep16 step 500/10273 loss 0.0626 lr 2.14e-04 90s
  ep16 step 1000/10273 loss 0.0626 lr 2.13e-04 181s
  ep16 step 1500/10273 loss 0.0626 lr 2.13e-04 271s
  ep16 step 2000/10273 loss 0.0626 lr 2.12e-04 361s
  ep16 step 2500/10273 loss 0.0628 lr 2.12e-04 451s
  ep16 step 3000/10273 loss 0.0628 lr 2.11e-04 541s
  ep16 step 3500/10273 loss 0.0628 lr 2.11e-04 632s
  ep16 step 4000/10273 loss 0.0629 lr 2.10e-04 722s
  ep16 step 4500/10273 loss 0.0629 lr 2.09e-04 813s
  ep16 step 5000/10273 loss 0.0628 lr 2.09e-04 903s
  ep16 step 5500/10273 loss 0.0629 lr 2.08e-04 993s
  ep16 step 6000/10273 loss 0.0629 lr 2.08e-04 1083s
  ep16 step 6500/10273 loss 0.0629 lr 2.07e-04 1174s
  ep16 step 7000/10273 loss 0.0629 lr 2.07e-04 1264s
  ep16 step 7500/10273 loss 0.0629 lr 2.06e-04 1354s
  ep16 step 8000/10273 loss 0.0629 lr 2.06e-04 1445s
  ep16 step 8500/10273 loss 0.0628 lr 2.05e-04 1535s
  ep16 step 9000/10273 loss 0.0628 lr 2.05e-04 1625s
  ep16 step 9500/10273 loss 0.0628 lr 2.04e-04 1716s
  ep16 step 10000/10273 loss 0.0628 lr 2.03e-04 1806s
{"ep": 16, "loss": 0.06278, "val_pooled_db": [-10.79, -9.86, -8.82, -7.88], "val_median_db": [-13.98, -12.62, -11.27, -10.37], "val_align_db": [-14.82, -13.86, -12.67, -11.9], "rho": [0.983, 0.979, 0.973, 0.967], "copy_last_db": [-4.46, -2.38, -1.54, -0.84], "lr": 0.0002031907330563803, "sec": 1890.4}
  ep17 step 500/10273 loss 0.0615 lr 2.03e-04 90s
  ep17 step 1000/10273 loss 0.0620 lr 2.02e-04 181s
  ep17 step 1500/10273 loss 0.0620 lr 2.02e-04 271s
  ep17 step 2000/10273 loss 0.0620 lr 2.01e-04 361s
  ep17 step 2500/10273 loss 0.0620 lr 2.00e-04 452s
  ep17 step 3000/10273 loss 0.0620 lr 2.00e-04 542s
  ep17 step 3500/10273 loss 0.0620 lr 1.99e-04 633s
  ep17 step 4000/10273 loss 0.0620 lr 1.99e-04 723s
  ep17 step 4500/10273 loss 0.0620 lr 1.98e-04 813s
  ep17 step 5000/10273 loss 0.0620 lr 1.98e-04 904s
  ep17 step 5500/10273 loss 0.0620 lr 1.97e-04 994s
  ep17 step 6000/10273 loss 0.0620 lr 1.97e-04 1084s
  ep17 step 6500/10273 loss 0.0619 lr 1.96e-04 1174s
  ep17 step 7000/10273 loss 0.0619 lr 1.95e-04 1264s
  ep17 step 7500/10273 loss 0.0619 lr 1.95e-04 1355s
  ep17 step 8000/10273 loss 0.0619 lr 1.94e-04 1445s
  ep17 step 8500/10273 loss 0.0618 lr 1.94e-04 1535s
  ep17 step 9000/10273 loss 0.0618 lr 1.93e-04 1626s
  ep17 step 9500/10273 loss 0.0618 lr 1.93e-04 1716s
  ep17 step 10000/10273 loss 0.0618 lr 1.92e-04 1806s
{"ep": 17, "loss": 0.06178, "val_pooled_db": [-10.75, -9.82, -8.78, -7.87], "val_median_db": [-13.92, -12.58, -11.18, -10.36], "val_align_db": [-14.78, -13.76, -12.58, -11.8], "rho": [0.983, 0.979, 0.972, 0.966], "copy_last_db": [-4.46, -2.38, -1.54, -0.84], "lr": 0.0001917326195874679, "sec": 1890.8}
  ep18 step 500/10273 loss 0.0607 lr 1.91e-04 90s
  ep18 step 1000/10273 loss 0.0611 lr 1.91e-04 181s
  ep18 step 1500/10273 loss 0.0610 lr 1.90e-04 271s
  ep18 step 2000/10273 loss 0.0610 lr 1.89e-04 362s
  ep18 step 2500/10273 loss 0.0611 lr 1.89e-04 452s
  ep18 step 3000/10273 loss 0.0612 lr 1.88e-04 542s
  ep18 step 3500/10273 loss 0.0611 lr 1.88e-04 633s
  ep18 step 4000/10273 loss 0.0612 lr 1.87e-04 723s
  ep18 step 4500/10273 loss 0.0611 lr 1.87e-04 813s
  ep18 step 5000/10273 loss 0.0611 lr 1.86e-04 904s
  ep18 step 5500/10273 loss 0.0611 lr 1.85e-04 994s
  ep18 step 6000/10273 loss 0.0611 lr 1.85e-04 1084s
  ep18 step 6500/10273 loss 0.0610 lr 1.84e-04 1175s
  ep18 step 7000/10273 loss 0.0610 lr 1.84e-04 1265s
  ep18 step 7500/10273 loss 0.0609 lr 1.83e-04 1355s
  ep18 step 8000/10273 loss 0.0609 lr 1.83e-04 1445s
  ep18 step 8500/10273 loss 0.0609 lr 1.82e-04 1536s
  ep18 step 9000/10273 loss 0.0609 lr 1.81e-04 1626s
  ep18 step 9500/10273 loss 0.0608 lr 1.81e-04 1717s
  ep18 step 10000/10273 loss 0.0608 lr 1.80e-04 1807s
{"ep": 18, "loss": 0.06084, "val_pooled_db": [-10.79, -9.82, -8.81, -7.83], "val_median_db": [-13.94, -12.58, -11.23, -10.21], "val_align_db": [-14.81, -13.8, -12.64, -11.9], "rho": [0.983, 0.979, 0.972, 0.967], "copy_last_db": [-4.46, -2.38, -1.54, -0.84], "lr": 0.00018000385406640666, "sec": 1891.0}
  ep19 step 500/10273 loss 0.0603 lr 1.79e-04 90s
  ep19 step 1000/10273 loss 0.0603 lr 1.79e-04 180s
  ep19 step 1500/10273 loss 0.0603 lr 1.78e-04 271s
  ep19 step 2000/10273 loss 0.0603 lr 1.78e-04 361s
  ep19 step 2500/10273 loss 0.0603 lr 1.77e-04 451s
  ep19 step 3000/10273 loss 0.0602 lr 1.77e-04 541s
  ep19 step 3500/10273 loss 0.0601 lr 1.76e-04 631s
  ep19 step 4000/10273 loss 0.0602 lr 1.75e-04 721s
  ep19 step 4500/10273 loss 0.0602 lr 1.75e-04 811s
  ep19 step 5000/10273 loss 0.0601 lr 1.74e-04 901s
  ep19 step 5500/10273 loss 0.0601 lr 1.74e-04 992s
  ep19 step 6000/10273 loss 0.0601 lr 1.73e-04 1084s
  ep19 step 6500/10273 loss 0.0601 lr 1.72e-04 1178s
  ep19 step 7000/10273 loss 0.0601 lr 1.72e-04 1279s
  ep19 step 7500/10273 loss 0.0601 lr 1.71e-04 1380s
  ep19 step 8000/10273 loss 0.0600 lr 1.71e-04 1481s
  ep19 step 8500/10273 loss 0.0600 lr 1.70e-04 1580s
  ep19 step 9000/10273 loss 0.0600 lr 1.70e-04 1674s
  ep19 step 9500/10273 loss 0.0600 lr 1.69e-04 1768s
  ep19 step 10000/10273 loss 0.0600 lr 1.68e-04 1861s
{"ep": 19, "loss": 0.05998, "val_pooled_db": [-10.78, -9.86, -8.82, -7.87], "val_median_db": [-13.94, -12.54, -11.14, -10.18], "val_align_db": [-14.83, -13.81, -12.56, -11.84], "rho": [0.983, 0.979, 0.972, 0.967], "copy_last_db": [-4.46, -2.38, -1.54, -0.84], "lr": 0.00016808050203829842, "sec": 1950.7}
  ep20 step 500/10273 loss 0.0598 lr 1.67e-04 93s
  ep20 step 1000/10273 loss 0.0597 lr 1.67e-04 186s
  ep20 step 1500/10273 loss 0.0594 lr 1.66e-04 278s
  ep20 step 2000/10273 loss 0.0593 lr 1.66e-04 371s
  ep20 step 2500/10273 loss 0.0593 lr 1.65e-04 464s
  ep20 step 3000/10273 loss 0.0592 lr 1.65e-04 557s
  ep20 step 3500/10273 loss 0.0592 lr 1.64e-04 651s
  ep20 step 4000/10273 loss 0.0592 lr 1.63e-04 744s
  ep20 step 4500/10273 loss 0.0592 lr 1.63e-04 837s
  ep20 step 5000/10273 loss 0.0592 lr 1.62e-04 930s
  ep20 step 5500/10273 loss 0.0592 lr 1.62e-04 1024s
  ep20 step 6000/10273 loss 0.0592 lr 1.61e-04 1117s
  ep20 step 6500/10273 loss 0.0592 lr 1.60e-04 1211s
  ep20 step 7000/10273 loss 0.0592 lr 1.60e-04 1304s
  ep20 step 7500/10273 loss 0.0592 lr 1.59e-04 1398s
  ep20 step 8000/10273 loss 0.0592 lr 1.59e-04 1492s
  ep20 step 8500/10273 loss 0.0592 lr 1.58e-04 1587s
  ep20 step 9000/10273 loss 0.0592 lr 1.58e-04 1680s
  ep20 step 9500/10273 loss 0.0592 lr 1.57e-04 1774s
  ep20 step 10000/10273 loss 0.0592 lr 1.56e-04 1869s
{"ep": 20, "loss": 0.05919, "val_pooled_db": [-10.78, -9.85, -8.81, -7.83], "val_median_db": [-13.99, -12.61, -11.2, -10.24], "val_align_db": [-14.83, -13.88, -12.63, -11.9], "rho": [0.983, 0.979, 0.972, 0.967], "copy_last_db": [-4.46, -2.38, -1.54, -0.84], "lr": 0.00015603989101641228, "sec": 1961.0}
  ep21 step 500/10273 loss 0.0583 lr 1.55e-04 96s
  ep21 step 1000/10273 loss 0.0584 lr 1.55e-04 192s
  ep21 step 1500/10273 loss 0.0583 lr 1.54e-04 288s
  ep21 step 2000/10273 loss 0.0583 lr 1.54e-04 385s
  ep21 step 2500/10273 loss 0.0584 lr 1.53e-04 481s
  ep21 step 3000/10273 loss 0.0584 lr 1.53e-04 577s
  ep21 step 3500/10273 loss 0.0585 lr 1.52e-04 674s
  ep21 step 4000/10273 loss 0.0585 lr 1.51e-04 771s
  ep21 step 4500/10273 loss 0.0585 lr 1.51e-04 872s
  ep21 step 5000/10273 loss 0.0586 lr 1.50e-04 974s
  ep21 step 5500/10273 loss 0.0586 lr 1.50e-04 1074s
  ep21 step 6000/10273 loss 0.0586 lr 1.49e-04 1175s
  ep21 step 6500/10273 loss 0.0586 lr 1.48e-04 1276s
  ep21 step 7000/10273 loss 0.0586 lr 1.48e-04 1371s
  ep21 step 7500/10273 loss 0.0586 lr 1.47e-04 1466s
  ep21 step 8000/10273 loss 0.0586 lr 1.47e-04 1561s
  ep21 step 8500/10273 loss 0.0586 lr 1.46e-04 1655s
  ep21 step 9000/10273 loss 0.0585 lr 1.45e-04 1750s
  ep21 step 9500/10273 loss 0.0585 lr 1.45e-04 1845s
  ep21 step 10000/10273 loss 0.0585 lr 1.44e-04 1939s
{"ep": 21, "loss": 0.0585, "val_pooled_db": [-10.81, -9.86, -8.81, -7.84], "val_median_db": [-14.02, -12.63, -11.23, -10.18], "val_align_db": [-14.82, -13.88, -12.64, -11.87], "rho": [0.983, 0.979, 0.972, 0.967], "copy_last_db": [-4.46, -2.38, -1.54, -0.84], "lr": 0.00014396010898358775, "sec": 2029.8}
early stopping at ep 21 (best ep 16, -9.34 dB)
DONE best_ep 16 val_mean_pooled_db -9.34
