[mm] sensors ['pos'] pos_source gps window_bytes {'pos': 640} coverage {"pos": {"source": "gps", "nan_rows": 0, "missing_yaml": 0, "examples": [], "n": 53800}}
[mm_pos_gps_bc] frames 53800 Nr 16 Nt 64 Ksc 64 | split B1: train windows 43121 (x16 = 689936), val windows 2439 (x16 = 39024) | load 0s
model mm:chiron params 19.23M | args {"model": "mm:chiron", "run_id": "mm_pos_gps_bc", "setting": "Nt_1_64_Nr_1_16_fc_28GHz", "Ksc": 64, "K_hist": 16, "H_pred": 4, "split": "B1", "seed": 42, "epochs": 40, "patience": 5, "lr": 0.0003, "wd": 0.0001, "batch": 64, "clip": 1.0, "warmup_epochs": 1.0, "D": 512, "L": 6, "heads": 8, "dropout": 0.1, "no_pos_emb": false, "residual": false, "c_hid": 128, "c_enc": 32, "norm": "rms", "patch_h": 4, "patch_w": 16, "lwm11_init": "pretrained", "lwm11_freeze": "none", "in_scale": 1.0, "t_layers": 2, "device": "cuda:0", "workers": 0, "max_train_windows": 0, "eval_every": 1, "out_root": "/mnt/ssd_7t_2/carla-wireless-dataset/mmw_reproduction/outputs_cp", "sensors": "pos", "pos_source": "gps", "pos_mode": "broadcast", "fuse_layers": 3, "causal_mask": false, "sensor_cache_root": "", "backbone_init": ""}
[mm] param_groups {"backbone_no_head": 9178368, "head": 9978368, "fusion": 0, "embeddings": 5120, "enc_pos": 68608, "sensor_encoders": 68608, "total": 19230464}
  ep1 step 500/10781 loss 1.1703 lr 1.39e-05 69s
  ep1 step 1000/10781 loss 1.0942 lr 2.79e-05 138s
  ep1 step 1500/10781 loss 1.0635 lr 4.18e-05 206s
  ep1 step 2000/10781 loss 1.0451 lr 5.57e-05 275s
  ep1 step 2500/10781 loss 1.0330 lr 6.96e-05 402s
  ep1 step 3000/10781 loss 1.0240 lr 8.35e-05 534s
  ep1 step 3500/10781 loss 1.0166 lr 9.74e-05 668s
  ep1 step 4000/10781 loss 1.0100 lr 1.11e-04 800s
  ep1 step 4500/10781 loss 1.0035 lr 1.25e-04 869s
  ep1 step 5000/10781 loss 0.9970 lr 1.39e-04 937s
  ep1 step 5500/10781 loss 0.9892 lr 1.53e-04 1005s
  ep1 step 6000/10781 loss 0.9805 lr 1.67e-04 1074s
  ep1 step 6500/10781 loss 0.9703 lr 1.81e-04 1142s
  ep1 step 7000/10781 loss 0.9575 lr 1.95e-04 1211s
  ep1 step 7500/10781 loss 0.9421 lr 2.09e-04 1279s
  ep1 step 8000/10781 loss 0.9227 lr 2.23e-04 1347s
  ep1 step 8500/10781 loss 0.8981 lr 2.37e-04 1416s
  ep1 step 9000/10781 loss 0.8718 lr 2.50e-04 1484s
  ep1 step 9500/10781 loss 0.8438 lr 2.64e-04 1553s
  ep1 step 10000/10781 loss 0.8162 lr 2.78e-04 1621s
  ep1 step 10500/10781 loss 0.7904 lr 2.92e-04 1690s
{"ep": 1, "loss": 0.77655, "val_pooled_db": [-7.94, -7.37, -6.86, -6.35], "val_median_db": [-10.04, -9.69, -8.77, -8.25], "val_align_db": [-11.24, -11.07, -10.48, -10.14], "rho": [0.962, 0.96, 0.954, 0.95], "copy_last_db": [-4.45, -1.94, -1.6, -1.16], "lr": 0.0003, "sec": 1753.8}
  ep2 step 500/10781 loss 0.2342 lr 3.00e-04 68s
  ep2 step 1000/10781 loss 0.2319 lr 3.00e-04 136s
  ep2 step 1500/10781 loss 0.2235 lr 3.00e-04 204s
  ep2 step 2000/10781 loss 0.2239 lr 3.00e-04 272s
  ep2 step 2500/10781 loss 0.2181 lr 3.00e-04 340s
  ep2 step 3000/10781 loss 0.2132 lr 3.00e-04 408s
  ep2 step 3500/10781 loss 0.2101 lr 3.00e-04 476s
  ep2 step 4000/10781 loss 0.2064 lr 3.00e-04 544s
  ep2 step 4500/10781 loss 0.2028 lr 3.00e-04 612s
  ep2 step 5000/10781 loss 0.1998 lr 3.00e-04 680s
  ep2 step 5500/10781 loss 0.1974 lr 3.00e-04 748s
  ep2 step 6000/10781 loss 0.1948 lr 3.00e-04 817s
  ep2 step 6500/10781 loss 0.1924 lr 3.00e-04 885s
  ep2 step 7000/10781 loss 0.1904 lr 3.00e-04 953s
  ep2 step 7500/10781 loss 0.1883 lr 3.00e-04 1021s
  ep2 step 8000/10781 loss 0.1870 lr 3.00e-04 1089s
  ep2 step 8500/10781 loss 0.1854 lr 3.00e-04 1157s
  ep2 step 9000/10781 loss 0.1840 lr 3.00e-04 1225s
  ep2 step 9500/10781 loss 0.1823 lr 3.00e-04 1293s
  ep2 step 10000/10781 loss 0.1808 lr 3.00e-04 1362s
  ep2 step 10500/10781 loss 0.1792 lr 3.00e-04 1430s
{"ep": 2, "loss": 0.17847, "val_pooled_db": [-10.38, -9.62, -8.92, -8.22], "val_median_db": [-13.64, -13.11, -12.08, -11.34], "val_align_db": [-15.12, -14.7, -13.85, -13.31], "rho": [0.984, 0.983, 0.979, 0.976], "copy_last_db": [-4.45, -1.94, -1.6, -1.16], "lr": 0.0002995135962201315, "sec": 1492.9}
  ep3 step 500/10781 loss 0.1471 lr 2.99e-04 68s
  ep3 step 1000/10781 loss 0.1481 lr 2.99e-04 136s
  ep3 step 1500/10781 loss 0.1470 lr 2.99e-04 204s
  ep3 step 2000/10781 loss 0.1446 lr 2.99e-04 272s
  ep3 step 2500/10781 loss 0.1435 lr 2.99e-04 340s
  ep3 step 3000/10781 loss 0.1429 lr 2.99e-04 408s
  ep3 step 3500/10781 loss 0.1426 lr 2.99e-04 476s
  ep3 step 4000/10781 loss 0.1421 lr 2.99e-04 544s
  ep3 step 4500/10781 loss 0.1418 lr 2.99e-04 612s
  ep3 step 5000/10781 loss 0.1410 lr 2.99e-04 680s
  ep3 step 5500/10781 loss 0.1405 lr 2.99e-04 748s
  ep3 step 6000/10781 loss 0.1401 lr 2.99e-04 816s
  ep3 step 6500/10781 loss 0.1393 lr 2.99e-04 884s
  ep3 step 7000/10781 loss 0.1388 lr 2.99e-04 952s
  ep3 step 7500/10781 loss 0.1382 lr 2.99e-04 1020s
  ep3 step 8000/10781 loss 0.1379 lr 2.99e-04 1089s
  ep3 step 8500/10781 loss 0.1373 lr 2.98e-04 1157s
  ep3 step 9000/10781 loss 0.1371 lr 2.98e-04 1225s
  ep3 step 9500/10781 loss 0.1368 lr 2.98e-04 1293s
  ep3 step 10000/10781 loss 0.1363 lr 2.98e-04 1361s
  ep3 step 10500/10781 loss 0.1357 lr 2.98e-04 1429s
{"ep": 3, "loss": 0.13542, "val_pooled_db": [-10.69, -9.68, -8.98, -8.38], "val_median_db": [-14.18, -13.35, -12.51, -11.83], "val_align_db": [-15.76, -15.18, -14.41, -13.87], "rho": [0.987, 0.985, 0.982, 0.979], "copy_last_db": [-4.45, -1.94, -1.6, -1.16], "lr": 0.00029805753939568687, "sec": 1492.5}
  ep4 step 500/10781 loss 0.1202 lr 2.98e-04 68s
  ep4 step 1000/10781 loss 0.1203 lr 2.98e-04 136s
  ep4 step 1500/10781 loss 0.1213 lr 2.98e-04 204s
  ep4 step 2000/10781 loss 0.1221 lr 2.98e-04 272s
  ep4 step 2500/10781 loss 0.1219 lr 2.98e-04 340s
  ep4 step 3000/10781 loss 0.1213 lr 2.97e-04 408s
  ep4 step 3500/10781 loss 0.1210 lr 2.97e-04 476s
  ep4 step 4000/10781 loss 0.1208 lr 2.97e-04 544s
  ep4 step 4500/10781 loss 0.1209 lr 2.97e-04 612s
  ep4 step 5000/10781 loss 0.1207 lr 2.97e-04 680s
  ep4 step 5500/10781 loss 0.1203 lr 2.97e-04 748s
  ep4 step 6000/10781 loss 0.1199 lr 2.97e-04 817s
  ep4 step 6500/10781 loss 0.1196 lr 2.97e-04 885s
  ep4 step 7000/10781 loss 0.1192 lr 2.97e-04 953s
  ep4 step 7500/10781 loss 0.1191 lr 2.96e-04 1021s
  ep4 step 8000/10781 loss 0.1188 lr 2.96e-04 1089s
  ep4 step 8500/10781 loss 0.1185 lr 2.96e-04 1157s
  ep4 step 9000/10781 loss 0.1182 lr 2.96e-04 1225s
  ep4 step 9500/10781 loss 0.1180 lr 2.96e-04 1293s
  ep4 step 10000/10781 loss 0.1176 lr 2.96e-04 1361s
  ep4 step 10500/10781 loss 0.1175 lr 2.96e-04 1429s
{"ep": 4, "loss": 0.11743, "val_pooled_db": [-10.75, -9.69, -9.02, -8.27], "val_median_db": [-14.33, -13.56, -12.67, -11.94], "val_align_db": [-16.15, -15.51, -14.65, -14.07], "rho": [0.988, 0.986, 0.983, 0.98], "copy_last_db": [-4.45, -1.94, -1.6, -1.16], "lr": 0.00029564127261390776, "sec": 1492.4}
  ep5 step 500/10781 loss 0.1089 lr 2.96e-04 68s
  ep5 step 1000/10781 loss 0.1099 lr 2.95e-04 136s
  ep5 step 1500/10781 loss 0.1096 lr 2.95e-04 204s
  ep5 step 2000/10781 loss 0.1095 lr 2.95e-04 272s
  ep5 step 2500/10781 loss 0.1096 lr 2.95e-04 340s
  ep5 step 3000/10781 loss 0.1093 lr 2.95e-04 408s
  ep5 step 3500/10781 loss 0.1090 lr 2.95e-04 477s
  ep5 step 4000/10781 loss 0.1086 lr 2.95e-04 545s
  ep5 step 4500/10781 loss 0.1085 lr 2.94e-04 613s
  ep5 step 5000/10781 loss 0.1083 lr 2.94e-04 681s
  ep5 step 5500/10781 loss 0.1080 lr 2.94e-04 749s
  ep5 step 6000/10781 loss 0.1077 lr 2.94e-04 817s
  ep5 step 6500/10781 loss 0.1075 lr 2.94e-04 885s
  ep5 step 7000/10781 loss 0.1075 lr 2.94e-04 953s
  ep5 step 7500/10781 loss 0.1073 lr 2.93e-04 1021s
  ep5 step 8000/10781 loss 0.1071 lr 2.93e-04 1089s
  ep5 step 8500/10781 loss 0.1070 lr 2.93e-04 1158s
  ep5 step 9000/10781 loss 0.1068 lr 2.93e-04 1226s
  ep5 step 9500/10781 loss 0.1066 lr 2.93e-04 1294s
  ep5 step 10000/10781 loss 0.1065 lr 2.93e-04 1362s
  ep5 step 10500/10781 loss 0.1063 lr 2.92e-04 1430s
{"ep": 5, "loss": 0.1063, "val_pooled_db": [-10.72, -9.76, -9.02, -8.27], "val_median_db": [-14.21, -13.56, -12.79, -12.0], "val_align_db": [-15.83, -15.28, -14.52, -13.83], "rho": [0.987, 0.985, 0.982, 0.979], "copy_last_db": [-4.45, -1.94, -1.6, -1.16], "lr": 0.00029228046629207175, "sec": 1494.0}
  ep6 step 500/10781 loss 0.1116 lr 2.92e-04 68s
  ep6 step 1000/10781 loss 0.1065 lr 2.92e-04 136s
  ep6 step 1500/10781 loss 0.1041 lr 2.92e-04 204s
  ep6 step 2000/10781 loss 0.1029 lr 2.92e-04 273s
  ep6 step 2500/10781 loss 0.1029 lr 2.91e-04 341s
  ep6 step 3000/10781 loss 0.1024 lr 2.91e-04 409s
  ep6 step 3500/10781 loss 0.1020 lr 2.91e-04 477s
  ep6 step 4000/10781 loss 0.1016 lr 2.91e-04 545s
  ep6 step 4500/10781 loss 0.1014 lr 2.91e-04 613s
  ep6 step 5000/10781 loss 0.1011 lr 2.90e-04 681s
  ep6 step 5500/10781 loss 0.1010 lr 2.90e-04 749s
  ep6 step 6000/10781 loss 0.1009 lr 2.90e-04 818s
  ep6 step 6500/10781 loss 0.1008 lr 2.90e-04 886s
  ep6 step 7000/10781 loss 0.1005 lr 2.90e-04 954s
  ep6 step 7500/10781 loss 0.1006 lr 2.89e-04 1022s
  ep6 step 8000/10781 loss 0.1004 lr 2.89e-04 1090s
  ep6 step 8500/10781 loss 0.1004 lr 2.89e-04 1158s
  ep6 step 9000/10781 loss 0.1002 lr 2.89e-04 1226s
  ep6 step 9500/10781 loss 0.1003 lr 2.89e-04 1294s
  ep6 step 10000/10781 loss 0.1001 lr 2.88e-04 1362s
  ep6 step 10500/10781 loss 0.1000 lr 2.88e-04 1430s
{"ep": 6, "loss": 0.09991, "val_pooled_db": [-11.08, -10.01, -9.23, -8.42], "val_median_db": [-14.85, -14.07, -13.31, -12.61], "val_align_db": [-16.7, -15.99, -15.28, -14.57], "rho": [0.989, 0.987, 0.985, 0.982], "copy_last_db": [-4.45, -1.94, -1.6, -1.16], "lr": 0.0002879969165488236, "sec": 1493.1}
  ep7 step 500/10781 loss 0.0963 lr 2.88e-04 68s
  ep7 step 1000/10781 loss 0.0952 lr 2.88e-04 136s
  ep7 step 1500/10781 loss 0.0954 lr 2.87e-04 204s
  ep7 step 2000/10781 loss 0.0952 lr 2.87e-04 272s
  ep7 step 2500/10781 loss 0.0954 lr 2.87e-04 340s
  ep7 step 3000/10781 loss 0.0952 lr 2.87e-04 408s
  ep7 step 3500/10781 loss 0.0952 lr 2.86e-04 476s
  ep7 step 4000/10781 loss 0.0951 lr 2.86e-04 544s
  ep7 step 4500/10781 loss 0.0949 lr 2.86e-04 612s
  ep7 step 5000/10781 loss 0.0948 lr 2.86e-04 680s
  ep7 step 5500/10781 loss 0.0948 lr 2.85e-04 748s
  ep7 step 6000/10781 loss 0.0946 lr 2.85e-04 816s
  ep7 step 6500/10781 loss 0.0946 lr 2.85e-04 884s
  ep7 step 7000/10781 loss 0.0946 lr 2.85e-04 952s
  ep7 step 7500/10781 loss 0.0944 lr 2.84e-04 1020s
  ep7 step 8000/10781 loss 0.0944 lr 2.84e-04 1088s
  ep7 step 8500/10781 loss 0.0943 lr 2.84e-04 1156s
  ep7 step 9000/10781 loss 0.0942 lr 2.84e-04 1224s
  ep7 step 9500/10781 loss 0.0942 lr 2.83e-04 1292s
  ep7 step 10000/10781 loss 0.0941 lr 2.83e-04 1360s
  ep7 step 10500/10781 loss 0.0940 lr 2.83e-04 1428s
{"ep": 7, "loss": 0.09395, "val_pooled_db": [-11.04, -9.99, -9.17, -8.38], "val_median_db": [-14.99, -14.08, -13.32, -12.62], "val_align_db": [-16.69, -16.02, -15.21, -14.59], "rho": [0.989, 0.987, 0.985, 0.982], "copy_last_db": [-4.45, -1.94, -1.6, -1.16], "lr": 0.0002828184038479814, "sec": 1491.0}
  ep8 step 500/10781 loss 0.0917 lr 2.83e-04 68s
  ep8 step 1000/10781 loss 0.0908 lr 2.82e-04 136s
  ep8 step 1500/10781 loss 0.0905 lr 2.82e-04 204s
  ep8 step 2000/10781 loss 0.0907 lr 2.82e-04 272s
  ep8 step 2500/10781 loss 0.0905 lr 2.81e-04 340s
  ep8 step 3000/10781 loss 0.0904 lr 2.81e-04 408s
  ep8 step 3500/10781 loss 0.0904 lr 2.81e-04 476s
  ep8 step 4000/10781 loss 0.0903 lr 2.81e-04 544s
  ep8 step 4500/10781 loss 0.0902 lr 2.80e-04 613s
  ep8 step 5000/10781 loss 0.0902 lr 2.80e-04 681s
  ep8 step 5500/10781 loss 0.0902 lr 2.80e-04 749s
  ep8 step 6000/10781 loss 0.0901 lr 2.80e-04 817s
  ep8 step 6500/10781 loss 0.0901 lr 2.79e-04 885s
  ep8 step 7000/10781 loss 0.0900 lr 2.79e-04 953s
  ep8 step 7500/10781 loss 0.0900 lr 2.79e-04 1021s
  ep8 step 8000/10781 loss 0.0900 lr 2.78e-04 1089s
  ep8 step 8500/10781 loss 0.0899 lr 2.78e-04 1158s
  ep8 step 9000/10781 loss 0.0899 lr 2.78e-04 1226s
  ep8 step 9500/10781 loss 0.0898 lr 2.78e-04 1294s
  ep8 step 10000/10781 loss 0.0898 lr 2.77e-04 1362s
  ep8 step 10500/10781 loss 0.0898 lr 2.77e-04 1430s
{"ep": 8, "loss": 0.08973, "val_pooled_db": [-11.14, -10.07, -9.24, -8.46], "val_median_db": [-15.23, -14.33, -13.52, -12.78], "val_align_db": [-16.82, -16.13, -15.34, -14.64], "rho": [0.99, 0.988, 0.985, 0.983], "copy_last_db": [-4.45, -1.94, -1.6, -1.16], "lr": 0.0002767785128315692, "sec": 1493.4}
  ep9 step 500/10781 loss 0.0867 lr 2.76e-04 68s
  ep9 step 1000/10781 loss 0.0870 lr 2.76e-04 136s
  ep9 step 1500/10781 loss 0.0871 lr 2.76e-04 204s
  ep9 step 2000/10781 loss 0.0871 lr 2.76e-04 272s
  ep9 step 2500/10781 loss 0.0870 lr 2.75e-04 340s
  ep9 step 3000/10781 loss 0.0871 lr 2.75e-04 408s
  ep9 step 3500/10781 loss 0.0871 lr 2.75e-04 476s
  ep9 step 4000/10781 loss 0.0870 lr 2.74e-04 544s
  ep9 step 4500/10781 loss 0.0870 lr 2.74e-04 612s
  ep9 step 5000/10781 loss 0.0869 lr 2.74e-04 680s
  ep9 step 5500/10781 loss 0.0868 lr 2.73e-04 748s
  ep9 step 6000/10781 loss 0.0868 lr 2.73e-04 816s
  ep9 step 6500/10781 loss 0.0868 lr 2.73e-04 885s
  ep9 step 7000/10781 loss 0.0867 lr 2.72e-04 953s
  ep9 step 7500/10781 loss 0.0867 lr 2.72e-04 1021s
  ep9 step 8000/10781 loss 0.0867 lr 2.72e-04 1089s
  ep9 step 8500/10781 loss 0.0869 lr 2.71e-04 1157s
  ep9 step 9000/10781 loss 0.0869 lr 2.71e-04 1225s
  ep9 step 9500/10781 loss 0.0869 lr 2.71e-04 1293s
  ep9 step 10000/10781 loss 0.0868 lr 2.70e-04 1361s
  ep9 step 10500/10781 loss 0.0867 lr 2.70e-04 1429s
{"ep": 9, "loss": 0.08667, "val_pooled_db": [-11.06, -10.02, -9.16, -8.45], "val_median_db": [-15.53, -14.48, -13.42, -12.73], "val_align_db": [-17.08, -16.29, -15.41, -14.66], "rho": [0.99, 0.988, 0.985, 0.983], "copy_last_db": [-4.45, -1.94, -1.6, -1.16], "lr": 0.00026991641451052517, "sec": 1492.5}
  ep10 step 500/10781 loss 0.0848 lr 2.70e-04 68s
  ep10 step 1000/10781 loss 0.0846 lr 2.69e-04 136s
  ep10 step 1500/10781 loss 0.0844 lr 2.69e-04 204s
  ep10 step 2000/10781 loss 0.0841 lr 2.69e-04 272s
  ep10 step 2500/10781 loss 0.0842 lr 2.68e-04 341s
  ep10 step 3000/10781 loss 0.0841 lr 2.68e-04 409s
  ep10 step 3500/10781 loss 0.0842 lr 2.68e-04 477s
  ep10 step 4000/10781 loss 0.0842 lr 2.67e-04 545s
  ep10 step 4500/10781 loss 0.0841 lr 2.67e-04 613s
  ep10 step 5000/10781 loss 0.0841 lr 2.66e-04 681s
  ep10 step 5500/10781 loss 0.0841 lr 2.66e-04 749s
  ep10 step 6000/10781 loss 0.0841 lr 2.66e-04 817s
  ep10 step 6500/10781 loss 0.0841 lr 2.65e-04 885s
  ep10 step 7000/10781 loss 0.0841 lr 2.65e-04 953s
  ep10 step 7500/10781 loss 0.0840 lr 2.65e-04 1021s
  ep10 step 8000/10781 loss 0.0840 lr 2.64e-04 1089s
  ep10 step 8500/10781 loss 0.0839 lr 2.64e-04 1158s
  ep10 step 9000/10781 loss 0.0838 lr 2.64e-04 1226s
  ep10 step 9500/10781 loss 0.0838 lr 2.63e-04 1294s
  ep10 step 10000/10781 loss 0.0837 lr 2.63e-04 1362s
  ep10 step 10500/10781 loss 0.0837 lr 2.62e-04 1430s
{"ep": 10, "loss": 0.08362, "val_pooled_db": [-11.11, -10.02, -9.2, -8.44], "val_median_db": [-15.68, -14.69, -13.69, -12.89], "val_align_db": [-17.3, -16.52, -15.67, -14.98], "rho": [0.991, 0.989, 0.986, 0.984], "copy_last_db": [-4.45, -1.94, -1.6, -1.16], "lr": 0.00026227661222566516, "sec": 1493.9}
  ep11 step 500/10781 loss 0.0822 lr 2.62e-04 68s
  ep11 step 1000/10781 loss 0.0817 lr 2.62e-04 136s
  ep11 step 1500/10781 loss 0.0817 lr 2.61e-04 204s
  ep11 step 2000/10781 loss 0.0819 lr 2.61e-04 272s
  ep11 step 2500/10781 loss 0.0818 lr 2.60e-04 340s
  ep11 step 3000/10781 loss 0.0817 lr 2.60e-04 408s
  ep11 step 3500/10781 loss 0.0817 lr 2.60e-04 476s
  ep11 step 4000/10781 loss 0.0817 lr 2.59e-04 544s
  ep11 step 4500/10781 loss 0.0817 lr 2.59e-04 612s
  ep11 step 5000/10781 loss 0.0816 lr 2.58e-04 680s
  ep11 step 5500/10781 loss 0.0815 lr 2.58e-04 748s
  ep11 step 6000/10781 loss 0.0814 lr 2.58e-04 816s
  ep11 step 6500/10781 loss 0.0814 lr 2.57e-04 884s
  ep11 step 7000/10781 loss 0.0814 lr 2.57e-04 952s
  ep11 step 7500/10781 loss 0.0814 lr 2.57e-04 1020s
  ep11 step 8000/10781 loss 0.0814 lr 2.56e-04 1088s
  ep11 step 8500/10781 loss 0.0813 lr 2.56e-04 1157s
  ep11 step 9000/10781 loss 0.0813 lr 2.55e-04 1229s
  ep11 step 9500/10781 loss 0.0812 lr 2.55e-04 1301s
  ep11 step 10000/10781 loss 0.0812 lr 2.55e-04 1372s
  ep11 step 10500/10781 loss 0.0812 lr 2.54e-04 1500s
{"ep": 11, "loss": 0.08111, "val_pooled_db": [-10.97, -9.86, -9.09, -8.35], "val_median_db": [-15.52, -14.53, -13.68, -12.9], "val_align_db": [-17.21, -16.45, -15.66, -14.93], "rho": [0.99, 0.989, 0.986, 0.984], "copy_last_db": [-4.45, -1.94, -1.6, -1.16], "lr": 0.0002539086530264399, "sec": 1644.2}
  ep12 step 500/10781 loss 0.0793 lr 2.54e-04 140s
  ep12 step 1000/10781 loss 0.0794 lr 2.53e-04 280s
  ep12 step 1500/10781 loss 0.0794 lr 2.53e-04 356s
  ep12 step 2000/10781 loss 0.0793 lr 2.52e-04 427s
  ep12 step 2500/10781 loss 0.0792 lr 2.52e-04 500s
  ep12 step 3000/10781 loss 0.0791 lr 2.51e-04 572s
  ep12 step 3500/10781 loss 0.0790 lr 2.51e-04 651s
  ep12 step 4000/10781 loss 0.0792 lr 2.51e-04 757s
  ep12 step 4500/10781 loss 0.0792 lr 2.50e-04 863s
  ep12 step 5000/10781 loss 0.0793 lr 2.50e-04 969s
  ep12 step 5500/10781 loss 0.0792 lr 2.49e-04 1072s
  ep12 step 6000/10781 loss 0.0791 lr 2.49e-04 1179s
  ep12 step 6500/10781 loss 0.0791 lr 2.49e-04 1282s
  ep12 step 7000/10781 loss 0.0791 lr 2.48e-04 1387s
  ep12 step 7500/10781 loss 0.0790 lr 2.48e-04 1484s
  ep12 step 8000/10781 loss 0.0790 lr 2.47e-04 1573s
  ep12 step 8500/10781 loss 0.0790 lr 2.47e-04 1643s
  ep12 step 9000/10781 loss 0.0790 lr 2.46e-04 1715s
  ep12 step 9500/10781 loss 0.0789 lr 2.46e-04 1787s
  ep12 step 10000/10781 loss 0.0789 lr 2.46e-04 1859s
  ep12 step 10500/10781 loss 0.0788 lr 2.45e-04 1930s
{"ep": 12, "loss": 0.07882, "val_pooled_db": [-11.09, -10.02, -9.24, -8.41], "val_median_db": [-15.82, -14.88, -13.86, -12.96], "val_align_db": [-17.24, -16.51, -15.68, -14.87], "rho": [0.991, 0.989, 0.986, 0.984], "copy_last_db": [-4.45, -1.94, -1.6, -1.16], "lr": 0.0002448668063393066, "sec": 2000.3}
  ep13 step 500/10781 loss 0.0773 lr 2.44e-04 71s
  ep13 step 1000/10781 loss 0.0777 lr 2.44e-04 143s
  ep13 step 1500/10781 loss 0.0777 lr 2.44e-04 215s
  ep13 step 2000/10781 loss 0.0776 lr 2.43e-04 286s
  ep13 step 2500/10781 loss 0.0776 lr 2.43e-04 358s
  ep13 step 3000/10781 loss 0.0775 lr 2.42e-04 430s
  ep13 step 3500/10781 loss 0.0774 lr 2.42e-04 501s
  ep13 step 4000/10781 loss 0.0774 lr 2.41e-04 573s
  ep13 step 4500/10781 loss 0.0775 lr 2.41e-04 645s
  ep13 step 5000/10781 loss 0.0774 lr 2.40e-04 716s
  ep13 step 5500/10781 loss 0.0773 lr 2.40e-04 788s
  ep13 step 6000/10781 loss 0.0773 lr 2.40e-04 860s
  ep13 step 6500/10781 loss 0.0772 lr 2.39e-04 933s
  ep13 step 7000/10781 loss 0.0772 lr 2.39e-04 1005s
  ep13 step 7500/10781 loss 0.0771 lr 2.38e-04 1076s
  ep13 step 8000/10781 loss 0.0771 lr 2.38e-04 1148s
  ep13 step 8500/10781 loss 0.0770 lr 2.37e-04 1220s
  ep13 step 9000/10781 loss 0.0769 lr 2.37e-04 1290s
  ep13 step 9500/10781 loss 0.0769 lr 2.36e-04 1361s
  ep13 step 10000/10781 loss 0.0769 lr 2.36e-04 1433s
  ep13 step 10500/10781 loss 0.0769 lr 2.35e-04 1504s
{"ep": 13, "loss": 0.07688, "val_pooled_db": [-11.16, -10.03, -9.17, -8.35], "val_median_db": [-15.97, -14.9, -13.87, -12.91], "val_align_db": [-17.54, -16.71, -15.84, -15.05], "rho": [0.991, 0.989, 0.987, 0.984], "copy_last_db": [-4.45, -1.94, -1.6, -1.16], "lr": 0.00023520971200967334, "sec": 1574.8}
early stopping at ep 13 (best ep 8, -9.73 dB)
DONE best_ep 8 val_mean_pooled_db -9.73
