[mm] sensors ['cam', 'lidar'] pos_source predicted window_bytes {'cam': 4816896, 'lidar': 786432} coverage {"cam": {"channel_frames": 53800, "missing": 0, "examples": [], "rsu_frames_cached": 17200, "row_bytes": 301056}, "lidar": {"channel_frames": 53800, "missing": 0, "examples": [], "rsu_frames_cached": 17200, "row_bytes": 49152}}
[mm_cam_lidar] frames 53800 Nr 16 Nt 64 Ksc 64 | split B1: train windows 43121 (x16 = 689936), val windows 2439 (x16 = 39024) | load 0s
model mm:chiron params 23.54M | args {"model": "mm:chiron", "run_id": "mm_cam_lidar", "setting": "Nt_1_64_Nr_1_16_fc_28GHz", "Ksc": 64, "K_hist": 16, "H_pred": 4, "split": "B1", "seed": 42, "epochs": 40, "patience": 5, "lr": 0.0003, "wd": 0.0001, "batch": 64, "clip": 1.0, "warmup_epochs": 1.0, "D": 512, "L": 6, "heads": 8, "dropout": 0.1, "no_pos_emb": false, "residual": false, "c_hid": 128, "c_enc": 32, "norm": "rms", "patch_h": 4, "patch_w": 16, "lwm11_init": "pretrained", "lwm11_freeze": "none", "in_scale": 1.0, "t_layers": 2, "device": "cuda:0", "workers": 0, "max_train_windows": 0, "eval_every": 1, "out_root": "/mnt/ssd_7t_2/carla-wireless-dataset/mmw_reproduction/outputs_cp", "sensors": "cam,lidar", "pos_source": "predicted", "pos_mode": "token", "fuse_layers": 3, "causal_mask": false, "sensor_cache_root": "", "backbone_init": ""}
[mm] param_groups {"backbone_no_head": 9178368, "head": 9978368, "fusion": 3554304, "embeddings": 5120, "enc_cam": 460800, "enc_lidar": 366336, "sensor_encoders": 827136, "total": 23543296}
  ep1 step 500/10781 loss 1.1694 lr 1.39e-05 173s
  ep1 step 1000/10781 loss 1.0937 lr 2.79e-05 339s
  ep1 step 1500/10781 loss 1.0630 lr 4.18e-05 512s
  ep1 step 2000/10781 loss 1.0447 lr 5.57e-05 673s
  ep1 step 2500/10781 loss 1.0328 lr 6.96e-05 835s
  ep1 step 3000/10781 loss 1.0238 lr 8.35e-05 995s
  ep1 step 3500/10781 loss 1.0162 lr 9.74e-05 1168s
  ep1 step 4000/10781 loss 1.0093 lr 1.11e-04 1400s
  ep1 step 4500/10781 loss 1.0029 lr 1.25e-04 1626s
  ep1 step 5000/10781 loss 0.9967 lr 1.39e-04 1851s
  ep1 step 5500/10781 loss 0.9904 lr 1.53e-04 2020s
  ep1 step 6000/10781 loss 0.9830 lr 1.67e-04 2179s
  ep1 step 6500/10781 loss 0.9749 lr 1.81e-04 2335s
  ep1 step 7000/10781 loss 0.9656 lr 1.95e-04 2494s
  ep1 step 7500/10781 loss 0.9536 lr 2.09e-04 2649s
  ep1 step 8000/10781 loss 0.9368 lr 2.23e-04 2806s
  ep1 step 8500/10781 loss 0.9153 lr 2.37e-04 2962s
  ep1 step 9000/10781 loss 0.8879 lr 2.50e-04 3118s
  ep1 step 9500/10781 loss 0.8581 lr 2.64e-04 3274s
  ep1 step 10000/10781 loss 0.8294 lr 2.78e-04 3431s
  ep1 step 10500/10781 loss 0.8029 lr 2.92e-04 3587s
{"ep": 1, "loss": 0.78804, "val_pooled_db": [-8.82, -8.12, -7.48, -6.97], "val_median_db": [-10.87, -10.45, -9.72, -9.19], "val_align_db": [-12.18, -11.89, -11.42, -11.03], "rho": [0.969, 0.967, 0.963, 0.96], "copy_last_db": [-4.45, -1.94, -1.6, -1.16], "lr": 0.0003, "sec": 3762.2}
  ep2 step 500/10781 loss 0.2133 lr 3.00e-04 155s
  ep2 step 1000/10781 loss 0.2198 lr 3.00e-04 343s
  ep2 step 1500/10781 loss 0.2124 lr 3.00e-04 502s
  ep2 step 2000/10781 loss 0.2063 lr 3.00e-04 668s
  ep2 step 2500/10781 loss 0.2023 lr 3.00e-04 846s
  ep2 step 3000/10781 loss 0.1978 lr 3.00e-04 1107s
  ep2 step 3500/10781 loss 0.1947 lr 3.00e-04 1353s
  ep2 step 4000/10781 loss 0.1929 lr 3.00e-04 1595s
  ep2 step 4500/10781 loss 0.1902 lr 3.00e-04 1837s
  ep2 step 5000/10781 loss 0.1879 lr 3.00e-04 2079s
  ep2 step 5500/10781 loss 0.1853 lr 3.00e-04 2322s
  ep2 step 6000/10781 loss 0.1830 lr 3.00e-04 2541s
  ep2 step 6500/10781 loss 0.1807 lr 3.00e-04 2705s
  ep2 step 7000/10781 loss 0.1786 lr 3.00e-04 2867s
  ep2 step 7500/10781 loss 0.1767 lr 3.00e-04 3022s
  ep2 step 8000/10781 loss 0.1750 lr 3.00e-04 3178s
  ep2 step 8500/10781 loss 0.1732 lr 3.00e-04 3334s
  ep2 step 9000/10781 loss 0.1719 lr 3.00e-04 3491s
  ep2 step 9500/10781 loss 0.1704 lr 3.00e-04 3646s
  ep2 step 10000/10781 loss 0.1690 lr 3.00e-04 3801s
  ep2 step 10500/10781 loss 0.1675 lr 3.00e-04 3957s
{"ep": 2, "loss": 0.16673, "val_pooled_db": [-11.09, -10.16, -9.36, -8.62], "val_median_db": [-14.34, -13.41, -12.51, -11.88], "val_align_db": [-15.8, -15.05, -14.21, -13.75], "rho": [0.987, 0.984, 0.981, 0.979], "copy_last_db": [-4.45, -1.94, -1.6, -1.16], "lr": 0.0002995135962201315, "sec": 4129.0}
  ep3 step 500/10781 loss 0.1356 lr 2.99e-04 156s
  ep3 step 1000/10781 loss 0.1362 lr 2.99e-04 310s
  ep3 step 1500/10781 loss 0.1362 lr 2.99e-04 465s
  ep3 step 2000/10781 loss 0.1367 lr 2.99e-04 621s
  ep3 step 2500/10781 loss 0.1366 lr 2.99e-04 778s
  ep3 step 3000/10781 loss 0.1360 lr 2.99e-04 934s
  ep3 step 3500/10781 loss 0.1354 lr 2.99e-04 1091s
  ep3 step 4000/10781 loss 0.1344 lr 2.99e-04 1248s
  ep3 step 4500/10781 loss 0.1334 lr 2.99e-04 1406s
  ep3 step 5000/10781 loss 0.1329 lr 2.99e-04 1562s
  ep3 step 5500/10781 loss 0.1324 lr 2.99e-04 1718s
  ep3 step 6000/10781 loss 0.1318 lr 2.99e-04 1873s
  ep3 step 6500/10781 loss 0.1312 lr 2.99e-04 2028s
  ep3 step 7000/10781 loss 0.1309 lr 2.99e-04 2184s
  ep3 step 7500/10781 loss 0.1302 lr 2.99e-04 2340s
  ep3 step 8000/10781 loss 0.1303 lr 2.99e-04 2495s
  ep3 step 8500/10781 loss 0.1301 lr 2.98e-04 2650s
  ep3 step 9000/10781 loss 0.1296 lr 2.98e-04 2806s
  ep3 step 9500/10781 loss 0.1292 lr 2.98e-04 2961s
  ep3 step 10000/10781 loss 0.1286 lr 2.98e-04 3117s
  ep3 step 10500/10781 loss 0.1283 lr 2.98e-04 3272s
{"ep": 3, "loss": 0.12809, "val_pooled_db": [-11.43, -10.5, -9.64, -8.82], "val_median_db": [-14.81, -14.18, -13.17, -12.3], "val_align_db": [-16.51, -16.09, -15.07, -14.24], "rho": [0.989, 0.988, 0.984, 0.981], "copy_last_db": [-4.45, -1.94, -1.6, -1.16], "lr": 0.00029805753939568687, "sec": 3448.1}
  ep4 step 500/10781 loss 0.1212 lr 2.98e-04 156s
  ep4 step 1000/10781 loss 0.1184 lr 2.98e-04 313s
  ep4 step 1500/10781 loss 0.1168 lr 2.98e-04 468s
  ep4 step 2000/10781 loss 0.1166 lr 2.98e-04 624s
  ep4 step 2500/10781 loss 0.1162 lr 2.98e-04 780s
  ep4 step 3000/10781 loss 0.1160 lr 2.97e-04 937s
  ep4 step 3500/10781 loss 0.1155 lr 2.97e-04 1094s
  ep4 step 4000/10781 loss 0.1152 lr 2.97e-04 1249s
  ep4 step 4500/10781 loss 0.1148 lr 2.97e-04 1404s
  ep4 step 5000/10781 loss 0.1152 lr 2.97e-04 1560s
  ep4 step 5500/10781 loss 0.1148 lr 2.97e-04 1715s
  ep4 step 6000/10781 loss 0.1146 lr 2.97e-04 1870s
  ep4 step 6500/10781 loss 0.1142 lr 2.97e-04 2025s
  ep4 step 7000/10781 loss 0.1137 lr 2.97e-04 2181s
  ep4 step 7500/10781 loss 0.1135 lr 2.96e-04 2336s
  ep4 step 8000/10781 loss 0.1130 lr 2.96e-04 2491s
  ep4 step 8500/10781 loss 0.1128 lr 2.96e-04 2645s
  ep4 step 9000/10781 loss 0.1125 lr 2.96e-04 2800s
  ep4 step 9500/10781 loss 0.1121 lr 2.96e-04 2956s
  ep4 step 10000/10781 loss 0.1118 lr 2.96e-04 3112s
  ep4 step 10500/10781 loss 0.1115 lr 2.96e-04 3266s
{"ep": 4, "loss": 0.11132, "val_pooled_db": [-11.51, -10.5, -9.68, -8.77], "val_median_db": [-15.35, -14.25, -13.41, -12.56], "val_align_db": [-16.8, -16.07, -15.31, -14.49], "rho": [0.99, 0.988, 0.985, 0.982], "copy_last_db": [-4.45, -1.94, -1.6, -1.16], "lr": 0.00029564127261390776, "sec": 3438.7}
  ep5 step 500/10781 loss 0.1072 lr 2.96e-04 156s
  ep5 step 1000/10781 loss 0.1048 lr 2.95e-04 316s
  ep5 step 1500/10781 loss 0.1040 lr 2.95e-04 499s
  ep5 step 2000/10781 loss 0.1033 lr 2.95e-04 697s
  ep5 step 2500/10781 loss 0.1033 lr 2.95e-04 923s
  ep5 step 3000/10781 loss 0.1030 lr 2.95e-04 1142s
  ep5 step 3500/10781 loss 0.1030 lr 2.95e-04 1360s
  ep5 step 4000/10781 loss 0.1026 lr 2.95e-04 1585s
  ep5 step 4500/10781 loss 0.1025 lr 2.94e-04 1835s
  ep5 step 5000/10781 loss 0.1023 lr 2.94e-04 2079s
  ep5 step 5500/10781 loss 0.1022 lr 2.94e-04 2295s
  ep5 step 6000/10781 loss 0.1019 lr 2.94e-04 2471s
  ep5 step 6500/10781 loss 0.1017 lr 2.94e-04 2643s
  ep5 step 7000/10781 loss 0.1013 lr 2.94e-04 2816s
  ep5 step 7500/10781 loss 0.1011 lr 2.93e-04 2989s
  ep5 step 8000/10781 loss 0.1009 lr 2.93e-04 3151s
  ep5 step 8500/10781 loss 0.1006 lr 2.93e-04 3315s
  ep5 step 9000/10781 loss 0.1004 lr 2.93e-04 3480s
  ep5 step 9500/10781 loss 0.1002 lr 2.93e-04 3649s
  ep5 step 10000/10781 loss 0.1002 lr 2.93e-04 3817s
  ep5 step 10500/10781 loss 0.1000 lr 2.92e-04 3988s
{"ep": 5, "loss": 0.09987, "val_pooled_db": [-11.67, -10.64, -9.79, -8.99], "val_median_db": [-15.69, -14.67, -13.57, -12.79], "val_align_db": [-17.32, -16.52, -15.57, -14.75], "rho": [0.991, 0.989, 0.986, 0.983], "copy_last_db": [-4.45, -1.94, -1.6, -1.16], "lr": 0.00029228046629207175, "sec": 4177.9}
  ep6 step 500/10781 loss 0.0942 lr 2.92e-04 171s
  ep6 step 1000/10781 loss 0.0943 lr 2.92e-04 340s
  ep6 step 1500/10781 loss 0.0943 lr 2.92e-04 507s
  ep6 step 2000/10781 loss 0.0941 lr 2.92e-04 663s
  ep6 step 2500/10781 loss 0.0941 lr 2.91e-04 822s
  ep6 step 3000/10781 loss 0.0940 lr 2.91e-04 982s
  ep6 step 3500/10781 loss 0.0938 lr 2.91e-04 1143s
  ep6 step 4000/10781 loss 0.0938 lr 2.91e-04 1303s
  ep6 step 4500/10781 loss 0.0937 lr 2.91e-04 1464s
  ep6 step 5000/10781 loss 0.0937 lr 2.90e-04 1632s
  ep6 step 5500/10781 loss 0.0937 lr 2.90e-04 1806s
  ep6 step 6000/10781 loss 0.0937 lr 2.90e-04 1977s
  ep6 step 6500/10781 loss 0.0936 lr 2.90e-04 2148s
  ep6 step 7000/10781 loss 0.0934 lr 2.90e-04 2319s
  ep6 step 7500/10781 loss 0.0932 lr 2.89e-04 2477s
  ep6 step 8000/10781 loss 0.0932 lr 2.89e-04 2637s
  ep6 step 8500/10781 loss 0.0931 lr 2.89e-04 2800s
  ep6 step 9000/10781 loss 0.0930 lr 2.89e-04 2963s
  ep6 step 9500/10781 loss 0.0929 lr 2.89e-04 3126s
  ep6 step 10000/10781 loss 0.0928 lr 2.88e-04 3295s
  ep6 step 10500/10781 loss 0.0927 lr 2.88e-04 3465s
{"ep": 6, "loss": 0.09263, "val_pooled_db": [-11.62, -10.58, -9.63, -8.74], "val_median_db": [-16.0, -14.83, -13.54, -12.65], "val_align_db": [-17.55, -16.65, -15.54, -14.63], "rho": [0.991, 0.989, 0.986, 0.983], "copy_last_db": [-4.45, -1.94, -1.6, -1.16], "lr": 0.0002879969165488236, "sec": 3656.9}
  ep7 step 500/10781 loss 0.0885 lr 2.88e-04 170s
  ep7 step 1000/10781 loss 0.0893 lr 2.88e-04 338s
  ep7 step 1500/10781 loss 0.0892 lr 2.87e-04 498s
  ep7 step 2000/10781 loss 0.0891 lr 2.87e-04 659s
  ep7 step 2500/10781 loss 0.0889 lr 2.87e-04 825s
  ep7 step 3000/10781 loss 0.0888 lr 2.87e-04 989s
  ep7 step 3500/10781 loss 0.0887 lr 2.86e-04 1154s
  ep7 step 4000/10781 loss 0.0885 lr 2.86e-04 1325s
  ep7 step 4500/10781 loss 0.0886 lr 2.86e-04 1496s
  ep7 step 5000/10781 loss 0.0886 lr 2.86e-04 1667s
  ep7 step 5500/10781 loss 0.0884 lr 2.85e-04 1836s
  ep7 step 6000/10781 loss 0.0883 lr 2.85e-04 2007s
  ep7 step 6500/10781 loss 0.0882 lr 2.85e-04 2176s
  ep7 step 7000/10781 loss 0.0883 lr 2.85e-04 2347s
  ep7 step 7500/10781 loss 0.0881 lr 2.84e-04 2516s
  ep7 step 8000/10781 loss 0.0879 lr 2.84e-04 2685s
  ep7 step 8500/10781 loss 0.0879 lr 2.84e-04 2854s
  ep7 step 9000/10781 loss 0.0878 lr 2.84e-04 3023s
  ep7 step 9500/10781 loss 0.0876 lr 2.83e-04 3191s
  ep7 step 10000/10781 loss 0.0876 lr 2.83e-04 3363s
  ep7 step 10500/10781 loss 0.0875 lr 2.83e-04 3535s
{"ep": 7, "loss": 0.08744, "val_pooled_db": [-11.54, -10.54, -9.58, -8.68], "val_median_db": [-15.92, -14.58, -13.56, -12.52], "val_align_db": [-17.4, -16.38, -15.33, -14.61], "rho": [0.991, 0.988, 0.985, 0.983], "copy_last_db": [-4.45, -1.94, -1.6, -1.16], "lr": 0.0002828184038479814, "sec": 3734.1}
  ep8 step 500/10781 loss 0.0858 lr 2.83e-04 171s
  ep8 step 1000/10781 loss 0.0854 lr 2.82e-04 342s
  ep8 step 1500/10781 loss 0.0851 lr 2.82e-04 510s
  ep8 step 2000/10781 loss 0.0848 lr 2.82e-04 681s
  ep8 step 2500/10781 loss 0.0844 lr 2.81e-04 851s
  ep8 step 3000/10781 loss 0.0843 lr 2.81e-04 1015s
  ep8 step 3500/10781 loss 0.0842 lr 2.81e-04 1171s
  ep8 step 4000/10781 loss 0.0842 lr 2.81e-04 1326s
  ep8 step 4500/10781 loss 0.0842 lr 2.80e-04 1481s
  ep8 step 5000/10781 loss 0.0852 lr 2.80e-04 1636s
  ep8 step 5500/10781 loss 0.0851 lr 2.80e-04 1791s
  ep8 step 6000/10781 loss 0.0848 lr 2.80e-04 1947s
  ep8 step 6500/10781 loss 0.0847 lr 2.79e-04 2103s
  ep8 step 7000/10781 loss 0.0846 lr 2.79e-04 2261s
  ep8 step 7500/10781 loss 0.0845 lr 2.79e-04 2418s
  ep8 step 8000/10781 loss 0.0842 lr 2.78e-04 2577s
  ep8 step 8500/10781 loss 0.0841 lr 2.78e-04 2736s
  ep8 step 9000/10781 loss 0.0841 lr 2.78e-04 2893s
  ep8 step 9500/10781 loss 0.0840 lr 2.78e-04 3049s
  ep8 step 10000/10781 loss 0.0839 lr 2.77e-04 3204s
  ep8 step 10500/10781 loss 0.0837 lr 2.77e-04 3361s
{"ep": 8, "loss": 0.08368, "val_pooled_db": [-11.69, -10.59, -9.59, -8.71], "val_median_db": [-16.18, -14.91, -13.71, -12.74], "val_align_db": [-17.62, -16.61, -15.5, -14.61], "rho": [0.991, 0.989, 0.986, 0.983], "copy_last_db": [-4.45, -1.94, -1.6, -1.16], "lr": 0.0002767785128315692, "sec": 3536.6}
  ep9 step 500/10781 loss 0.0810 lr 2.76e-04 157s
  ep9 step 1000/10781 loss 0.0808 lr 2.76e-04 314s
  ep9 step 1500/10781 loss 0.0806 lr 2.76e-04 473s
  ep9 step 2000/10781 loss 0.0808 lr 2.76e-04 630s
  ep9 step 2500/10781 loss 0.0807 lr 2.75e-04 789s
  ep9 step 3000/10781 loss 0.0806 lr 2.75e-04 946s
  ep9 step 3500/10781 loss 0.0805 lr 2.75e-04 1102s
  ep9 step 4000/10781 loss 0.0804 lr 2.74e-04 1258s
  ep9 step 4500/10781 loss 0.0804 lr 2.74e-04 1414s
  ep9 step 5000/10781 loss 0.0805 lr 2.74e-04 1569s
  ep9 step 5500/10781 loss 0.0805 lr 2.73e-04 1724s
  ep9 step 6000/10781 loss 0.0805 lr 2.73e-04 1878s
  ep9 step 6500/10781 loss 0.0804 lr 2.73e-04 2032s
  ep9 step 7000/10781 loss 0.0803 lr 2.72e-04 2187s
  ep9 step 7500/10781 loss 0.0802 lr 2.72e-04 2340s
  ep9 step 8000/10781 loss 0.0809 lr 2.72e-04 2495s
  ep9 step 8500/10781 loss 0.0808 lr 2.71e-04 2649s
  ep9 step 9000/10781 loss 0.0810 lr 2.71e-04 2804s
  ep9 step 9500/10781 loss 0.0809 lr 2.71e-04 2959s
  ep9 step 10000/10781 loss 0.0807 lr 2.70e-04 3112s
  ep9 step 10500/10781 loss 0.0807 lr 2.70e-04 3266s
{"ep": 9, "loss": 0.08064, "val_pooled_db": [-11.67, -10.67, -9.68, -8.86], "val_median_db": [-16.35, -15.14, -13.86, -12.94], "val_align_db": [-17.79, -16.96, -15.88, -15.01], "rho": [0.992, 0.99, 0.987, 0.984], "copy_last_db": [-4.45, -1.94, -1.6, -1.16], "lr": 0.00026991641451052517, "sec": 3439.0}
  ep10 step 500/10781 loss 0.0777 lr 2.70e-04 154s
  ep10 step 1000/10781 loss 0.0773 lr 2.69e-04 308s
  ep10 step 1500/10781 loss 0.0774 lr 2.69e-04 461s
  ep10 step 2000/10781 loss 0.0775 lr 2.69e-04 616s
  ep10 step 2500/10781 loss 0.0776 lr 2.68e-04 770s
  ep10 step 3000/10781 loss 0.0776 lr 2.68e-04 924s
  ep10 step 3500/10781 loss 0.0775 lr 2.68e-04 1078s
  ep10 step 4000/10781 loss 0.0777 lr 2.67e-04 1232s
  ep10 step 4500/10781 loss 0.0775 lr 2.67e-04 1385s
  ep10 step 5000/10781 loss 0.0776 lr 2.66e-04 1540s
  ep10 step 5500/10781 loss 0.0781 lr 2.66e-04 1693s
  ep10 step 6000/10781 loss 0.0780 lr 2.66e-04 1847s
  ep10 step 6500/10781 loss 0.0779 lr 2.65e-04 2000s
  ep10 step 7000/10781 loss 0.0780 lr 2.65e-04 2154s
  ep10 step 7500/10781 loss 0.0779 lr 2.65e-04 2308s
  ep10 step 8000/10781 loss 0.0778 lr 2.64e-04 2462s
  ep10 step 8500/10781 loss 0.0778 lr 2.64e-04 2616s
  ep10 step 9000/10781 loss 0.0777 lr 2.64e-04 2772s
  ep10 step 9500/10781 loss 0.0776 lr 2.63e-04 2929s
  ep10 step 10000/10781 loss 0.0775 lr 2.63e-04 3084s
  ep10 step 10500/10781 loss 0.0775 lr 2.62e-04 3239s
{"ep": 10, "loss": 0.07746, "val_pooled_db": [-11.71, -10.53, -9.63, -8.79], "val_median_db": [-16.23, -14.88, -13.77, -12.9], "val_align_db": [-17.96, -16.87, -15.92, -15.08], "rho": [0.992, 0.99, 0.987, 0.984], "copy_last_db": [-4.45, -1.94, -1.6, -1.16], "lr": 0.00026227661222566516, "sec": 3413.8}
early stopping at ep 10 (best ep 5, -10.27 dB)
DONE best_ep 5 val_mean_pooled_db -10.27
