[mm] sensors ['lidar'] pos_source predicted window_bytes {'lidar': 786432} coverage {"lidar": {"channel_frames": 53800, "missing": 0, "examples": [], "rsu_frames_cached": 17200, "row_bytes": 49152}}
[mm_lidar] frames 53800 Nr 16 Nt 64 Ksc 64 | split B1: train windows 43121 (x16 = 689936), val windows 2439 (x16 = 39024) | load 0s
model mm:chiron params 23.08M | args {"model": "mm:chiron", "run_id": "mm_lidar", "setting": "Nt_1_64_Nr_1_16_fc_28GHz", "Ksc": 64, "K_hist": 16, "H_pred": 4, "split": "B1", "seed": 42, "epochs": 40, "patience": 5, "lr": 0.0003, "wd": 0.0001, "batch": 64, "clip": 1.0, "warmup_epochs": 1.0, "D": 512, "L": 6, "heads": 8, "dropout": 0.1, "no_pos_emb": false, "residual": false, "c_hid": 128, "c_enc": 32, "norm": "rms", "patch_h": 4, "patch_w": 16, "lwm11_init": "pretrained", "lwm11_freeze": "none", "in_scale": 1.0, "t_layers": 2, "device": "cuda:0", "workers": 0, "max_train_windows": 0, "eval_every": 1, "out_root": "/mnt/ssd_7t_2/carla-wireless-dataset/mmw_reproduction/outputs_cp", "sensors": "lidar", "pos_source": "predicted", "pos_mode": "token", "fuse_layers": 3, "causal_mask": false, "sensor_cache_root": "", "backbone_init": ""}
[mm] param_groups {"backbone_no_head": 9178368, "head": 9978368, "fusion": 3554304, "embeddings": 5120, "enc_lidar": 366336, "sensor_encoders": 366336, "total": 23082496}
  ep1 step 500/10781 loss 1.1682 lr 1.39e-05 111s
  ep1 step 1000/10781 loss 1.0931 lr 2.79e-05 218s
  ep1 step 1500/10781 loss 1.0627 lr 4.18e-05 330s
  ep1 step 2000/10781 loss 1.0448 lr 5.57e-05 543s
  ep1 step 2500/10781 loss 1.0327 lr 6.96e-05 754s
  ep1 step 3000/10781 loss 1.0240 lr 8.35e-05 967s
  ep1 step 3500/10781 loss 1.0170 lr 9.74e-05 1142s
  ep1 step 4000/10781 loss 1.0107 lr 1.11e-04 1250s
  ep1 step 4500/10781 loss 1.0046 lr 1.25e-04 1356s
  ep1 step 5000/10781 loss 0.9985 lr 1.39e-04 1463s
  ep1 step 5500/10781 loss 0.9911 lr 1.53e-04 1570s
  ep1 step 6000/10781 loss 0.9828 lr 1.67e-04 1676s
  ep1 step 6500/10781 loss 0.9736 lr 1.81e-04 1783s
  ep1 step 7000/10781 loss 0.9623 lr 1.95e-04 1889s
  ep1 step 7500/10781 loss 0.9480 lr 2.09e-04 1996s
  ep1 step 8000/10781 loss 0.9288 lr 2.23e-04 2102s
  ep1 step 8500/10781 loss 0.9054 lr 2.37e-04 2209s
  ep1 step 9000/10781 loss 0.8785 lr 2.50e-04 2315s
  ep1 step 9500/10781 loss 0.8504 lr 2.64e-04 2422s
  ep1 step 10000/10781 loss 0.8224 lr 2.78e-04 2529s
  ep1 step 10500/10781 loss 0.7962 lr 2.92e-04 2636s
{"ep": 1, "loss": 0.78166, "val_pooled_db": [-8.44, -7.71, -7.09, -6.49], "val_median_db": [-10.63, -10.16, -9.37, -8.74], "val_align_db": [-11.82, -11.5, -10.93, -10.49], "rho": [0.967, 0.964, 0.959, 0.954], "copy_last_db": [-4.45, -1.94, -1.6, -1.16], "lr": 0.0003, "sec": 2747.1}
  ep2 step 500/10781 loss 0.2317 lr 3.00e-04 107s
  ep2 step 1000/10781 loss 0.2209 lr 3.00e-04 214s
  ep2 step 1500/10781 loss 0.2147 lr 3.00e-04 320s
  ep2 step 2000/10781 loss 0.2089 lr 3.00e-04 427s
  ep2 step 2500/10781 loss 0.2043 lr 3.00e-04 534s
  ep2 step 3000/10781 loss 0.2032 lr 3.00e-04 641s
  ep2 step 3500/10781 loss 0.2000 lr 3.00e-04 747s
  ep2 step 4000/10781 loss 0.1969 lr 3.00e-04 855s
  ep2 step 4500/10781 loss 0.1940 lr 3.00e-04 961s
  ep2 step 5000/10781 loss 0.1913 lr 3.00e-04 1068s
  ep2 step 5500/10781 loss 0.1886 lr 3.00e-04 1175s
  ep2 step 6000/10781 loss 0.1865 lr 3.00e-04 1282s
  ep2 step 6500/10781 loss 0.1845 lr 3.00e-04 1389s
  ep2 step 7000/10781 loss 0.1823 lr 3.00e-04 1496s
  ep2 step 7500/10781 loss 0.1804 lr 3.00e-04 1603s
  ep2 step 8000/10781 loss 0.1785 lr 3.00e-04 1711s
  ep2 step 8500/10781 loss 0.1769 lr 3.00e-04 1817s
  ep2 step 9000/10781 loss 0.1751 lr 3.00e-04 1924s
  ep2 step 9500/10781 loss 0.1744 lr 3.00e-04 2031s
  ep2 step 10000/10781 loss 0.1728 lr 3.00e-04 2137s
  ep2 step 10500/10781 loss 0.1712 lr 3.00e-04 2244s
{"ep": 2, "loss": 0.17096, "val_pooled_db": [-10.86, -9.88, -9.13, -8.46], "val_median_db": [-14.06, -13.32, -12.42, -11.87], "val_align_db": [-15.55, -14.98, -14.17, -13.58], "rho": [0.986, 0.984, 0.981, 0.978], "copy_last_db": [-4.45, -1.94, -1.6, -1.16], "lr": 0.0002995135962201315, "sec": 2350.4}
  ep3 step 500/10781 loss 0.1433 lr 2.99e-04 99s
  ep3 step 1000/10781 loss 0.1414 lr 2.99e-04 198s
  ep3 step 1500/10781 loss 0.1401 lr 2.99e-04 297s
  ep3 step 2000/10781 loss 0.1381 lr 2.99e-04 397s
  ep3 step 2500/10781 loss 0.1407 lr 2.99e-04 496s
  ep3 step 3000/10781 loss 0.1400 lr 2.99e-04 595s
  ep3 step 3500/10781 loss 0.1394 lr 2.99e-04 694s
  ep3 step 4000/10781 loss 0.1387 lr 2.99e-04 793s
  ep3 step 4500/10781 loss 0.1381 lr 2.99e-04 892s
  ep3 step 5000/10781 loss 0.1377 lr 2.99e-04 991s
  ep3 step 5500/10781 loss 0.1371 lr 2.99e-04 1091s
  ep3 step 6000/10781 loss 0.1366 lr 2.99e-04 1190s
  ep3 step 6500/10781 loss 0.1359 lr 2.99e-04 1289s
  ep3 step 7000/10781 loss 0.1353 lr 2.99e-04 1388s
  ep3 step 7500/10781 loss 0.1350 lr 2.99e-04 1488s
  ep3 step 8000/10781 loss 0.1343 lr 2.99e-04 1587s
  ep3 step 8500/10781 loss 0.1335 lr 2.98e-04 1686s
  ep3 step 9000/10781 loss 0.1329 lr 2.98e-04 1785s
  ep3 step 9500/10781 loss 0.1323 lr 2.98e-04 1885s
  ep3 step 10000/10781 loss 0.1319 lr 2.98e-04 1984s
  ep3 step 10500/10781 loss 0.1313 lr 2.98e-04 2084s
{"ep": 3, "loss": 0.13099, "val_pooled_db": [-11.25, -10.24, -9.39, -8.63], "val_median_db": [-14.82, -13.94, -12.81, -12.24], "val_align_db": [-16.61, -15.87, -14.98, -14.35], "rho": [0.989, 0.987, 0.984, 0.981], "copy_last_db": [-4.45, -1.94, -1.6, -1.16], "lr": 0.00029805753939568687, "sec": 2185.0}
  ep4 step 500/10781 loss 0.1196 lr 2.98e-04 102s
  ep4 step 1000/10781 loss 0.1186 lr 2.98e-04 204s
  ep4 step 1500/10781 loss 0.1196 lr 2.98e-04 306s
  ep4 step 2000/10781 loss 0.1188 lr 2.98e-04 408s
  ep4 step 2500/10781 loss 0.1186 lr 2.98e-04 510s
  ep4 step 3000/10781 loss 0.1180 lr 2.97e-04 612s
  ep4 step 3500/10781 loss 0.1180 lr 2.97e-04 715s
  ep4 step 4000/10781 loss 0.1177 lr 2.97e-04 816s
  ep4 step 4500/10781 loss 0.1171 lr 2.97e-04 918s
  ep4 step 5000/10781 loss 0.1171 lr 2.97e-04 1019s
  ep4 step 5500/10781 loss 0.1167 lr 2.97e-04 1121s
  ep4 step 6000/10781 loss 0.1168 lr 2.97e-04 1223s
  ep4 step 6500/10781 loss 0.1163 lr 2.97e-04 1325s
  ep4 step 7000/10781 loss 0.1158 lr 2.97e-04 1426s
  ep4 step 7500/10781 loss 0.1154 lr 2.96e-04 1528s
  ep4 step 8000/10781 loss 0.1151 lr 2.96e-04 1629s
  ep4 step 8500/10781 loss 0.1147 lr 2.96e-04 1731s
  ep4 step 9000/10781 loss 0.1144 lr 2.96e-04 1832s
  ep4 step 9500/10781 loss 0.1140 lr 2.96e-04 1934s
  ep4 step 10000/10781 loss 0.1136 lr 2.96e-04 2034s
  ep4 step 10500/10781 loss 0.1139 lr 2.96e-04 2135s
{"ep": 4, "loss": 0.11364, "val_pooled_db": [-11.52, -10.47, -9.57, -8.82], "val_median_db": [-15.35, -14.39, -13.31, -12.62], "val_align_db": [-16.59, -15.87, -14.98, -14.29], "rho": [0.989, 0.987, 0.984, 0.981], "copy_last_db": [-4.45, -1.94, -1.6, -1.16], "lr": 0.00029564127261390776, "sec": 2235.4}
  ep5 step 500/10781 loss 0.1064 lr 2.96e-04 103s
  ep5 step 1000/10781 loss 0.1045 lr 2.95e-04 205s
  ep5 step 1500/10781 loss 0.1040 lr 2.95e-04 308s
  ep5 step 2000/10781 loss 0.1043 lr 2.95e-04 410s
  ep5 step 2500/10781 loss 0.1040 lr 2.95e-04 512s
  ep5 step 3000/10781 loss 0.1038 lr 2.95e-04 615s
  ep5 step 3500/10781 loss 0.1044 lr 2.95e-04 718s
  ep5 step 4000/10781 loss 0.1043 lr 2.95e-04 821s
  ep5 step 4500/10781 loss 0.1039 lr 2.94e-04 924s
  ep5 step 5000/10781 loss 0.1039 lr 2.94e-04 1027s
  ep5 step 5500/10781 loss 0.1037 lr 2.94e-04 1130s
  ep5 step 6000/10781 loss 0.1035 lr 2.94e-04 1232s
  ep5 step 6500/10781 loss 0.1032 lr 2.94e-04 1335s
  ep5 step 7000/10781 loss 0.1031 lr 2.94e-04 1438s
  ep5 step 7500/10781 loss 0.1030 lr 2.93e-04 1540s
  ep5 step 8000/10781 loss 0.1028 lr 2.93e-04 1641s
  ep5 step 8500/10781 loss 0.1026 lr 2.93e-04 1743s
  ep5 step 9000/10781 loss 0.1024 lr 2.93e-04 1845s
  ep5 step 9500/10781 loss 0.1022 lr 2.93e-04 1947s
  ep5 step 10000/10781 loss 0.1020 lr 2.93e-04 2049s
  ep5 step 10500/10781 loss 0.1019 lr 2.92e-04 2150s
{"ep": 5, "loss": 0.10176, "val_pooled_db": [-11.58, -10.52, -9.56, -8.86], "val_median_db": [-15.84, -14.72, -13.64, -12.82], "val_align_db": [-17.43, -16.48, -15.56, -14.76], "rho": [0.991, 0.989, 0.986, 0.983], "copy_last_db": [-4.45, -1.94, -1.6, -1.16], "lr": 0.00029228046629207175, "sec": 2252.8}
  ep6 step 500/10781 loss 0.0962 lr 2.92e-04 101s
  ep6 step 1000/10781 loss 0.0961 lr 2.92e-04 202s
  ep6 step 1500/10781 loss 0.0960 lr 2.92e-04 303s
  ep6 step 2000/10781 loss 0.0963 lr 2.92e-04 404s
  ep6 step 2500/10781 loss 0.0964 lr 2.91e-04 506s
  ep6 step 3000/10781 loss 0.0983 lr 2.91e-04 607s
  ep6 step 3500/10781 loss 0.0979 lr 2.91e-04 708s
  ep6 step 4000/10781 loss 0.0975 lr 2.91e-04 810s
  ep6 step 4500/10781 loss 0.0971 lr 2.91e-04 910s
  ep6 step 5000/10781 loss 0.0970 lr 2.90e-04 1012s
  ep6 step 5500/10781 loss 0.0968 lr 2.90e-04 1113s
  ep6 step 6000/10781 loss 0.0967 lr 2.90e-04 1215s
  ep6 step 6500/10781 loss 0.0964 lr 2.90e-04 1317s
  ep6 step 7000/10781 loss 0.0974 lr 2.90e-04 1420s
  ep6 step 7500/10781 loss 0.0972 lr 2.89e-04 1523s
  ep6 step 8000/10781 loss 0.0969 lr 2.89e-04 1627s
  ep6 step 8500/10781 loss 0.0968 lr 2.89e-04 1730s
  ep6 step 9000/10781 loss 0.0966 lr 2.89e-04 1832s
  ep6 step 9500/10781 loss 0.0964 lr 2.89e-04 1934s
  ep6 step 10000/10781 loss 0.0962 lr 2.88e-04 2037s
  ep6 step 10500/10781 loss 0.0960 lr 2.88e-04 2141s
{"ep": 6, "loss": 0.09584, "val_pooled_db": [-11.48, -10.51, -9.56, -8.82], "val_median_db": [-16.07, -15.03, -13.8, -12.98], "val_align_db": [-17.48, -16.65, -15.72, -14.74], "rho": [0.991, 0.989, 0.987, 0.983], "copy_last_db": [-4.45, -1.94, -1.6, -1.16], "lr": 0.0002879969165488236, "sec": 2251.4}
  ep7 step 500/10781 loss 0.0902 lr 2.88e-04 124s
  ep7 step 1000/10781 loss 0.0902 lr 2.88e-04 260s
  ep7 step 1500/10781 loss 0.0904 lr 2.87e-04 396s
  ep7 step 2000/10781 loss 0.0904 lr 2.87e-04 529s
  ep7 step 2500/10781 loss 0.0904 lr 2.87e-04 661s
  ep7 step 3000/10781 loss 0.0908 lr 2.87e-04 791s
  ep7 step 3500/10781 loss 0.0907 lr 2.86e-04 922s
  ep7 step 4000/10781 loss 0.0905 lr 2.86e-04 1054s
  ep7 step 4500/10781 loss 0.0904 lr 2.86e-04 1184s
  ep7 step 5000/10781 loss 0.0904 lr 2.86e-04 1315s
  ep7 step 5500/10781 loss 0.0905 lr 2.85e-04 1442s
  ep7 step 6000/10781 loss 0.0905 lr 2.85e-04 1568s
  ep7 step 6500/10781 loss 0.0907 lr 2.85e-04 1693s
  ep7 step 7000/10781 loss 0.0905 lr 2.85e-04 1818s
  ep7 step 7500/10781 loss 0.0904 lr 2.84e-04 1943s
  ep7 step 8000/10781 loss 0.0902 lr 2.84e-04 2068s
  ep7 step 8500/10781 loss 0.0901 lr 2.84e-04 2194s
  ep7 step 9000/10781 loss 0.0900 lr 2.84e-04 2320s
  ep7 step 9500/10781 loss 0.0899 lr 2.83e-04 2444s
  ep7 step 10000/10781 loss 0.0898 lr 2.83e-04 2568s
  ep7 step 10500/10781 loss 0.0897 lr 2.83e-04 2691s
{"ep": 7, "loss": 0.08965, "val_pooled_db": [-11.69, -10.63, -9.66, -8.88], "val_median_db": [-16.1, -15.09, -13.73, -12.79], "val_align_db": [-17.65, -16.8, -15.73, -14.79], "rho": [0.991, 0.989, 0.987, 0.983], "copy_last_db": [-4.45, -1.94, -1.6, -1.16], "lr": 0.0002828184038479814, "sec": 2813.0}
  ep8 step 500/10781 loss 0.0870 lr 2.83e-04 116s
  ep8 step 1000/10781 loss 0.0864 lr 2.82e-04 233s
  ep8 step 1500/10781 loss 0.0864 lr 2.82e-04 350s
  ep8 step 2000/10781 loss 0.0862 lr 2.82e-04 468s
  ep8 step 2500/10781 loss 0.0864 lr 2.81e-04 585s
  ep8 step 3000/10781 loss 0.0866 lr 2.81e-04 703s
  ep8 step 3500/10781 loss 0.0866 lr 2.81e-04 821s
  ep8 step 4000/10781 loss 0.0864 lr 2.81e-04 938s
  ep8 step 4500/10781 loss 0.0862 lr 2.80e-04 1055s
  ep8 step 5000/10781 loss 0.0860 lr 2.80e-04 1172s
  ep8 step 5500/10781 loss 0.0860 lr 2.80e-04 1288s
  ep8 step 6000/10781 loss 0.0859 lr 2.80e-04 1404s
  ep8 step 6500/10781 loss 0.0859 lr 2.79e-04 1521s
  ep8 step 7000/10781 loss 0.0859 lr 2.79e-04 1638s
  ep8 step 7500/10781 loss 0.0859 lr 2.79e-04 1755s
  ep8 step 8000/10781 loss 0.0858 lr 2.78e-04 1871s
  ep8 step 8500/10781 loss 0.0857 lr 2.78e-04 1988s
  ep8 step 9000/10781 loss 0.0856 lr 2.78e-04 2106s
  ep8 step 9500/10781 loss 0.0855 lr 2.78e-04 2222s
  ep8 step 10000/10781 loss 0.0854 lr 2.77e-04 2340s
  ep8 step 10500/10781 loss 0.0853 lr 2.77e-04 2456s
{"ep": 8, "loss": 0.08522, "val_pooled_db": [-11.73, -10.65, -9.77, -9.01], "val_median_db": [-16.28, -15.15, -14.01, -13.19], "val_align_db": [-17.72, -16.89, -15.95, -15.03], "rho": [0.992, 0.99, 0.987, 0.984], "copy_last_db": [-4.45, -1.94, -1.6, -1.16], "lr": 0.0002767785128315692, "sec": 2574.2}
  ep9 step 500/10781 loss 0.0827 lr 2.76e-04 124s
  ep9 step 1000/10781 loss 0.0821 lr 2.76e-04 251s
  ep9 step 1500/10781 loss 0.0888 lr 2.76e-04 378s
  ep9 step 2000/10781 loss 0.0870 lr 2.76e-04 505s
  ep9 step 2500/10781 loss 0.0861 lr 2.75e-04 633s
  ep9 step 3000/10781 loss 0.0855 lr 2.75e-04 760s
  ep9 step 3500/10781 loss 0.0849 lr 2.75e-04 886s
  ep9 step 4000/10781 loss 0.0845 lr 2.74e-04 1014s
  ep9 step 4500/10781 loss 0.0842 lr 2.74e-04 1141s
  ep9 step 5000/10781 loss 0.0839 lr 2.74e-04 1278s
  ep9 step 5500/10781 loss 0.0838 lr 2.73e-04 1423s
  ep9 step 6000/10781 loss 0.0836 lr 2.73e-04 1561s
  ep9 step 6500/10781 loss 0.0834 lr 2.73e-04 1690s
  ep9 step 7000/10781 loss 0.0833 lr 2.72e-04 1820s
  ep9 step 7500/10781 loss 0.0832 lr 2.72e-04 1955s
  ep9 step 8000/10781 loss 0.0830 lr 2.72e-04 2089s
  ep9 step 8500/10781 loss 0.0828 lr 2.71e-04 2220s
  ep9 step 9000/10781 loss 0.0827 lr 2.71e-04 2346s
  ep9 step 9500/10781 loss 0.0827 lr 2.71e-04 2469s
  ep9 step 10000/10781 loss 0.0826 lr 2.70e-04 2593s
  ep9 step 10500/10781 loss 0.0825 lr 2.70e-04 2722s
{"ep": 9, "loss": 0.08244, "val_pooled_db": [-11.73, -10.68, -9.78, -9.06], "val_median_db": [-16.34, -15.25, -14.06, -13.27], "val_align_db": [-17.9, -17.1, -16.14, -15.25], "rho": [0.992, 0.99, 0.988, 0.985], "copy_last_db": [-4.45, -1.94, -1.6, -1.16], "lr": 0.00026991641451052517, "sec": 2860.0}
  ep10 step 500/10781 loss 0.0789 lr 2.70e-04 122s
  ep10 step 1000/10781 loss 0.0792 lr 2.69e-04 243s
  ep10 step 1500/10781 loss 0.0794 lr 2.69e-04 366s
  ep10 step 2000/10781 loss 0.0794 lr 2.69e-04 489s
  ep10 step 2500/10781 loss 0.0795 lr 2.68e-04 613s
  ep10 step 3000/10781 loss 0.0794 lr 2.68e-04 736s
  ep10 step 3500/10781 loss 0.0793 lr 2.68e-04 857s
  ep10 step 4000/10781 loss 0.0793 lr 2.67e-04 978s
  ep10 step 4500/10781 loss 0.0793 lr 2.67e-04 1100s
  ep10 step 5000/10781 loss 0.0793 lr 2.66e-04 1221s
  ep10 step 5500/10781 loss 0.0794 lr 2.66e-04 1343s
  ep10 step 6000/10781 loss 0.0793 lr 2.66e-04 1465s
  ep10 step 6500/10781 loss 0.0793 lr 2.65e-04 1587s
  ep10 step 7000/10781 loss 0.0792 lr 2.65e-04 1709s
  ep10 step 7500/10781 loss 0.0794 lr 2.65e-04 1831s
  ep10 step 8000/10781 loss 0.0793 lr 2.64e-04 1954s
  ep10 step 8500/10781 loss 0.0792 lr 2.64e-04 2077s
  ep10 step 9000/10781 loss 0.0791 lr 2.64e-04 2198s
  ep10 step 9500/10781 loss 0.0791 lr 2.63e-04 2321s
  ep10 step 10000/10781 loss 0.0791 lr 2.63e-04 2443s
  ep10 step 10500/10781 loss 0.0790 lr 2.62e-04 2566s
{"ep": 10, "loss": 0.07899, "val_pooled_db": [-11.72, -10.69, -9.78, -9.02], "val_median_db": [-16.53, -15.55, -14.25, -13.37], "val_align_db": [-17.96, -17.14, -16.17, -15.2], "rho": [0.992, 0.99, 0.988, 0.985], "copy_last_db": [-4.45, -1.94, -1.6, -1.16], "lr": 0.00026227661222566516, "sec": 2698.5}
  ep11 step 500/10781 loss 0.0768 lr 2.62e-04 124s
  ep11 step 1000/10781 loss 0.0770 lr 2.62e-04 246s
  ep11 step 1500/10781 loss 0.0769 lr 2.61e-04 368s
  ep11 step 2000/10781 loss 0.0766 lr 2.61e-04 490s
  ep11 step 2500/10781 loss 0.0765 lr 2.60e-04 613s
  ep11 step 3000/10781 loss 0.0766 lr 2.60e-04 736s
  ep11 step 3500/10781 loss 0.0767 lr 2.60e-04 859s
  ep11 step 4000/10781 loss 0.0768 lr 2.59e-04 981s
  ep11 step 4500/10781 loss 0.0769 lr 2.59e-04 1105s
  ep11 step 5000/10781 loss 0.0769 lr 2.58e-04 1228s
  ep11 step 5500/10781 loss 0.0768 lr 2.58e-04 1373s
  ep11 step 6000/10781 loss 0.0768 lr 2.58e-04 1520s
  ep11 step 6500/10781 loss 0.0768 lr 2.57e-04 1668s
  ep11 step 7000/10781 loss 0.0767 lr 2.57e-04 1820s
  ep11 step 7500/10781 loss 0.0766 lr 2.57e-04 1947s
  ep11 step 8000/10781 loss 0.0765 lr 2.56e-04 2072s
  ep11 step 8500/10781 loss 0.0766 lr 2.56e-04 2198s
  ep11 step 9000/10781 loss 0.0765 lr 2.55e-04 2325s
  ep11 step 9500/10781 loss 0.0770 lr 2.55e-04 2450s
  ep11 step 10000/10781 loss 0.0769 lr 2.55e-04 2575s
  ep11 step 10500/10781 loss 0.0768 lr 2.54e-04 2702s
{"ep": 11, "loss": 0.07679, "val_pooled_db": [-11.7, -10.63, -9.65, -8.92], "val_median_db": [-16.42, -15.4, -14.13, -13.25], "val_align_db": [-18.01, -17.19, -16.13, -15.11], "rho": [0.992, 0.99, 0.988, 0.984], "copy_last_db": [-4.45, -1.94, -1.6, -1.16], "lr": 0.0002539086530264399, "sec": 2859.9}
  ep12 step 500/10781 loss 0.0743 lr 2.54e-04 202s
  ep12 step 1000/10781 loss 0.0744 lr 2.53e-04 388s
  ep12 step 1500/10781 loss 0.0744 lr 2.53e-04 580s
  ep12 step 2000/10781 loss 0.0745 lr 2.52e-04 734s
  ep12 step 2500/10781 loss 0.0746 lr 2.52e-04 860s
  ep12 step 3000/10781 loss 0.0745 lr 2.51e-04 988s
  ep12 step 3500/10781 loss 0.0745 lr 2.51e-04 1140s
  ep12 step 4000/10781 loss 0.0745 lr 2.51e-04 1287s
  ep12 step 4500/10781 loss 0.0745 lr 2.50e-04 1436s
  ep12 step 5000/10781 loss 0.0745 lr 2.50e-04 1581s
  ep12 step 5500/10781 loss 0.0744 lr 2.49e-04 1708s
  ep12 step 6000/10781 loss 0.0744 lr 2.49e-04 1833s
  ep12 step 6500/10781 loss 0.0743 lr 2.49e-04 1958s
  ep12 step 7000/10781 loss 0.0743 lr 2.48e-04 2084s
  ep12 step 7500/10781 loss 0.0744 lr 2.48e-04 2209s
  ep12 step 8000/10781 loss 0.0744 lr 2.47e-04 2339s
  ep12 step 8500/10781 loss 0.0743 lr 2.47e-04 2489s
  ep12 step 9000/10781 loss 0.0743 lr 2.46e-04 2639s
  ep12 step 9500/10781 loss 0.0743 lr 2.46e-04 2785s
  ep12 step 10000/10781 loss 0.0743 lr 2.46e-04 2923s
  ep12 step 10500/10781 loss 0.0742 lr 2.45e-04 3058s
{"ep": 12, "loss": 0.0742, "val_pooled_db": [-11.72, -10.61, -9.72, -8.97], "val_median_db": [-16.75, -15.75, -14.4, -13.56], "val_align_db": [-18.11, -17.46, -16.54, -15.53], "rho": [0.992, 0.991, 0.989, 0.986], "copy_last_db": [-4.45, -1.94, -1.6, -1.16], "lr": 0.0002448668063393066, "sec": 3213.6}
  ep13 step 500/10781 loss 0.0722 lr 2.44e-04 209s
  ep13 step 1000/10781 loss 0.0726 lr 2.44e-04 425s
  ep13 step 1500/10781 loss 0.0724 lr 2.44e-04 593s
  ep13 step 2000/10781 loss 0.0724 lr 2.43e-04 756s
  ep13 step 2500/10781 loss 0.0724 lr 2.43e-04 909s
  ep13 step 3000/10781 loss 0.0724 lr 2.42e-04 1037s
  ep13 step 3500/10781 loss 0.0724 lr 2.42e-04 1167s
  ep13 step 4000/10781 loss 0.0724 lr 2.41e-04 1298s
  ep13 step 4500/10781 loss 0.0724 lr 2.41e-04 1428s
  ep13 step 5000/10781 loss 0.0724 lr 2.40e-04 1560s
  ep13 step 5500/10781 loss 0.0724 lr 2.40e-04 1692s
  ep13 step 6000/10781 loss 0.0724 lr 2.40e-04 1824s
  ep13 step 6500/10781 loss 0.0723 lr 2.39e-04 1956s
  ep13 step 7000/10781 loss 0.0722 lr 2.39e-04 2087s
  ep13 step 7500/10781 loss 0.0722 lr 2.38e-04 2215s
  ep13 step 8000/10781 loss 0.0721 lr 2.38e-04 2339s
  ep13 step 8500/10781 loss 0.0721 lr 2.37e-04 2466s
  ep13 step 9000/10781 loss 0.0721 lr 2.37e-04 2591s
  ep13 step 9500/10781 loss 0.0721 lr 2.36e-04 2718s
  ep13 step 10000/10781 loss 0.0720 lr 2.36e-04 2843s
  ep13 step 10500/10781 loss 0.0720 lr 2.35e-04 2968s
{"ep": 13, "loss": 0.07198, "val_pooled_db": [-11.59, -10.6, -9.71, -8.93], "val_median_db": [-16.76, -15.68, -14.36, -13.58], "val_align_db": [-18.15, -17.26, -16.28, -15.39], "rho": [0.992, 0.991, 0.988, 0.985], "copy_last_db": [-4.45, -1.94, -1.6, -1.16], "lr": 0.00023520971200967334, "sec": 3087.1}
  ep14 step 500/10781 loss 0.0704 lr 2.35e-04 125s
  ep14 step 1000/10781 loss 0.0707 lr 2.34e-04 249s
  ep14 step 1500/10781 loss 0.0706 lr 2.34e-04 373s
  ep14 step 2000/10781 loss 0.0705 lr 2.33e-04 500s
  ep14 step 2500/10781 loss 0.0704 lr 2.33e-04 625s
  ep14 step 3000/10781 loss 0.0704 lr 2.32e-04 750s
  ep14 step 3500/10781 loss 0.0703 lr 2.32e-04 874s
  ep14 step 4000/10781 loss 0.0704 lr 2.31e-04 999s
  ep14 step 4500/10781 loss 0.0703 lr 2.31e-04 1124s
  ep14 step 5000/10781 loss 0.0705 lr 2.31e-04 1250s
  ep14 step 5500/10781 loss 0.0704 lr 2.30e-04 1370s
  ep14 step 6000/10781 loss 0.0704 lr 2.30e-04 1489s
  ep14 step 6500/10781 loss 0.0704 lr 2.29e-04 1609s
  ep14 step 7000/10781 loss 0.0704 lr 2.29e-04 1735s
  ep14 step 7500/10781 loss 0.0704 lr 2.28e-04 1894s
  ep14 step 8000/10781 loss 0.0703 lr 2.28e-04 2051s
  ep14 step 8500/10781 loss 0.0703 lr 2.27e-04 2205s
  ep14 step 9000/10781 loss 0.0703 lr 2.27e-04 2365s
  ep14 step 9500/10781 loss 0.0703 lr 2.26e-04 2526s
  ep14 step 10000/10781 loss 0.0702 lr 2.26e-04 2682s
  ep14 step 10500/10781 loss 0.0702 lr 2.25e-04 2842s
{"ep": 14, "loss": 0.07017, "val_pooled_db": [-11.55, -10.5, -9.6, -8.85], "val_median_db": [-16.78, -15.74, -14.34, -13.54], "val_align_db": [-18.15, -17.27, -16.23, -15.36], "rho": [0.992, 0.991, 0.988, 0.985], "copy_last_db": [-4.45, -1.94, -1.6, -1.16], "lr": 0.000225, "sec": 2966.5}
early stopping at ep 14 (best ep 9, -10.31 dB)
DONE best_ep 9 val_mean_pooled_db -10.31
