[mm] sensors ['cam'] pos_source predicted window_bytes {'cam': 4816896} coverage {"cam": {"channel_frames": 53800, "missing": 0, "examples": [], "rsu_frames_cached": 17200, "row_bytes": 301056}}
[mm_cam_s0] frames 53800 Nr 16 Nt 64 Ksc 64 | split B1: train windows 43121 (x16 = 689936), val windows 2439 (x16 = 39024) | load 0s
model mm:chiron params 23.18M | args {"model": "mm:chiron", "run_id": "mm_cam_s0", "setting": "Nt_1_64_Nr_1_16_fc_28GHz", "Ksc": 64, "K_hist": 16, "H_pred": 4, "split": "B1", "seed": 0, "epochs": 40, "patience": 5, "lr": 0.0003, "wd": 0.0001, "batch": 64, "clip": 1.0, "warmup_epochs": 1.0, "D": 512, "L": 6, "heads": 8, "dropout": 0.1, "no_pos_emb": false, "residual": false, "c_hid": 128, "c_enc": 32, "norm": "rms", "patch_h": 4, "patch_w": 16, "lwm11_init": "pretrained", "lwm11_freeze": "none", "in_scale": 1.0, "t_layers": 2, "device": "cuda:0", "workers": 0, "max_train_windows": 0, "eval_every": 1, "out_root": "/mnt/ssd_7t_2/carla-wireless-dataset/mmw_reproduction/outputs_cp", "sensors": "cam", "pos_source": "predicted", "pos_mode": "token", "fuse_layers": 3, "causal_mask": false, "sensor_cache_root": "", "backbone_init": ""}
[mm] param_groups {"backbone_no_head": 9178368, "head": 9978368, "fusion": 3554304, "embeddings": 5120, "enc_cam": 460800, "sensor_encoders": 460800, "total": 23176960}
  ep1 step 500/10781 loss 1.1745 lr 1.39e-05 158s
  ep1 step 1000/10781 loss 1.0960 lr 2.79e-05 298s
  ep1 step 1500/10781 loss 1.0648 lr 4.18e-05 511s
  ep1 step 2000/10781 loss 1.0462 lr 5.57e-05 776s
  ep1 step 2500/10781 loss 1.0339 lr 6.96e-05 1043s
  ep1 step 3000/10781 loss 1.0247 lr 8.35e-05 1200s
  ep1 step 3500/10781 loss 1.0174 lr 9.74e-05 1340s
  ep1 step 4000/10781 loss 1.0108 lr 1.11e-04 1477s
  ep1 step 4500/10781 loss 1.0047 lr 1.25e-04 1616s
  ep1 step 5000/10781 loss 0.9988 lr 1.39e-04 1755s
  ep1 step 5500/10781 loss 0.9921 lr 1.53e-04 1894s
  ep1 step 6000/10781 loss 0.9839 lr 1.67e-04 2034s
  ep1 step 6500/10781 loss 0.9753 lr 1.81e-04 2173s
  ep1 step 7000/10781 loss 0.9639 lr 1.95e-04 2312s
  ep1 step 7500/10781 loss 0.9494 lr 2.09e-04 2452s
  ep1 step 8000/10781 loss 0.9289 lr 2.23e-04 2590s
  ep1 step 8500/10781 loss 0.9030 lr 2.37e-04 2728s
  ep1 step 9000/10781 loss 0.8737 lr 2.50e-04 2867s
  ep1 step 9500/10781 loss 0.8450 lr 2.64e-04 3006s
  ep1 step 10000/10781 loss 0.8173 lr 2.78e-04 3145s
  ep1 step 10500/10781 loss 0.7900 lr 2.92e-04 3283s
{"ep": 1, "loss": 0.77522, "val_pooled_db": [-8.9, -8.13, -7.49, -6.82], "val_median_db": [-11.0, -10.36, -9.59, -8.91], "val_align_db": [-12.23, -11.8, -11.15, -10.67], "rho": [0.97, 0.966, 0.961, 0.956], "copy_last_db": [-4.45, -1.94, -1.6, -1.16], "lr": 0.0003, "sec": 3444.5}
  ep2 step 500/10781 loss 0.2277 lr 3.00e-04 137s
  ep2 step 1000/10781 loss 0.2137 lr 3.00e-04 276s
  ep2 step 1500/10781 loss 0.2075 lr 3.00e-04 416s
  ep2 step 2000/10781 loss 0.2040 lr 3.00e-04 554s
  ep2 step 2500/10781 loss 0.2006 lr 3.00e-04 693s
  ep2 step 3000/10781 loss 0.1971 lr 3.00e-04 831s
  ep2 step 3500/10781 loss 0.1948 lr 3.00e-04 969s
  ep2 step 4000/10781 loss 0.1914 lr 3.00e-04 1106s
  ep2 step 4500/10781 loss 0.1893 lr 3.00e-04 1244s
  ep2 step 5000/10781 loss 0.1867 lr 3.00e-04 1382s
  ep2 step 5500/10781 loss 0.1844 lr 3.00e-04 1520s
  ep2 step 6000/10781 loss 0.1823 lr 3.00e-04 1659s
  ep2 step 6500/10781 loss 0.1816 lr 3.00e-04 1798s
  ep2 step 7000/10781 loss 0.1795 lr 3.00e-04 1936s
  ep2 step 7500/10781 loss 0.1778 lr 3.00e-04 2074s
  ep2 step 8000/10781 loss 0.1761 lr 3.00e-04 2213s
  ep2 step 8500/10781 loss 0.1746 lr 3.00e-04 2352s
  ep2 step 9000/10781 loss 0.1730 lr 3.00e-04 2491s
  ep2 step 9500/10781 loss 0.1715 lr 3.00e-04 2629s
  ep2 step 10000/10781 loss 0.1704 lr 3.00e-04 2768s
  ep2 step 10500/10781 loss 0.1690 lr 3.00e-04 2906s
{"ep": 2, "loss": 0.16815, "val_pooled_db": [-10.99, -10.01, -9.28, -8.53], "val_median_db": [-14.07, -13.13, -12.42, -11.8], "val_align_db": [-15.48, -14.85, -14.16, -13.61], "rho": [0.986, 0.984, 0.981, 0.978], "copy_last_db": [-4.45, -1.94, -1.6, -1.16], "lr": 0.0002995135962201315, "sec": 3060.2}
  ep3 step 500/10781 loss 0.1380 lr 2.99e-04 137s
  ep3 step 1000/10781 loss 0.1399 lr 2.99e-04 274s
  ep3 step 1500/10781 loss 0.1387 lr 2.99e-04 412s
  ep3 step 2000/10781 loss 0.1398 lr 2.99e-04 550s
  ep3 step 2500/10781 loss 0.1383 lr 2.99e-04 688s
  ep3 step 3000/10781 loss 0.1371 lr 2.99e-04 828s
  ep3 step 3500/10781 loss 0.1362 lr 2.99e-04 970s
  ep3 step 4000/10781 loss 0.1355 lr 2.99e-04 1111s
  ep3 step 4500/10781 loss 0.1356 lr 2.99e-04 1252s
  ep3 step 5000/10781 loss 0.1350 lr 2.99e-04 1393s
  ep3 step 5500/10781 loss 0.1344 lr 2.99e-04 1535s
  ep3 step 6000/10781 loss 0.1338 lr 2.99e-04 1676s
  ep3 step 6500/10781 loss 0.1331 lr 2.99e-04 1818s
  ep3 step 7000/10781 loss 0.1325 lr 2.99e-04 1959s
  ep3 step 7500/10781 loss 0.1319 lr 2.99e-04 2099s
  ep3 step 8000/10781 loss 0.1314 lr 2.99e-04 2236s
  ep3 step 8500/10781 loss 0.1313 lr 2.98e-04 2371s
  ep3 step 9000/10781 loss 0.1307 lr 2.98e-04 2592s
  ep3 step 9500/10781 loss 0.1303 lr 2.98e-04 2812s
  ep3 step 10000/10781 loss 0.1301 lr 2.98e-04 3032s
  ep3 step 10500/10781 loss 0.1296 lr 2.98e-04 3252s
{"ep": 3, "loss": 0.1293, "val_pooled_db": [-11.42, -10.35, -9.55, -8.63], "val_median_db": [-15.06, -13.99, -13.08, -12.32], "val_align_db": [-16.69, -15.94, -15.08, -14.34], "rho": [0.989, 0.987, 0.984, 0.981], "copy_last_db": [-4.45, -1.94, -1.6, -1.16], "lr": 0.00029805753939568687, "sec": 3483.8}
  ep4 step 500/10781 loss 0.1174 lr 2.98e-04 221s
  ep4 step 1000/10781 loss 0.1178 lr 2.98e-04 412s
  ep4 step 1500/10781 loss 0.1170 lr 2.98e-04 547s
  ep4 step 2000/10781 loss 0.1171 lr 2.98e-04 681s
  ep4 step 2500/10781 loss 0.1181 lr 2.98e-04 816s
  ep4 step 3000/10781 loss 0.1180 lr 2.97e-04 951s
  ep4 step 3500/10781 loss 0.1175 lr 2.97e-04 1086s
  ep4 step 4000/10781 loss 0.1172 lr 2.97e-04 1220s
  ep4 step 4500/10781 loss 0.1169 lr 2.97e-04 1355s
  ep4 step 5000/10781 loss 0.1166 lr 2.97e-04 1491s
  ep4 step 5500/10781 loss 0.1162 lr 2.97e-04 1626s
  ep4 step 6000/10781 loss 0.1159 lr 2.97e-04 1761s
  ep4 step 6500/10781 loss 0.1155 lr 2.97e-04 1896s
  ep4 step 7000/10781 loss 0.1151 lr 2.97e-04 2031s
  ep4 step 7500/10781 loss 0.1149 lr 2.96e-04 2166s
  ep4 step 8000/10781 loss 0.1145 lr 2.96e-04 2301s
  ep4 step 8500/10781 loss 0.1143 lr 2.96e-04 2437s
  ep4 step 9000/10781 loss 0.1142 lr 2.96e-04 2573s
  ep4 step 9500/10781 loss 0.1140 lr 2.96e-04 2708s
  ep4 step 10000/10781 loss 0.1136 lr 2.96e-04 2844s
  ep4 step 10500/10781 loss 0.1134 lr 2.96e-04 2979s
{"ep": 4, "loss": 0.11324, "val_pooled_db": [-11.57, -10.48, -9.58, -8.82], "val_median_db": [-15.31, -14.42, -13.37, -12.6], "val_align_db": [-16.93, -16.22, -15.25, -14.47], "rho": [0.99, 0.988, 0.985, 0.982], "copy_last_db": [-4.45, -1.94, -1.6, -1.16], "lr": 0.00029564127261390776, "sec": 3128.5}
  ep5 step 500/10781 loss 0.1078 lr 2.96e-04 135s
  ep5 step 1000/10781 loss 0.1103 lr 2.95e-04 271s
  ep5 step 1500/10781 loss 0.1087 lr 2.95e-04 406s
  ep5 step 2000/10781 loss 0.1077 lr 2.95e-04 541s
  ep5 step 2500/10781 loss 0.1069 lr 2.95e-04 677s
  ep5 step 3000/10781 loss 0.1064 lr 2.95e-04 812s
  ep5 step 3500/10781 loss 0.1062 lr 2.95e-04 948s
  ep5 step 4000/10781 loss 0.1058 lr 2.95e-04 1082s
  ep5 step 4500/10781 loss 0.1055 lr 2.94e-04 1218s
  ep5 step 5000/10781 loss 0.1057 lr 2.94e-04 1354s
  ep5 step 5500/10781 loss 0.1060 lr 2.94e-04 1489s
  ep5 step 6000/10781 loss 0.1058 lr 2.94e-04 1625s
  ep5 step 6500/10781 loss 0.1054 lr 2.94e-04 1760s
  ep5 step 7000/10781 loss 0.1052 lr 2.94e-04 1896s
  ep5 step 7500/10781 loss 0.1050 lr 2.93e-04 2031s
  ep5 step 8000/10781 loss 0.1048 lr 2.93e-04 2167s
  ep5 step 8500/10781 loss 0.1046 lr 2.93e-04 2302s
  ep5 step 9000/10781 loss 0.1044 lr 2.93e-04 2437s
  ep5 step 9500/10781 loss 0.1042 lr 2.93e-04 2573s
  ep5 step 10000/10781 loss 0.1039 lr 2.93e-04 2708s
  ep5 step 10500/10781 loss 0.1037 lr 2.92e-04 2843s
{"ep": 5, "loss": 0.10365, "val_pooled_db": [-11.64, -10.59, -9.73, -8.95], "val_median_db": [-15.7, -14.76, -13.77, -12.94], "val_align_db": [-17.33, -16.6, -15.67, -14.98], "rho": [0.991, 0.989, 0.986, 0.984], "copy_last_db": [-4.45, -1.94, -1.6, -1.16], "lr": 0.00029228046629207175, "sec": 2991.9}
  ep6 step 500/10781 loss 0.0980 lr 2.92e-04 135s
  ep6 step 1000/10781 loss 0.0974 lr 2.92e-04 270s
  ep6 step 1500/10781 loss 0.0977 lr 2.92e-04 405s
  ep6 step 2000/10781 loss 0.0977 lr 2.92e-04 540s
  ep6 step 2500/10781 loss 0.0974 lr 2.91e-04 676s
  ep6 step 3000/10781 loss 0.0973 lr 2.91e-04 811s
  ep6 step 3500/10781 loss 0.0970 lr 2.91e-04 947s
  ep6 step 4000/10781 loss 0.0969 lr 2.91e-04 1082s
  ep6 step 4500/10781 loss 0.0968 lr 2.91e-04 1217s
  ep6 step 5000/10781 loss 0.0967 lr 2.90e-04 1353s
  ep6 step 5500/10781 loss 0.0969 lr 2.90e-04 1488s
  ep6 step 6000/10781 loss 0.0969 lr 2.90e-04 1623s
  ep6 step 6500/10781 loss 0.0967 lr 2.90e-04 1759s
  ep6 step 7000/10781 loss 0.0965 lr 2.90e-04 1895s
  ep6 step 7500/10781 loss 0.0966 lr 2.89e-04 2030s
  ep6 step 8000/10781 loss 0.0965 lr 2.89e-04 2165s
  ep6 step 8500/10781 loss 0.0963 lr 2.89e-04 2300s
  ep6 step 9000/10781 loss 0.0962 lr 2.89e-04 2437s
  ep6 step 9500/10781 loss 0.0961 lr 2.89e-04 2572s
  ep6 step 10000/10781 loss 0.0960 lr 2.88e-04 2707s
  ep6 step 10500/10781 loss 0.0959 lr 2.88e-04 2843s
{"ep": 6, "loss": 0.09582, "val_pooled_db": [-11.75, -10.64, -9.73, -8.96], "val_median_db": [-16.0, -14.79, -13.77, -13.03], "val_align_db": [-17.33, -16.46, -15.49, -14.8], "rho": [0.991, 0.989, 0.986, 0.983], "copy_last_db": [-4.45, -1.94, -1.6, -1.16], "lr": 0.0002879969165488236, "sec": 2991.9}
  ep7 step 500/10781 loss 0.0920 lr 2.88e-04 136s
  ep7 step 1000/10781 loss 0.0912 lr 2.88e-04 271s
  ep7 step 1500/10781 loss 0.0911 lr 2.87e-04 406s
  ep7 step 2000/10781 loss 0.0915 lr 2.87e-04 542s
  ep7 step 2500/10781 loss 0.0915 lr 2.87e-04 677s
  ep7 step 3000/10781 loss 0.0913 lr 2.87e-04 812s
  ep7 step 3500/10781 loss 0.0912 lr 2.86e-04 948s
  ep7 step 4000/10781 loss 0.0911 lr 2.86e-04 1084s
  ep7 step 4500/10781 loss 0.0911 lr 2.86e-04 1220s
  ep7 step 5000/10781 loss 0.0910 lr 2.86e-04 1355s
  ep7 step 5500/10781 loss 0.0911 lr 2.85e-04 1490s
  ep7 step 6000/10781 loss 0.0910 lr 2.85e-04 1625s
  ep7 step 6500/10781 loss 0.0908 lr 2.85e-04 1761s
  ep7 step 7000/10781 loss 0.0907 lr 2.85e-04 1896s
  ep7 step 7500/10781 loss 0.0906 lr 2.84e-04 2030s
  ep7 step 8000/10781 loss 0.0905 lr 2.84e-04 2165s
  ep7 step 8500/10781 loss 0.0904 lr 2.84e-04 2300s
  ep7 step 9000/10781 loss 0.0903 lr 2.84e-04 2435s
  ep7 step 9500/10781 loss 0.0901 lr 2.83e-04 2570s
  ep7 step 10000/10781 loss 0.0900 lr 2.83e-04 2704s
  ep7 step 10500/10781 loss 0.0899 lr 2.83e-04 2839s
{"ep": 7, "loss": 0.08986, "val_pooled_db": [-11.79, -10.69, -9.81, -8.93], "val_median_db": [-16.0, -14.89, -13.77, -12.86], "val_align_db": [-17.49, -16.5, -15.62, -14.75], "rho": [0.991, 0.989, 0.986, 0.983], "copy_last_db": [-4.45, -1.94, -1.6, -1.16], "lr": 0.0002828184038479814, "sec": 2987.8}
  ep8 step 500/10781 loss 0.0883 lr 2.83e-04 136s
  ep8 step 1000/10781 loss 0.0866 lr 2.82e-04 270s
  ep8 step 1500/10781 loss 0.0865 lr 2.82e-04 405s
  ep8 step 2000/10781 loss 0.0865 lr 2.82e-04 540s
  ep8 step 2500/10781 loss 0.0864 lr 2.81e-04 675s
  ep8 step 3000/10781 loss 0.0861 lr 2.81e-04 810s
  ep8 step 3500/10781 loss 0.0861 lr 2.81e-04 945s
  ep8 step 4000/10781 loss 0.0862 lr 2.81e-04 1081s
  ep8 step 4500/10781 loss 0.0864 lr 2.80e-04 1216s
  ep8 step 5000/10781 loss 0.0862 lr 2.80e-04 1352s
  ep8 step 5500/10781 loss 0.0860 lr 2.80e-04 1487s
  ep8 step 6000/10781 loss 0.0861 lr 2.80e-04 1622s
  ep8 step 6500/10781 loss 0.0860 lr 2.79e-04 1757s
  ep8 step 7000/10781 loss 0.0860 lr 2.79e-04 1893s
  ep8 step 7500/10781 loss 0.0858 lr 2.79e-04 2029s
  ep8 step 8000/10781 loss 0.0857 lr 2.78e-04 2164s
  ep8 step 8500/10781 loss 0.0857 lr 2.78e-04 2300s
  ep8 step 9000/10781 loss 0.0856 lr 2.78e-04 2435s
  ep8 step 9500/10781 loss 0.0855 lr 2.78e-04 2570s
  ep8 step 10000/10781 loss 0.0854 lr 2.77e-04 2706s
  ep8 step 10500/10781 loss 0.0854 lr 2.77e-04 2841s
{"ep": 8, "loss": 0.08533, "val_pooled_db": [-11.8, -10.77, -9.89, -9.08], "val_median_db": [-16.37, -15.32, -14.22, -13.42], "val_align_db": [-17.75, -16.91, -16.01, -15.17], "rho": [0.992, 0.99, 0.987, 0.985], "copy_last_db": [-4.45, -1.94, -1.6, -1.16], "lr": 0.0002767785128315692, "sec": 2991.0}
  ep9 step 500/10781 loss 0.0828 lr 2.76e-04 135s
  ep9 step 1000/10781 loss 0.0827 lr 2.76e-04 270s
  ep9 step 1500/10781 loss 0.0825 lr 2.76e-04 406s
  ep9 step 2000/10781 loss 0.0825 lr 2.76e-04 541s
  ep9 step 2500/10781 loss 0.0825 lr 2.75e-04 677s
  ep9 step 3000/10781 loss 0.0824 lr 2.75e-04 812s
  ep9 step 3500/10781 loss 0.0825 lr 2.75e-04 948s
  ep9 step 4000/10781 loss 0.0824 lr 2.74e-04 1083s
  ep9 step 4500/10781 loss 0.0823 lr 2.74e-04 1218s
  ep9 step 5000/10781 loss 0.0822 lr 2.74e-04 1354s
  ep9 step 5500/10781 loss 0.0821 lr 2.73e-04 1489s
  ep9 step 6000/10781 loss 0.0820 lr 2.73e-04 1624s
  ep9 step 6500/10781 loss 0.0821 lr 2.73e-04 1760s
  ep9 step 7000/10781 loss 0.0820 lr 2.72e-04 1895s
  ep9 step 7500/10781 loss 0.0821 lr 2.72e-04 2030s
  ep9 step 8000/10781 loss 0.0820 lr 2.72e-04 2165s
  ep9 step 8500/10781 loss 0.0819 lr 2.71e-04 2301s
  ep9 step 9000/10781 loss 0.0818 lr 2.71e-04 2436s
  ep9 step 9500/10781 loss 0.0818 lr 2.71e-04 2572s
  ep9 step 10000/10781 loss 0.0817 lr 2.70e-04 2707s
  ep9 step 10500/10781 loss 0.0816 lr 2.70e-04 2843s
{"ep": 9, "loss": 0.08154, "val_pooled_db": [-11.86, -10.8, -9.92, -9.03], "val_median_db": [-16.45, -15.36, -14.2, -13.31], "val_align_db": [-17.77, -16.81, -15.91, -15.06], "rho": [0.992, 0.99, 0.987, 0.984], "copy_last_db": [-4.45, -1.94, -1.6, -1.16], "lr": 0.00026991641451052517, "sec": 2992.6}
  ep10 step 500/10781 loss 0.0797 lr 2.70e-04 135s
  ep10 step 1000/10781 loss 0.0794 lr 2.69e-04 271s
  ep10 step 1500/10781 loss 0.0793 lr 2.69e-04 406s
  ep10 step 2000/10781 loss 0.0790 lr 2.69e-04 541s
  ep10 step 2500/10781 loss 0.0790 lr 2.68e-04 677s
  ep10 step 3000/10781 loss 0.0790 lr 2.68e-04 812s
  ep10 step 3500/10781 loss 0.0790 lr 2.68e-04 948s
  ep10 step 4000/10781 loss 0.0790 lr 2.67e-04 1083s
  ep10 step 4500/10781 loss 0.0794 lr 2.67e-04 1219s
  ep10 step 5000/10781 loss 0.0795 lr 2.66e-04 1354s
  ep10 step 5500/10781 loss 0.0794 lr 2.66e-04 1489s
  ep10 step 6000/10781 loss 0.0792 lr 2.66e-04 1623s
  ep10 step 6500/10781 loss 0.0792 lr 2.65e-04 1759s
  ep10 step 7000/10781 loss 0.0791 lr 2.65e-04 1894s
  ep10 step 7500/10781 loss 0.0790 lr 2.65e-04 2029s
  ep10 step 8000/10781 loss 0.0790 lr 2.64e-04 2164s
  ep10 step 8500/10781 loss 0.0789 lr 2.64e-04 2299s
  ep10 step 9000/10781 loss 0.0788 lr 2.64e-04 2435s
  ep10 step 9500/10781 loss 0.0788 lr 2.63e-04 2570s
  ep10 step 10000/10781 loss 0.0788 lr 2.63e-04 2706s
  ep10 step 10500/10781 loss 0.0788 lr 2.62e-04 2841s
{"ep": 10, "loss": 0.07877, "val_pooled_db": [-11.85, -10.86, -9.95, -9.15], "val_median_db": [-16.8, -15.66, -14.39, -13.54], "val_align_db": [-18.04, -17.09, -16.15, -15.24], "rho": [0.992, 0.99, 0.988, 0.985], "copy_last_db": [-4.45, -1.94, -1.6, -1.16], "lr": 0.00026227661222566516, "sec": 2990.5}
  ep11 step 500/10781 loss 0.0771 lr 2.62e-04 136s
  ep11 step 1000/10781 loss 0.0770 lr 2.62e-04 271s
  ep11 step 1500/10781 loss 0.0768 lr 2.61e-04 406s
  ep11 step 2000/10781 loss 0.0768 lr 2.61e-04 542s
  ep11 step 2500/10781 loss 0.0767 lr 2.60e-04 677s
  ep11 step 3000/10781 loss 0.0768 lr 2.60e-04 813s
  ep11 step 3500/10781 loss 0.0768 lr 2.60e-04 949s
  ep11 step 4000/10781 loss 0.0768 lr 2.59e-04 1084s
  ep11 step 4500/10781 loss 0.0774 lr 2.59e-04 1219s
  ep11 step 5000/10781 loss 0.0773 lr 2.58e-04 1355s
  ep11 step 5500/10781 loss 0.0772 lr 2.58e-04 1489s
  ep11 step 6000/10781 loss 0.0771 lr 2.58e-04 1623s
  ep11 step 6500/10781 loss 0.0770 lr 2.57e-04 1756s
  ep11 step 7000/10781 loss 0.0769 lr 2.57e-04 1890s
  ep11 step 7500/10781 loss 0.0768 lr 2.57e-04 2024s
  ep11 step 8000/10781 loss 0.0767 lr 2.56e-04 2158s
  ep11 step 8500/10781 loss 0.0768 lr 2.56e-04 2290s
  ep11 step 9000/10781 loss 0.0767 lr 2.55e-04 2423s
  ep11 step 9500/10781 loss 0.0766 lr 2.55e-04 2556s
  ep11 step 10000/10781 loss 0.0765 lr 2.55e-04 2694s
  ep11 step 10500/10781 loss 0.0765 lr 2.54e-04 2829s
{"ep": 11, "loss": 0.07644, "val_pooled_db": [-11.88, -10.8, -9.89, -9.03], "val_median_db": [-16.53, -15.33, -14.14, -13.36], "val_align_db": [-17.99, -17.02, -16.01, -15.15], "rho": [0.992, 0.99, 0.987, 0.985], "copy_last_db": [-4.45, -1.94, -1.6, -1.16], "lr": 0.0002539086530264399, "sec": 2983.1}
  ep12 step 500/10781 loss 0.0745 lr 2.54e-04 135s
  ep12 step 1000/10781 loss 0.0746 lr 2.53e-04 269s
  ep12 step 1500/10781 loss 0.0745 lr 2.53e-04 404s
  ep12 step 2000/10781 loss 0.0746 lr 2.52e-04 537s
  ep12 step 2500/10781 loss 0.0745 lr 2.52e-04 671s
  ep12 step 3000/10781 loss 0.0747 lr 2.51e-04 805s
  ep12 step 3500/10781 loss 0.0747 lr 2.51e-04 938s
  ep12 step 4000/10781 loss 0.0748 lr 2.51e-04 1072s
  ep12 step 4500/10781 loss 0.0747 lr 2.50e-04 1205s
  ep12 step 5000/10781 loss 0.0746 lr 2.50e-04 1339s
  ep12 step 5500/10781 loss 0.0744 lr 2.49e-04 1472s
  ep12 step 6000/10781 loss 0.0744 lr 2.49e-04 1608s
  ep12 step 6500/10781 loss 0.0743 lr 2.49e-04 1742s
  ep12 step 7000/10781 loss 0.0743 lr 2.48e-04 1878s
  ep12 step 7500/10781 loss 0.0742 lr 2.48e-04 2013s
  ep12 step 8000/10781 loss 0.0743 lr 2.47e-04 2149s
  ep12 step 8500/10781 loss 0.0742 lr 2.47e-04 2284s
  ep12 step 9000/10781 loss 0.0742 lr 2.46e-04 2419s
  ep12 step 9500/10781 loss 0.0741 lr 2.46e-04 2554s
  ep12 step 10000/10781 loss 0.0741 lr 2.46e-04 2689s
  ep12 step 10500/10781 loss 0.0741 lr 2.45e-04 2824s
{"ep": 12, "loss": 0.07405, "val_pooled_db": [-11.86, -10.82, -9.92, -9.09], "val_median_db": [-16.7, -15.61, -14.25, -13.44], "val_align_db": [-18.08, -17.25, -16.14, -15.27], "rho": [0.992, 0.991, 0.988, 0.985], "copy_last_db": [-4.45, -1.94, -1.6, -1.16], "lr": 0.0002448668063393066, "sec": 2970.7}
  ep13 step 500/10781 loss 0.0718 lr 2.44e-04 133s
  ep13 step 1000/10781 loss 0.0721 lr 2.44e-04 267s
  ep13 step 1500/10781 loss 0.0722 lr 2.44e-04 401s
  ep13 step 2000/10781 loss 0.0721 lr 2.43e-04 534s
  ep13 step 2500/10781 loss 0.0721 lr 2.43e-04 668s
  ep13 step 3000/10781 loss 0.0722 lr 2.42e-04 801s
  ep13 step 3500/10781 loss 0.0722 lr 2.42e-04 934s
  ep13 step 4000/10781 loss 0.0723 lr 2.41e-04 1174s
  ep13 step 4500/10781 loss 0.0723 lr 2.41e-04 1410s
  ep13 step 5000/10781 loss 0.0723 lr 2.40e-04 1625s
  ep13 step 5500/10781 loss 0.0723 lr 2.40e-04 1762s
  ep13 step 6000/10781 loss 0.0723 lr 2.40e-04 1898s
  ep13 step 6500/10781 loss 0.0723 lr 2.39e-04 2035s
  ep13 step 7000/10781 loss 0.0723 lr 2.39e-04 2172s
  ep13 step 7500/10781 loss 0.0722 lr 2.38e-04 2309s
  ep13 step 8000/10781 loss 0.0722 lr 2.38e-04 2445s
  ep13 step 8500/10781 loss 0.0723 lr 2.37e-04 2582s
  ep13 step 9000/10781 loss 0.0722 lr 2.37e-04 2718s
  ep13 step 9500/10781 loss 0.0722 lr 2.36e-04 2855s
  ep13 step 10000/10781 loss 0.0721 lr 2.36e-04 2991s
  ep13 step 10500/10781 loss 0.0721 lr 2.35e-04 3126s
{"ep": 13, "loss": 0.0722, "val_pooled_db": [-11.87, -10.82, -9.84, -9.09], "val_median_db": [-16.62, -15.48, -14.17, -13.42], "val_align_db": [-17.82, -16.93, -15.96, -15.09], "rho": [0.992, 0.99, 0.987, 0.984], "copy_last_db": [-4.45, -1.94, -1.6, -1.16], "lr": 0.00023520971200967334, "sec": 3274.9}
  ep14 step 500/10781 loss 0.0705 lr 2.35e-04 135s
  ep14 step 1000/10781 loss 0.0707 lr 2.34e-04 270s
  ep14 step 1500/10781 loss 0.0709 lr 2.34e-04 405s
  ep14 step 2000/10781 loss 0.0707 lr 2.33e-04 540s
  ep14 step 2500/10781 loss 0.0707 lr 2.33e-04 675s
  ep14 step 3000/10781 loss 0.0708 lr 2.32e-04 810s
  ep14 step 3500/10781 loss 0.0708 lr 2.32e-04 945s
  ep14 step 4000/10781 loss 0.0708 lr 2.31e-04 1080s
  ep14 step 4500/10781 loss 0.0706 lr 2.31e-04 1215s
  ep14 step 5000/10781 loss 0.0707 lr 2.31e-04 1351s
  ep14 step 5500/10781 loss 0.0707 lr 2.30e-04 1486s
  ep14 step 6000/10781 loss 0.0707 lr 2.30e-04 1621s
  ep14 step 6500/10781 loss 0.0706 lr 2.29e-04 1756s
  ep14 step 7000/10781 loss 0.0706 lr 2.29e-04 1892s
  ep14 step 7500/10781 loss 0.0706 lr 2.28e-04 2027s
  ep14 step 8000/10781 loss 0.0706 lr 2.28e-04 2162s
  ep14 step 8500/10781 loss 0.0706 lr 2.27e-04 2298s
  ep14 step 9000/10781 loss 0.0706 lr 2.27e-04 2433s
  ep14 step 9500/10781 loss 0.0706 lr 2.26e-04 2570s
  ep14 step 10000/10781 loss 0.0705 lr 2.26e-04 2705s
  ep14 step 10500/10781 loss 0.0705 lr 2.25e-04 2840s
{"ep": 14, "loss": 0.07046, "val_pooled_db": [-11.98, -10.89, -10.02, -9.2], "val_median_db": [-16.66, -15.53, -14.29, -13.61], "val_align_db": [-17.99, -17.07, -16.13, -15.37], "rho": [0.992, 0.99, 0.988, 0.985], "copy_last_db": [-4.45, -1.94, -1.6, -1.16], "lr": 0.000225, "sec": 2989.2}
  ep15 step 500/10781 loss 0.0691 lr 2.25e-04 135s
  ep15 step 1000/10781 loss 0.0695 lr 2.24e-04 269s
  ep15 step 1500/10781 loss 0.0694 lr 2.24e-04 404s
  ep15 step 2000/10781 loss 0.0695 lr 2.23e-04 539s
  ep15 step 2500/10781 loss 0.0696 lr 2.23e-04 673s
  ep15 step 3000/10781 loss 0.0695 lr 2.22e-04 808s
  ep15 step 3500/10781 loss 0.0694 lr 2.22e-04 943s
  ep15 step 4000/10781 loss 0.0694 lr 2.21e-04 1078s
  ep15 step 4500/10781 loss 0.0694 lr 2.21e-04 1214s
  ep15 step 5000/10781 loss 0.0694 lr 2.20e-04 1349s
  ep15 step 5500/10781 loss 0.0694 lr 2.20e-04 1483s
  ep15 step 6000/10781 loss 0.0694 lr 2.19e-04 1618s
  ep15 step 6500/10781 loss 0.0693 lr 2.19e-04 1753s
  ep15 step 7000/10781 loss 0.0693 lr 2.18e-04 1888s
  ep15 step 7500/10781 loss 0.0693 lr 2.18e-04 2022s
  ep15 step 8000/10781 loss 0.0693 lr 2.17e-04 2157s
  ep15 step 8500/10781 loss 0.0693 lr 2.17e-04 2292s
  ep15 step 9000/10781 loss 0.0692 lr 2.16e-04 2427s
  ep15 step 9500/10781 loss 0.0692 lr 2.16e-04 2561s
  ep15 step 10000/10781 loss 0.0693 lr 2.15e-04 2696s
  ep15 step 10500/10781 loss 0.0693 lr 2.15e-04 2831s
{"ep": 15, "loss": 0.0693, "val_pooled_db": [-11.88, -10.75, -9.74, -8.97], "val_median_db": [-16.57, -15.31, -13.99, -13.18], "val_align_db": [-17.9, -16.88, -15.82, -14.98], "rho": [0.992, 0.99, 0.987, 0.984], "copy_last_db": [-4.45, -1.94, -1.6, -1.16], "lr": 0.0002143038842104581, "sec": 2980.3}
  ep16 step 500/10781 loss 0.0681 lr 2.14e-04 135s
  ep16 step 1000/10781 loss 0.0675 lr 2.13e-04 269s
  ep16 step 1500/10781 loss 0.0678 lr 2.13e-04 405s
  ep16 step 2000/10781 loss 0.0679 lr 2.12e-04 540s
  ep16 step 2500/10781 loss 0.0679 lr 2.12e-04 676s
  ep16 step 3000/10781 loss 0.0680 lr 2.11e-04 811s
  ep16 step 3500/10781 loss 0.0679 lr 2.11e-04 946s
  ep16 step 4000/10781 loss 0.0680 lr 2.10e-04 1081s
  ep16 step 4500/10781 loss 0.0680 lr 2.10e-04 1216s
  ep16 step 5000/10781 loss 0.0680 lr 2.09e-04 1351s
  ep16 step 5500/10781 loss 0.0680 lr 2.09e-04 1485s
  ep16 step 6000/10781 loss 0.0680 lr 2.08e-04 1619s
  ep16 step 6500/10781 loss 0.0679 lr 2.08e-04 1754s
  ep16 step 7000/10781 loss 0.0679 lr 2.07e-04 1889s
  ep16 step 7500/10781 loss 0.0679 lr 2.07e-04 2024s
  ep16 step 8000/10781 loss 0.0679 lr 2.06e-04 2159s
  ep16 step 8500/10781 loss 0.0679 lr 2.06e-04 2294s
  ep16 step 9000/10781 loss 0.0679 lr 2.05e-04 2429s
  ep16 step 9500/10781 loss 0.0679 lr 2.05e-04 2563s
  ep16 step 10000/10781 loss 0.0679 lr 2.04e-04 2697s
  ep16 step 10500/10781 loss 0.0678 lr 2.03e-04 2832s
{"ep": 16, "loss": 0.06784, "val_pooled_db": [-11.94, -10.79, -9.87, -9.08], "val_median_db": [-16.69, -15.45, -14.21, -13.37], "val_align_db": [-17.96, -16.95, -15.92, -14.99], "rho": [0.992, 0.99, 0.987, 0.984], "copy_last_db": [-4.45, -1.94, -1.6, -1.16], "lr": 0.0002031907330563803, "sec": 2981.6}
  ep17 step 500/10781 loss 0.0675 lr 2.03e-04 134s
  ep17 step 1000/10781 loss 0.0670 lr 2.02e-04 268s
  ep17 step 1500/10781 loss 0.0670 lr 2.02e-04 402s
  ep17 step 2000/10781 loss 0.0668 lr 2.01e-04 537s
  ep17 step 2500/10781 loss 0.0669 lr 2.01e-04 671s
  ep17 step 3000/10781 loss 0.0669 lr 2.00e-04 805s
  ep17 step 3500/10781 loss 0.0670 lr 2.00e-04 939s
  ep17 step 4000/10781 loss 0.0669 lr 1.99e-04 1073s
  ep17 step 4500/10781 loss 0.0669 lr 1.98e-04 1208s
  ep17 step 5000/10781 loss 0.0668 lr 1.98e-04 1342s
  ep17 step 5500/10781 loss 0.0668 lr 1.97e-04 1476s
  ep17 step 6000/10781 loss 0.0668 lr 1.97e-04 1611s
  ep17 step 6500/10781 loss 0.0668 lr 1.96e-04 1745s
  ep17 step 7000/10781 loss 0.0669 lr 1.96e-04 1880s
  ep17 step 7500/10781 loss 0.0668 lr 1.95e-04 2014s
  ep17 step 8000/10781 loss 0.0668 lr 1.95e-04 2148s
  ep17 step 8500/10781 loss 0.0668 lr 1.94e-04 2284s
  ep17 step 9000/10781 loss 0.0668 lr 1.94e-04 2418s
  ep17 step 9500/10781 loss 0.0668 lr 1.93e-04 2552s
  ep17 step 10000/10781 loss 0.0668 lr 1.93e-04 2687s
  ep17 step 10500/10781 loss 0.0667 lr 1.92e-04 2822s
{"ep": 17, "loss": 0.0667, "val_pooled_db": [-11.97, -10.92, -9.96, -9.16], "val_median_db": [-16.88, -15.7, -14.43, -13.6], "val_align_db": [-18.18, -17.26, -16.2, -15.37], "rho": [0.992, 0.991, 0.988, 0.985], "copy_last_db": [-4.45, -1.94, -1.6, -1.16], "lr": 0.0001917326195874679, "sec": 2970.5}
  ep18 step 500/10781 loss 0.0659 lr 1.91e-04 134s
  ep18 step 1000/10781 loss 0.0657 lr 1.91e-04 269s
  ep18 step 1500/10781 loss 0.0658 lr 1.90e-04 404s
  ep18 step 2000/10781 loss 0.0660 lr 1.90e-04 538s
  ep18 step 2500/10781 loss 0.0659 lr 1.89e-04 673s
  ep18 step 3000/10781 loss 0.0659 lr 1.88e-04 808s
  ep18 step 3500/10781 loss 0.0659 lr 1.88e-04 942s
  ep18 step 4000/10781 loss 0.0660 lr 1.87e-04 1077s
  ep18 step 4500/10781 loss 0.0659 lr 1.87e-04 1211s
  ep18 step 5000/10781 loss 0.0658 lr 1.86e-04 1346s
  ep18 step 5500/10781 loss 0.0658 lr 1.86e-04 1480s
  ep18 step 6000/10781 loss 0.0658 lr 1.85e-04 1617s
  ep18 step 6500/10781 loss 0.0657 lr 1.85e-04 1751s
  ep18 step 7000/10781 loss 0.0658 lr 1.84e-04 1885s
  ep18 step 7500/10781 loss 0.0657 lr 1.84e-04 2020s
  ep18 step 8000/10781 loss 0.0657 lr 1.83e-04 2155s
  ep18 step 8500/10781 loss 0.0657 lr 1.83e-04 2289s
  ep18 step 9000/10781 loss 0.0657 lr 1.82e-04 2424s
  ep18 step 9500/10781 loss 0.0657 lr 1.81e-04 2558s
  ep18 step 10000/10781 loss 0.0657 lr 1.81e-04 2693s
  ep18 step 10500/10781 loss 0.0656 lr 1.80e-04 2828s
{"ep": 18, "loss": 0.06564, "val_pooled_db": [-12.02, -10.93, -9.94, -9.13], "val_median_db": [-17.05, -15.82, -14.42, -13.49], "val_align_db": [-18.33, -17.34, -16.23, -15.36], "rho": [0.993, 0.991, 0.988, 0.985], "copy_last_db": [-4.45, -1.94, -1.6, -1.16], "lr": 0.00018000385406640666, "sec": 2977.4}
  ep19 step 500/10781 loss 0.0651 lr 1.79e-04 135s
  ep19 step 1000/10781 loss 0.0651 lr 1.79e-04 269s
  ep19 step 1500/10781 loss 0.0650 lr 1.78e-04 404s
  ep19 step 2000/10781 loss 0.0650 lr 1.78e-04 539s
  ep19 step 2500/10781 loss 0.0651 lr 1.77e-04 673s
  ep19 step 3000/10781 loss 0.0651 lr 1.77e-04 808s
  ep19 step 3500/10781 loss 0.0651 lr 1.76e-04 944s
  ep19 step 4000/10781 loss 0.0650 lr 1.76e-04 1079s
  ep19 step 4500/10781 loss 0.0650 lr 1.75e-04 1214s
  ep19 step 5000/10781 loss 0.0650 lr 1.74e-04 1348s
  ep19 step 5500/10781 loss 0.0650 lr 1.74e-04 1484s
  ep19 step 6000/10781 loss 0.0650 lr 1.73e-04 1618s
  ep19 step 6500/10781 loss 0.0650 lr 1.73e-04 1753s
  ep19 step 7000/10781 loss 0.0650 lr 1.72e-04 1888s
  ep19 step 7500/10781 loss 0.0650 lr 1.72e-04 2023s
  ep19 step 8000/10781 loss 0.0649 lr 1.71e-04 2158s
  ep19 step 8500/10781 loss 0.0649 lr 1.71e-04 2293s
  ep19 step 9000/10781 loss 0.0648 lr 1.70e-04 2428s
  ep19 step 9500/10781 loss 0.0648 lr 1.70e-04 2564s
  ep19 step 10000/10781 loss 0.0648 lr 1.69e-04 2699s
  ep19 step 10500/10781 loss 0.0648 lr 1.68e-04 2833s
{"ep": 19, "loss": 0.06476, "val_pooled_db": [-11.93, -10.88, -9.92, -9.12], "val_median_db": [-16.81, -15.51, -14.3, -13.46], "val_align_db": [-18.09, -17.04, -16.08, -15.16], "rho": [0.992, 0.99, 0.988, 0.985], "copy_last_db": [-4.45, -1.94, -1.6, -1.16], "lr": 0.00016808050203829842, "sec": 2982.4}
early stopping at ep 19 (best ep 14, -10.52 dB)
DONE best_ep 14 val_mean_pooled_db -10.52
