[mm] sensors ['pos'] pos_source predicted window_bytes {'pos': 640} coverage {"pos": {"source": "predicted", "nan_rows": 0, "missing_yaml": 0, "examples": [], "n": 53800}}
[mm_pos_pred_bc_s0] frames 53800 Nr 16 Nt 64 Ksc 64 | split B1: train windows 43121 (x16 = 689936), val windows 2439 (x16 = 39024) | load 0s
model mm:chiron params 19.23M | args {"model": "mm:chiron", "run_id": "mm_pos_pred_bc_s0", "setting": "Nt_1_64_Nr_1_16_fc_28GHz", "Ksc": 64, "K_hist": 16, "H_pred": 4, "split": "B1", "seed": 0, "epochs": 40, "patience": 5, "lr": 0.0003, "wd": 0.0001, "batch": 64, "clip": 1.0, "warmup_epochs": 1.0, "D": 512, "L": 6, "heads": 8, "dropout": 0.1, "no_pos_emb": false, "residual": false, "c_hid": 128, "c_enc": 32, "norm": "rms", "patch_h": 4, "patch_w": 16, "lwm11_init": "pretrained", "lwm11_freeze": "none", "in_scale": 1.0, "t_layers": 2, "device": "cuda:0", "workers": 0, "max_train_windows": 0, "eval_every": 1, "out_root": "/mnt/ssd_7t_2/carla-wireless-dataset/mmw_reproduction/outputs_cp", "sensors": "pos", "pos_source": "predicted", "pos_mode": "broadcast", "fuse_layers": 3, "causal_mask": false, "sensor_cache_root": "", "backbone_init": ""}
[mm] param_groups {"backbone_no_head": 9178368, "head": 9978368, "fusion": 0, "embeddings": 5120, "enc_pos": 68608, "sensor_encoders": 68608, "total": 19230464}
  ep1 step 500/10781 loss 1.1702 lr 1.39e-05 73s
  ep1 step 1000/10781 loss 1.0932 lr 2.79e-05 145s
  ep1 step 1500/10781 loss 1.0626 lr 4.18e-05 216s
  ep1 step 2000/10781 loss 1.0447 lr 5.57e-05 288s
  ep1 step 2500/10781 loss 1.0327 lr 6.96e-05 366s
  ep1 step 3000/10781 loss 1.0240 lr 8.35e-05 442s
  ep1 step 3500/10781 loss 1.0166 lr 9.74e-05 518s
  ep1 step 4000/10781 loss 1.0103 lr 1.11e-04 602s
  ep1 step 4500/10781 loss 1.0043 lr 1.25e-04 688s
  ep1 step 5000/10781 loss 0.9980 lr 1.39e-04 769s
  ep1 step 5500/10781 loss 0.9902 lr 1.53e-04 846s
  ep1 step 6000/10781 loss 0.9810 lr 1.67e-04 921s
  ep1 step 6500/10781 loss 0.9697 lr 1.81e-04 995s
  ep1 step 7000/10781 loss 0.9556 lr 1.95e-04 1072s
  ep1 step 7500/10781 loss 0.9385 lr 2.09e-04 1146s
  ep1 step 8000/10781 loss 0.9177 lr 2.23e-04 1220s
  ep1 step 8500/10781 loss 0.8937 lr 2.37e-04 1294s
  ep1 step 9000/10781 loss 0.8693 lr 2.50e-04 1368s
  ep1 step 9500/10781 loss 0.8423 lr 2.64e-04 1441s
  ep1 step 10000/10781 loss 0.8162 lr 2.78e-04 1515s
  ep1 step 10500/10781 loss 0.7907 lr 2.92e-04 1589s
{"ep": 1, "loss": 0.77664, "val_pooled_db": [-7.63, -7.02, -6.58, -6.08], "val_median_db": [-9.68, -9.2, -8.5, -8.05], "val_align_db": [-10.85, -10.61, -10.07, -9.7], "rho": [0.958, 0.956, 0.95, 0.945], "copy_last_db": [-4.45, -1.94, -1.6, -1.16], "lr": 0.0003, "sec": 1660.5}
  ep2 step 500/10781 loss 0.2443 lr 3.00e-04 73s
  ep2 step 1000/10781 loss 0.2330 lr 3.00e-04 146s
  ep2 step 1500/10781 loss 0.2261 lr 3.00e-04 218s
  ep2 step 2000/10781 loss 0.2206 lr 3.00e-04 291s
  ep2 step 2500/10781 loss 0.2185 lr 3.00e-04 364s
  ep2 step 3000/10781 loss 0.2141 lr 3.00e-04 436s
  ep2 step 3500/10781 loss 0.2114 lr 3.00e-04 510s
  ep2 step 4000/10781 loss 0.2081 lr 3.00e-04 582s
  ep2 step 4500/10781 loss 0.2048 lr 3.00e-04 655s
  ep2 step 5000/10781 loss 0.2023 lr 3.00e-04 727s
  ep2 step 5500/10781 loss 0.1996 lr 3.00e-04 799s
  ep2 step 6000/10781 loss 0.1971 lr 3.00e-04 873s
  ep2 step 6500/10781 loss 0.1946 lr 3.00e-04 944s
  ep2 step 7000/10781 loss 0.1927 lr 3.00e-04 1014s
  ep2 step 7500/10781 loss 0.1905 lr 3.00e-04 1087s
  ep2 step 8000/10781 loss 0.1885 lr 3.00e-04 1159s
  ep2 step 8500/10781 loss 0.1866 lr 3.00e-04 1233s
  ep2 step 9000/10781 loss 0.1847 lr 3.00e-04 1306s
  ep2 step 9500/10781 loss 0.1830 lr 3.00e-04 1379s
  ep2 step 10000/10781 loss 0.1813 lr 3.00e-04 1452s
  ep2 step 10500/10781 loss 0.1800 lr 3.00e-04 1526s
{"ep": 2, "loss": 0.17919, "val_pooled_db": [-10.25, -9.49, -8.81, -8.2], "val_median_db": [-13.19, -12.63, -11.78, -11.21], "val_align_db": [-14.79, -14.34, -13.66, -13.25], "rho": [0.983, 0.981, 0.978, 0.976], "copy_last_db": [-4.45, -1.94, -1.6, -1.16], "lr": 0.0002995135962201315, "sec": 1593.7}
  ep3 step 500/10781 loss 0.1484 lr 2.99e-04 73s
  ep3 step 1000/10781 loss 0.1458 lr 2.99e-04 147s
  ep3 step 1500/10781 loss 0.1443 lr 2.99e-04 221s
  ep3 step 2000/10781 loss 0.1433 lr 2.99e-04 294s
  ep3 step 2500/10781 loss 0.1436 lr 2.99e-04 367s
  ep3 step 3000/10781 loss 0.1424 lr 2.99e-04 442s
  ep3 step 3500/10781 loss 0.1421 lr 2.99e-04 515s
  ep3 step 4000/10781 loss 0.1419 lr 2.99e-04 588s
  ep3 step 4500/10781 loss 0.1415 lr 2.99e-04 662s
  ep3 step 5000/10781 loss 0.1405 lr 2.99e-04 735s
  ep3 step 5500/10781 loss 0.1399 lr 2.99e-04 808s
  ep3 step 6000/10781 loss 0.1396 lr 2.99e-04 881s
  ep3 step 6500/10781 loss 0.1393 lr 2.99e-04 955s
  ep3 step 7000/10781 loss 0.1387 lr 2.99e-04 1028s
  ep3 step 7500/10781 loss 0.1380 lr 2.99e-04 1101s
  ep3 step 8000/10781 loss 0.1375 lr 2.99e-04 1174s
  ep3 step 8500/10781 loss 0.1369 lr 2.98e-04 1248s
  ep3 step 9000/10781 loss 0.1365 lr 2.98e-04 1321s
  ep3 step 9500/10781 loss 0.1358 lr 2.98e-04 1395s
  ep3 step 10000/10781 loss 0.1354 lr 2.98e-04 1469s
  ep3 step 10500/10781 loss 0.1349 lr 2.98e-04 1542s
{"ep": 3, "loss": 0.13458, "val_pooled_db": [-10.85, -9.83, -9.09, -8.47], "val_median_db": [-14.38, -13.52, -12.57, -11.86], "val_align_db": [-16.01, -15.46, -14.64, -14.07], "rho": [0.987, 0.986, 0.983, 0.98], "copy_last_db": [-4.45, -1.94, -1.6, -1.16], "lr": 0.00029805753939568687, "sec": 1610.2}
  ep4 step 500/10781 loss 0.1226 lr 2.98e-04 73s
  ep4 step 1000/10781 loss 0.1221 lr 2.98e-04 147s
  ep4 step 1500/10781 loss 0.1218 lr 2.98e-04 221s
  ep4 step 2000/10781 loss 0.1211 lr 2.98e-04 294s
  ep4 step 2500/10781 loss 0.1208 lr 2.98e-04 367s
  ep4 step 3000/10781 loss 0.1204 lr 2.97e-04 441s
  ep4 step 3500/10781 loss 0.1200 lr 2.97e-04 515s
  ep4 step 4000/10781 loss 0.1198 lr 2.97e-04 588s
  ep4 step 4500/10781 loss 0.1197 lr 2.97e-04 660s
  ep4 step 5000/10781 loss 0.1192 lr 2.97e-04 734s
  ep4 step 5500/10781 loss 0.1191 lr 2.97e-04 808s
  ep4 step 6000/10781 loss 0.1191 lr 2.97e-04 881s
  ep4 step 6500/10781 loss 0.1188 lr 2.97e-04 955s
  ep4 step 7000/10781 loss 0.1185 lr 2.97e-04 1029s
  ep4 step 7500/10781 loss 0.1182 lr 2.96e-04 1102s
  ep4 step 8000/10781 loss 0.1192 lr 2.96e-04 1173s
  ep4 step 8500/10781 loss 0.1188 lr 2.96e-04 1244s
  ep4 step 9000/10781 loss 0.1183 lr 2.96e-04 1317s
  ep4 step 9500/10781 loss 0.1180 lr 2.96e-04 1390s
  ep4 step 10000/10781 loss 0.1178 lr 2.96e-04 1464s
  ep4 step 10500/10781 loss 0.1174 lr 2.96e-04 1538s
{"ep": 4, "loss": 0.11727, "val_pooled_db": [-10.79, -9.86, -9.07, -8.27], "val_median_db": [-14.32, -13.61, -12.61, -11.79], "val_align_db": [-16.05, -15.38, -14.47, -13.92], "rho": [0.987, 0.985, 0.982, 0.98], "copy_last_db": [-4.45, -1.94, -1.6, -1.16], "lr": 0.00029564127261390776, "sec": 1607.3}
  ep5 step 500/10781 loss 0.1079 lr 2.96e-04 74s
  ep5 step 1000/10781 loss 0.1076 lr 2.95e-04 147s
  ep5 step 1500/10781 loss 0.1084 lr 2.95e-04 221s
  ep5 step 2000/10781 loss 0.1085 lr 2.95e-04 294s
  ep5 step 2500/10781 loss 0.1086 lr 2.95e-04 367s
  ep5 step 3000/10781 loss 0.1083 lr 2.95e-04 441s
  ep5 step 3500/10781 loss 0.1083 lr 2.95e-04 515s
  ep5 step 4000/10781 loss 0.1081 lr 2.95e-04 590s
  ep5 step 4500/10781 loss 0.1079 lr 2.94e-04 663s
  ep5 step 5000/10781 loss 0.1081 lr 2.94e-04 737s
  ep5 step 5500/10781 loss 0.1079 lr 2.94e-04 811s
  ep5 step 6000/10781 loss 0.1077 lr 2.94e-04 884s
  ep5 step 6500/10781 loss 0.1075 lr 2.94e-04 957s
  ep5 step 7000/10781 loss 0.1073 lr 2.94e-04 1031s
  ep5 step 7500/10781 loss 0.1072 lr 2.93e-04 1105s
  ep5 step 8000/10781 loss 0.1070 lr 2.93e-04 1177s
  ep5 step 8500/10781 loss 0.1067 lr 2.93e-04 1251s
  ep5 step 9000/10781 loss 0.1066 lr 2.93e-04 1325s
  ep5 step 9500/10781 loss 0.1065 lr 2.93e-04 1397s
  ep5 step 10000/10781 loss 0.1063 lr 2.93e-04 1470s
  ep5 step 10500/10781 loss 0.1061 lr 2.92e-04 1544s
{"ep": 5, "loss": 0.10599, "val_pooled_db": [-11.04, -10.04, -9.27, -8.46], "val_median_db": [-14.91, -14.13, -13.23, -12.54], "val_align_db": [-16.59, -15.94, -15.1, -14.47], "rho": [0.989, 0.987, 0.984, 0.982], "copy_last_db": [-4.45, -1.94, -1.6, -1.16], "lr": 0.00029228046629207175, "sec": 1612.6}
  ep6 step 500/10781 loss 0.1035 lr 2.92e-04 72s
  ep6 step 1000/10781 loss 0.1015 lr 2.92e-04 146s
  ep6 step 1500/10781 loss 0.1013 lr 2.92e-04 220s
  ep6 step 2000/10781 loss 0.1007 lr 2.92e-04 293s
  ep6 step 2500/10781 loss 0.1003 lr 2.91e-04 366s
  ep6 step 3000/10781 loss 0.1005 lr 2.91e-04 438s
  ep6 step 3500/10781 loss 0.1003 lr 2.91e-04 511s
  ep6 step 4000/10781 loss 0.1002 lr 2.91e-04 585s
  ep6 step 4500/10781 loss 0.1002 lr 2.91e-04 657s
  ep6 step 5000/10781 loss 0.0999 lr 2.90e-04 730s
  ep6 step 5500/10781 loss 0.0996 lr 2.90e-04 803s
  ep6 step 6000/10781 loss 0.0995 lr 2.90e-04 877s
  ep6 step 6500/10781 loss 0.0993 lr 2.90e-04 951s
  ep6 step 7000/10781 loss 0.0991 lr 2.90e-04 1024s
  ep6 step 7500/10781 loss 0.0989 lr 2.89e-04 1096s
  ep6 step 8000/10781 loss 0.0990 lr 2.89e-04 1168s
  ep6 step 8500/10781 loss 0.0990 lr 2.89e-04 1240s
  ep6 step 9000/10781 loss 0.0989 lr 2.89e-04 1312s
  ep6 step 9500/10781 loss 0.0988 lr 2.89e-04 1382s
  ep6 step 10000/10781 loss 0.0986 lr 2.88e-04 1452s
  ep6 step 10500/10781 loss 0.0986 lr 2.88e-04 1525s
{"ep": 6, "loss": 0.09855, "val_pooled_db": [-10.98, -10.07, -9.23, -8.39], "val_median_db": [-14.9, -14.14, -13.26, -12.54], "val_align_db": [-16.78, -16.14, -15.33, -14.64], "rho": [0.989, 0.988, 0.985, 0.983], "copy_last_db": [-4.45, -1.94, -1.6, -1.16], "lr": 0.0002879969165488236, "sec": 1593.6}
  ep7 step 500/10781 loss 0.0951 lr 2.88e-04 73s
  ep7 step 1000/10781 loss 0.0941 lr 2.88e-04 146s
  ep7 step 1500/10781 loss 0.0939 lr 2.87e-04 219s
  ep7 step 2000/10781 loss 0.0944 lr 2.87e-04 293s
  ep7 step 2500/10781 loss 0.0944 lr 2.87e-04 367s
  ep7 step 3000/10781 loss 0.0945 lr 2.87e-04 440s
  ep7 step 3500/10781 loss 0.0943 lr 2.86e-04 515s
  ep7 step 4000/10781 loss 0.0943 lr 2.86e-04 588s
  ep7 step 4500/10781 loss 0.0943 lr 2.86e-04 661s
  ep7 step 5000/10781 loss 0.0940 lr 2.86e-04 736s
  ep7 step 5500/10781 loss 0.0940 lr 2.85e-04 810s
  ep7 step 6000/10781 loss 0.0939 lr 2.85e-04 883s
  ep7 step 6500/10781 loss 0.0938 lr 2.85e-04 957s
  ep7 step 7000/10781 loss 0.0938 lr 2.85e-04 1031s
  ep7 step 7500/10781 loss 0.0937 lr 2.84e-04 1105s
  ep7 step 8000/10781 loss 0.0936 lr 2.84e-04 1179s
  ep7 step 8500/10781 loss 0.0935 lr 2.84e-04 1252s
  ep7 step 9000/10781 loss 0.0934 lr 2.84e-04 1327s
  ep7 step 9500/10781 loss 0.0933 lr 2.83e-04 1400s
  ep7 step 10000/10781 loss 0.0933 lr 2.83e-04 1474s
  ep7 step 10500/10781 loss 0.0931 lr 2.83e-04 1547s
{"ep": 7, "loss": 0.09304, "val_pooled_db": [-11.16, -10.13, -9.25, -8.35], "val_median_db": [-15.45, -14.59, -13.54, -12.75], "val_align_db": [-17.15, -16.47, -15.54, -14.67], "rho": [0.99, 0.989, 0.986, 0.983], "copy_last_db": [-4.45, -1.94, -1.6, -1.16], "lr": 0.0002828184038479814, "sec": 1616.6}
  ep8 step 500/10781 loss 0.0888 lr 2.83e-04 74s
  ep8 step 1000/10781 loss 0.0892 lr 2.82e-04 148s
  ep8 step 1500/10781 loss 0.0894 lr 2.82e-04 221s
  ep8 step 2000/10781 loss 0.0898 lr 2.82e-04 295s
  ep8 step 2500/10781 loss 0.0898 lr 2.81e-04 370s
  ep8 step 3000/10781 loss 0.0897 lr 2.81e-04 443s
  ep8 step 3500/10781 loss 0.0896 lr 2.81e-04 516s
  ep8 step 4000/10781 loss 0.0895 lr 2.81e-04 591s
  ep8 step 4500/10781 loss 0.0894 lr 2.80e-04 664s
  ep8 step 5000/10781 loss 0.0895 lr 2.80e-04 739s
  ep8 step 5500/10781 loss 0.0894 lr 2.80e-04 812s
  ep8 step 6000/10781 loss 0.0892 lr 2.80e-04 886s
  ep8 step 6500/10781 loss 0.0892 lr 2.79e-04 959s
  ep8 step 7000/10781 loss 0.0893 lr 2.79e-04 1034s
  ep8 step 7500/10781 loss 0.0893 lr 2.79e-04 1107s
  ep8 step 8000/10781 loss 0.0892 lr 2.78e-04 1181s
  ep8 step 8500/10781 loss 0.0890 lr 2.78e-04 1255s
  ep8 step 9000/10781 loss 0.0890 lr 2.78e-04 1329s
  ep8 step 9500/10781 loss 0.0890 lr 2.78e-04 1402s
  ep8 step 10000/10781 loss 0.0888 lr 2.77e-04 1475s
  ep8 step 10500/10781 loss 0.0887 lr 2.77e-04 1549s
{"ep": 8, "loss": 0.08872, "val_pooled_db": [-11.25, -10.14, -9.28, -8.47], "val_median_db": [-15.64, -14.54, -13.57, -12.89], "val_align_db": [-17.16, -16.4, -15.56, -14.9], "rho": [0.99, 0.988, 0.986, 0.984], "copy_last_db": [-4.45, -1.94, -1.6, -1.16], "lr": 0.0002767785128315692, "sec": 1616.2}
  ep9 step 500/10781 loss 0.0877 lr 2.76e-04 72s
  ep9 step 1000/10781 loss 0.0866 lr 2.76e-04 146s
  ep9 step 1500/10781 loss 0.0866 lr 2.76e-04 220s
  ep9 step 2000/10781 loss 0.0862 lr 2.76e-04 293s
  ep9 step 2500/10781 loss 0.0860 lr 2.75e-04 366s
  ep9 step 3000/10781 loss 0.0860 lr 2.75e-04 440s
  ep9 step 3500/10781 loss 0.0859 lr 2.75e-04 514s
  ep9 step 4000/10781 loss 0.0857 lr 2.74e-04 588s
  ep9 step 4500/10781 loss 0.0859 lr 2.74e-04 661s
  ep9 step 5000/10781 loss 0.0859 lr 2.74e-04 733s
  ep9 step 5500/10781 loss 0.0858 lr 2.73e-04 807s
  ep9 step 6000/10781 loss 0.0870 lr 2.73e-04 879s
  ep9 step 6500/10781 loss 0.0869 lr 2.73e-04 951s
  ep9 step 7000/10781 loss 0.0868 lr 2.72e-04 1024s
  ep9 step 7500/10781 loss 0.0867 lr 2.72e-04 1098s
  ep9 step 8000/10781 loss 0.0865 lr 2.72e-04 1170s
  ep9 step 8500/10781 loss 0.0864 lr 2.71e-04 1242s
  ep9 step 9000/10781 loss 0.0863 lr 2.71e-04 1314s
  ep9 step 9500/10781 loss 0.0862 lr 2.71e-04 1388s
  ep9 step 10000/10781 loss 0.0862 lr 2.70e-04 1460s
  ep9 step 10500/10781 loss 0.0861 lr 2.70e-04 1532s
{"ep": 9, "loss": 0.08601, "val_pooled_db": [-11.25, -10.17, -9.26, -8.38], "val_median_db": [-15.8, -14.75, -13.8, -12.98], "val_align_db": [-17.23, -16.49, -15.72, -14.9], "rho": [0.99, 0.989, 0.987, 0.984], "copy_last_db": [-4.45, -1.94, -1.6, -1.16], "lr": 0.00026991641451052517, "sec": 1600.5}
  ep10 step 500/10781 loss 0.0832 lr 2.70e-04 72s
  ep10 step 1000/10781 loss 0.0831 lr 2.69e-04 145s
  ep10 step 1500/10781 loss 0.0830 lr 2.69e-04 216s
  ep10 step 2000/10781 loss 0.0831 lr 2.69e-04 288s
  ep10 step 2500/10781 loss 0.0830 lr 2.68e-04 361s
  ep10 step 3000/10781 loss 0.0831 lr 2.68e-04 433s
  ep10 step 3500/10781 loss 0.0830 lr 2.68e-04 505s
  ep10 step 4000/10781 loss 0.0829 lr 2.67e-04 577s
  ep10 step 4500/10781 loss 0.0827 lr 2.67e-04 650s
  ep10 step 5000/10781 loss 0.0827 lr 2.66e-04 722s
  ep10 step 5500/10781 loss 0.0828 lr 2.66e-04 794s
  ep10 step 6000/10781 loss 0.0827 lr 2.66e-04 867s
  ep10 step 6500/10781 loss 0.0827 lr 2.65e-04 940s
  ep10 step 7000/10781 loss 0.0826 lr 2.65e-04 1012s
  ep10 step 7500/10781 loss 0.0826 lr 2.65e-04 1085s
  ep10 step 8000/10781 loss 0.0825 lr 2.64e-04 1157s
  ep10 step 8500/10781 loss 0.0825 lr 2.64e-04 1229s
  ep10 step 9000/10781 loss 0.0825 lr 2.64e-04 1301s
  ep10 step 9500/10781 loss 0.0824 lr 2.63e-04 1373s
  ep10 step 10000/10781 loss 0.0823 lr 2.63e-04 1446s
  ep10 step 10500/10781 loss 0.0823 lr 2.62e-04 1518s
{"ep": 10, "loss": 0.08223, "val_pooled_db": [-11.37, -10.18, -9.37, -8.5], "val_median_db": [-15.89, -14.81, -13.81, -13.09], "val_align_db": [-17.41, -16.57, -15.77, -15.08], "rho": [0.991, 0.989, 0.987, 0.984], "copy_last_db": [-4.45, -1.94, -1.6, -1.16], "lr": 0.00026227661222566516, "sec": 1587.5}
  ep11 step 500/10781 loss 0.0926 lr 2.62e-04 73s
  ep11 step 1000/10781 loss 0.0858 lr 2.62e-04 146s
  ep11 step 1500/10781 loss 0.0838 lr 2.61e-04 216s
  ep11 step 2000/10781 loss 0.0830 lr 2.61e-04 286s
  ep11 step 2500/10781 loss 0.0821 lr 2.60e-04 358s
  ep11 step 3000/10781 loss 0.0816 lr 2.60e-04 432s
  ep11 step 3500/10781 loss 0.0813 lr 2.60e-04 505s
  ep11 step 4000/10781 loss 0.0811 lr 2.59e-04 578s
  ep11 step 4500/10781 loss 0.0810 lr 2.59e-04 652s
  ep11 step 5000/10781 loss 0.0809 lr 2.58e-04 726s
  ep11 step 5500/10781 loss 0.0809 lr 2.58e-04 800s
  ep11 step 6000/10781 loss 0.0808 lr 2.58e-04 874s
  ep11 step 6500/10781 loss 0.0807 lr 2.57e-04 947s
  ep11 step 7000/10781 loss 0.0806 lr 2.57e-04 1020s
  ep11 step 7500/10781 loss 0.0805 lr 2.57e-04 1093s
  ep11 step 8000/10781 loss 0.0804 lr 2.56e-04 1166s
  ep11 step 8500/10781 loss 0.0804 lr 2.56e-04 1240s
  ep11 step 9000/10781 loss 0.0803 lr 2.55e-04 1313s
  ep11 step 9500/10781 loss 0.0803 lr 2.55e-04 1387s
  ep11 step 10000/10781 loss 0.0802 lr 2.55e-04 1460s
  ep11 step 10500/10781 loss 0.0801 lr 2.54e-04 1534s
{"ep": 11, "loss": 0.0801, "val_pooled_db": [-11.35, -10.27, -9.48, -8.68], "val_median_db": [-15.71, -14.7, -13.85, -13.23], "val_align_db": [-17.29, -16.52, -15.68, -15.15], "rho": [0.991, 0.989, 0.986, 0.985], "copy_last_db": [-4.45, -1.94, -1.6, -1.16], "lr": 0.0002539086530264399, "sec": 1602.2}
  ep12 step 500/10781 loss 0.0785 lr 2.54e-04 73s
  ep12 step 1000/10781 loss 0.0789 lr 2.53e-04 147s
  ep12 step 1500/10781 loss 0.0786 lr 2.53e-04 221s
  ep12 step 2000/10781 loss 0.0784 lr 2.52e-04 295s
  ep12 step 2500/10781 loss 0.0783 lr 2.52e-04 368s
  ep12 step 3000/10781 loss 0.0782 lr 2.51e-04 440s
  ep12 step 3500/10781 loss 0.0780 lr 2.51e-04 513s
  ep12 step 4000/10781 loss 0.0779 lr 2.51e-04 587s
  ep12 step 4500/10781 loss 0.0778 lr 2.50e-04 661s
  ep12 step 5000/10781 loss 0.0778 lr 2.50e-04 733s
  ep12 step 5500/10781 loss 0.0776 lr 2.49e-04 806s
  ep12 step 6000/10781 loss 0.0776 lr 2.49e-04 881s
  ep12 step 6500/10781 loss 0.0777 lr 2.49e-04 955s
  ep12 step 7000/10781 loss 0.0776 lr 2.48e-04 1028s
  ep12 step 7500/10781 loss 0.0776 lr 2.48e-04 1101s
  ep12 step 8000/10781 loss 0.0776 lr 2.47e-04 1175s
  ep12 step 8500/10781 loss 0.0775 lr 2.47e-04 1249s
  ep12 step 9000/10781 loss 0.0775 lr 2.46e-04 1322s
  ep12 step 9500/10781 loss 0.0774 lr 2.46e-04 1396s
  ep12 step 10000/10781 loss 0.0774 lr 2.46e-04 1470s
  ep12 step 10500/10781 loss 0.0774 lr 2.45e-04 1543s
{"ep": 12, "loss": 0.07734, "val_pooled_db": [-11.36, -10.19, -9.32, -8.48], "val_median_db": [-15.9, -14.85, -13.92, -13.1], "val_align_db": [-17.55, -16.72, -15.93, -15.15], "rho": [0.991, 0.989, 0.987, 0.985], "copy_last_db": [-4.45, -1.94, -1.6, -1.16], "lr": 0.0002448668063393066, "sec": 1612.2}
  ep13 step 500/10781 loss 0.0760 lr 2.44e-04 72s
  ep13 step 1000/10781 loss 0.0755 lr 2.44e-04 145s
  ep13 step 1500/10781 loss 0.0756 lr 2.44e-04 217s
  ep13 step 2000/10781 loss 0.0757 lr 2.43e-04 289s
  ep13 step 2500/10781 loss 0.0756 lr 2.43e-04 361s
  ep13 step 3000/10781 loss 0.0755 lr 2.42e-04 429s
  ep13 step 3500/10781 loss 0.0756 lr 2.42e-04 500s
  ep13 step 4000/10781 loss 0.0756 lr 2.41e-04 573s
  ep13 step 4500/10781 loss 0.0756 lr 2.41e-04 646s
  ep13 step 5000/10781 loss 0.0756 lr 2.40e-04 719s
  ep13 step 5500/10781 loss 0.0755 lr 2.40e-04 791s
  ep13 step 6000/10781 loss 0.0755 lr 2.40e-04 863s
  ep13 step 6500/10781 loss 0.0755 lr 2.39e-04 935s
  ep13 step 7000/10781 loss 0.0754 lr 2.39e-04 1008s
  ep13 step 7500/10781 loss 0.0754 lr 2.38e-04 1081s
  ep13 step 8000/10781 loss 0.0754 lr 2.38e-04 1152s
  ep13 step 8500/10781 loss 0.0754 lr 2.37e-04 1225s
  ep13 step 9000/10781 loss 0.0754 lr 2.37e-04 1296s
  ep13 step 9500/10781 loss 0.0753 lr 2.36e-04 1368s
  ep13 step 10000/10781 loss 0.0752 lr 2.36e-04 1441s
  ep13 step 10500/10781 loss 0.0752 lr 2.35e-04 1512s
{"ep": 13, "loss": 0.07519, "val_pooled_db": [-11.4, -10.29, -9.42, -8.59], "val_median_db": [-15.97, -14.94, -13.98, -13.32], "val_align_db": [-17.49, -16.75, -15.98, -15.32], "rho": [0.991, 0.989, 0.987, 0.985], "copy_last_db": [-4.45, -1.94, -1.6, -1.16], "lr": 0.00023520971200967334, "sec": 1581.3}
  ep14 step 500/10781 loss 0.0744 lr 2.35e-04 74s
  ep14 step 1000/10781 loss 0.0738 lr 2.34e-04 146s
  ep14 step 1500/10781 loss 0.0736 lr 2.34e-04 218s
  ep14 step 2000/10781 loss 0.0736 lr 2.33e-04 291s
  ep14 step 2500/10781 loss 0.0736 lr 2.33e-04 364s
  ep14 step 3000/10781 loss 0.0737 lr 2.32e-04 436s
  ep14 step 3500/10781 loss 0.0736 lr 2.32e-04 509s
  ep14 step 4000/10781 loss 0.0736 lr 2.31e-04 581s
  ep14 step 4500/10781 loss 0.0736 lr 2.31e-04 654s
  ep14 step 5000/10781 loss 0.0736 lr 2.31e-04 727s
  ep14 step 5500/10781 loss 0.0736 lr 2.30e-04 799s
  ep14 step 6000/10781 loss 0.0735 lr 2.30e-04 871s
  ep14 step 6500/10781 loss 0.0735 lr 2.29e-04 943s
  ep14 step 7000/10781 loss 0.0735 lr 2.29e-04 1016s
  ep14 step 7500/10781 loss 0.0735 lr 2.28e-04 1089s
  ep14 step 8000/10781 loss 0.0735 lr 2.28e-04 1162s
  ep14 step 8500/10781 loss 0.0734 lr 2.27e-04 1235s
  ep14 step 9000/10781 loss 0.0734 lr 2.27e-04 1308s
  ep14 step 9500/10781 loss 0.0733 lr 2.26e-04 1382s
  ep14 step 10000/10781 loss 0.0733 lr 2.26e-04 1455s
  ep14 step 10500/10781 loss 0.0732 lr 2.25e-04 1528s
{"ep": 14, "loss": 0.07322, "val_pooled_db": [-11.49, -10.34, -9.5, -8.65], "val_median_db": [-16.31, -15.24, -14.15, -13.54], "val_align_db": [-17.74, -16.97, -16.21, -15.54], "rho": [0.992, 0.99, 0.988, 0.986], "copy_last_db": [-4.45, -1.94, -1.6, -1.16], "lr": 0.000225, "sec": 1596.9}
  ep15 step 500/10781 loss 0.0724 lr 2.25e-04 73s
  ep15 step 1000/10781 loss 0.0723 lr 2.24e-04 146s
  ep15 step 1500/10781 loss 0.0723 lr 2.24e-04 220s
  ep15 step 2000/10781 loss 0.0725 lr 2.23e-04 293s
  ep15 step 2500/10781 loss 0.0724 lr 2.23e-04 367s
  ep15 step 3000/10781 loss 0.0723 lr 2.22e-04 441s
  ep15 step 3500/10781 loss 0.0722 lr 2.22e-04 515s
  ep15 step 4000/10781 loss 0.0721 lr 2.21e-04 587s
  ep15 step 4500/10781 loss 0.0720 lr 2.21e-04 655s
  ep15 step 5000/10781 loss 0.0719 lr 2.20e-04 727s
  ep15 step 5500/10781 loss 0.0719 lr 2.20e-04 801s
  ep15 step 6000/10781 loss 0.0719 lr 2.19e-04 874s
  ep15 step 6500/10781 loss 0.0718 lr 2.19e-04 948s
  ep15 step 7000/10781 loss 0.0718 lr 2.18e-04 1021s
  ep15 step 7500/10781 loss 0.0719 lr 2.18e-04 1095s
  ep15 step 8000/10781 loss 0.0719 lr 2.17e-04 1167s
  ep15 step 8500/10781 loss 0.0718 lr 2.17e-04 1241s
  ep15 step 9000/10781 loss 0.0718 lr 2.16e-04 1314s
  ep15 step 9500/10781 loss 0.0718 lr 2.16e-04 1387s
  ep15 step 10000/10781 loss 0.0717 lr 2.15e-04 1461s
  ep15 step 10500/10781 loss 0.0717 lr 2.15e-04 1535s
{"ep": 15, "loss": 0.07195, "val_pooled_db": [-11.4, -10.21, -9.36, -8.52], "val_median_db": [-16.24, -15.15, -14.17, -13.35], "val_align_db": [-17.68, -16.86, -16.12, -15.29], "rho": [0.991, 0.99, 0.988, 0.985], "copy_last_db": [-4.45, -1.94, -1.6, -1.16], "lr": 0.0002143038842104581, "sec": 1603.8}
  ep16 step 500/10781 loss 0.0708 lr 2.14e-04 72s
  ep16 step 1000/10781 loss 0.0702 lr 2.13e-04 144s
  ep16 step 1500/10781 loss 0.0706 lr 2.13e-04 218s
  ep16 step 2000/10781 loss 0.0704 lr 2.12e-04 291s
  ep16 step 2500/10781 loss 0.0704 lr 2.12e-04 364s
  ep16 step 3000/10781 loss 0.0705 lr 2.11e-04 437s
  ep16 step 3500/10781 loss 0.0706 lr 2.11e-04 511s
  ep16 step 4000/10781 loss 0.0706 lr 2.10e-04 585s
  ep16 step 4500/10781 loss 0.0706 lr 2.10e-04 658s
  ep16 step 5000/10781 loss 0.0706 lr 2.09e-04 732s
  ep16 step 5500/10781 loss 0.0706 lr 2.09e-04 805s
  ep16 step 6000/10781 loss 0.0705 lr 2.08e-04 878s
  ep16 step 6500/10781 loss 0.0705 lr 2.08e-04 950s
  ep16 step 7000/10781 loss 0.0705 lr 2.07e-04 1024s
  ep16 step 7500/10781 loss 0.0704 lr 2.07e-04 1097s
  ep16 step 8000/10781 loss 0.0704 lr 2.06e-04 1170s
  ep16 step 8500/10781 loss 0.0704 lr 2.06e-04 1244s
  ep16 step 9000/10781 loss 0.0704 lr 2.05e-04 1317s
  ep16 step 9500/10781 loss 0.0704 lr 2.05e-04 1391s
  ep16 step 10000/10781 loss 0.0703 lr 2.04e-04 1464s
  ep16 step 10500/10781 loss 0.0703 lr 2.03e-04 1537s
{"ep": 16, "loss": 0.07031, "val_pooled_db": [-11.4, -10.22, -9.36, -8.51], "val_median_db": [-16.1, -15.03, -14.1, -13.33], "val_align_db": [-17.6, -16.85, -16.1, -15.31], "rho": [0.991, 0.99, 0.988, 0.985], "copy_last_db": [-4.45, -1.94, -1.6, -1.16], "lr": 0.0002031907330563803, "sec": 1605.3}
  ep17 step 500/10781 loss 0.0688 lr 2.03e-04 74s
  ep17 step 1000/10781 loss 0.0692 lr 2.02e-04 147s
  ep17 step 1500/10781 loss 0.0694 lr 2.02e-04 219s
  ep17 step 2000/10781 loss 0.0702 lr 2.01e-04 291s
  ep17 step 2500/10781 loss 0.0700 lr 2.01e-04 364s
  ep17 step 3000/10781 loss 0.0699 lr 2.00e-04 435s
  ep17 step 3500/10781 loss 0.0697 lr 2.00e-04 507s
  ep17 step 4000/10781 loss 0.0696 lr 1.99e-04 579s
  ep17 step 4500/10781 loss 0.0696 lr 1.98e-04 652s
  ep17 step 5000/10781 loss 0.0695 lr 1.98e-04 725s
  ep17 step 5500/10781 loss 0.0696 lr 1.97e-04 796s
  ep17 step 6000/10781 loss 0.0695 lr 1.97e-04 864s
  ep17 step 6500/10781 loss 0.0696 lr 1.96e-04 937s
  ep17 step 7000/10781 loss 0.0696 lr 1.96e-04 1010s
  ep17 step 7500/10781 loss 0.0695 lr 1.95e-04 1082s
  ep17 step 8000/10781 loss 0.0694 lr 1.95e-04 1155s
  ep17 step 8500/10781 loss 0.0694 lr 1.94e-04 1227s
  ep17 step 9000/10781 loss 0.0694 lr 1.94e-04 1300s
  ep17 step 9500/10781 loss 0.0694 lr 1.93e-04 1373s
  ep17 step 10000/10781 loss 0.0693 lr 1.93e-04 1445s
  ep17 step 10500/10781 loss 0.0693 lr 1.92e-04 1519s
{"ep": 17, "loss": 0.06926, "val_pooled_db": [-11.42, -10.25, -9.34, -8.49], "val_median_db": [-16.11, -15.01, -13.95, -13.21], "val_align_db": [-17.61, -16.79, -16.0, -15.2], "rho": [0.991, 0.989, 0.987, 0.985], "copy_last_db": [-4.45, -1.94, -1.6, -1.16], "lr": 0.0001917326195874679, "sec": 1587.7}
  ep18 step 500/10781 loss 0.0685 lr 1.91e-04 72s
  ep18 step 1000/10781 loss 0.0684 lr 1.91e-04 146s
  ep18 step 1500/10781 loss 0.0684 lr 1.90e-04 219s
  ep18 step 2000/10781 loss 0.0684 lr 1.90e-04 292s
  ep18 step 2500/10781 loss 0.0683 lr 1.89e-04 365s
  ep18 step 3000/10781 loss 0.0682 lr 1.88e-04 437s
  ep18 step 3500/10781 loss 0.0682 lr 1.88e-04 509s
  ep18 step 4000/10781 loss 0.0681 lr 1.87e-04 581s
  ep18 step 4500/10781 loss 0.0681 lr 1.87e-04 652s
  ep18 step 5000/10781 loss 0.0681 lr 1.86e-04 724s
  ep18 step 5500/10781 loss 0.0682 lr 1.86e-04 795s
  ep18 step 6000/10781 loss 0.0682 lr 1.85e-04 868s
  ep18 step 6500/10781 loss 0.0681 lr 1.85e-04 940s
  ep18 step 7000/10781 loss 0.0681 lr 1.84e-04 1012s
  ep18 step 7500/10781 loss 0.0681 lr 1.84e-04 1085s
  ep18 step 8000/10781 loss 0.0680 lr 1.83e-04 1156s
  ep18 step 8500/10781 loss 0.0681 lr 1.83e-04 1229s
  ep18 step 9000/10781 loss 0.0680 lr 1.82e-04 1301s
  ep18 step 9500/10781 loss 0.0680 lr 1.81e-04 1375s
  ep18 step 10000/10781 loss 0.0680 lr 1.81e-04 1447s
  ep18 step 10500/10781 loss 0.0680 lr 1.80e-04 1521s
{"ep": 18, "loss": 0.068, "val_pooled_db": [-11.44, -10.23, -9.39, -8.56], "val_median_db": [-16.29, -15.08, -14.14, -13.36], "val_align_db": [-17.8, -16.93, -16.21, -15.47], "rho": [0.992, 0.99, 0.988, 0.986], "copy_last_db": [-4.45, -1.94, -1.6, -1.16], "lr": 0.00018000385406640666, "sec": 1589.8}
  ep19 step 500/10781 loss 0.0668 lr 1.79e-04 74s
  ep19 step 1000/10781 loss 0.0668 lr 1.79e-04 148s
  ep19 step 1500/10781 loss 0.0672 lr 1.78e-04 222s
  ep19 step 2000/10781 loss 0.0672 lr 1.78e-04 294s
  ep19 step 2500/10781 loss 0.0673 lr 1.77e-04 367s
  ep19 step 3000/10781 loss 0.0672 lr 1.77e-04 441s
  ep19 step 3500/10781 loss 0.0671 lr 1.76e-04 514s
  ep19 step 4000/10781 loss 0.0671 lr 1.76e-04 587s
  ep19 step 4500/10781 loss 0.0670 lr 1.75e-04 660s
  ep19 step 5000/10781 loss 0.0671 lr 1.74e-04 733s
  ep19 step 5500/10781 loss 0.0671 lr 1.74e-04 806s
  ep19 step 6000/10781 loss 0.0670 lr 1.73e-04 879s
  ep19 step 6500/10781 loss 0.0670 lr 1.73e-04 952s
  ep19 step 7000/10781 loss 0.0670 lr 1.72e-04 1023s
  ep19 step 7500/10781 loss 0.0670 lr 1.72e-04 1094s
  ep19 step 8000/10781 loss 0.0670 lr 1.71e-04 1167s
  ep19 step 8500/10781 loss 0.0669 lr 1.71e-04 1239s
  ep19 step 9000/10781 loss 0.0669 lr 1.70e-04 1311s
  ep19 step 9500/10781 loss 0.0669 lr 1.70e-04 1383s
  ep19 step 10000/10781 loss 0.0669 lr 1.69e-04 1455s
  ep19 step 10500/10781 loss 0.0669 lr 1.68e-04 1526s
{"ep": 19, "loss": 0.06688, "val_pooled_db": [-11.43, -10.23, -9.39, -8.56], "val_median_db": [-16.26, -15.03, -14.11, -13.4], "val_align_db": [-17.83, -16.87, -16.15, -15.46], "rho": [0.992, 0.99, 0.988, 0.986], "copy_last_db": [-4.45, -1.94, -1.6, -1.16], "lr": 0.00016808050203829842, "sec": 1595.9}
early stopping at ep 19 (best ep 14, -9.99 dB)
DONE best_ep 14 val_mean_pooled_db -9.99
