[mm] sensors ['cam', 'lidar', 'radar'] pos_source predicted window_bytes {'cam': 4816896, 'lidar': 786432, 'radar': 262144} coverage {"cam": {"channel_frames": 53800, "missing": 0, "examples": [], "rsu_frames_cached": 17200, "row_bytes": 301056}, "lidar": {"channel_frames": 53800, "missing": 0, "examples": [], "rsu_frames_cached": 17200, "row_bytes": 49152}, "radar": {"channel_frames": 53800, "missing": 0, "examples": [], "rsu_frames_cached": 17200, "row_bytes": 16384}}
[mm_cam_lidar_radar_s0] frames 53800 Nr 16 Nt 64 Ksc 64 | split B1: train windows 43121 (x16 = 689936), val windows 2439 (x16 = 39024) | load 0s
model mm:chiron params 23.62M | args {"model": "mm:chiron", "run_id": "mm_cam_lidar_radar_s0", "setting": "Nt_1_64_Nr_1_16_fc_28GHz", "Ksc": 64, "K_hist": 16, "H_pred": 4, "split": "B1", "seed": 0, "epochs": 40, "patience": 5, "lr": 0.0003, "wd": 0.0001, "batch": 64, "clip": 1.0, "warmup_epochs": 1.0, "D": 512, "L": 6, "heads": 8, "dropout": 0.1, "no_pos_emb": false, "residual": false, "c_hid": 128, "c_enc": 32, "norm": "rms", "patch_h": 4, "patch_w": 16, "lwm11_init": "pretrained", "lwm11_freeze": "none", "in_scale": 1.0, "t_layers": 2, "device": "cuda:0", "workers": 0, "max_train_windows": 0, "eval_every": 1, "out_root": "/mnt/ssd_7t_2/carla-wireless-dataset/mmw_reproduction/outputs_cp", "sensors": "cam,lidar,radar", "pos_source": "predicted", "pos_mode": "token", "fuse_layers": 3, "causal_mask": false, "sensor_cache_root": "", "backbone_init": ""}
[mm] param_groups {"backbone_no_head": 9178368, "head": 9978368, "fusion": 3554304, "embeddings": 5120, "enc_cam": 460800, "enc_lidar": 366336, "enc_radar": 72672, "sensor_encoders": 899808, "total": 23615968}
  ep1 step 500/10781 loss 1.1689 lr 1.39e-05 225s
  ep1 step 1000/10781 loss 1.0930 lr 2.79e-05 391s
  ep1 step 1500/10781 loss 1.0626 lr 4.18e-05 554s
  ep1 step 2000/10781 loss 1.0445 lr 5.57e-05 715s
  ep1 step 2500/10781 loss 1.0323 lr 6.96e-05 875s
  ep1 step 3000/10781 loss 1.0233 lr 8.35e-05 1034s
  ep1 step 3500/10781 loss 1.0157 lr 9.74e-05 1192s
  ep1 step 4000/10781 loss 1.0085 lr 1.11e-04 1351s
  ep1 step 4500/10781 loss 1.0021 lr 1.25e-04 1508s
  ep1 step 5000/10781 loss 0.9961 lr 1.39e-04 1666s
  ep1 step 5500/10781 loss 0.9897 lr 1.53e-04 1824s
  ep1 step 6000/10781 loss 0.9821 lr 1.67e-04 1982s
  ep1 step 6500/10781 loss 0.9733 lr 1.81e-04 2141s
  ep1 step 7000/10781 loss 0.9622 lr 1.95e-04 2298s
  ep1 step 7500/10781 loss 0.9479 lr 2.09e-04 2457s
  ep1 step 8000/10781 loss 0.9285 lr 2.23e-04 2612s
  ep1 step 8500/10781 loss 0.9027 lr 2.37e-04 2766s
  ep1 step 9000/10781 loss 0.8733 lr 2.50e-04 2921s
  ep1 step 9500/10781 loss 0.8432 lr 2.64e-04 3077s
  ep1 step 10000/10781 loss 0.8148 lr 2.78e-04 3232s
  ep1 step 10500/10781 loss 0.7880 lr 2.92e-04 3387s
{"ep": 1, "loss": 0.77367, "val_pooled_db": [-8.73, -7.99, -7.44, -6.81], "val_median_db": [-10.67, -10.19, -9.5, -9.01], "val_align_db": [-11.74, -11.44, -10.99, -10.58], "rho": [0.966, 0.963, 0.959, 0.955], "copy_last_db": [-4.45, -1.94, -1.6, -1.16], "lr": 0.0003, "sec": 3562.6}
  ep2 step 500/10781 loss 0.2114 lr 3.00e-04 155s
  ep2 step 1000/10781 loss 0.2051 lr 3.00e-04 310s
  ep2 step 1500/10781 loss 0.2028 lr 3.00e-04 466s
  ep2 step 2000/10781 loss 0.1984 lr 3.00e-04 621s
  ep2 step 2500/10781 loss 0.1946 lr 3.00e-04 776s
  ep2 step 3000/10781 loss 0.1934 lr 3.00e-04 932s
  ep2 step 3500/10781 loss 0.1904 lr 3.00e-04 1088s
  ep2 step 4000/10781 loss 0.1887 lr 3.00e-04 1242s
  ep2 step 4500/10781 loss 0.1862 lr 3.00e-04 1397s
  ep2 step 5000/10781 loss 0.1837 lr 3.00e-04 1552s
  ep2 step 5500/10781 loss 0.1815 lr 3.00e-04 1707s
  ep2 step 6000/10781 loss 0.1798 lr 3.00e-04 1862s
  ep2 step 6500/10781 loss 0.1781 lr 3.00e-04 2017s
  ep2 step 7000/10781 loss 0.1764 lr 3.00e-04 2171s
  ep2 step 7500/10781 loss 0.1748 lr 3.00e-04 2327s
  ep2 step 8000/10781 loss 0.1731 lr 3.00e-04 2481s
  ep2 step 8500/10781 loss 0.1714 lr 3.00e-04 2636s
  ep2 step 9000/10781 loss 0.1698 lr 3.00e-04 2792s
  ep2 step 9500/10781 loss 0.1683 lr 3.00e-04 2947s
  ep2 step 10000/10781 loss 0.1672 lr 3.00e-04 3104s
  ep2 step 10500/10781 loss 0.1659 lr 3.00e-04 3262s
{"ep": 2, "loss": 0.16513, "val_pooled_db": [-11.2, -10.2, -9.41, -8.72], "val_median_db": [-14.45, -13.59, -12.62, -11.93], "val_align_db": [-16.0, -15.36, -14.57, -14.01], "rho": [0.987, 0.985, 0.982, 0.98], "copy_last_db": [-4.45, -1.94, -1.6, -1.16], "lr": 0.0002995135962201315, "sec": 3438.7}
  ep3 step 500/10781 loss 0.1374 lr 2.99e-04 155s
  ep3 step 1000/10781 loss 0.1354 lr 2.99e-04 309s
  ep3 step 1500/10781 loss 0.1359 lr 2.99e-04 465s
  ep3 step 2000/10781 loss 0.1364 lr 2.99e-04 620s
  ep3 step 2500/10781 loss 0.1351 lr 2.99e-04 776s
  ep3 step 3000/10781 loss 0.1340 lr 2.99e-04 931s
  ep3 step 3500/10781 loss 0.1335 lr 2.99e-04 1085s
  ep3 step 4000/10781 loss 0.1329 lr 2.99e-04 1240s
  ep3 step 4500/10781 loss 0.1324 lr 2.99e-04 1395s
  ep3 step 5000/10781 loss 0.1317 lr 2.99e-04 1549s
  ep3 step 5500/10781 loss 0.1312 lr 2.99e-04 1705s
  ep3 step 6000/10781 loss 0.1306 lr 2.99e-04 1862s
  ep3 step 6500/10781 loss 0.1302 lr 2.99e-04 2019s
  ep3 step 7000/10781 loss 0.1296 lr 2.99e-04 2177s
  ep3 step 7500/10781 loss 0.1291 lr 2.99e-04 2336s
  ep3 step 8000/10781 loss 0.1286 lr 2.99e-04 2494s
  ep3 step 8500/10781 loss 0.1286 lr 2.98e-04 2651s
  ep3 step 9000/10781 loss 0.1281 lr 2.98e-04 2809s
  ep3 step 9500/10781 loss 0.1275 lr 2.98e-04 2967s
  ep3 step 10000/10781 loss 0.1270 lr 2.98e-04 3125s
  ep3 step 10500/10781 loss 0.1268 lr 2.98e-04 3282s
{"ep": 3, "loss": 0.12675, "val_pooled_db": [-11.53, -10.45, -9.61, -8.79], "val_median_db": [-15.04, -14.09, -13.2, -12.52], "val_align_db": [-16.7, -15.98, -15.21, -14.56], "rho": [0.989, 0.987, 0.985, 0.982], "copy_last_db": [-4.45, -1.94, -1.6, -1.16], "lr": 0.00029805753939568687, "sec": 3453.3}
  ep4 step 500/10781 loss 0.1139 lr 2.98e-04 154s
  ep4 step 1000/10781 loss 0.1141 lr 2.98e-04 310s
  ep4 step 1500/10781 loss 0.1134 lr 2.98e-04 465s
  ep4 step 2000/10781 loss 0.1132 lr 2.98e-04 620s
  ep4 step 2500/10781 loss 0.1130 lr 2.98e-04 775s
  ep4 step 3000/10781 loss 0.1129 lr 2.97e-04 930s
  ep4 step 3500/10781 loss 0.1134 lr 2.97e-04 1084s
  ep4 step 4000/10781 loss 0.1127 lr 2.97e-04 1239s
  ep4 step 4500/10781 loss 0.1123 lr 2.97e-04 1394s
  ep4 step 5000/10781 loss 0.1125 lr 2.97e-04 1548s
  ep4 step 5500/10781 loss 0.1121 lr 2.97e-04 1703s
  ep4 step 6000/10781 loss 0.1116 lr 2.97e-04 1857s
  ep4 step 6500/10781 loss 0.1111 lr 2.97e-04 2013s
  ep4 step 7000/10781 loss 0.1114 lr 2.97e-04 2170s
  ep4 step 7500/10781 loss 0.1110 lr 2.96e-04 2328s
  ep4 step 8000/10781 loss 0.1106 lr 2.96e-04 2489s
  ep4 step 8500/10781 loss 0.1102 lr 2.96e-04 2649s
  ep4 step 9000/10781 loss 0.1100 lr 2.96e-04 2808s
  ep4 step 9500/10781 loss 0.1098 lr 2.96e-04 2967s
  ep4 step 10000/10781 loss 0.1095 lr 2.96e-04 3125s
  ep4 step 10500/10781 loss 0.1094 lr 2.96e-04 3283s
{"ep": 4, "loss": 0.10918, "val_pooled_db": [-11.66, -10.59, -9.68, -8.79], "val_median_db": [-15.3, -14.4, -13.29, -12.43], "val_align_db": [-16.86, -16.16, -15.2, -14.48], "rho": [0.99, 0.988, 0.985, 0.982], "copy_last_db": [-4.45, -1.94, -1.6, -1.16], "lr": 0.00029564127261390776, "sec": 3464.1}
  ep5 step 500/10781 loss 0.1012 lr 2.96e-04 161s
  ep5 step 1000/10781 loss 0.1017 lr 2.95e-04 320s
  ep5 step 1500/10781 loss 0.1019 lr 2.95e-04 479s
  ep5 step 2000/10781 loss 0.1015 lr 2.95e-04 637s
  ep5 step 2500/10781 loss 0.1013 lr 2.95e-04 796s
  ep5 step 3000/10781 loss 0.1010 lr 2.95e-04 955s
  ep5 step 3500/10781 loss 0.1010 lr 2.95e-04 1113s
  ep5 step 4000/10781 loss 0.1007 lr 2.95e-04 1271s
  ep5 step 4500/10781 loss 0.1005 lr 2.94e-04 1430s
  ep5 step 5000/10781 loss 0.1003 lr 2.94e-04 1588s
  ep5 step 5500/10781 loss 0.1001 lr 2.94e-04 1746s
  ep5 step 6000/10781 loss 0.1000 lr 2.94e-04 1903s
  ep5 step 6500/10781 loss 0.0997 lr 2.94e-04 2060s
  ep5 step 7000/10781 loss 0.0995 lr 2.94e-04 2217s
  ep5 step 7500/10781 loss 0.0993 lr 2.93e-04 2375s
  ep5 step 8000/10781 loss 0.0990 lr 2.93e-04 2533s
  ep5 step 8500/10781 loss 0.0990 lr 2.93e-04 2690s
  ep5 step 9000/10781 loss 0.0990 lr 2.93e-04 2848s
  ep5 step 9500/10781 loss 0.0988 lr 2.93e-04 3005s
  ep5 step 10000/10781 loss 0.0986 lr 2.93e-04 3163s
  ep5 step 10500/10781 loss 0.0985 lr 2.92e-04 3320s
{"ep": 5, "loss": 0.09834, "val_pooled_db": [-11.75, -10.81, -9.92, -9.06], "val_median_db": [-15.93, -15.04, -14.07, -13.18], "val_align_db": [-17.46, -16.69, -15.98, -15.14], "rho": [0.991, 0.989, 0.987, 0.985], "copy_last_db": [-4.45, -1.94, -1.6, -1.16], "lr": 0.00029228046629207175, "sec": 3495.6}
  ep6 step 500/10781 loss 0.0934 lr 2.92e-04 157s
  ep6 step 1000/10781 loss 0.0931 lr 2.92e-04 314s
  ep6 step 1500/10781 loss 0.0928 lr 2.92e-04 473s
  ep6 step 2000/10781 loss 0.0934 lr 2.92e-04 662s
  ep6 step 2500/10781 loss 0.0933 lr 2.91e-04 824s
  ep6 step 3000/10781 loss 0.0931 lr 2.91e-04 989s
  ep6 step 3500/10781 loss 0.0931 lr 2.91e-04 1155s
  ep6 step 4000/10781 loss 0.0930 lr 2.91e-04 1319s
  ep6 step 4500/10781 loss 0.0931 lr 2.91e-04 1513s
  ep6 step 5000/10781 loss 0.0929 lr 2.90e-04 1680s
  ep6 step 5500/10781 loss 0.0927 lr 2.90e-04 1849s
  ep6 step 6000/10781 loss 0.0925 lr 2.90e-04 2055s
  ep6 step 6500/10781 loss 0.0923 lr 2.90e-04 2217s
  ep6 step 7000/10781 loss 0.0921 lr 2.90e-04 2411s
  ep6 step 7500/10781 loss 0.0919 lr 2.89e-04 2592s
  ep6 step 8000/10781 loss 0.0918 lr 2.89e-04 2769s
  ep6 step 8500/10781 loss 0.0917 lr 2.89e-04 2928s
  ep6 step 9000/10781 loss 0.0916 lr 2.89e-04 3086s
  ep6 step 9500/10781 loss 0.0914 lr 2.89e-04 3244s
  ep6 step 10000/10781 loss 0.0913 lr 2.88e-04 3404s
  ep6 step 10500/10781 loss 0.0912 lr 2.88e-04 3595s
{"ep": 6, "loss": 0.09111, "val_pooled_db": [-11.86, -10.79, -9.92, -9.11], "val_median_db": [-16.23, -15.2, -14.02, -13.19], "val_align_db": [-17.65, -16.82, -16.02, -15.31], "rho": [0.991, 0.99, 0.987, 0.985], "copy_last_db": [-4.45, -1.94, -1.6, -1.16], "lr": 0.0002879969165488236, "sec": 3801.3}
  ep7 step 500/10781 loss 0.0872 lr 2.88e-04 160s
  ep7 step 1000/10781 loss 0.0878 lr 2.88e-04 320s
  ep7 step 1500/10781 loss 0.0875 lr 2.87e-04 477s
  ep7 step 2000/10781 loss 0.0872 lr 2.87e-04 634s
  ep7 step 2500/10781 loss 0.0870 lr 2.87e-04 794s
  ep7 step 3000/10781 loss 0.0870 lr 2.87e-04 952s
  ep7 step 3500/10781 loss 0.0870 lr 2.86e-04 1110s
  ep7 step 4000/10781 loss 0.0869 lr 2.86e-04 1269s
  ep7 step 4500/10781 loss 0.0869 lr 2.86e-04 1427s
  ep7 step 5000/10781 loss 0.0868 lr 2.86e-04 1586s
  ep7 step 5500/10781 loss 0.0868 lr 2.85e-04 1744s
  ep7 step 6000/10781 loss 0.0868 lr 2.85e-04 1902s
  ep7 step 6500/10781 loss 0.0868 lr 2.85e-04 2061s
  ep7 step 7000/10781 loss 0.0867 lr 2.85e-04 2220s
  ep7 step 7500/10781 loss 0.0866 lr 2.84e-04 2380s
  ep7 step 8000/10781 loss 0.0865 lr 2.84e-04 2539s
  ep7 step 8500/10781 loss 0.0864 lr 2.84e-04 2697s
  ep7 step 9000/10781 loss 0.0863 lr 2.84e-04 2855s
  ep7 step 9500/10781 loss 0.0862 lr 2.83e-04 3013s
  ep7 step 10000/10781 loss 0.0861 lr 2.83e-04 3172s
  ep7 step 10500/10781 loss 0.0860 lr 2.83e-04 3331s
{"ep": 7, "loss": 0.08595, "val_pooled_db": [-12.04, -10.96, -10.07, -9.25], "val_median_db": [-16.59, -15.55, -14.4, -13.49], "val_align_db": [-18.0, -17.15, -16.34, -15.36], "rho": [0.992, 0.99, 0.988, 0.985], "copy_last_db": [-4.45, -1.94, -1.6, -1.16], "lr": 0.0002828184038479814, "sec": 3508.5}
  ep8 step 500/10781 loss 0.0823 lr 2.83e-04 158s
  ep8 step 1000/10781 loss 0.0824 lr 2.82e-04 317s
  ep8 step 1500/10781 loss 0.0826 lr 2.82e-04 476s
  ep8 step 2000/10781 loss 0.0825 lr 2.82e-04 634s
  ep8 step 2500/10781 loss 0.0826 lr 2.81e-04 792s
  ep8 step 3000/10781 loss 0.0825 lr 2.81e-04 948s
  ep8 step 3500/10781 loss 0.0824 lr 2.81e-04 1103s
  ep8 step 4000/10781 loss 0.0825 lr 2.81e-04 1258s
  ep8 step 4500/10781 loss 0.0824 lr 2.80e-04 1414s
  ep8 step 5000/10781 loss 0.0824 lr 2.80e-04 1571s
  ep8 step 5500/10781 loss 0.0824 lr 2.80e-04 1727s
  ep8 step 6000/10781 loss 0.0823 lr 2.80e-04 1885s
  ep8 step 6500/10781 loss 0.0822 lr 2.79e-04 2045s
  ep8 step 7000/10781 loss 0.0822 lr 2.79e-04 2204s
  ep8 step 7500/10781 loss 0.0821 lr 2.79e-04 2363s
  ep8 step 8000/10781 loss 0.0821 lr 2.78e-04 2521s
  ep8 step 8500/10781 loss 0.0820 lr 2.78e-04 2679s
  ep8 step 9000/10781 loss 0.0819 lr 2.78e-04 2839s
  ep8 step 9500/10781 loss 0.0818 lr 2.78e-04 2998s
  ep8 step 10000/10781 loss 0.0818 lr 2.77e-04 3158s
  ep8 step 10500/10781 loss 0.0817 lr 2.77e-04 3317s
{"ep": 8, "loss": 0.08168, "val_pooled_db": [-12.06, -10.99, -10.07, -9.25], "val_median_db": [-16.85, -15.8, -14.59, -13.68], "val_align_db": [-18.13, -17.25, -16.37, -15.36], "rho": [0.992, 0.991, 0.988, 0.985], "copy_last_db": [-4.45, -1.94, -1.6, -1.16], "lr": 0.0002767785128315692, "sec": 3494.3}
  ep9 step 500/10781 loss 0.0801 lr 2.76e-04 158s
  ep9 step 1000/10781 loss 0.0795 lr 2.76e-04 316s
  ep9 step 1500/10781 loss 0.0795 lr 2.76e-04 473s
  ep9 step 2000/10781 loss 0.0792 lr 2.76e-04 630s
  ep9 step 2500/10781 loss 0.0789 lr 2.75e-04 787s
  ep9 step 3000/10781 loss 0.0790 lr 2.75e-04 944s
  ep9 step 3500/10781 loss 0.0789 lr 2.75e-04 1101s
  ep9 step 4000/10781 loss 0.0788 lr 2.74e-04 1257s
  ep9 step 4500/10781 loss 0.0787 lr 2.74e-04 1416s
  ep9 step 5000/10781 loss 0.0787 lr 2.74e-04 1573s
  ep9 step 5500/10781 loss 0.0786 lr 2.73e-04 1729s
  ep9 step 6000/10781 loss 0.0786 lr 2.73e-04 1886s
  ep9 step 6500/10781 loss 0.0785 lr 2.73e-04 2044s
  ep9 step 7000/10781 loss 0.0786 lr 2.72e-04 2201s
  ep9 step 7500/10781 loss 0.0785 lr 2.72e-04 2358s
  ep9 step 8000/10781 loss 0.0785 lr 2.72e-04 2514s
  ep9 step 8500/10781 loss 0.0784 lr 2.71e-04 2671s
  ep9 step 9000/10781 loss 0.0783 lr 2.71e-04 2831s
  ep9 step 9500/10781 loss 0.0783 lr 2.71e-04 2990s
  ep9 step 10000/10781 loss 0.0782 lr 2.70e-04 3150s
  ep9 step 10500/10781 loss 0.0781 lr 2.70e-04 3309s
{"ep": 9, "loss": 0.0781, "val_pooled_db": [-12.21, -11.07, -10.21, -9.37], "val_median_db": [-16.88, -15.79, -14.63, -13.71], "val_align_db": [-18.14, -17.33, -16.52, -15.53], "rho": [0.992, 0.991, 0.989, 0.986], "copy_last_db": [-4.45, -1.94, -1.6, -1.16], "lr": 0.00026991641451052517, "sec": 3485.9}
  ep10 step 500/10781 loss 0.0754 lr 2.70e-04 158s
  ep10 step 1000/10781 loss 0.0752 lr 2.69e-04 315s
  ep10 step 1500/10781 loss 0.0754 lr 2.69e-04 473s
  ep10 step 2000/10781 loss 0.0757 lr 2.69e-04 631s
  ep10 step 2500/10781 loss 0.0758 lr 2.68e-04 788s
  ep10 step 3000/10781 loss 0.0757 lr 2.68e-04 946s
  ep10 step 3500/10781 loss 0.0757 lr 2.68e-04 1105s
  ep10 step 4000/10781 loss 0.0756 lr 2.67e-04 1262s
  ep10 step 4500/10781 loss 0.0756 lr 2.67e-04 1418s
  ep10 step 5000/10781 loss 0.0756 lr 2.66e-04 1573s
  ep10 step 5500/10781 loss 0.0756 lr 2.66e-04 1728s
  ep10 step 6000/10781 loss 0.0756 lr 2.66e-04 1884s
  ep10 step 6500/10781 loss 0.0755 lr 2.65e-04 2040s
  ep10 step 7000/10781 loss 0.0755 lr 2.65e-04 2196s
  ep10 step 7500/10781 loss 0.0755 lr 2.65e-04 2352s
  ep10 step 8000/10781 loss 0.0754 lr 2.64e-04 2508s
  ep10 step 8500/10781 loss 0.0753 lr 2.64e-04 2664s
  ep10 step 9000/10781 loss 0.0753 lr 2.64e-04 2819s
  ep10 step 9500/10781 loss 0.0753 lr 2.63e-04 2978s
  ep10 step 10000/10781 loss 0.0753 lr 2.63e-04 3137s
  ep10 step 10500/10781 loss 0.0752 lr 2.62e-04 3296s
{"ep": 10, "loss": 0.07523, "val_pooled_db": [-12.07, -11.06, -10.22, -9.38], "val_median_db": [-17.13, -15.95, -14.69, -13.81], "val_align_db": [-18.26, -17.41, -16.48, -15.7], "rho": [0.993, 0.991, 0.989, 0.986], "copy_last_db": [-4.45, -1.94, -1.6, -1.16], "lr": 0.00026227661222566516, "sec": 3472.4}
  ep11 step 500/10781 loss 0.0743 lr 2.62e-04 158s
  ep11 step 1000/10781 loss 0.0735 lr 2.62e-04 316s
  ep11 step 1500/10781 loss 0.0737 lr 2.61e-04 477s
  ep11 step 2000/10781 loss 0.0734 lr 2.61e-04 639s
  ep11 step 2500/10781 loss 0.0734 lr 2.60e-04 797s
  ep11 step 3000/10781 loss 0.0735 lr 2.60e-04 955s
  ep11 step 3500/10781 loss 0.0734 lr 2.60e-04 1112s
  ep11 step 4000/10781 loss 0.0735 lr 2.59e-04 1270s
  ep11 step 4500/10781 loss 0.0734 lr 2.59e-04 1428s
  ep11 step 5000/10781 loss 0.0734 lr 2.58e-04 1586s
  ep11 step 5500/10781 loss 0.0733 lr 2.58e-04 1743s
  ep11 step 6000/10781 loss 0.0732 lr 2.58e-04 1901s
  ep11 step 6500/10781 loss 0.0731 lr 2.57e-04 2059s
  ep11 step 7000/10781 loss 0.0730 lr 2.57e-04 2217s
  ep11 step 7500/10781 loss 0.0730 lr 2.57e-04 2375s
  ep11 step 8000/10781 loss 0.0729 lr 2.56e-04 2533s
  ep11 step 8500/10781 loss 0.0729 lr 2.56e-04 2693s
  ep11 step 9000/10781 loss 0.0728 lr 2.55e-04 2850s
  ep11 step 9500/10781 loss 0.0727 lr 2.55e-04 3007s
  ep11 step 10000/10781 loss 0.0727 lr 2.55e-04 3165s
  ep11 step 10500/10781 loss 0.0727 lr 2.54e-04 3323s
{"ep": 11, "loss": 0.07266, "val_pooled_db": [-12.12, -11.06, -10.18, -9.42], "val_median_db": [-17.13, -15.94, -14.72, -13.8], "val_align_db": [-18.34, -17.39, -16.49, -15.64], "rho": [0.993, 0.991, 0.989, 0.986], "copy_last_db": [-4.45, -1.94, -1.6, -1.16], "lr": 0.0002539086530264399, "sec": 3494.9}
  ep12 step 500/10781 loss 0.0714 lr 2.54e-04 157s
  ep12 step 1000/10781 loss 0.0718 lr 2.53e-04 314s
  ep12 step 1500/10781 loss 0.0714 lr 2.53e-04 472s
  ep12 step 2000/10781 loss 0.0711 lr 2.52e-04 629s
  ep12 step 2500/10781 loss 0.0713 lr 2.52e-04 786s
  ep12 step 3000/10781 loss 0.0711 lr 2.51e-04 944s
  ep12 step 3500/10781 loss 0.0709 lr 2.51e-04 1101s
  ep12 step 4000/10781 loss 0.0708 lr 2.51e-04 1259s
  ep12 step 4500/10781 loss 0.0709 lr 2.50e-04 1417s
  ep12 step 5000/10781 loss 0.0708 lr 2.50e-04 1575s
  ep12 step 5500/10781 loss 0.0707 lr 2.49e-04 1732s
  ep12 step 6000/10781 loss 0.0707 lr 2.49e-04 1890s
  ep12 step 6500/10781 loss 0.0706 lr 2.49e-04 2048s
  ep12 step 7000/10781 loss 0.0706 lr 2.48e-04 2206s
  ep12 step 7500/10781 loss 0.0706 lr 2.48e-04 2363s
  ep12 step 8000/10781 loss 0.0706 lr 2.47e-04 2521s
  ep12 step 8500/10781 loss 0.0705 lr 2.47e-04 2678s
  ep12 step 9000/10781 loss 0.0705 lr 2.46e-04 2836s
  ep12 step 9500/10781 loss 0.0705 lr 2.46e-04 2993s
  ep12 step 10000/10781 loss 0.0705 lr 2.46e-04 3151s
  ep12 step 10500/10781 loss 0.0704 lr 2.45e-04 3309s
{"ep": 12, "loss": 0.07042, "val_pooled_db": [-12.26, -11.13, -10.31, -9.46], "val_median_db": [-17.39, -16.24, -14.9, -13.91], "val_align_db": [-18.62, -17.74, -16.69, -15.89], "rho": [0.993, 0.992, 0.989, 0.987], "copy_last_db": [-4.45, -1.94, -1.6, -1.16], "lr": 0.0002448668063393066, "sec": 3485.2}
  ep13 step 500/10781 loss 0.0685 lr 2.44e-04 158s
  ep13 step 1000/10781 loss 0.0686 lr 2.44e-04 316s
  ep13 step 1500/10781 loss 0.0688 lr 2.44e-04 474s
  ep13 step 2000/10781 loss 0.0687 lr 2.43e-04 632s
  ep13 step 2500/10781 loss 0.0686 lr 2.43e-04 789s
  ep13 step 3000/10781 loss 0.0687 lr 2.42e-04 947s
  ep13 step 3500/10781 loss 0.0687 lr 2.42e-04 1105s
  ep13 step 4000/10781 loss 0.0689 lr 2.41e-04 1263s
  ep13 step 4500/10781 loss 0.0689 lr 2.41e-04 1421s
  ep13 step 5000/10781 loss 0.0688 lr 2.40e-04 1579s
  ep13 step 5500/10781 loss 0.0687 lr 2.40e-04 1737s
  ep13 step 6000/10781 loss 0.0687 lr 2.40e-04 1896s
  ep13 step 6500/10781 loss 0.0688 lr 2.39e-04 2054s
  ep13 step 7000/10781 loss 0.0687 lr 2.39e-04 2212s
  ep13 step 7500/10781 loss 0.0687 lr 2.38e-04 2370s
  ep13 step 8000/10781 loss 0.0687 lr 2.38e-04 2528s
  ep13 step 8500/10781 loss 0.0687 lr 2.37e-04 2685s
  ep13 step 9000/10781 loss 0.0686 lr 2.37e-04 2843s
  ep13 step 9500/10781 loss 0.0686 lr 2.36e-04 3002s
  ep13 step 10000/10781 loss 0.0686 lr 2.36e-04 3159s
  ep13 step 10500/10781 loss 0.0686 lr 2.35e-04 3317s
{"ep": 13, "loss": 0.06855, "val_pooled_db": [-12.18, -11.04, -10.33, -9.47], "val_median_db": [-17.41, -16.31, -14.95, -14.05], "val_align_db": [-18.61, -17.76, -16.77, -15.98], "rho": [0.993, 0.992, 0.989, 0.987], "copy_last_db": [-4.45, -1.94, -1.6, -1.16], "lr": 0.00023520971200967334, "sec": 3493.3}
  ep14 step 500/10781 loss 0.0675 lr 2.35e-04 158s
  ep14 step 1000/10781 loss 0.0672 lr 2.34e-04 316s
  ep14 step 1500/10781 loss 0.0674 lr 2.34e-04 475s
  ep14 step 2000/10781 loss 0.0673 lr 2.33e-04 633s
  ep14 step 2500/10781 loss 0.0674 lr 2.33e-04 790s
  ep14 step 3000/10781 loss 0.0674 lr 2.32e-04 948s
  ep14 step 3500/10781 loss 0.0673 lr 2.32e-04 1105s
  ep14 step 4000/10781 loss 0.0673 lr 2.31e-04 1263s
  ep14 step 4500/10781 loss 0.0673 lr 2.31e-04 1421s
  ep14 step 5000/10781 loss 0.0673 lr 2.31e-04 1579s
  ep14 step 5500/10781 loss 0.0672 lr 2.30e-04 1736s
  ep14 step 6000/10781 loss 0.0672 lr 2.30e-04 1894s
  ep14 step 6500/10781 loss 0.0672 lr 2.29e-04 2052s
  ep14 step 7000/10781 loss 0.0672 lr 2.29e-04 2210s
  ep14 step 7500/10781 loss 0.0672 lr 2.28e-04 2368s
  ep14 step 8000/10781 loss 0.0671 lr 2.28e-04 2527s
  ep14 step 8500/10781 loss 0.0671 lr 2.27e-04 2684s
  ep14 step 9000/10781 loss 0.0671 lr 2.27e-04 2842s
  ep14 step 9500/10781 loss 0.0670 lr 2.26e-04 3000s
  ep14 step 10000/10781 loss 0.0670 lr 2.26e-04 3157s
  ep14 step 10500/10781 loss 0.0670 lr 2.25e-04 3315s
{"ep": 14, "loss": 0.06699, "val_pooled_db": [-12.12, -11.11, -10.34, -9.51], "val_median_db": [-17.51, -16.48, -15.03, -14.13], "val_align_db": [-18.75, -17.87, -16.83, -16.01], "rho": [0.993, 0.992, 0.99, 0.987], "copy_last_db": [-4.45, -1.94, -1.6, -1.16], "lr": 0.000225, "sec": 3490.1}
  ep15 step 500/10781 loss 0.0657 lr 2.25e-04 158s
  ep15 step 1000/10781 loss 0.0660 lr 2.24e-04 315s
  ep15 step 1500/10781 loss 0.0659 lr 2.24e-04 472s
  ep15 step 2000/10781 loss 0.0659 lr 2.23e-04 629s
  ep15 step 2500/10781 loss 0.0660 lr 2.23e-04 787s
  ep15 step 3000/10781 loss 0.0659 lr 2.22e-04 943s
  ep15 step 3500/10781 loss 0.0659 lr 2.22e-04 1102s
  ep15 step 4000/10781 loss 0.0659 lr 2.21e-04 1260s
  ep15 step 4500/10781 loss 0.0659 lr 2.21e-04 1417s
  ep15 step 5000/10781 loss 0.0659 lr 2.20e-04 1574s
  ep15 step 5500/10781 loss 0.0659 lr 2.20e-04 1731s
  ep15 step 6000/10781 loss 0.0659 lr 2.19e-04 1888s
  ep15 step 6500/10781 loss 0.0659 lr 2.19e-04 2045s
  ep15 step 7000/10781 loss 0.0659 lr 2.18e-04 2203s
  ep15 step 7500/10781 loss 0.0659 lr 2.18e-04 2359s
  ep15 step 8000/10781 loss 0.0659 lr 2.17e-04 2517s
  ep15 step 8500/10781 loss 0.0658 lr 2.17e-04 2673s
  ep15 step 9000/10781 loss 0.0658 lr 2.16e-04 2831s
  ep15 step 9500/10781 loss 0.0658 lr 2.16e-04 2988s
  ep15 step 10000/10781 loss 0.0657 lr 2.15e-04 3148s
  ep15 step 10500/10781 loss 0.0657 lr 2.15e-04 3309s
{"ep": 15, "loss": 0.06572, "val_pooled_db": [-12.28, -11.18, -10.37, -9.57], "val_median_db": [-17.8, -16.63, -15.14, -14.21], "val_align_db": [-18.91, -17.99, -16.95, -16.1], "rho": [0.994, 0.992, 0.99, 0.988], "copy_last_db": [-4.45, -1.94, -1.6, -1.16], "lr": 0.0002143038842104581, "sec": 3499.0}
  ep16 step 500/10781 loss 0.0652 lr 2.14e-04 166s
  ep16 step 1000/10781 loss 0.0653 lr 2.13e-04 331s
  ep16 step 1500/10781 loss 0.0650 lr 2.13e-04 499s
  ep16 step 2000/10781 loss 0.0650 lr 2.12e-04 666s
  ep16 step 2500/10781 loss 0.0650 lr 2.12e-04 827s
  ep16 step 3000/10781 loss 0.0649 lr 2.11e-04 988s
  ep16 step 3500/10781 loss 0.0650 lr 2.11e-04 1149s
  ep16 step 4000/10781 loss 0.0649 lr 2.10e-04 1310s
  ep16 step 4500/10781 loss 0.0648 lr 2.10e-04 1471s
  ep16 step 5000/10781 loss 0.0648 lr 2.09e-04 1633s
  ep16 step 5500/10781 loss 0.0648 lr 2.09e-04 1794s
  ep16 step 6000/10781 loss 0.0647 lr 2.08e-04 1955s
  ep16 step 6500/10781 loss 0.0647 lr 2.08e-04 2115s
  ep16 step 7000/10781 loss 0.0647 lr 2.07e-04 2274s
  ep16 step 7500/10781 loss 0.0646 lr 2.07e-04 2433s
  ep16 step 8000/10781 loss 0.0646 lr 2.06e-04 2592s
  ep16 step 8500/10781 loss 0.0647 lr 2.06e-04 2751s
  ep16 step 9000/10781 loss 0.0646 lr 2.05e-04 2910s
  ep16 step 9500/10781 loss 0.0646 lr 2.05e-04 3068s
  ep16 step 10000/10781 loss 0.0645 lr 2.04e-04 3227s
  ep16 step 10500/10781 loss 0.0645 lr 2.03e-04 3386s
{"ep": 16, "loss": 0.06449, "val_pooled_db": [-12.22, -11.13, -10.35, -9.56], "val_median_db": [-17.6, -16.41, -15.06, -14.05], "val_align_db": [-18.77, -17.86, -16.82, -15.96], "rho": [0.993, 0.992, 0.99, 0.987], "copy_last_db": [-4.45, -1.94, -1.6, -1.16], "lr": 0.0002031907330563803, "sec": 3563.8}
  ep17 step 500/10781 loss 0.0634 lr 2.03e-04 159s
  ep17 step 1000/10781 loss 0.0631 lr 2.02e-04 318s
  ep17 step 1500/10781 loss 0.0632 lr 2.02e-04 477s
  ep17 step 2000/10781 loss 0.0634 lr 2.01e-04 636s
  ep17 step 2500/10781 loss 0.0635 lr 2.01e-04 793s
  ep17 step 3000/10781 loss 0.0635 lr 2.00e-04 950s
  ep17 step 3500/10781 loss 0.0635 lr 2.00e-04 1107s
  ep17 step 4000/10781 loss 0.0635 lr 1.99e-04 1263s
  ep17 step 4500/10781 loss 0.0635 lr 1.98e-04 1419s
  ep17 step 5000/10781 loss 0.0636 lr 1.98e-04 1574s
  ep17 step 5500/10781 loss 0.0635 lr 1.97e-04 1730s
  ep17 step 6000/10781 loss 0.0636 lr 1.97e-04 1887s
  ep17 step 6500/10781 loss 0.0635 lr 1.96e-04 2043s
  ep17 step 7000/10781 loss 0.0635 lr 1.96e-04 2199s
  ep17 step 7500/10781 loss 0.0635 lr 1.95e-04 2355s
  ep17 step 8000/10781 loss 0.0635 lr 1.95e-04 2510s
  ep17 step 8500/10781 loss 0.0635 lr 1.94e-04 2667s
  ep17 step 9000/10781 loss 0.0634 lr 1.94e-04 2824s
  ep17 step 9500/10781 loss 0.0634 lr 1.93e-04 2980s
  ep17 step 10000/10781 loss 0.0634 lr 1.93e-04 3136s
  ep17 step 10500/10781 loss 0.0634 lr 1.92e-04 3293s
{"ep": 17, "loss": 0.06335, "val_pooled_db": [-12.25, -11.17, -10.39, -9.54], "val_median_db": [-17.63, -16.49, -15.08, -13.98], "val_align_db": [-18.87, -17.96, -16.97, -16.01], "rho": [0.993, 0.992, 0.99, 0.987], "copy_last_db": [-4.45, -1.94, -1.6, -1.16], "lr": 0.0001917326195874679, "sec": 3467.4}
  ep18 step 500/10781 loss 0.0622 lr 1.91e-04 157s
  ep18 step 1000/10781 loss 0.0623 lr 1.91e-04 313s
  ep18 step 1500/10781 loss 0.0624 lr 1.90e-04 470s
  ep18 step 2000/10781 loss 0.0624 lr 1.90e-04 626s
  ep18 step 2500/10781 loss 0.0624 lr 1.89e-04 783s
  ep18 step 3000/10781 loss 0.0624 lr 1.88e-04 939s
  ep18 step 3500/10781 loss 0.0624 lr 1.88e-04 1095s
  ep18 step 4000/10781 loss 0.0623 lr 1.87e-04 1252s
  ep18 step 4500/10781 loss 0.0623 lr 1.87e-04 1408s
  ep18 step 5000/10781 loss 0.0623 lr 1.86e-04 1563s
  ep18 step 5500/10781 loss 0.0623 lr 1.86e-04 1718s
  ep18 step 6000/10781 loss 0.0623 lr 1.85e-04 1874s
  ep18 step 6500/10781 loss 0.0623 lr 1.85e-04 2029s
  ep18 step 7000/10781 loss 0.0623 lr 1.84e-04 2185s
  ep18 step 7500/10781 loss 0.0623 lr 1.84e-04 2340s
  ep18 step 8000/10781 loss 0.0623 lr 1.83e-04 2495s
  ep18 step 8500/10781 loss 0.0623 lr 1.83e-04 2651s
  ep18 step 9000/10781 loss 0.0622 lr 1.82e-04 2806s
  ep18 step 9500/10781 loss 0.0622 lr 1.81e-04 2962s
  ep18 step 10000/10781 loss 0.0622 lr 1.81e-04 3117s
  ep18 step 10500/10781 loss 0.0622 lr 1.80e-04 3274s
{"ep": 18, "loss": 0.06216, "val_pooled_db": [-12.26, -11.15, -10.37, -9.53], "val_median_db": [-17.71, -16.58, -15.18, -14.18], "val_align_db": [-18.86, -18.03, -17.01, -16.13], "rho": [0.993, 0.992, 0.99, 0.988], "copy_last_db": [-4.45, -1.94, -1.6, -1.16], "lr": 0.00018000385406640666, "sec": 3444.7}
  ep19 step 500/10781 loss 0.0619 lr 1.79e-04 155s
  ep19 step 1000/10781 loss 0.0615 lr 1.79e-04 310s
  ep19 step 1500/10781 loss 0.0613 lr 1.78e-04 465s
  ep19 step 2000/10781 loss 0.0614 lr 1.78e-04 620s
  ep19 step 2500/10781 loss 0.0615 lr 1.77e-04 774s
  ep19 step 3000/10781 loss 0.0615 lr 1.77e-04 929s
  ep19 step 3500/10781 loss 0.0615 lr 1.76e-04 1084s
  ep19 step 4000/10781 loss 0.0615 lr 1.76e-04 1238s
  ep19 step 4500/10781 loss 0.0615 lr 1.75e-04 1392s
  ep19 step 5000/10781 loss 0.0614 lr 1.74e-04 1548s
  ep19 step 5500/10781 loss 0.0614 lr 1.74e-04 1702s
  ep19 step 6000/10781 loss 0.0614 lr 1.73e-04 1858s
  ep19 step 6500/10781 loss 0.0614 lr 1.73e-04 2013s
  ep19 step 7000/10781 loss 0.0614 lr 1.72e-04 2168s
  ep19 step 7500/10781 loss 0.0613 lr 1.72e-04 2323s
  ep19 step 8000/10781 loss 0.0613 lr 1.71e-04 2477s
  ep19 step 8500/10781 loss 0.0613 lr 1.71e-04 2632s
  ep19 step 9000/10781 loss 0.0613 lr 1.70e-04 2786s
  ep19 step 9500/10781 loss 0.0612 lr 1.70e-04 2941s
  ep19 step 10000/10781 loss 0.0612 lr 1.69e-04 3096s
  ep19 step 10500/10781 loss 0.0612 lr 1.68e-04 3250s
{"ep": 19, "loss": 0.0612, "val_pooled_db": [-12.27, -11.13, -10.36, -9.51], "val_median_db": [-17.75, -16.56, -15.09, -14.06], "val_align_db": [-18.91, -17.99, -16.96, -16.02], "rho": [0.994, 0.992, 0.99, 0.987], "copy_last_db": [-4.45, -1.94, -1.6, -1.16], "lr": 0.00016808050203829842, "sec": 3420.2}
  ep20 step 500/10781 loss 0.0605 lr 1.68e-04 155s
  ep20 step 1000/10781 loss 0.0605 lr 1.67e-04 310s
  ep20 step 1500/10781 loss 0.0605 lr 1.66e-04 465s
  ep20 step 2000/10781 loss 0.0605 lr 1.66e-04 621s
  ep20 step 2500/10781 loss 0.0605 lr 1.65e-04 776s
  ep20 step 3000/10781 loss 0.0605 lr 1.65e-04 930s
  ep20 step 3500/10781 loss 0.0605 lr 1.64e-04 1085s
  ep20 step 4000/10781 loss 0.0605 lr 1.64e-04 1240s
  ep20 step 4500/10781 loss 0.0605 lr 1.63e-04 1394s
  ep20 step 5000/10781 loss 0.0605 lr 1.63e-04 1549s
  ep20 step 5500/10781 loss 0.0605 lr 1.62e-04 1704s
  ep20 step 6000/10781 loss 0.0605 lr 1.61e-04 1858s
  ep20 step 6500/10781 loss 0.0605 lr 1.61e-04 2013s
  ep20 step 7000/10781 loss 0.0605 lr 1.60e-04 2167s
  ep20 step 7500/10781 loss 0.0604 lr 1.60e-04 2321s
  ep20 step 8000/10781 loss 0.0604 lr 1.59e-04 2476s
  ep20 step 8500/10781 loss 0.0604 lr 1.59e-04 2631s
  ep20 step 9000/10781 loss 0.0604 lr 1.58e-04 2786s
  ep20 step 9500/10781 loss 0.0604 lr 1.57e-04 2940s
  ep20 step 10000/10781 loss 0.0603 lr 1.57e-04 3095s
  ep20 step 10500/10781 loss 0.0603 lr 1.56e-04 3250s
{"ep": 20, "loss": 0.06032, "val_pooled_db": [-12.33, -11.2, -10.4, -9.58], "val_median_db": [-17.81, -16.56, -15.16, -14.17], "val_align_db": [-18.91, -18.0, -17.01, -16.15], "rho": [0.994, 0.992, 0.99, 0.988], "copy_last_db": [-4.45, -1.94, -1.6, -1.16], "lr": 0.00015603989101641228, "sec": 3421.0}
  ep21 step 500/10781 loss 0.0598 lr 1.55e-04 155s
  ep21 step 1000/10781 loss 0.0598 lr 1.55e-04 311s
  ep21 step 1500/10781 loss 0.0598 lr 1.54e-04 465s
  ep21 step 2000/10781 loss 0.0599 lr 1.54e-04 620s
  ep21 step 2500/10781 loss 0.0598 lr 1.53e-04 774s
  ep21 step 3000/10781 loss 0.0598 lr 1.53e-04 929s
  ep21 step 3500/10781 loss 0.0598 lr 1.52e-04 1084s
  ep21 step 4000/10781 loss 0.0598 lr 1.52e-04 1241s
  ep21 step 4500/10781 loss 0.0598 lr 1.51e-04 1400s
  ep21 step 5000/10781 loss 0.0597 lr 1.50e-04 1559s
  ep21 step 5500/10781 loss 0.0597 lr 1.50e-04 1718s
  ep21 step 6000/10781 loss 0.0596 lr 1.49e-04 1874s
  ep21 step 6500/10781 loss 0.0596 lr 1.49e-04 2029s
  ep21 step 7000/10781 loss 0.0596 lr 1.48e-04 2184s
  ep21 step 7500/10781 loss 0.0595 lr 1.48e-04 2340s
  ep21 step 8000/10781 loss 0.0595 lr 1.47e-04 2496s
  ep21 step 8500/10781 loss 0.0595 lr 1.47e-04 2652s
  ep21 step 9000/10781 loss 0.0595 lr 1.46e-04 2808s
  ep21 step 9500/10781 loss 0.0595 lr 1.45e-04 2963s
  ep21 step 10000/10781 loss 0.0595 lr 1.45e-04 3121s
  ep21 step 10500/10781 loss 0.0595 lr 1.44e-04 3278s
{"ep": 21, "loss": 0.0595, "val_pooled_db": [-12.33, -11.17, -10.41, -9.59], "val_median_db": [-17.77, -16.61, -15.15, -14.16], "val_align_db": [-18.83, -17.96, -16.96, -16.11], "rho": [0.993, 0.992, 0.99, 0.988], "copy_last_db": [-4.45, -1.94, -1.6, -1.16], "lr": 0.00014396010898358775, "sec": 3453.9}
  ep22 step 500/10781 loss 0.0593 lr 1.43e-04 159s
  ep22 step 1000/10781 loss 0.0589 lr 1.43e-04 318s
  ep22 step 1500/10781 loss 0.0590 lr 1.42e-04 477s
  ep22 step 2000/10781 loss 0.0589 lr 1.42e-04 636s
  ep22 step 2500/10781 loss 0.0588 lr 1.41e-04 795s
  ep22 step 3000/10781 loss 0.0589 lr 1.41e-04 953s
  ep22 step 3500/10781 loss 0.0588 lr 1.40e-04 1112s
  ep22 step 4000/10781 loss 0.0588 lr 1.39e-04 1271s
  ep22 step 4500/10781 loss 0.0588 lr 1.39e-04 1430s
  ep22 step 5000/10781 loss 0.0588 lr 1.38e-04 1589s
  ep22 step 5500/10781 loss 0.0588 lr 1.38e-04 1748s
  ep22 step 6000/10781 loss 0.0588 lr 1.37e-04 1907s
  ep22 step 6500/10781 loss 0.0588 lr 1.37e-04 2066s
  ep22 step 7000/10781 loss 0.0588 lr 1.36e-04 2224s
  ep22 step 7500/10781 loss 0.0588 lr 1.36e-04 2384s
  ep22 step 8000/10781 loss 0.0588 lr 1.35e-04 2542s
  ep22 step 8500/10781 loss 0.0588 lr 1.34e-04 2701s
  ep22 step 9000/10781 loss 0.0588 lr 1.34e-04 2860s
  ep22 step 9500/10781 loss 0.0588 lr 1.33e-04 3019s
  ep22 step 10000/10781 loss 0.0587 lr 1.33e-04 3178s
  ep22 step 10500/10781 loss 0.0587 lr 1.32e-04 3337s
{"ep": 22, "loss": 0.05873, "val_pooled_db": [-12.25, -11.14, -10.33, -9.52], "val_median_db": [-17.84, -16.62, -15.09, -14.0], "val_align_db": [-18.99, -18.04, -16.97, -16.04], "rho": [0.994, 0.992, 0.99, 0.987], "copy_last_db": [-4.45, -1.94, -1.6, -1.16], "lr": 0.00013191949796170156, "sec": 3514.2}
  ep23 step 500/10781 loss 0.0586 lr 1.31e-04 159s
  ep23 step 1000/10781 loss 0.0584 lr 1.31e-04 319s
  ep23 step 1500/10781 loss 0.0584 lr 1.30e-04 477s
  ep23 step 2000/10781 loss 0.0583 lr 1.30e-04 636s
  ep23 step 2500/10781 loss 0.0583 lr 1.29e-04 794s
  ep23 step 3000/10781 loss 0.0582 lr 1.29e-04 952s
  ep23 step 3500/10781 loss 0.0582 lr 1.28e-04 1111s
  ep23 step 4000/10781 loss 0.0581 lr 1.27e-04 1269s
  ep23 step 4500/10781 loss 0.0581 lr 1.27e-04 1428s
  ep23 step 5000/10781 loss 0.0582 lr 1.26e-04 1587s
  ep23 step 5500/10781 loss 0.0581 lr 1.26e-04 1745s
  ep23 step 6000/10781 loss 0.0581 lr 1.25e-04 1901s
  ep23 step 6500/10781 loss 0.0581 lr 1.25e-04 2056s
  ep23 step 7000/10781 loss 0.0581 lr 1.24e-04 2211s
  ep23 step 7500/10781 loss 0.0581 lr 1.24e-04 2366s
  ep23 step 8000/10781 loss 0.0581 lr 1.23e-04 2533s
  ep23 step 8500/10781 loss 0.0581 lr 1.23e-04 2699s
  ep23 step 9000/10781 loss 0.0581 lr 1.22e-04 2884s
  ep23 step 9500/10781 loss 0.0581 lr 1.21e-04 3072s
  ep23 step 10000/10781 loss 0.0581 lr 1.21e-04 3260s
  ep23 step 10500/10781 loss 0.0581 lr 1.20e-04 3449s
{"ep": 23, "loss": 0.05805, "val_pooled_db": [-12.21, -11.1, -10.3, -9.5], "val_median_db": [-17.79, -16.6, -15.13, -14.1], "val_align_db": [-18.83, -17.96, -17.01, -16.11], "rho": [0.993, 0.992, 0.99, 0.988], "copy_last_db": [-4.45, -1.94, -1.6, -1.16], "lr": 0.00011999614593359334, "sec": 3633.2}
  ep24 step 500/10781 loss 0.0572 lr 1.19e-04 165s
  ep24 step 1000/10781 loss 0.0576 lr 1.19e-04 331s
  ep24 step 1500/10781 loss 0.0575 lr 1.18e-04 498s
  ep24 step 2000/10781 loss 0.0575 lr 1.18e-04 664s
  ep24 step 2500/10781 loss 0.0576 lr 1.17e-04 831s
  ep24 step 3000/10781 loss 0.0576 lr 1.17e-04 997s
  ep24 step 3500/10781 loss 0.0576 lr 1.16e-04 1164s
  ep24 step 4000/10781 loss 0.0576 lr 1.16e-04 1330s
  ep24 step 4500/10781 loss 0.0576 lr 1.15e-04 1496s
  ep24 step 5000/10781 loss 0.0576 lr 1.15e-04 1662s
  ep24 step 5500/10781 loss 0.0575 lr 1.14e-04 1828s
  ep24 step 6000/10781 loss 0.0576 lr 1.13e-04 1994s
  ep24 step 6500/10781 loss 0.0576 lr 1.13e-04 2162s
  ep24 step 7000/10781 loss 0.0575 lr 1.12e-04 2328s
  ep24 step 7500/10781 loss 0.0575 lr 1.12e-04 2494s
  ep24 step 8000/10781 loss 0.0574 lr 1.11e-04 2660s
  ep24 step 8500/10781 loss 0.0575 lr 1.11e-04 2827s
  ep24 step 9000/10781 loss 0.0575 lr 1.10e-04 2994s
  ep24 step 9500/10781 loss 0.0575 lr 1.10e-04 3159s
  ep24 step 10000/10781 loss 0.0575 lr 1.09e-04 3324s
  ep24 step 10500/10781 loss 0.0575 lr 1.09e-04 3489s
{"ep": 24, "loss": 0.05745, "val_pooled_db": [-12.25, -11.12, -10.31, -9.48], "val_median_db": [-17.8, -16.65, -15.19, -14.05], "val_align_db": [-18.83, -17.99, -17.0, -15.99], "rho": [0.993, 0.992, 0.99, 0.987], "copy_last_db": [-4.45, -1.94, -1.6, -1.16], "lr": 0.0001082673804125321, "sec": 3668.7}
  ep25 step 500/10781 loss 0.0573 lr 1.08e-04 166s
  ep25 step 1000/10781 loss 0.0572 lr 1.07e-04 332s
  ep25 step 1500/10781 loss 0.0570 lr 1.07e-04 497s
  ep25 step 2000/10781 loss 0.0569 lr 1.06e-04 663s
  ep25 step 2500/10781 loss 0.0569 lr 1.06e-04 829s
  ep25 step 3000/10781 loss 0.0569 lr 1.05e-04 994s
  ep25 step 3500/10781 loss 0.0569 lr 1.05e-04 1160s
  ep25 step 4000/10781 loss 0.0569 lr 1.04e-04 1326s
  ep25 step 4500/10781 loss 0.0569 lr 1.03e-04 1492s
  ep25 step 5000/10781 loss 0.0569 lr 1.03e-04 1658s
  ep25 step 5500/10781 loss 0.0569 lr 1.02e-04 1823s
  ep25 step 6000/10781 loss 0.0569 lr 1.02e-04 1989s
  ep25 step 6500/10781 loss 0.0569 lr 1.01e-04 2155s
  ep25 step 7000/10781 loss 0.0569 lr 1.01e-04 2321s
  ep25 step 7500/10781 loss 0.0569 lr 1.00e-04 2488s
  ep25 step 8000/10781 loss 0.0569 lr 9.97e-05 2656s
  ep25 step 8500/10781 loss 0.0569 lr 9.92e-05 2823s
  ep25 step 9000/10781 loss 0.0569 lr 9.87e-05 2991s
  ep25 step 9500/10781 loss 0.0569 lr 9.82e-05 3158s
  ep25 step 10000/10781 loss 0.0569 lr 9.76e-05 3325s
  ep25 step 10500/10781 loss 0.0569 lr 9.71e-05 3493s
{"ep": 25, "loss": 0.05688, "val_pooled_db": [-12.27, -11.14, -10.35, -9.56], "val_median_db": [-17.85, -16.65, -15.23, -14.16], "val_align_db": [-18.93, -18.01, -17.01, -16.13], "rho": [0.994, 0.992, 0.99, 0.988], "copy_last_db": [-4.45, -1.94, -1.6, -1.16], "lr": 9.680926694361964e-05, "sec": 3675.2}
early stopping at ep 25 (best ep 20, -10.88 dB)
DONE best_ep 20 val_mean_pooled_db -10.88
