[mm] sensors ['cam', 'lidar'] pos_source predicted window_bytes {'cam': 4816896, 'lidar': 786432} coverage {"cam": {"channel_frames": 53800, "missing": 0, "examples": [], "rsu_frames_cached": 17200, "row_bytes": 301056}, "lidar": {"channel_frames": 53800, "missing": 0, "examples": [], "rsu_frames_cached": 17200, "row_bytes": 49152}}
[t1_mm_cam_lidar] frames 53800 Nr 16 Nt 64 Ksc 64 | split T1: train windows 41090 (x16 = 657440), val windows 2490 (x16 = 39840) | load 0s
model mm:chiron params 23.54M | args {"model": "mm:chiron", "run_id": "t1_mm_cam_lidar", "setting": "Nt_1_64_Nr_1_16_fc_28GHz", "Ksc": 64, "K_hist": 16, "H_pred": 4, "split": "T1", "seed": 42, "epochs": 40, "patience": 5, "lr": 0.0003, "wd": 0.0001, "batch": 64, "clip": 1.0, "warmup_epochs": 1.0, "D": 512, "L": 6, "heads": 8, "dropout": 0.1, "no_pos_emb": false, "residual": false, "c_hid": 128, "c_enc": 32, "norm": "rms", "patch_h": 4, "patch_w": 16, "lwm11_init": "pretrained", "lwm11_freeze": "none", "in_scale": 1.0, "t_layers": 2, "device": "cuda:0", "workers": 0, "max_train_windows": 0, "eval_every": 1, "out_root": "/mnt/ssd_7t_2/carla-wireless-dataset/mmw_reproduction/outputs_cp", "sensors": "cam,lidar", "pos_source": "predicted", "pos_mode": "token", "fuse_layers": 3, "causal_mask": false, "sensor_cache_root": "", "backbone_init": ""}
[mm] param_groups {"backbone_no_head": 9178368, "head": 9978368, "fusion": 3554304, "embeddings": 5120, "enc_cam": 460800, "enc_lidar": 366336, "sensor_encoders": 827136, "total": 23543296}
  ep1 step 500/10273 loss 1.1540 lr 1.46e-05 181s
  ep1 step 1000/10273 loss 1.0846 lr 2.92e-05 344s
  ep1 step 1500/10273 loss 1.0552 lr 4.38e-05 587s
  ep1 step 2000/10273 loss 1.0378 lr 5.84e-05 883s
  ep1 step 2500/10273 loss 1.0259 lr 7.30e-05 1182s
  ep1 step 3000/10273 loss 1.0174 lr 8.76e-05 1362s
  ep1 step 3500/10273 loss 1.0103 lr 1.02e-04 1526s
  ep1 step 4000/10273 loss 1.0033 lr 1.17e-04 1690s
  ep1 step 4500/10273 loss 0.9974 lr 1.31e-04 1854s
  ep1 step 5000/10273 loss 0.9909 lr 1.46e-04 2018s
  ep1 step 5500/10273 loss 0.9837 lr 1.61e-04 2183s
  ep1 step 6000/10273 loss 0.9748 lr 1.75e-04 2348s
  ep1 step 6500/10273 loss 0.9635 lr 1.90e-04 2513s
  ep1 step 7000/10273 loss 0.9497 lr 2.04e-04 2678s
  ep1 step 7500/10273 loss 0.9322 lr 2.19e-04 2843s
  ep1 step 8000/10273 loss 0.9094 lr 2.34e-04 3008s
  ep1 step 8500/10273 loss 0.8838 lr 2.48e-04 3173s
  ep1 step 9000/10273 loss 0.8568 lr 2.63e-04 3391s
  ep1 step 9500/10273 loss 0.8287 lr 2.77e-04 3558s
  ep1 step 10000/10273 loss 0.8008 lr 2.92e-04 3723s
{"ep": 1, "loss": 0.78599, "val_pooled_db": [-7.16, -6.63, -6.02, -5.41], "val_median_db": [-7.76, -7.22, -6.59, -6.12], "val_align_db": [-8.67, -8.29, -7.73, -7.36], "rho": [0.93, 0.923, 0.912, 0.903], "copy_last_db": [-4.46, -2.38, -1.54, -0.84], "lr": 0.0003, "sec": 3910.7}
  ep2 step 500/10273 loss 0.2331 lr 3.00e-04 164s
  ep2 step 1000/10273 loss 0.2240 lr 3.00e-04 327s
  ep2 step 1500/10273 loss 0.2190 lr 3.00e-04 491s
  ep2 step 2000/10273 loss 0.2144 lr 3.00e-04 652s
  ep2 step 2500/10273 loss 0.2097 lr 3.00e-04 815s
  ep2 step 3000/10273 loss 0.2054 lr 3.00e-04 978s
  ep2 step 3500/10273 loss 0.2016 lr 3.00e-04 1142s
  ep2 step 4000/10273 loss 0.1980 lr 3.00e-04 1305s
  ep2 step 4500/10273 loss 0.1949 lr 3.00e-04 1468s
  ep2 step 5000/10273 loss 0.1923 lr 3.00e-04 1632s
  ep2 step 5500/10273 loss 0.1894 lr 3.00e-04 1796s
  ep2 step 6000/10273 loss 0.1868 lr 3.00e-04 1960s
  ep2 step 6500/10273 loss 0.1844 lr 3.00e-04 2125s
  ep2 step 7000/10273 loss 0.1822 lr 3.00e-04 2289s
  ep2 step 7500/10273 loss 0.1800 lr 3.00e-04 2453s
  ep2 step 8000/10273 loss 0.1781 lr 3.00e-04 2617s
  ep2 step 8500/10273 loss 0.1765 lr 3.00e-04 2780s
  ep2 step 9000/10273 loss 0.1746 lr 3.00e-04 2944s
  ep2 step 9500/10273 loss 0.1729 lr 3.00e-04 3109s
  ep2 step 10000/10273 loss 0.1712 lr 3.00e-04 3274s
{"ep": 2, "loss": 0.17047, "val_pooled_db": [-9.36, -8.63, -7.76, -6.95], "val_median_db": [-11.15, -10.25, -9.3, -8.52], "val_align_db": [-12.19, -11.49, -10.71, -10.15], "rho": [0.969, 0.964, 0.957, 0.951], "copy_last_db": [-4.46, -2.38, -1.54, -0.84], "lr": 0.0002995135962201315, "sec": 3463.6}
  ep3 step 500/10273 loss 0.1356 lr 2.99e-04 165s
  ep3 step 1000/10273 loss 0.1365 lr 2.99e-04 333s
  ep3 step 1500/10273 loss 0.1360 lr 2.99e-04 520s
  ep3 step 2000/10273 loss 0.1359 lr 2.99e-04 698s
  ep3 step 2500/10273 loss 0.1352 lr 2.99e-04 890s
  ep3 step 3000/10273 loss 0.1342 lr 2.99e-04 1078s
  ep3 step 3500/10273 loss 0.1335 lr 2.99e-04 1251s
  ep3 step 4000/10273 loss 0.1335 lr 2.99e-04 1421s
  ep3 step 4500/10273 loss 0.1327 lr 2.99e-04 1590s
  ep3 step 5000/10273 loss 0.1320 lr 2.99e-04 1757s
  ep3 step 5500/10273 loss 0.1314 lr 2.99e-04 1921s
  ep3 step 6000/10273 loss 0.1308 lr 2.99e-04 2085s
  ep3 step 6500/10273 loss 0.1304 lr 2.99e-04 2248s
  ep3 step 7000/10273 loss 0.1299 lr 2.99e-04 2412s
  ep3 step 7500/10273 loss 0.1293 lr 2.99e-04 2577s
  ep3 step 8000/10273 loss 0.1288 lr 2.98e-04 2741s
  ep3 step 8500/10273 loss 0.1284 lr 2.98e-04 2906s
  ep3 step 9000/10273 loss 0.1279 lr 2.98e-04 3070s
  ep3 step 9500/10273 loss 0.1274 lr 2.98e-04 3235s
  ep3 step 10000/10273 loss 0.1269 lr 2.98e-04 3400s
{"ep": 3, "loss": 0.12685, "val_pooled_db": [-9.69, -8.95, -8.01, -7.21], "val_median_db": [-11.74, -10.83, -9.82, -8.9], "val_align_db": [-12.72, -12.1, -11.24, -10.5], "rho": [0.973, 0.969, 0.962, 0.954], "copy_last_db": [-4.46, -2.38, -1.54, -0.84], "lr": 0.00029805753939568687, "sec": 3592.4}
  ep4 step 500/10273 loss 0.1162 lr 2.98e-04 164s
  ep4 step 1000/10273 loss 0.1153 lr 2.98e-04 329s
  ep4 step 1500/10273 loss 0.1143 lr 2.98e-04 494s
  ep4 step 2000/10273 loss 0.1138 lr 2.98e-04 657s
  ep4 step 2500/10273 loss 0.1135 lr 2.98e-04 818s
  ep4 step 3000/10273 loss 0.1132 lr 2.97e-04 982s
  ep4 step 3500/10273 loss 0.1136 lr 2.97e-04 1147s
  ep4 step 4000/10273 loss 0.1140 lr 2.97e-04 1311s
  ep4 step 4500/10273 loss 0.1136 lr 2.97e-04 1475s
  ep4 step 5000/10273 loss 0.1132 lr 2.97e-04 1639s
  ep4 step 5500/10273 loss 0.1128 lr 2.97e-04 1803s
  ep4 step 6000/10273 loss 0.1123 lr 2.97e-04 1969s
  ep4 step 6500/10273 loss 0.1123 lr 2.97e-04 2133s
  ep4 step 7000/10273 loss 0.1119 lr 2.97e-04 2298s
  ep4 step 7500/10273 loss 0.1116 lr 2.96e-04 2461s
  ep4 step 8000/10273 loss 0.1113 lr 2.96e-04 2626s
  ep4 step 8500/10273 loss 0.1112 lr 2.96e-04 2791s
  ep4 step 9000/10273 loss 0.1109 lr 2.96e-04 2956s
  ep4 step 9500/10273 loss 0.1106 lr 2.96e-04 3120s
  ep4 step 10000/10273 loss 0.1104 lr 2.96e-04 3284s
{"ep": 4, "loss": 0.11036, "val_pooled_db": [-9.96, -9.11, -8.14, -7.27], "val_median_db": [-12.09, -11.11, -9.91, -9.02], "val_align_db": [-13.14, -12.5, -11.4, -10.76], "rho": [0.975, 0.971, 0.963, 0.957], "copy_last_db": [-4.46, -2.38, -1.54, -0.84], "lr": 0.00029564127261390776, "sec": 3472.2}
  ep5 step 500/10273 loss 0.1024 lr 2.95e-04 164s
  ep5 step 1000/10273 loss 0.1025 lr 2.95e-04 329s
  ep5 step 1500/10273 loss 0.1027 lr 2.95e-04 494s
  ep5 step 2000/10273 loss 0.1037 lr 2.95e-04 658s
  ep5 step 2500/10273 loss 0.1033 lr 2.95e-04 819s
  ep5 step 3000/10273 loss 0.1030 lr 2.95e-04 984s
  ep5 step 3500/10273 loss 0.1029 lr 2.95e-04 1150s
  ep5 step 4000/10273 loss 0.1030 lr 2.94e-04 1316s
  ep5 step 4500/10273 loss 0.1027 lr 2.94e-04 1481s
  ep5 step 5000/10273 loss 0.1025 lr 2.94e-04 1646s
  ep5 step 5500/10273 loss 0.1024 lr 2.94e-04 1810s
  ep5 step 6000/10273 loss 0.1024 lr 2.94e-04 1975s
  ep5 step 6500/10273 loss 0.1022 lr 2.94e-04 2140s
  ep5 step 7000/10273 loss 0.1018 lr 2.93e-04 2304s
  ep5 step 7500/10273 loss 0.1017 lr 2.93e-04 2468s
  ep5 step 8000/10273 loss 0.1014 lr 2.93e-04 2635s
  ep5 step 8500/10273 loss 0.1011 lr 2.93e-04 2801s
  ep5 step 9000/10273 loss 0.1009 lr 2.93e-04 2965s
  ep5 step 9500/10273 loss 0.1007 lr 2.93e-04 3128s
  ep5 step 10000/10273 loss 0.1004 lr 2.92e-04 3291s
{"ep": 5, "loss": 0.10027, "val_pooled_db": [-10.06, -9.23, -8.3, -7.41], "val_median_db": [-12.46, -11.44, -10.36, -9.24], "val_align_db": [-13.45, -12.71, -11.69, -10.87], "rho": [0.977, 0.973, 0.966, 0.958], "copy_last_db": [-4.46, -2.38, -1.54, -0.84], "lr": 0.00029228046629207175, "sec": 3477.9}
  ep6 step 500/10273 loss 0.0949 lr 2.92e-04 164s
  ep6 step 1000/10273 loss 0.0950 lr 2.92e-04 329s
  ep6 step 1500/10273 loss 0.0948 lr 2.92e-04 493s
  ep6 step 2000/10273 loss 0.0956 lr 2.92e-04 657s
  ep6 step 2500/10273 loss 0.0952 lr 2.91e-04 819s
  ep6 step 3000/10273 loss 0.0950 lr 2.91e-04 984s
  ep6 step 3500/10273 loss 0.0946 lr 2.91e-04 1149s
  ep6 step 4000/10273 loss 0.0944 lr 2.91e-04 1314s
  ep6 step 4500/10273 loss 0.0942 lr 2.91e-04 1478s
  ep6 step 5000/10273 loss 0.0940 lr 2.90e-04 1643s
  ep6 step 5500/10273 loss 0.0941 lr 2.90e-04 1807s
  ep6 step 6000/10273 loss 0.0943 lr 2.90e-04 1972s
  ep6 step 6500/10273 loss 0.0942 lr 2.90e-04 2138s
  ep6 step 7000/10273 loss 0.0940 lr 2.89e-04 2302s
  ep6 step 7500/10273 loss 0.0938 lr 2.89e-04 2469s
  ep6 step 8000/10273 loss 0.0939 lr 2.89e-04 2633s
  ep6 step 8500/10273 loss 0.0938 lr 2.89e-04 2798s
  ep6 step 9000/10273 loss 0.0937 lr 2.89e-04 2964s
  ep6 step 9500/10273 loss 0.0935 lr 2.88e-04 3128s
  ep6 step 10000/10273 loss 0.0933 lr 2.88e-04 3293s
{"ep": 6, "loss": 0.09329, "val_pooled_db": [-10.32, -9.42, -8.43, -7.51], "val_median_db": [-12.81, -11.73, -10.56, -9.54], "val_align_db": [-13.81, -12.96, -11.85, -11.14], "rho": [0.979, 0.974, 0.967, 0.961], "copy_last_db": [-4.46, -2.38, -1.54, -0.84], "lr": 0.0002879969165488236, "sec": 3481.6}
  ep7 step 500/10273 loss 0.0878 lr 2.88e-04 164s
  ep7 step 1000/10273 loss 0.0896 lr 2.88e-04 328s
  ep7 step 1500/10273 loss 0.0903 lr 2.87e-04 493s
  ep7 step 2000/10273 loss 0.0903 lr 2.87e-04 659s
  ep7 step 2500/10273 loss 0.0898 lr 2.87e-04 820s
  ep7 step 3000/10273 loss 0.0897 lr 2.87e-04 986s
  ep7 step 3500/10273 loss 0.0895 lr 2.86e-04 1150s
  ep7 step 4000/10273 loss 0.0894 lr 2.86e-04 1316s
  ep7 step 4500/10273 loss 0.0891 lr 2.86e-04 1481s
  ep7 step 5000/10273 loss 0.0889 lr 2.86e-04 1646s
  ep7 step 5500/10273 loss 0.0890 lr 2.85e-04 1811s
  ep7 step 6000/10273 loss 0.0889 lr 2.85e-04 1976s
  ep7 step 6500/10273 loss 0.0887 lr 2.85e-04 2141s
  ep7 step 7000/10273 loss 0.0885 lr 2.85e-04 2305s
  ep7 step 7500/10273 loss 0.0883 lr 2.84e-04 2470s
  ep7 step 8000/10273 loss 0.0883 lr 2.84e-04 2634s
  ep7 step 8500/10273 loss 0.0884 lr 2.84e-04 2798s
  ep7 step 9000/10273 loss 0.0884 lr 2.84e-04 2963s
  ep7 step 9500/10273 loss 0.0883 lr 2.83e-04 3128s
  ep7 step 10000/10273 loss 0.0882 lr 2.83e-04 3293s
{"ep": 7, "loss": 0.08811, "val_pooled_db": [-10.33, -9.39, -8.41, -7.47], "val_median_db": [-12.92, -11.72, -10.54, -9.49], "val_align_db": [-13.95, -13.05, -11.89, -11.09], "rho": [0.98, 0.975, 0.967, 0.96], "copy_last_db": [-4.46, -2.38, -1.54, -0.84], "lr": 0.0002828184038479814, "sec": 3482.0}
  ep8 step 500/10273 loss 0.0878 lr 2.83e-04 165s
  ep8 step 1000/10273 loss 0.0859 lr 2.82e-04 330s
  ep8 step 1500/10273 loss 0.0852 lr 2.82e-04 495s
  ep8 step 2000/10273 loss 0.0848 lr 2.82e-04 661s
  ep8 step 2500/10273 loss 0.0848 lr 2.81e-04 821s
  ep8 step 3000/10273 loss 0.0850 lr 2.81e-04 986s
  ep8 step 3500/10273 loss 0.0849 lr 2.81e-04 1150s
  ep8 step 4000/10273 loss 0.0849 lr 2.81e-04 1315s
  ep8 step 4500/10273 loss 0.0849 lr 2.80e-04 1480s
  ep8 step 5000/10273 loss 0.0847 lr 2.80e-04 1644s
  ep8 step 5500/10273 loss 0.0846 lr 2.80e-04 1809s
  ep8 step 6000/10273 loss 0.0847 lr 2.79e-04 1974s
  ep8 step 6500/10273 loss 0.0849 lr 2.79e-04 2139s
  ep8 step 7000/10273 loss 0.0848 lr 2.79e-04 2304s
  ep8 step 7500/10273 loss 0.0846 lr 2.78e-04 2469s
  ep8 step 8000/10273 loss 0.0845 lr 2.78e-04 2632s
  ep8 step 8500/10273 loss 0.0844 lr 2.78e-04 2796s
  ep8 step 9000/10273 loss 0.0843 lr 2.78e-04 2961s
  ep8 step 9500/10273 loss 0.0842 lr 2.77e-04 3126s
  ep8 step 10000/10273 loss 0.0841 lr 2.77e-04 3291s
{"ep": 8, "loss": 0.08422, "val_pooled_db": [-10.24, -9.35, -8.35, -7.45], "val_median_db": [-12.71, -11.6, -10.54, -9.51], "val_align_db": [-13.77, -12.99, -11.89, -11.1], "rho": [0.979, 0.975, 0.967, 0.96], "copy_last_db": [-4.46, -2.38, -1.54, -0.84], "lr": 0.0002767785128315692, "sec": 3479.5}
  ep9 step 500/10273 loss 0.0832 lr 2.76e-04 164s
  ep9 step 1000/10273 loss 0.0822 lr 2.76e-04 328s
  ep9 step 1500/10273 loss 0.0814 lr 2.76e-04 492s
  ep9 step 2000/10273 loss 0.0814 lr 2.76e-04 657s
  ep9 step 2500/10273 loss 0.0812 lr 2.75e-04 814s
  ep9 step 3000/10273 loss 0.0815 lr 2.75e-04 968s
  ep9 step 3500/10273 loss 0.0816 lr 2.75e-04 1157s
  ep9 step 4000/10273 loss 0.0814 lr 2.74e-04 1405s
  ep9 step 4500/10273 loss 0.0813 lr 2.74e-04 1653s
  ep9 step 5000/10273 loss 0.0812 lr 2.74e-04 1899s
  ep9 step 5500/10273 loss 0.0814 lr 2.73e-04 2144s
  ep9 step 6000/10273 loss 0.0813 lr 2.73e-04 2392s
  ep9 step 6500/10273 loss 0.0814 lr 2.73e-04 2600s
  ep9 step 7000/10273 loss 0.0813 lr 2.72e-04 2753s
  ep9 step 7500/10273 loss 0.0813 lr 2.72e-04 2905s
  ep9 step 8000/10273 loss 0.0812 lr 2.72e-04 3058s
  ep9 step 8500/10273 loss 0.0813 lr 2.71e-04 3210s
  ep9 step 9000/10273 loss 0.0813 lr 2.71e-04 3363s
  ep9 step 9500/10273 loss 0.0812 lr 2.70e-04 3517s
  ep9 step 10000/10273 loss 0.0811 lr 2.70e-04 3670s
{"ep": 9, "loss": 0.08103, "val_pooled_db": [-10.46, -9.45, -8.48, -7.54], "val_median_db": [-13.16, -11.95, -10.77, -9.81], "val_align_db": [-14.2, -13.31, -12.26, -11.4], "rho": [0.981, 0.976, 0.97, 0.963], "copy_last_db": [-4.46, -2.38, -1.54, -0.84], "lr": 0.00026991641451052517, "sec": 3840.2}
  ep10 step 500/10273 loss 0.0777 lr 2.70e-04 153s
  ep10 step 1000/10273 loss 0.0798 lr 2.69e-04 306s
  ep10 step 1500/10273 loss 0.0800 lr 2.69e-04 459s
  ep10 step 2000/10273 loss 0.0793 lr 2.68e-04 613s
  ep10 step 2500/10273 loss 0.0792 lr 2.68e-04 766s
  ep10 step 3000/10273 loss 0.0797 lr 2.68e-04 920s
  ep10 step 3500/10273 loss 0.0794 lr 2.67e-04 1071s
  ep10 step 4000/10273 loss 0.0794 lr 2.67e-04 1222s
  ep10 step 4500/10273 loss 0.0792 lr 2.67e-04 1373s
  ep10 step 5000/10273 loss 0.0793 lr 2.66e-04 1524s
  ep10 step 5500/10273 loss 0.0793 lr 2.66e-04 1674s
  ep10 step 6000/10273 loss 0.0791 lr 2.66e-04 1825s
  ep10 step 6500/10273 loss 0.0790 lr 2.65e-04 1975s
  ep10 step 7000/10273 loss 0.0788 lr 2.65e-04 2126s
  ep10 step 7500/10273 loss 0.0788 lr 2.64e-04 2277s
  ep10 step 8000/10273 loss 0.0787 lr 2.64e-04 2427s
  ep10 step 8500/10273 loss 0.0786 lr 2.64e-04 2578s
  ep10 step 9000/10273 loss 0.0785 lr 2.63e-04 2729s
  ep10 step 9500/10273 loss 0.0785 lr 2.63e-04 2880s
  ep10 step 10000/10273 loss 0.0784 lr 2.62e-04 3035s
{"ep": 10, "loss": 0.07836, "val_pooled_db": [-10.41, -9.44, -8.44, -7.49], "val_median_db": [-13.07, -11.88, -10.73, -9.58], "val_align_db": [-14.1, -13.27, -12.16, -11.28], "rho": [0.98, 0.976, 0.969, 0.962], "copy_last_db": [-4.46, -2.38, -1.54, -0.84], "lr": 0.00026227661222566516, "sec": 3204.7}
  ep11 step 500/10273 loss 0.0779 lr 2.62e-04 153s
  ep11 step 1000/10273 loss 0.0772 lr 2.61e-04 317s
  ep11 step 1500/10273 loss 0.0766 lr 2.61e-04 479s
  ep11 step 2000/10273 loss 0.0764 lr 2.61e-04 639s
  ep11 step 2500/10273 loss 0.0763 lr 2.60e-04 791s
  ep11 step 3000/10273 loss 0.0765 lr 2.60e-04 943s
  ep11 step 3500/10273 loss 0.0763 lr 2.60e-04 1095s
  ep11 step 4000/10273 loss 0.0763 lr 2.59e-04 1247s
  ep11 step 4500/10273 loss 0.0765 lr 2.59e-04 1407s
  ep11 step 5000/10273 loss 0.0764 lr 2.58e-04 1569s
  ep11 step 5500/10273 loss 0.0763 lr 2.58e-04 1731s
  ep11 step 6000/10273 loss 0.0762 lr 2.57e-04 1893s
  ep11 step 6500/10273 loss 0.0762 lr 2.57e-04 2055s
  ep11 step 7000/10273 loss 0.0761 lr 2.57e-04 2213s
  ep11 step 7500/10273 loss 0.0761 lr 2.56e-04 2372s
  ep11 step 8000/10273 loss 0.0762 lr 2.56e-04 2528s
  ep11 step 8500/10273 loss 0.0760 lr 2.55e-04 2685s
  ep11 step 9000/10273 loss 0.0761 lr 2.55e-04 2843s
  ep11 step 9500/10273 loss 0.0761 lr 2.55e-04 3006s
  ep11 step 10000/10273 loss 0.0761 lr 2.54e-04 3165s
{"ep": 11, "loss": 0.07603, "val_pooled_db": [-10.53, -9.6, -8.6, -7.64], "val_median_db": [-13.29, -12.1, -10.95, -9.83], "val_align_db": [-14.23, -13.38, -12.31, -11.4], "rho": [0.981, 0.977, 0.97, 0.963], "copy_last_db": [-4.46, -2.38, -1.54, -0.84], "lr": 0.0002539086530264399, "sec": 3344.1}
  ep12 step 500/10273 loss 0.0748 lr 2.53e-04 158s
  ep12 step 1000/10273 loss 0.0745 lr 2.53e-04 317s
  ep12 step 1500/10273 loss 0.0753 lr 2.53e-04 476s
  ep12 step 2000/10273 loss 0.0754 lr 2.52e-04 635s
  ep12 step 2500/10273 loss 0.0750 lr 2.52e-04 796s
  ep12 step 3000/10273 loss 0.0748 lr 2.51e-04 955s
  ep12 step 3500/10273 loss 0.0745 lr 2.51e-04 1114s
  ep12 step 4000/10273 loss 0.0744 lr 2.50e-04 1274s
  ep12 step 4500/10273 loss 0.0745 lr 2.50e-04 1432s
  ep12 step 5000/10273 loss 0.0744 lr 2.50e-04 1594s
  ep12 step 5500/10273 loss 0.0742 lr 2.49e-04 1754s
  ep12 step 6000/10273 loss 0.0741 lr 2.49e-04 1916s
  ep12 step 6500/10273 loss 0.0741 lr 2.48e-04 2077s
  ep12 step 7000/10273 loss 0.0740 lr 2.48e-04 2239s
  ep12 step 7500/10273 loss 0.0740 lr 2.47e-04 2399s
  ep12 step 8000/10273 loss 0.0740 lr 2.47e-04 2560s
  ep12 step 8500/10273 loss 0.0739 lr 2.46e-04 2721s
  ep12 step 9000/10273 loss 0.0739 lr 2.46e-04 2881s
  ep12 step 9500/10273 loss 0.0738 lr 2.46e-04 3040s
  ep12 step 10000/10273 loss 0.0740 lr 2.45e-04 3198s
{"ep": 12, "loss": 0.07397, "val_pooled_db": [-10.51, -9.55, -8.51, -7.6], "val_median_db": [-13.35, -12.06, -10.85, -9.76], "val_align_db": [-14.34, -13.35, -12.23, -11.39], "rho": [0.981, 0.977, 0.97, 0.963], "copy_last_db": [-4.46, -2.38, -1.54, -0.84], "lr": 0.0002448668063393066, "sec": 3375.8}
  ep13 step 500/10273 loss 0.0718 lr 2.44e-04 159s
  ep13 step 1000/10273 loss 0.0721 lr 2.44e-04 318s
  ep13 step 1500/10273 loss 0.0727 lr 2.43e-04 480s
  ep13 step 2000/10273 loss 0.0727 lr 2.43e-04 640s
  ep13 step 2500/10273 loss 0.0724 lr 2.43e-04 799s
  ep13 step 3000/10273 loss 0.0722 lr 2.42e-04 959s
  ep13 step 3500/10273 loss 0.0724 lr 2.42e-04 1121s
  ep13 step 4000/10273 loss 0.0727 lr 2.41e-04 1281s
  ep13 step 4500/10273 loss 0.0725 lr 2.41e-04 1439s
  ep13 step 5000/10273 loss 0.0725 lr 2.40e-04 1597s
  ep13 step 5500/10273 loss 0.0725 lr 2.40e-04 1759s
  ep13 step 6000/10273 loss 0.0724 lr 2.39e-04 1921s
  ep13 step 6500/10273 loss 0.0723 lr 2.39e-04 2084s
  ep13 step 7000/10273 loss 0.0722 lr 2.38e-04 2243s
  ep13 step 7500/10273 loss 0.0722 lr 2.38e-04 2404s
  ep13 step 8000/10273 loss 0.0721 lr 2.37e-04 2567s
  ep13 step 8500/10273 loss 0.0721 lr 2.37e-04 2728s
  ep13 step 9000/10273 loss 0.0720 lr 2.36e-04 2889s
  ep13 step 9500/10273 loss 0.0721 lr 2.36e-04 3049s
  ep13 step 10000/10273 loss 0.0721 lr 2.35e-04 3208s
{"ep": 13, "loss": 0.07204, "val_pooled_db": [-10.57, -9.58, -8.59, -7.64], "val_median_db": [-13.43, -12.14, -10.93, -9.89], "val_align_db": [-14.41, -13.43, -12.33, -11.46], "rho": [0.982, 0.977, 0.97, 0.964], "copy_last_db": [-4.46, -2.38, -1.54, -0.84], "lr": 0.00023520971200967334, "sec": 3383.9}
  ep14 step 500/10273 loss 0.0720 lr 2.35e-04 160s
  ep14 step 1000/10273 loss 0.0713 lr 2.34e-04 319s
  ep14 step 1500/10273 loss 0.0708 lr 2.34e-04 485s
  ep14 step 2000/10273 loss 0.0712 lr 2.33e-04 645s
  ep14 step 2500/10273 loss 0.0713 lr 2.33e-04 804s
  ep14 step 3000/10273 loss 0.0713 lr 2.32e-04 961s
  ep14 step 3500/10273 loss 0.0714 lr 2.32e-04 1121s
  ep14 step 4000/10273 loss 0.0712 lr 2.31e-04 1284s
  ep14 step 4500/10273 loss 0.0711 lr 2.31e-04 1443s
  ep14 step 5000/10273 loss 0.0710 lr 2.30e-04 1602s
  ep14 step 5500/10273 loss 0.0709 lr 2.30e-04 1761s
  ep14 step 6000/10273 loss 0.0708 lr 2.29e-04 1922s
  ep14 step 6500/10273 loss 0.0710 lr 2.29e-04 2081s
  ep14 step 7000/10273 loss 0.0709 lr 2.28e-04 2242s
  ep14 step 7500/10273 loss 0.0708 lr 2.28e-04 2406s
  ep14 step 8000/10273 loss 0.0707 lr 2.27e-04 2566s
  ep14 step 8500/10273 loss 0.0707 lr 2.27e-04 2726s
  ep14 step 9000/10273 loss 0.0706 lr 2.26e-04 2886s
  ep14 step 9500/10273 loss 0.0706 lr 2.26e-04 3046s
  ep14 step 10000/10273 loss 0.0706 lr 2.25e-04 3209s
{"ep": 14, "loss": 0.07053, "val_pooled_db": [-10.61, -9.6, -8.63, -7.66], "val_median_db": [-13.44, -12.18, -11.06, -9.92], "val_align_db": [-14.39, -13.49, -12.43, -11.52], "rho": [0.982, 0.977, 0.971, 0.964], "copy_last_db": [-4.46, -2.38, -1.54, -0.84], "lr": 0.000225, "sec": 3386.0}
  ep15 step 500/10273 loss 0.0711 lr 2.24e-04 162s
  ep15 step 1000/10273 loss 0.0711 lr 2.24e-04 322s
  ep15 step 1500/10273 loss 0.0702 lr 2.23e-04 484s
  ep15 step 2000/10273 loss 0.0703 lr 2.23e-04 644s
  ep15 step 2500/10273 loss 0.0700 lr 2.22e-04 806s
  ep15 step 3000/10273 loss 0.0697 lr 2.22e-04 964s
  ep15 step 3500/10273 loss 0.0699 lr 2.21e-04 1123s
  ep15 step 4000/10273 loss 0.0699 lr 2.21e-04 1287s
  ep15 step 4500/10273 loss 0.0697 lr 2.20e-04 1458s
  ep15 step 5000/10273 loss 0.0699 lr 2.20e-04 1626s
  ep15 step 5500/10273 loss 0.0697 lr 2.19e-04 1801s
  ep15 step 6000/10273 loss 0.0696 lr 2.19e-04 1972s
  ep15 step 6500/10273 loss 0.0695 lr 2.18e-04 2144s
  ep15 step 7000/10273 loss 0.0694 lr 2.18e-04 2313s
  ep15 step 7500/10273 loss 0.0693 lr 2.17e-04 2486s
  ep15 step 8000/10273 loss 0.0693 lr 2.17e-04 2791s
  ep15 step 8500/10273 loss 0.0692 lr 2.16e-04 3221s
  ep15 step 9000/10273 loss 0.0692 lr 2.16e-04 3540s
  ep15 step 9500/10273 loss 0.0691 lr 2.15e-04 3707s
  ep15 step 10000/10273 loss 0.0691 lr 2.15e-04 3867s
{"ep": 15, "loss": 0.06912, "val_pooled_db": [-10.64, -9.69, -8.68, -7.73], "val_median_db": [-13.49, -12.12, -10.98, -9.93], "val_align_db": [-14.47, -13.52, -12.4, -11.55], "rho": [0.982, 0.978, 0.971, 0.964], "copy_last_db": [-4.46, -2.38, -1.54, -0.84], "lr": 0.0002143038842104581, "sec": 4044.5}
  ep16 step 500/10273 loss 0.0678 lr 2.14e-04 171s
  ep16 step 1000/10273 loss 0.0688 lr 2.13e-04 369s
  ep16 step 1500/10273 loss 0.0683 lr 2.13e-04 554s
  ep16 step 2000/10273 loss 0.0682 lr 2.12e-04 737s
  ep16 step 2500/10273 loss 0.0683 lr 2.12e-04 926s
  ep16 step 3000/10273 loss 0.0681 lr 2.11e-04 1129s
  ep16 step 3500/10273 loss 0.0684 lr 2.11e-04 1316s
  ep16 step 4000/10273 loss 0.0685 lr 2.10e-04 1511s
  ep16 step 4500/10273 loss 0.0683 lr 2.09e-04 1705s
  ep16 step 5000/10273 loss 0.0684 lr 2.09e-04 1912s
  ep16 step 5500/10273 loss 0.0683 lr 2.08e-04 2103s
  ep16 step 6000/10273 loss 0.0681 lr 2.08e-04 2266s
  ep16 step 6500/10273 loss 0.0682 lr 2.07e-04 2427s
  ep16 step 7000/10273 loss 0.0681 lr 2.07e-04 2614s
  ep16 step 7500/10273 loss 0.0680 lr 2.06e-04 2806s
  ep16 step 8000/10273 loss 0.0680 lr 2.06e-04 2992s
  ep16 step 8500/10273 loss 0.0679 lr 2.05e-04 3198s
  ep16 step 9000/10273 loss 0.0678 lr 2.05e-04 3386s
  ep16 step 9500/10273 loss 0.0678 lr 2.04e-04 3577s
  ep16 step 10000/10273 loss 0.0678 lr 2.03e-04 3761s
{"ep": 16, "loss": 0.06783, "val_pooled_db": [-10.51, -9.57, -8.59, -7.75], "val_median_db": [-13.32, -12.21, -10.98, -10.03], "val_align_db": [-14.3, -13.49, -12.39, -11.57], "rho": [0.981, 0.977, 0.971, 0.965], "copy_last_db": [-4.46, -2.38, -1.54, -0.84], "lr": 0.0002031907330563803, "sec": 3964.4}
  ep17 step 500/10273 loss 0.0679 lr 2.03e-04 187s
  ep17 step 1000/10273 loss 0.0670 lr 2.02e-04 378s
  ep17 step 1500/10273 loss 0.0666 lr 2.02e-04 578s
  ep17 step 2000/10273 loss 0.0673 lr 2.01e-04 785s
  ep17 step 2500/10273 loss 0.0674 lr 2.00e-04 974s
  ep17 step 3000/10273 loss 0.0672 lr 2.00e-04 1136s
  ep17 step 3500/10273 loss 0.0670 lr 1.99e-04 1300s
  ep17 step 4000/10273 loss 0.0668 lr 1.99e-04 1462s
  ep17 step 4500/10273 loss 0.0668 lr 1.98e-04 1643s
  ep17 step 5000/10273 loss 0.0667 lr 1.98e-04 1828s
  ep17 step 5500/10273 loss 0.0667 lr 1.97e-04 2012s
  ep17 step 6000/10273 loss 0.0668 lr 1.97e-04 2198s
  ep17 step 6500/10273 loss 0.0669 lr 1.96e-04 2389s
  ep17 step 7000/10273 loss 0.0668 lr 1.95e-04 2569s
  ep17 step 7500/10273 loss 0.0668 lr 1.95e-04 2758s
  ep17 step 8000/10273 loss 0.0667 lr 1.94e-04 2948s
  ep17 step 8500/10273 loss 0.0668 lr 1.94e-04 3135s
  ep17 step 9000/10273 loss 0.0667 lr 1.93e-04 3344s
  ep17 step 9500/10273 loss 0.0666 lr 1.93e-04 3587s
  ep17 step 10000/10273 loss 0.0667 lr 1.92e-04 3860s
{"ep": 17, "loss": 0.06664, "val_pooled_db": [-10.59, -9.67, -8.66, -7.7], "val_median_db": [-13.43, -12.17, -10.99, -9.84], "val_align_db": [-14.44, -13.48, -12.37, -11.49], "rho": [0.982, 0.977, 0.971, 0.964], "copy_last_db": [-4.46, -2.38, -1.54, -0.84], "lr": 0.0001917326195874679, "sec": 4096.7}
  ep18 step 500/10273 loss 0.0651 lr 1.91e-04 152s
  ep18 step 1000/10273 loss 0.0648 lr 1.91e-04 304s
  ep18 step 1500/10273 loss 0.0656 lr 1.90e-04 456s
  ep18 step 2000/10273 loss 0.0654 lr 1.89e-04 607s
  ep18 step 2500/10273 loss 0.0653 lr 1.89e-04 759s
  ep18 step 3000/10273 loss 0.0652 lr 1.88e-04 911s
  ep18 step 3500/10273 loss 0.0654 lr 1.88e-04 1063s
  ep18 step 4000/10273 loss 0.0656 lr 1.87e-04 1215s
  ep18 step 4500/10273 loss 0.0657 lr 1.87e-04 1367s
  ep18 step 5000/10273 loss 0.0656 lr 1.86e-04 1520s
  ep18 step 5500/10273 loss 0.0656 lr 1.85e-04 1672s
  ep18 step 6000/10273 loss 0.0654 lr 1.85e-04 1823s
  ep18 step 6500/10273 loss 0.0654 lr 1.84e-04 1975s
  ep18 step 7000/10273 loss 0.0656 lr 1.84e-04 2127s
  ep18 step 7500/10273 loss 0.0655 lr 1.83e-04 2278s
  ep18 step 8000/10273 loss 0.0655 lr 1.83e-04 2430s
  ep18 step 8500/10273 loss 0.0655 lr 1.82e-04 2581s
  ep18 step 9000/10273 loss 0.0654 lr 1.81e-04 2733s
  ep18 step 9500/10273 loss 0.0654 lr 1.81e-04 2885s
  ep18 step 10000/10273 loss 0.0654 lr 1.80e-04 3036s
{"ep": 18, "loss": 0.06545, "val_pooled_db": [-10.65, -9.71, -8.71, -7.76], "val_median_db": [-13.54, -12.32, -11.08, -9.98], "val_align_db": [-14.51, -13.65, -12.53, -11.64], "rho": [0.982, 0.978, 0.972, 0.965], "copy_last_db": [-4.46, -2.38, -1.54, -0.84], "lr": 0.00018000385406640666, "sec": 3205.3}
  ep19 step 500/10273 loss 0.0642 lr 1.79e-04 152s
  ep19 step 1000/10273 loss 0.0643 lr 1.79e-04 305s
  ep19 step 1500/10273 loss 0.0639 lr 1.78e-04 456s
  ep19 step 2000/10273 loss 0.0648 lr 1.78e-04 609s
  ep19 step 2500/10273 loss 0.0652 lr 1.77e-04 760s
  ep19 step 3000/10273 loss 0.0650 lr 1.77e-04 912s
  ep19 step 3500/10273 loss 0.0648 lr 1.76e-04 1065s
  ep19 step 4000/10273 loss 0.0647 lr 1.75e-04 1217s
  ep19 step 4500/10273 loss 0.0647 lr 1.75e-04 1368s
  ep19 step 5000/10273 loss 0.0648 lr 1.74e-04 1520s
  ep19 step 5500/10273 loss 0.0648 lr 1.74e-04 1672s
  ep19 step 6000/10273 loss 0.0646 lr 1.73e-04 1824s
  ep19 step 6500/10273 loss 0.0646 lr 1.72e-04 1976s
  ep19 step 7000/10273 loss 0.0645 lr 1.72e-04 2127s
  ep19 step 7500/10273 loss 0.0644 lr 1.71e-04 2279s
  ep19 step 8000/10273 loss 0.0644 lr 1.71e-04 2431s
  ep19 step 8500/10273 loss 0.0644 lr 1.70e-04 2583s
  ep19 step 9000/10273 loss 0.0644 lr 1.70e-04 2735s
  ep19 step 9500/10273 loss 0.0643 lr 1.69e-04 2887s
  ep19 step 10000/10273 loss 0.0644 lr 1.68e-04 3039s
{"ep": 19, "loss": 0.06437, "val_pooled_db": [-10.6, -9.64, -8.65, -7.72], "val_median_db": [-13.49, -12.22, -11.02, -10.05], "val_align_db": [-14.49, -13.51, -12.38, -11.59], "rho": [0.982, 0.977, 0.971, 0.965], "copy_last_db": [-4.46, -2.38, -1.54, -0.84], "lr": 0.00016808050203829842, "sec": 3208.5}
  ep20 step 500/10273 loss 0.0658 lr 1.67e-04 152s
  ep20 step 1000/10273 loss 0.0650 lr 1.67e-04 303s
  ep20 step 1500/10273 loss 0.0644 lr 1.66e-04 454s
  ep20 step 2000/10273 loss 0.0646 lr 1.66e-04 605s
  ep20 step 2500/10273 loss 0.0643 lr 1.65e-04 756s
  ep20 step 3000/10273 loss 0.0646 lr 1.65e-04 907s
  ep20 step 3500/10273 loss 0.0643 lr 1.64e-04 1058s
  ep20 step 4000/10273 loss 0.0642 lr 1.63e-04 1209s
  ep20 step 4500/10273 loss 0.0640 lr 1.63e-04 1360s
  ep20 step 5000/10273 loss 0.0639 lr 1.62e-04 1511s
  ep20 step 5500/10273 loss 0.0638 lr 1.62e-04 1662s
  ep20 step 6000/10273 loss 0.0637 lr 1.61e-04 1813s
  ep20 step 6500/10273 loss 0.0637 lr 1.60e-04 1964s
  ep20 step 7000/10273 loss 0.0638 lr 1.60e-04 2116s
  ep20 step 7500/10273 loss 0.0638 lr 1.59e-04 2267s
  ep20 step 8000/10273 loss 0.0637 lr 1.59e-04 2418s
  ep20 step 8500/10273 loss 0.0636 lr 1.58e-04 2569s
  ep20 step 9000/10273 loss 0.0635 lr 1.58e-04 2721s
  ep20 step 9500/10273 loss 0.0635 lr 1.57e-04 2872s
  ep20 step 10000/10273 loss 0.0635 lr 1.56e-04 3023s
{"ep": 20, "loss": 0.06344, "val_pooled_db": [-10.64, -9.68, -8.7, -7.75], "val_median_db": [-13.56, -12.25, -11.06, -9.92], "val_align_db": [-14.53, -13.62, -12.43, -11.52], "rho": [0.982, 0.978, 0.971, 0.964], "copy_last_db": [-4.46, -2.38, -1.54, -0.84], "lr": 0.00015603989101641228, "sec": 3190.6}
  ep21 step 500/10273 loss 0.0623 lr 1.55e-04 151s
  ep21 step 1000/10273 loss 0.0622 lr 1.55e-04 303s
  ep21 step 1500/10273 loss 0.0629 lr 1.54e-04 454s
  ep21 step 2000/10273 loss 0.0627 lr 1.54e-04 605s
  ep21 step 2500/10273 loss 0.0630 lr 1.53e-04 757s
  ep21 step 3000/10273 loss 0.0627 lr 1.53e-04 908s
  ep21 step 3500/10273 loss 0.0628 lr 1.52e-04 1059s
  ep21 step 4000/10273 loss 0.0628 lr 1.51e-04 1210s
  ep21 step 4500/10273 loss 0.0628 lr 1.51e-04 1361s
  ep21 step 5000/10273 loss 0.0628 lr 1.50e-04 1512s
  ep21 step 5500/10273 loss 0.0627 lr 1.50e-04 1663s
  ep21 step 6000/10273 loss 0.0627 lr 1.49e-04 1814s
  ep21 step 6500/10273 loss 0.0626 lr 1.48e-04 1965s
  ep21 step 7000/10273 loss 0.0626 lr 1.48e-04 2116s
  ep21 step 7500/10273 loss 0.0626 lr 1.47e-04 2269s
  ep21 step 8000/10273 loss 0.0626 lr 1.47e-04 2420s
  ep21 step 8500/10273 loss 0.0625 lr 1.46e-04 2572s
  ep21 step 9000/10273 loss 0.0625 lr 1.45e-04 2725s
  ep21 step 9500/10273 loss 0.0625 lr 1.45e-04 2875s
  ep21 step 10000/10273 loss 0.0626 lr 1.44e-04 3088s
{"ep": 21, "loss": 0.06255, "val_pooled_db": [-10.59, -9.64, -8.64, -7.7], "val_median_db": [-13.57, -12.25, -11.0, -9.93], "val_align_db": [-14.54, -13.57, -12.43, -11.59], "rho": [0.982, 0.978, 0.971, 0.965], "copy_last_db": [-4.46, -2.38, -1.54, -0.84], "lr": 0.00014396010898358775, "sec": 3350.7}
  ep22 step 500/10273 loss 0.0608 lr 1.43e-04 230s
  ep22 step 1000/10273 loss 0.0613 lr 1.43e-04 381s
  ep22 step 1500/10273 loss 0.0619 lr 1.42e-04 531s
  ep22 step 2000/10273 loss 0.0617 lr 1.42e-04 682s
  ep22 step 2500/10273 loss 0.0618 lr 1.41e-04 832s
  ep22 step 3000/10273 loss 0.0619 lr 1.40e-04 983s
  ep22 step 3500/10273 loss 0.0618 lr 1.40e-04 1133s
  ep22 step 4000/10273 loss 0.0618 lr 1.39e-04 1284s
  ep22 step 4500/10273 loss 0.0617 lr 1.39e-04 1434s
  ep22 step 5000/10273 loss 0.0618 lr 1.38e-04 1584s
  ep22 step 5500/10273 loss 0.0617 lr 1.38e-04 1734s
  ep22 step 6000/10273 loss 0.0618 lr 1.37e-04 1885s
  ep22 step 6500/10273 loss 0.0617 lr 1.36e-04 2035s
  ep22 step 7000/10273 loss 0.0617 lr 1.36e-04 2185s
  ep22 step 7500/10273 loss 0.0618 lr 1.35e-04 2335s
  ep22 step 8000/10273 loss 0.0617 lr 1.35e-04 2485s
  ep22 step 8500/10273 loss 0.0618 lr 1.34e-04 2635s
  ep22 step 9000/10273 loss 0.0617 lr 1.33e-04 2786s
  ep22 step 9500/10273 loss 0.0619 lr 1.33e-04 2936s
  ep22 step 10000/10273 loss 0.0618 lr 1.32e-04 3087s
{"ep": 22, "loss": 0.06178, "val_pooled_db": [-10.62, -9.68, -8.71, -7.77], "val_median_db": [-13.56, -12.32, -11.11, -9.99], "val_align_db": [-14.48, -13.63, -12.54, -11.62], "rho": [0.982, 0.978, 0.972, 0.965], "copy_last_db": [-4.46, -2.38, -1.54, -0.84], "lr": 0.00013191949796170156, "sec": 3253.0}
  ep23 step 500/10273 loss 0.0601 lr 1.31e-04 150s
  ep23 step 1000/10273 loss 0.0615 lr 1.31e-04 300s
  ep23 step 1500/10273 loss 0.0617 lr 1.30e-04 450s
  ep23 step 2000/10273 loss 0.0613 lr 1.30e-04 600s
  ep23 step 2500/10273 loss 0.0611 lr 1.29e-04 749s
  ep23 step 3000/10273 loss 0.0613 lr 1.28e-04 899s
  ep23 step 3500/10273 loss 0.0612 lr 1.28e-04 1050s
  ep23 step 4000/10273 loss 0.0611 lr 1.27e-04 1199s
  ep23 step 4500/10273 loss 0.0612 lr 1.27e-04 1349s
  ep23 step 5000/10273 loss 0.0611 lr 1.26e-04 1499s
  ep23 step 5500/10273 loss 0.0611 lr 1.26e-04 1650s
  ep23 step 6000/10273 loss 0.0611 lr 1.25e-04 1800s
  ep23 step 6500/10273 loss 0.0611 lr 1.24e-04 1950s
  ep23 step 7000/10273 loss 0.0611 lr 1.24e-04 2100s
  ep23 step 7500/10273 loss 0.0611 lr 1.23e-04 2250s
  ep23 step 8000/10273 loss 0.0610 lr 1.23e-04 2400s
  ep23 step 8500/10273 loss 0.0610 lr 1.22e-04 2550s
  ep23 step 9000/10273 loss 0.0609 lr 1.21e-04 2700s
  ep23 step 9500/10273 loss 0.0609 lr 1.21e-04 2850s
  ep23 step 10000/10273 loss 0.0609 lr 1.20e-04 3000s
{"ep": 23, "loss": 0.06099, "val_pooled_db": [-10.62, -9.66, -8.67, -7.73], "val_median_db": [-13.62, -12.31, -11.04, -9.92], "val_align_db": [-14.54, -13.63, -12.43, -11.59], "rho": [0.982, 0.978, 0.971, 0.965], "copy_last_db": [-4.46, -2.38, -1.54, -0.84], "lr": 0.00011999614593359334, "sec": 3166.3}
early stopping at ep 23 (best ep 18, -9.21 dB)
DONE best_ep 18 val_mean_pooled_db -9.21
