[mm] sensors ['radar'] pos_source predicted window_bytes {'radar': 262144} coverage {"radar": {"channel_frames": 53800, "missing": 0, "examples": [], "rsu_frames_cached": 17200, "row_bytes": 16384}}
[mm_radar_s0] frames 53800 Nr 16 Nt 64 Ksc 64 | split B1: train windows 43121 (x16 = 689936), val windows 2439 (x16 = 39024) | load 0s
model mm:chiron params 22.79M | args {"model": "mm:chiron", "run_id": "mm_radar_s0", "setting": "Nt_1_64_Nr_1_16_fc_28GHz", "Ksc": 64, "K_hist": 16, "H_pred": 4, "split": "B1", "seed": 0, "epochs": 40, "patience": 5, "lr": 0.0003, "wd": 0.0001, "batch": 64, "clip": 1.0, "warmup_epochs": 1.0, "D": 512, "L": 6, "heads": 8, "dropout": 0.1, "no_pos_emb": false, "residual": false, "c_hid": 128, "c_enc": 32, "norm": "rms", "patch_h": 4, "patch_w": 16, "lwm11_init": "pretrained", "lwm11_freeze": "none", "in_scale": 1.0, "t_layers": 2, "device": "cuda:0", "workers": 0, "max_train_windows": 0, "eval_every": 1, "out_root": "/mnt/ssd_7t_2/carla-wireless-dataset/mmw_reproduction/outputs_cp", "sensors": "radar", "pos_source": "predicted", "pos_mode": "token", "fuse_layers": 3, "causal_mask": false, "sensor_cache_root": "", "backbone_init": ""}
[mm] param_groups {"backbone_no_head": 9178368, "head": 9978368, "fusion": 3554304, "embeddings": 5120, "enc_radar": 72672, "sensor_encoders": 72672, "total": 22788832}
  ep1 step 500/10781 loss 1.1780 lr 1.39e-05 213s
  ep1 step 1000/10781 loss 1.0977 lr 2.79e-05 397s
  ep1 step 1500/10781 loss 1.0659 lr 4.18e-05 579s
  ep1 step 2000/10781 loss 1.0473 lr 5.57e-05 761s
  ep1 step 2500/10781 loss 1.0350 lr 6.96e-05 894s
  ep1 step 3000/10781 loss 1.0258 lr 8.35e-05 989s
  ep1 step 3500/10781 loss 1.0185 lr 9.74e-05 1083s
  ep1 step 4000/10781 loss 1.0120 lr 1.11e-04 1177s
  ep1 step 4500/10781 loss 1.0063 lr 1.25e-04 1271s
  ep1 step 5000/10781 loss 1.0008 lr 1.39e-04 1366s
  ep1 step 5500/10781 loss 0.9949 lr 1.53e-04 1460s
  ep1 step 6000/10781 loss 0.9878 lr 1.67e-04 1555s
  ep1 step 6500/10781 loss 0.9795 lr 1.81e-04 1648s
  ep1 step 7000/10781 loss 0.9700 lr 1.95e-04 1743s
  ep1 step 7500/10781 loss 0.9573 lr 2.09e-04 1837s
  ep1 step 8000/10781 loss 0.9398 lr 2.23e-04 1932s
  ep1 step 8500/10781 loss 0.9158 lr 2.37e-04 2026s
  ep1 step 9000/10781 loss 0.8879 lr 2.50e-04 2120s
  ep1 step 9500/10781 loss 0.8581 lr 2.64e-04 2215s
  ep1 step 10000/10781 loss 0.8300 lr 2.78e-04 2310s
  ep1 step 10500/10781 loss 0.8027 lr 2.92e-04 2403s
{"ep": 1, "loss": 0.78783, "val_pooled_db": [-8.65, -7.97, -7.35, -6.73], "val_median_db": [-10.5, -10.21, -9.51, -9.01], "val_align_db": [-11.93, -11.72, -11.21, -10.78], "rho": [0.967, 0.966, 0.961, 0.957], "copy_last_db": [-4.45, -1.94, -1.6, -1.16], "lr": 0.0003, "sec": 2494.6}
  ep2 step 500/10781 loss 0.2309 lr 3.00e-04 92s
  ep2 step 1000/10781 loss 0.2268 lr 3.00e-04 185s
  ep2 step 1500/10781 loss 0.2170 lr 3.00e-04 277s
  ep2 step 2000/10781 loss 0.2104 lr 3.00e-04 370s
  ep2 step 2500/10781 loss 0.2074 lr 3.00e-04 464s
  ep2 step 3000/10781 loss 0.2023 lr 3.00e-04 556s
  ep2 step 3500/10781 loss 0.1986 lr 3.00e-04 649s
  ep2 step 4000/10781 loss 0.1964 lr 3.00e-04 742s
  ep2 step 4500/10781 loss 0.1935 lr 3.00e-04 835s
  ep2 step 5000/10781 loss 0.1905 lr 3.00e-04 928s
  ep2 step 5500/10781 loss 0.1877 lr 3.00e-04 1022s
  ep2 step 6000/10781 loss 0.1852 lr 3.00e-04 1115s
  ep2 step 6500/10781 loss 0.1832 lr 3.00e-04 1208s
  ep2 step 7000/10781 loss 0.1814 lr 3.00e-04 1300s
  ep2 step 7500/10781 loss 0.1793 lr 3.00e-04 1393s
  ep2 step 8000/10781 loss 0.1777 lr 3.00e-04 1486s
  ep2 step 8500/10781 loss 0.1760 lr 3.00e-04 1579s
  ep2 step 9000/10781 loss 0.1746 lr 3.00e-04 1672s
  ep2 step 9500/10781 loss 0.1730 lr 3.00e-04 1765s
  ep2 step 10000/10781 loss 0.1715 lr 3.00e-04 1858s
  ep2 step 10500/10781 loss 0.1701 lr 3.00e-04 1951s
{"ep": 2, "loss": 0.16934, "val_pooled_db": [-11.15, -10.23, -9.46, -8.8], "val_median_db": [-14.49, -13.68, -12.77, -12.13], "val_align_db": [-15.97, -15.4, -14.61, -14.04], "rho": [0.987, 0.985, 0.983, 0.98], "copy_last_db": [-4.45, -1.94, -1.6, -1.16], "lr": 0.0002995135962201315, "sec": 2040.4}
  ep3 step 500/10781 loss 0.1423 lr 2.99e-04 93s
  ep3 step 1000/10781 loss 0.1394 lr 2.99e-04 186s
  ep3 step 1500/10781 loss 0.1383 lr 2.99e-04 278s
  ep3 step 2000/10781 loss 0.1378 lr 2.99e-04 371s
  ep3 step 2500/10781 loss 0.1375 lr 2.99e-04 464s
  ep3 step 3000/10781 loss 0.1375 lr 2.99e-04 556s
  ep3 step 3500/10781 loss 0.1366 lr 2.99e-04 649s
  ep3 step 4000/10781 loss 0.1358 lr 2.99e-04 742s
  ep3 step 4500/10781 loss 0.1359 lr 2.99e-04 834s
  ep3 step 5000/10781 loss 0.1352 lr 2.99e-04 927s
  ep3 step 5500/10781 loss 0.1345 lr 2.99e-04 1020s
  ep3 step 6000/10781 loss 0.1338 lr 2.99e-04 1113s
  ep3 step 6500/10781 loss 0.1333 lr 2.99e-04 1205s
  ep3 step 7000/10781 loss 0.1327 lr 2.99e-04 1298s
  ep3 step 7500/10781 loss 0.1325 lr 2.99e-04 1391s
  ep3 step 8000/10781 loss 0.1319 lr 2.99e-04 1484s
  ep3 step 8500/10781 loss 0.1315 lr 2.98e-04 1576s
  ep3 step 9000/10781 loss 0.1310 lr 2.98e-04 1669s
  ep3 step 9500/10781 loss 0.1304 lr 2.98e-04 1762s
  ep3 step 10000/10781 loss 0.1299 lr 2.98e-04 1855s
  ep3 step 10500/10781 loss 0.1293 lr 2.98e-04 1947s
{"ep": 3, "loss": 0.12921, "val_pooled_db": [-11.52, -10.55, -9.75, -9.06], "val_median_db": [-15.13, -14.37, -13.62, -12.88], "val_align_db": [-16.82, -16.14, -15.55, -14.84], "rho": [0.99, 0.988, 0.986, 0.983], "copy_last_db": [-4.45, -1.94, -1.6, -1.16], "lr": 0.00029805753939568687, "sec": 2037.9}
  ep4 step 500/10781 loss 0.1203 lr 2.98e-04 93s
  ep4 step 1000/10781 loss 0.1175 lr 2.98e-04 187s
  ep4 step 1500/10781 loss 0.1168 lr 2.98e-04 281s
  ep4 step 2000/10781 loss 0.1183 lr 2.98e-04 375s
  ep4 step 2500/10781 loss 0.1177 lr 2.98e-04 469s
  ep4 step 3000/10781 loss 0.1172 lr 2.97e-04 562s
  ep4 step 3500/10781 loss 0.1165 lr 2.97e-04 655s
  ep4 step 4000/10781 loss 0.1167 lr 2.97e-04 747s
  ep4 step 4500/10781 loss 0.1166 lr 2.97e-04 840s
  ep4 step 5000/10781 loss 0.1161 lr 2.97e-04 933s
  ep4 step 5500/10781 loss 0.1156 lr 2.97e-04 1026s
  ep4 step 6000/10781 loss 0.1151 lr 2.97e-04 1119s
  ep4 step 6500/10781 loss 0.1148 lr 2.97e-04 1211s
  ep4 step 7000/10781 loss 0.1146 lr 2.97e-04 1304s
  ep4 step 7500/10781 loss 0.1143 lr 2.96e-04 1397s
  ep4 step 8000/10781 loss 0.1138 lr 2.96e-04 1489s
  ep4 step 8500/10781 loss 0.1135 lr 2.96e-04 1582s
  ep4 step 9000/10781 loss 0.1132 lr 2.96e-04 1675s
  ep4 step 9500/10781 loss 0.1129 lr 2.96e-04 1768s
  ep4 step 10000/10781 loss 0.1127 lr 2.96e-04 1860s
  ep4 step 10500/10781 loss 0.1124 lr 2.96e-04 1953s
{"ep": 4, "loss": 0.11218, "val_pooled_db": [-11.85, -10.74, -9.95, -9.19], "val_median_db": [-15.91, -15.08, -14.01, -13.35], "val_align_db": [-17.34, -16.7, -15.99, -15.32], "rho": [0.991, 0.989, 0.987, 0.985], "copy_last_db": [-4.45, -1.94, -1.6, -1.16], "lr": 0.00029564127261390776, "sec": 2042.6}
  ep5 step 500/10781 loss 0.1044 lr 2.96e-04 92s
  ep5 step 1000/10781 loss 0.1037 lr 2.95e-04 186s
  ep5 step 1500/10781 loss 0.1037 lr 2.95e-04 279s
  ep5 step 2000/10781 loss 0.1036 lr 2.95e-04 373s
  ep5 step 2500/10781 loss 0.1034 lr 2.95e-04 467s
  ep5 step 3000/10781 loss 0.1031 lr 2.95e-04 561s
  ep5 step 3500/10781 loss 0.1029 lr 2.95e-04 656s
  ep5 step 4000/10781 loss 0.1027 lr 2.95e-04 750s
  ep5 step 4500/10781 loss 0.1026 lr 2.94e-04 844s
  ep5 step 5000/10781 loss 0.1022 lr 2.94e-04 938s
  ep5 step 5500/10781 loss 0.1021 lr 2.94e-04 1032s
  ep5 step 6000/10781 loss 0.1019 lr 2.94e-04 1126s
  ep5 step 6500/10781 loss 0.1018 lr 2.94e-04 1221s
  ep5 step 7000/10781 loss 0.1016 lr 2.94e-04 1315s
  ep5 step 7500/10781 loss 0.1014 lr 2.93e-04 1409s
  ep5 step 8000/10781 loss 0.1011 lr 2.93e-04 1503s
  ep5 step 8500/10781 loss 0.1009 lr 2.93e-04 1597s
  ep5 step 9000/10781 loss 0.1007 lr 2.93e-04 1691s
  ep5 step 9500/10781 loss 0.1006 lr 2.93e-04 1784s
  ep5 step 10000/10781 loss 0.1005 lr 2.93e-04 1877s
  ep5 step 10500/10781 loss 0.1004 lr 2.92e-04 1969s
{"ep": 5, "loss": 0.10028, "val_pooled_db": [-11.99, -10.92, -10.06, -9.31], "val_median_db": [-16.26, -15.3, -14.23, -13.42], "val_align_db": [-17.73, -16.99, -16.24, -15.44], "rho": [0.992, 0.99, 0.988, 0.986], "copy_last_db": [-4.45, -1.94, -1.6, -1.16], "lr": 0.00029228046629207175, "sec": 2058.5}
  ep6 step 500/10781 loss 0.0939 lr 2.92e-04 93s
  ep6 step 1000/10781 loss 0.0943 lr 2.92e-04 186s
  ep6 step 1500/10781 loss 0.0939 lr 2.92e-04 279s
  ep6 step 2000/10781 loss 0.0942 lr 2.92e-04 372s
  ep6 step 2500/10781 loss 0.0947 lr 2.91e-04 465s
  ep6 step 3000/10781 loss 0.0947 lr 2.91e-04 557s
  ep6 step 3500/10781 loss 0.0945 lr 2.91e-04 650s
  ep6 step 4000/10781 loss 0.0944 lr 2.91e-04 742s
  ep6 step 4500/10781 loss 0.0943 lr 2.91e-04 835s
  ep6 step 5000/10781 loss 0.0942 lr 2.90e-04 927s
  ep6 step 5500/10781 loss 0.0942 lr 2.90e-04 1020s
  ep6 step 6000/10781 loss 0.0949 lr 2.90e-04 1113s
  ep6 step 6500/10781 loss 0.0948 lr 2.90e-04 1206s
  ep6 step 7000/10781 loss 0.0945 lr 2.90e-04 1298s
  ep6 step 7500/10781 loss 0.0944 lr 2.89e-04 1391s
  ep6 step 8000/10781 loss 0.0942 lr 2.89e-04 1483s
  ep6 step 8500/10781 loss 0.0940 lr 2.89e-04 1576s
  ep6 step 9000/10781 loss 0.0939 lr 2.89e-04 1668s
  ep6 step 9500/10781 loss 0.0937 lr 2.89e-04 1761s
  ep6 step 10000/10781 loss 0.0936 lr 2.88e-04 1854s
  ep6 step 10500/10781 loss 0.0936 lr 2.88e-04 1948s
{"ep": 6, "loss": 0.09346, "val_pooled_db": [-11.91, -10.87, -10.1, -9.3], "val_median_db": [-16.37, -15.51, -14.37, -13.51], "val_align_db": [-17.87, -17.18, -16.4, -15.53], "rho": [0.992, 0.99, 0.988, 0.986], "copy_last_db": [-4.45, -1.94, -1.6, -1.16], "lr": 0.0002879969165488236, "sec": 2037.8}
  ep7 step 500/10781 loss 0.0895 lr 2.88e-04 94s
  ep7 step 1000/10781 loss 0.0896 lr 2.88e-04 189s
  ep7 step 1500/10781 loss 0.0892 lr 2.87e-04 285s
  ep7 step 2000/10781 loss 0.0892 lr 2.87e-04 380s
  ep7 step 2500/10781 loss 0.0891 lr 2.87e-04 474s
  ep7 step 3000/10781 loss 0.0890 lr 2.87e-04 569s
  ep7 step 3500/10781 loss 0.0889 lr 2.86e-04 663s
  ep7 step 4000/10781 loss 0.0888 lr 2.86e-04 758s
  ep7 step 4500/10781 loss 0.0888 lr 2.86e-04 852s
  ep7 step 5000/10781 loss 0.0887 lr 2.86e-04 945s
  ep7 step 5500/10781 loss 0.0887 lr 2.85e-04 1040s
  ep7 step 6000/10781 loss 0.0886 lr 2.85e-04 1135s
  ep7 step 6500/10781 loss 0.0885 lr 2.85e-04 1232s
  ep7 step 7000/10781 loss 0.0886 lr 2.85e-04 1327s
  ep7 step 7500/10781 loss 0.0884 lr 2.84e-04 1421s
  ep7 step 8000/10781 loss 0.0883 lr 2.84e-04 1515s
  ep7 step 8500/10781 loss 0.0883 lr 2.84e-04 1610s
  ep7 step 9000/10781 loss 0.0882 lr 2.84e-04 1704s
  ep7 step 9500/10781 loss 0.0881 lr 2.83e-04 1798s
  ep7 step 10000/10781 loss 0.0881 lr 2.83e-04 1892s
  ep7 step 10500/10781 loss 0.0880 lr 2.83e-04 1987s
{"ep": 7, "loss": 0.088, "val_pooled_db": [-12.04, -10.99, -10.16, -9.4], "val_median_db": [-16.66, -15.72, -14.58, -13.81], "val_align_db": [-18.02, -17.4, -16.54, -15.85], "rho": [0.992, 0.991, 0.989, 0.987], "copy_last_db": [-4.45, -1.94, -1.6, -1.16], "lr": 0.0002828184038479814, "sec": 2077.7}
  ep8 step 500/10781 loss 0.0853 lr 2.83e-04 94s
  ep8 step 1000/10781 loss 0.0847 lr 2.82e-04 188s
  ep8 step 1500/10781 loss 0.0846 lr 2.82e-04 282s
  ep8 step 2000/10781 loss 0.0846 lr 2.82e-04 376s
  ep8 step 2500/10781 loss 0.0847 lr 2.81e-04 471s
  ep8 step 3000/10781 loss 0.0848 lr 2.81e-04 565s
  ep8 step 3500/10781 loss 0.0846 lr 2.81e-04 660s
  ep8 step 4000/10781 loss 0.0845 lr 2.81e-04 754s
  ep8 step 4500/10781 loss 0.0846 lr 2.80e-04 848s
  ep8 step 5000/10781 loss 0.0847 lr 2.80e-04 942s
  ep8 step 5500/10781 loss 0.0846 lr 2.80e-04 1036s
  ep8 step 6000/10781 loss 0.0846 lr 2.80e-04 1129s
  ep8 step 6500/10781 loss 0.0845 lr 2.79e-04 1223s
  ep8 step 7000/10781 loss 0.0844 lr 2.79e-04 1317s
  ep8 step 7500/10781 loss 0.0844 lr 2.79e-04 1411s
  ep8 step 8000/10781 loss 0.0843 lr 2.78e-04 1505s
  ep8 step 8500/10781 loss 0.0842 lr 2.78e-04 1598s
  ep8 step 9000/10781 loss 0.0841 lr 2.78e-04 1692s
  ep8 step 9500/10781 loss 0.0840 lr 2.78e-04 1787s
  ep8 step 10000/10781 loss 0.0839 lr 2.77e-04 1880s
  ep8 step 10500/10781 loss 0.0839 lr 2.77e-04 1974s
{"ep": 8, "loss": 0.08383, "val_pooled_db": [-12.05, -11.06, -10.28, -9.49], "val_median_db": [-16.99, -15.92, -14.86, -13.92], "val_align_db": [-18.24, -17.54, -16.6, -15.87], "rho": [0.992, 0.991, 0.989, 0.987], "copy_last_db": [-4.45, -1.94, -1.6, -1.16], "lr": 0.0002767785128315692, "sec": 2065.0}
  ep9 step 500/10781 loss 0.0810 lr 2.76e-04 94s
  ep9 step 1000/10781 loss 0.0811 lr 2.76e-04 187s
  ep9 step 1500/10781 loss 0.0810 lr 2.76e-04 281s
  ep9 step 2000/10781 loss 0.0809 lr 2.76e-04 375s
  ep9 step 2500/10781 loss 0.0809 lr 2.75e-04 469s
  ep9 step 3000/10781 loss 0.0809 lr 2.75e-04 563s
  ep9 step 3500/10781 loss 0.0809 lr 2.75e-04 657s
  ep9 step 4000/10781 loss 0.0810 lr 2.74e-04 751s
  ep9 step 4500/10781 loss 0.0808 lr 2.74e-04 844s
  ep9 step 5000/10781 loss 0.0808 lr 2.74e-04 938s
  ep9 step 5500/10781 loss 0.0808 lr 2.73e-04 1033s
  ep9 step 6000/10781 loss 0.0808 lr 2.73e-04 1154s
  ep9 step 6500/10781 loss 0.0808 lr 2.73e-04 1248s
  ep9 step 7000/10781 loss 0.0808 lr 2.72e-04 1344s
  ep9 step 7500/10781 loss 0.0807 lr 2.72e-04 1441s
  ep9 step 8000/10781 loss 0.0806 lr 2.72e-04 1538s
  ep9 step 8500/10781 loss 0.0806 lr 2.71e-04 1634s
  ep9 step 9000/10781 loss 0.0805 lr 2.71e-04 1733s
  ep9 step 9500/10781 loss 0.0805 lr 2.71e-04 1829s
  ep9 step 10000/10781 loss 0.0805 lr 2.70e-04 1925s
  ep9 step 10500/10781 loss 0.0804 lr 2.70e-04 2047s
{"ep": 9, "loss": 0.0804, "val_pooled_db": [-12.06, -11.02, -10.21, -9.39], "val_median_db": [-16.96, -16.01, -14.88, -14.0], "val_align_db": [-18.18, -17.39, -16.6, -15.87], "rho": [0.992, 0.991, 0.989, 0.987], "copy_last_db": [-4.45, -1.94, -1.6, -1.16], "lr": 0.00026991641451052517, "sec": 2142.9}
  ep10 step 500/10781 loss 0.0782 lr 2.70e-04 96s
  ep10 step 1000/10781 loss 0.0784 lr 2.69e-04 194s
  ep10 step 1500/10781 loss 0.0785 lr 2.69e-04 292s
  ep10 step 2000/10781 loss 0.0784 lr 2.69e-04 428s
  ep10 step 2500/10781 loss 0.0783 lr 2.68e-04 525s
  ep10 step 3000/10781 loss 0.0782 lr 2.68e-04 621s
  ep10 step 3500/10781 loss 0.0782 lr 2.68e-04 742s
  ep10 step 4000/10781 loss 0.0782 lr 2.67e-04 841s
  ep10 step 4500/10781 loss 0.0782 lr 2.67e-04 954s
  ep10 step 5000/10781 loss 0.0781 lr 2.66e-04 1048s
  ep10 step 5500/10781 loss 0.0781 lr 2.66e-04 1159s
  ep10 step 6000/10781 loss 0.0780 lr 2.66e-04 1253s
  ep10 step 6500/10781 loss 0.0780 lr 2.65e-04 1347s
  ep10 step 7000/10781 loss 0.0779 lr 2.65e-04 1441s
  ep10 step 7500/10781 loss 0.0778 lr 2.65e-04 1535s
  ep10 step 8000/10781 loss 0.0778 lr 2.64e-04 1629s
  ep10 step 8500/10781 loss 0.0777 lr 2.64e-04 1723s
  ep10 step 9000/10781 loss 0.0777 lr 2.64e-04 1818s
  ep10 step 9500/10781 loss 0.0776 lr 2.63e-04 1941s
  ep10 step 10000/10781 loss 0.0776 lr 2.63e-04 2036s
  ep10 step 10500/10781 loss 0.0775 lr 2.62e-04 2157s
{"ep": 10, "loss": 0.0775, "val_pooled_db": [-12.07, -11.07, -10.23, -9.47], "val_median_db": [-17.22, -16.18, -15.12, -14.2], "val_align_db": [-18.49, -17.69, -16.85, -16.12], "rho": [0.993, 0.991, 0.99, 0.988], "copy_last_db": [-4.45, -1.94, -1.6, -1.16], "lr": 0.00026227661222566516, "sec": 2248.6}
  ep11 step 500/10781 loss 0.0764 lr 2.62e-04 94s
  ep11 step 1000/10781 loss 0.0760 lr 2.62e-04 189s
  ep11 step 1500/10781 loss 0.0756 lr 2.61e-04 284s
  ep11 step 2000/10781 loss 0.0756 lr 2.61e-04 377s
  ep11 step 2500/10781 loss 0.0755 lr 2.60e-04 471s
  ep11 step 3000/10781 loss 0.0756 lr 2.60e-04 565s
  ep11 step 3500/10781 loss 0.0756 lr 2.60e-04 660s
  ep11 step 4000/10781 loss 0.0755 lr 2.59e-04 754s
  ep11 step 4500/10781 loss 0.0755 lr 2.59e-04 848s
  ep11 step 5000/10781 loss 0.0754 lr 2.58e-04 943s
  ep11 step 5500/10781 loss 0.0754 lr 2.58e-04 1037s
  ep11 step 6000/10781 loss 0.0754 lr 2.58e-04 1131s
  ep11 step 6500/10781 loss 0.0753 lr 2.57e-04 1226s
  ep11 step 7000/10781 loss 0.0753 lr 2.57e-04 1320s
  ep11 step 7500/10781 loss 0.0753 lr 2.57e-04 1415s
  ep11 step 8000/10781 loss 0.0752 lr 2.56e-04 1509s
  ep11 step 8500/10781 loss 0.0752 lr 2.56e-04 1603s
  ep11 step 9000/10781 loss 0.0751 lr 2.55e-04 1697s
  ep11 step 9500/10781 loss 0.0751 lr 2.55e-04 1791s
  ep11 step 10000/10781 loss 0.0750 lr 2.55e-04 1885s
  ep11 step 10500/10781 loss 0.0750 lr 2.54e-04 1980s
{"ep": 11, "loss": 0.07495, "val_pooled_db": [-12.07, -11.08, -10.26, -9.53], "val_median_db": [-17.21, -16.25, -15.14, -14.2], "val_align_db": [-18.46, -17.71, -16.89, -16.2], "rho": [0.993, 0.991, 0.99, 0.988], "copy_last_db": [-4.45, -1.94, -1.6, -1.16], "lr": 0.0002539086530264399, "sec": 2071.1}
  ep12 step 500/10781 loss 0.0730 lr 2.54e-04 94s
  ep12 step 1000/10781 loss 0.0732 lr 2.53e-04 189s
  ep12 step 1500/10781 loss 0.0731 lr 2.53e-04 284s
  ep12 step 2000/10781 loss 0.0731 lr 2.52e-04 378s
  ep12 step 2500/10781 loss 0.0731 lr 2.52e-04 473s
  ep12 step 3000/10781 loss 0.0730 lr 2.51e-04 567s
  ep12 step 3500/10781 loss 0.0731 lr 2.51e-04 661s
  ep12 step 4000/10781 loss 0.0731 lr 2.51e-04 756s
  ep12 step 4500/10781 loss 0.0731 lr 2.50e-04 850s
  ep12 step 5000/10781 loss 0.0730 lr 2.50e-04 944s
  ep12 step 5500/10781 loss 0.0730 lr 2.49e-04 1039s
  ep12 step 6000/10781 loss 0.0729 lr 2.49e-04 1133s
  ep12 step 6500/10781 loss 0.0729 lr 2.49e-04 1228s
  ep12 step 7000/10781 loss 0.0729 lr 2.48e-04 1322s
  ep12 step 7500/10781 loss 0.0728 lr 2.48e-04 1416s
  ep12 step 8000/10781 loss 0.0728 lr 2.47e-04 1510s
  ep12 step 8500/10781 loss 0.0728 lr 2.47e-04 1605s
  ep12 step 9000/10781 loss 0.0728 lr 2.46e-04 1699s
  ep12 step 9500/10781 loss 0.0727 lr 2.46e-04 1794s
  ep12 step 10000/10781 loss 0.0727 lr 2.46e-04 1888s
  ep12 step 10500/10781 loss 0.0726 lr 2.45e-04 1982s
{"ep": 12, "loss": 0.0726, "val_pooled_db": [-12.24, -11.15, -10.36, -9.56], "val_median_db": [-17.53, -16.51, -15.36, -14.36], "val_align_db": [-18.65, -17.83, -17.12, -16.36], "rho": [0.993, 0.992, 0.99, 0.988], "copy_last_db": [-4.45, -1.94, -1.6, -1.16], "lr": 0.0002448668063393066, "sec": 2072.8}
  ep13 step 500/10781 loss 0.0712 lr 2.44e-04 93s
  ep13 step 1000/10781 loss 0.0711 lr 2.44e-04 186s
  ep13 step 1500/10781 loss 0.0712 lr 2.44e-04 279s
  ep13 step 2000/10781 loss 0.0711 lr 2.43e-04 372s
  ep13 step 2500/10781 loss 0.0710 lr 2.43e-04 465s
  ep13 step 3000/10781 loss 0.0708 lr 2.42e-04 558s
  ep13 step 3500/10781 loss 0.0709 lr 2.42e-04 651s
  ep13 step 4000/10781 loss 0.0709 lr 2.41e-04 744s
  ep13 step 4500/10781 loss 0.0709 lr 2.41e-04 838s
  ep13 step 5000/10781 loss 0.0710 lr 2.40e-04 931s
  ep13 step 5500/10781 loss 0.0710 lr 2.40e-04 1024s
  ep13 step 6000/10781 loss 0.0709 lr 2.40e-04 1119s
  ep13 step 6500/10781 loss 0.0709 lr 2.39e-04 1216s
  ep13 step 7000/10781 loss 0.0709 lr 2.39e-04 1314s
  ep13 step 7500/10781 loss 0.0708 lr 2.38e-04 1410s
  ep13 step 8000/10781 loss 0.0708 lr 2.38e-04 1506s
  ep13 step 8500/10781 loss 0.0707 lr 2.37e-04 1601s
  ep13 step 9000/10781 loss 0.0706 lr 2.37e-04 1696s
  ep13 step 9500/10781 loss 0.0705 lr 2.36e-04 1791s
  ep13 step 10000/10781 loss 0.0705 lr 2.36e-04 1887s
  ep13 step 10500/10781 loss 0.0705 lr 2.35e-04 1982s
{"ep": 13, "loss": 0.07042, "val_pooled_db": [-12.18, -11.14, -10.35, -9.57], "val_median_db": [-17.72, -16.61, -15.42, -14.46], "val_align_db": [-18.84, -18.0, -17.17, -16.38], "rho": [0.993, 0.992, 0.99, 0.988], "copy_last_db": [-4.45, -1.94, -1.6, -1.16], "lr": 0.00023520971200967334, "sec": 2084.9}
  ep14 step 500/10781 loss 0.0687 lr 2.35e-04 94s
  ep14 step 1000/10781 loss 0.0691 lr 2.34e-04 189s
  ep14 step 1500/10781 loss 0.0692 lr 2.34e-04 284s
  ep14 step 2000/10781 loss 0.0690 lr 2.33e-04 378s
  ep14 step 2500/10781 loss 0.0690 lr 2.33e-04 473s
  ep14 step 3000/10781 loss 0.0689 lr 2.32e-04 568s
  ep14 step 3500/10781 loss 0.0690 lr 2.32e-04 662s
  ep14 step 4000/10781 loss 0.0689 lr 2.31e-04 757s
  ep14 step 4500/10781 loss 0.0690 lr 2.31e-04 851s
  ep14 step 5000/10781 loss 0.0690 lr 2.31e-04 945s
  ep14 step 5500/10781 loss 0.0690 lr 2.30e-04 1039s
  ep14 step 6000/10781 loss 0.0689 lr 2.30e-04 1133s
  ep14 step 6500/10781 loss 0.0689 lr 2.29e-04 1226s
  ep14 step 7000/10781 loss 0.0688 lr 2.29e-04 1320s
  ep14 step 7500/10781 loss 0.0689 lr 2.28e-04 1414s
  ep14 step 8000/10781 loss 0.0689 lr 2.28e-04 1508s
  ep14 step 8500/10781 loss 0.0688 lr 2.27e-04 1601s
  ep14 step 9000/10781 loss 0.0688 lr 2.27e-04 1694s
  ep14 step 9500/10781 loss 0.0688 lr 2.26e-04 1787s
  ep14 step 10000/10781 loss 0.0688 lr 2.26e-04 1881s
  ep14 step 10500/10781 loss 0.0687 lr 2.25e-04 1975s
{"ep": 14, "loss": 0.06867, "val_pooled_db": [-12.12, -11.12, -10.32, -9.57], "val_median_db": [-17.68, -16.57, -15.38, -14.5], "val_align_db": [-18.92, -17.96, -17.2, -16.49], "rho": [0.994, 0.992, 0.99, 0.989], "copy_last_db": [-4.45, -1.94, -1.6, -1.16], "lr": 0.000225, "sec": 2065.3}
  ep15 step 500/10781 loss 0.0674 lr 2.25e-04 94s
  ep15 step 1000/10781 loss 0.0670 lr 2.24e-04 187s
  ep15 step 1500/10781 loss 0.0673 lr 2.24e-04 281s
  ep15 step 2000/10781 loss 0.0677 lr 2.23e-04 374s
  ep15 step 2500/10781 loss 0.0677 lr 2.23e-04 468s
  ep15 step 3000/10781 loss 0.0677 lr 2.22e-04 562s
  ep15 step 3500/10781 loss 0.0676 lr 2.22e-04 655s
  ep15 step 4000/10781 loss 0.0675 lr 2.21e-04 749s
  ep15 step 4500/10781 loss 0.0675 lr 2.21e-04 843s
  ep15 step 5000/10781 loss 0.0675 lr 2.20e-04 936s
  ep15 step 5500/10781 loss 0.0675 lr 2.20e-04 1029s
  ep15 step 6000/10781 loss 0.0675 lr 2.19e-04 1123s
  ep15 step 6500/10781 loss 0.0674 lr 2.19e-04 1216s
  ep15 step 7000/10781 loss 0.0674 lr 2.18e-04 1310s
  ep15 step 7500/10781 loss 0.0673 lr 2.18e-04 1404s
  ep15 step 8000/10781 loss 0.0673 lr 2.17e-04 1499s
  ep15 step 8500/10781 loss 0.0673 lr 2.17e-04 1593s
  ep15 step 9000/10781 loss 0.0673 lr 2.16e-04 1688s
  ep15 step 9500/10781 loss 0.0673 lr 2.16e-04 1783s
  ep15 step 10000/10781 loss 0.0673 lr 2.15e-04 1877s
  ep15 step 10500/10781 loss 0.0673 lr 2.15e-04 1972s
{"ep": 15, "loss": 0.06729, "val_pooled_db": [-12.25, -11.21, -10.4, -9.63], "val_median_db": [-17.83, -16.77, -15.52, -14.49], "val_align_db": [-18.98, -18.05, -17.15, -16.38], "rho": [0.994, 0.992, 0.99, 0.988], "copy_last_db": [-4.45, -1.94, -1.6, -1.16], "lr": 0.0002143038842104581, "sec": 2062.5}
  ep16 step 500/10781 loss 0.0659 lr 2.14e-04 94s
  ep16 step 1000/10781 loss 0.0661 lr 2.13e-04 188s
  ep16 step 1500/10781 loss 0.0662 lr 2.13e-04 282s
  ep16 step 2000/10781 loss 0.0660 lr 2.12e-04 376s
  ep16 step 2500/10781 loss 0.0660 lr 2.12e-04 470s
  ep16 step 3000/10781 loss 0.0661 lr 2.11e-04 564s
  ep16 step 3500/10781 loss 0.0661 lr 2.11e-04 658s
  ep16 step 4000/10781 loss 0.0662 lr 2.10e-04 751s
  ep16 step 4500/10781 loss 0.0662 lr 2.10e-04 845s
  ep16 step 5000/10781 loss 0.0662 lr 2.09e-04 939s
  ep16 step 5500/10781 loss 0.0662 lr 2.09e-04 1033s
  ep16 step 6000/10781 loss 0.0662 lr 2.08e-04 1127s
  ep16 step 6500/10781 loss 0.0662 lr 2.08e-04 1221s
  ep16 step 7000/10781 loss 0.0662 lr 2.07e-04 1315s
  ep16 step 7500/10781 loss 0.0662 lr 2.07e-04 1409s
  ep16 step 8000/10781 loss 0.0662 lr 2.06e-04 1502s
  ep16 step 8500/10781 loss 0.0662 lr 2.06e-04 1595s
  ep16 step 9000/10781 loss 0.0662 lr 2.05e-04 1688s
  ep16 step 9500/10781 loss 0.0661 lr 2.05e-04 1781s
  ep16 step 10000/10781 loss 0.0661 lr 2.04e-04 1874s
  ep16 step 10500/10781 loss 0.0660 lr 2.03e-04 1967s
{"ep": 16, "loss": 0.06602, "val_pooled_db": [-12.3, -11.22, -10.36, -9.62], "val_median_db": [-17.99, -16.77, -15.5, -14.42], "val_align_db": [-19.09, -18.12, -17.15, -16.43], "rho": [0.994, 0.992, 0.99, 0.989], "copy_last_db": [-4.45, -1.94, -1.6, -1.16], "lr": 0.0002031907330563803, "sec": 2056.7}
  ep17 step 500/10781 loss 0.0652 lr 2.03e-04 93s
  ep17 step 1000/10781 loss 0.0651 lr 2.02e-04 187s
  ep17 step 1500/10781 loss 0.0652 lr 2.02e-04 280s
  ep17 step 2000/10781 loss 0.0651 lr 2.01e-04 373s
  ep17 step 2500/10781 loss 0.0651 lr 2.01e-04 466s
  ep17 step 3000/10781 loss 0.0651 lr 2.00e-04 559s
  ep17 step 3500/10781 loss 0.0651 lr 2.00e-04 653s
  ep17 step 4000/10781 loss 0.0651 lr 1.99e-04 746s
  ep17 step 4500/10781 loss 0.0651 lr 1.98e-04 839s
  ep17 step 5000/10781 loss 0.0652 lr 1.98e-04 933s
  ep17 step 5500/10781 loss 0.0651 lr 1.97e-04 1027s
  ep17 step 6000/10781 loss 0.0651 lr 1.97e-04 1122s
  ep17 step 6500/10781 loss 0.0651 lr 1.96e-04 1217s
  ep17 step 7000/10781 loss 0.0651 lr 1.96e-04 1311s
  ep17 step 7500/10781 loss 0.0651 lr 1.95e-04 1405s
  ep17 step 8000/10781 loss 0.0651 lr 1.95e-04 1500s
  ep17 step 8500/10781 loss 0.0651 lr 1.94e-04 1594s
  ep17 step 9000/10781 loss 0.0650 lr 1.94e-04 1688s
  ep17 step 9500/10781 loss 0.0650 lr 1.93e-04 1782s
  ep17 step 10000/10781 loss 0.0650 lr 1.93e-04 1876s
  ep17 step 10500/10781 loss 0.0650 lr 1.92e-04 1972s
{"ep": 17, "loss": 0.065, "val_pooled_db": [-12.29, -11.24, -10.43, -9.64], "val_median_db": [-18.04, -16.95, -15.71, -14.58], "val_align_db": [-19.14, -18.21, -17.37, -16.48], "rho": [0.994, 0.992, 0.991, 0.989], "copy_last_db": [-4.45, -1.94, -1.6, -1.16], "lr": 0.0001917326195874679, "sec": 2064.2}
  ep18 step 500/10781 loss 0.0637 lr 1.91e-04 94s
  ep18 step 1000/10781 loss 0.0640 lr 1.91e-04 188s
  ep18 step 1500/10781 loss 0.0644 lr 1.90e-04 282s
  ep18 step 2000/10781 loss 0.0643 lr 1.90e-04 376s
  ep18 step 2500/10781 loss 0.0643 lr 1.89e-04 470s
  ep18 step 3000/10781 loss 0.0642 lr 1.88e-04 565s
  ep18 step 3500/10781 loss 0.0642 lr 1.88e-04 659s
  ep18 step 4000/10781 loss 0.0641 lr 1.87e-04 753s
  ep18 step 4500/10781 loss 0.0641 lr 1.87e-04 847s
  ep18 step 5000/10781 loss 0.0641 lr 1.86e-04 941s
  ep18 step 5500/10781 loss 0.0641 lr 1.86e-04 1035s
  ep18 step 6000/10781 loss 0.0641 lr 1.85e-04 1129s
  ep18 step 6500/10781 loss 0.0641 lr 1.85e-04 1223s
  ep18 step 7000/10781 loss 0.0641 lr 1.84e-04 1317s
  ep18 step 7500/10781 loss 0.0641 lr 1.84e-04 1411s
  ep18 step 8000/10781 loss 0.0641 lr 1.83e-04 1505s
  ep18 step 8500/10781 loss 0.0641 lr 1.83e-04 1599s
  ep18 step 9000/10781 loss 0.0641 lr 1.82e-04 1694s
  ep18 step 9500/10781 loss 0.0641 lr 1.81e-04 1788s
  ep18 step 10000/10781 loss 0.0640 lr 1.81e-04 1882s
  ep18 step 10500/10781 loss 0.0640 lr 1.80e-04 1975s
{"ep": 18, "loss": 0.06402, "val_pooled_db": [-12.2, -11.2, -10.36, -9.62], "val_median_db": [-17.93, -16.74, -15.5, -14.5], "val_align_db": [-19.02, -18.13, -17.25, -16.46], "rho": [0.994, 0.992, 0.991, 0.989], "copy_last_db": [-4.45, -1.94, -1.6, -1.16], "lr": 0.00018000385406640666, "sec": 2066.5}
  ep19 step 500/10781 loss 0.0640 lr 1.79e-04 94s
  ep19 step 1000/10781 loss 0.0637 lr 1.79e-04 188s
  ep19 step 1500/10781 loss 0.0634 lr 1.78e-04 281s
  ep19 step 2000/10781 loss 0.0635 lr 1.78e-04 375s
  ep19 step 2500/10781 loss 0.0634 lr 1.77e-04 469s
  ep19 step 3000/10781 loss 0.0634 lr 1.77e-04 563s
  ep19 step 3500/10781 loss 0.0633 lr 1.76e-04 657s
  ep19 step 4000/10781 loss 0.0633 lr 1.76e-04 751s
  ep19 step 4500/10781 loss 0.0633 lr 1.75e-04 844s
  ep19 step 5000/10781 loss 0.0632 lr 1.74e-04 937s
  ep19 step 5500/10781 loss 0.0632 lr 1.74e-04 1031s
  ep19 step 6000/10781 loss 0.0632 lr 1.73e-04 1125s
  ep19 step 6500/10781 loss 0.0632 lr 1.73e-04 1218s
  ep19 step 7000/10781 loss 0.0631 lr 1.72e-04 1312s
  ep19 step 7500/10781 loss 0.0632 lr 1.72e-04 1406s
  ep19 step 8000/10781 loss 0.0631 lr 1.71e-04 1500s
  ep19 step 8500/10781 loss 0.0631 lr 1.71e-04 1594s
  ep19 step 9000/10781 loss 0.0631 lr 1.70e-04 1687s
  ep19 step 9500/10781 loss 0.0631 lr 1.70e-04 1781s
  ep19 step 10000/10781 loss 0.0631 lr 1.69e-04 1875s
  ep19 step 10500/10781 loss 0.0631 lr 1.68e-04 1969s
{"ep": 19, "loss": 0.06315, "val_pooled_db": [-12.24, -11.24, -10.42, -9.68], "val_median_db": [-18.13, -16.92, -15.69, -14.61], "val_align_db": [-19.24, -18.32, -17.42, -16.62], "rho": [0.994, 0.993, 0.991, 0.989], "copy_last_db": [-4.45, -1.94, -1.6, -1.16], "lr": 0.00016808050203829842, "sec": 2059.4}
  ep20 step 500/10781 loss 0.0623 lr 1.68e-04 94s
  ep20 step 1000/10781 loss 0.0626 lr 1.67e-04 188s
  ep20 step 1500/10781 loss 0.0624 lr 1.66e-04 281s
  ep20 step 2000/10781 loss 0.0624 lr 1.66e-04 375s
  ep20 step 2500/10781 loss 0.0625 lr 1.65e-04 469s
  ep20 step 3000/10781 loss 0.0624 lr 1.65e-04 563s
  ep20 step 3500/10781 loss 0.0624 lr 1.64e-04 657s
  ep20 step 4000/10781 loss 0.0624 lr 1.64e-04 751s
  ep20 step 4500/10781 loss 0.0624 lr 1.63e-04 845s
  ep20 step 5000/10781 loss 0.0625 lr 1.63e-04 939s
  ep20 step 5500/10781 loss 0.0624 lr 1.62e-04 1033s
  ep20 step 6000/10781 loss 0.0624 lr 1.61e-04 1127s
  ep20 step 6500/10781 loss 0.0624 lr 1.61e-04 1221s
  ep20 step 7000/10781 loss 0.0624 lr 1.60e-04 1315s
  ep20 step 7500/10781 loss 0.0624 lr 1.60e-04 1409s
  ep20 step 8000/10781 loss 0.0624 lr 1.59e-04 1503s
  ep20 step 8500/10781 loss 0.0624 lr 1.59e-04 1596s
  ep20 step 9000/10781 loss 0.0624 lr 1.58e-04 1690s
  ep20 step 9500/10781 loss 0.0624 lr 1.57e-04 1784s
  ep20 step 10000/10781 loss 0.0624 lr 1.57e-04 1878s
  ep20 step 10500/10781 loss 0.0623 lr 1.56e-04 1972s
{"ep": 20, "loss": 0.06231, "val_pooled_db": [-12.26, -11.26, -10.45, -9.72], "val_median_db": [-18.23, -17.02, -15.86, -14.76], "val_align_db": [-19.31, -18.38, -17.54, -16.7], "rho": [0.994, 0.993, 0.991, 0.989], "copy_last_db": [-4.45, -1.94, -1.6, -1.16], "lr": 0.00015603989101641228, "sec": 2062.6}
  ep21 step 500/10781 loss 0.0620 lr 1.55e-04 94s
  ep21 step 1000/10781 loss 0.0617 lr 1.55e-04 188s
  ep21 step 1500/10781 loss 0.0617 lr 1.54e-04 282s
  ep21 step 2000/10781 loss 0.0617 lr 1.54e-04 376s
  ep21 step 2500/10781 loss 0.0616 lr 1.53e-04 470s
  ep21 step 3000/10781 loss 0.0616 lr 1.53e-04 564s
  ep21 step 3500/10781 loss 0.0617 lr 1.52e-04 659s
  ep21 step 4000/10781 loss 0.0616 lr 1.52e-04 753s
  ep21 step 4500/10781 loss 0.0616 lr 1.51e-04 847s
  ep21 step 5000/10781 loss 0.0615 lr 1.50e-04 941s
  ep21 step 5500/10781 loss 0.0616 lr 1.50e-04 1034s
  ep21 step 6000/10781 loss 0.0616 lr 1.49e-04 1128s
  ep21 step 6500/10781 loss 0.0616 lr 1.49e-04 1222s
  ep21 step 7000/10781 loss 0.0616 lr 1.48e-04 1317s
  ep21 step 7500/10781 loss 0.0616 lr 1.48e-04 1411s
  ep21 step 8000/10781 loss 0.0615 lr 1.47e-04 1505s
  ep21 step 8500/10781 loss 0.0615 lr 1.47e-04 1599s
  ep21 step 9000/10781 loss 0.0615 lr 1.46e-04 1693s
  ep21 step 9500/10781 loss 0.0615 lr 1.45e-04 1787s
  ep21 step 10000/10781 loss 0.0615 lr 1.45e-04 1880s
  ep21 step 10500/10781 loss 0.0615 lr 1.44e-04 1974s
{"ep": 21, "loss": 0.06149, "val_pooled_db": [-12.23, -11.21, -10.39, -9.68], "val_median_db": [-18.28, -17.04, -15.72, -14.67], "val_align_db": [-19.33, -18.33, -17.37, -16.6], "rho": [0.994, 0.993, 0.991, 0.989], "copy_last_db": [-4.45, -1.94, -1.6, -1.16], "lr": 0.00014396010898358775, "sec": 2065.0}
  ep22 step 500/10781 loss 0.0607 lr 1.43e-04 94s
  ep22 step 1000/10781 loss 0.0605 lr 1.43e-04 188s
  ep22 step 1500/10781 loss 0.0606 lr 1.42e-04 282s
  ep22 step 2000/10781 loss 0.0606 lr 1.42e-04 376s
  ep22 step 2500/10781 loss 0.0607 lr 1.41e-04 469s
  ep22 step 3000/10781 loss 0.0607 lr 1.41e-04 563s
  ep22 step 3500/10781 loss 0.0607 lr 1.40e-04 657s
  ep22 step 4000/10781 loss 0.0606 lr 1.39e-04 751s
  ep22 step 4500/10781 loss 0.0606 lr 1.39e-04 845s
  ep22 step 5000/10781 loss 0.0606 lr 1.38e-04 939s
  ep22 step 5500/10781 loss 0.0606 lr 1.38e-04 1033s
  ep22 step 6000/10781 loss 0.0606 lr 1.37e-04 1127s
  ep22 step 6500/10781 loss 0.0606 lr 1.37e-04 1221s
  ep22 step 7000/10781 loss 0.0607 lr 1.36e-04 1315s
  ep22 step 7500/10781 loss 0.0607 lr 1.36e-04 1409s
  ep22 step 8000/10781 loss 0.0606 lr 1.35e-04 1503s
  ep22 step 8500/10781 loss 0.0607 lr 1.34e-04 1597s
  ep22 step 9000/10781 loss 0.0606 lr 1.34e-04 1691s
  ep22 step 9500/10781 loss 0.0606 lr 1.33e-04 1786s
  ep22 step 10000/10781 loss 0.0606 lr 1.33e-04 1880s
  ep22 step 10500/10781 loss 0.0606 lr 1.32e-04 1973s
{"ep": 22, "loss": 0.06058, "val_pooled_db": [-12.28, -11.26, -10.42, -9.72], "val_median_db": [-18.36, -17.09, -15.82, -14.77], "val_align_db": [-19.45, -18.47, -17.55, -16.74], "rho": [0.994, 0.993, 0.991, 0.989], "copy_last_db": [-4.45, -1.94, -1.6, -1.16], "lr": 0.00013191949796170156, "sec": 2063.5}
  ep23 step 500/10781 loss 0.0598 lr 1.31e-04 94s
  ep23 step 1000/10781 loss 0.0597 lr 1.31e-04 188s
  ep23 step 1500/10781 loss 0.0598 lr 1.30e-04 282s
  ep23 step 2000/10781 loss 0.0598 lr 1.30e-04 376s
  ep23 step 2500/10781 loss 0.0599 lr 1.29e-04 470s
  ep23 step 3000/10781 loss 0.0599 lr 1.29e-04 564s
  ep23 step 3500/10781 loss 0.0599 lr 1.28e-04 658s
  ep23 step 4000/10781 loss 0.0599 lr 1.27e-04 752s
  ep23 step 4500/10781 loss 0.0599 lr 1.27e-04 846s
  ep23 step 5000/10781 loss 0.0599 lr 1.26e-04 940s
  ep23 step 5500/10781 loss 0.0600 lr 1.26e-04 1034s
  ep23 step 6000/10781 loss 0.0599 lr 1.25e-04 1128s
  ep23 step 6500/10781 loss 0.0599 lr 1.25e-04 1222s
  ep23 step 7000/10781 loss 0.0599 lr 1.24e-04 1316s
  ep23 step 7500/10781 loss 0.0599 lr 1.24e-04 1410s
  ep23 step 8000/10781 loss 0.0598 lr 1.23e-04 1504s
  ep23 step 8500/10781 loss 0.0598 lr 1.23e-04 1598s
  ep23 step 9000/10781 loss 0.0598 lr 1.22e-04 1692s
  ep23 step 9500/10781 loss 0.0598 lr 1.21e-04 1786s
  ep23 step 10000/10781 loss 0.0599 lr 1.21e-04 1881s
  ep23 step 10500/10781 loss 0.0598 lr 1.20e-04 1975s
{"ep": 23, "loss": 0.05986, "val_pooled_db": [-12.2, -11.22, -10.42, -9.68], "val_median_db": [-18.23, -17.01, -15.69, -14.5], "val_align_db": [-19.39, -18.41, -17.44, -16.58], "rho": [0.994, 0.993, 0.991, 0.989], "copy_last_db": [-4.45, -1.94, -1.6, -1.16], "lr": 0.00011999614593359334, "sec": 2065.1}
  ep24 step 500/10781 loss 0.0592 lr 1.19e-04 94s
  ep24 step 1000/10781 loss 0.0591 lr 1.19e-04 187s
  ep24 step 1500/10781 loss 0.0594 lr 1.18e-04 281s
  ep24 step 2000/10781 loss 0.0594 lr 1.18e-04 375s
  ep24 step 2500/10781 loss 0.0594 lr 1.17e-04 469s
  ep24 step 3000/10781 loss 0.0594 lr 1.17e-04 563s
  ep24 step 3500/10781 loss 0.0594 lr 1.16e-04 657s
  ep24 step 4000/10781 loss 0.0594 lr 1.16e-04 751s
  ep24 step 4500/10781 loss 0.0594 lr 1.15e-04 845s
  ep24 step 5000/10781 loss 0.0593 lr 1.15e-04 939s
  ep24 step 5500/10781 loss 0.0593 lr 1.14e-04 1033s
  ep24 step 6000/10781 loss 0.0593 lr 1.13e-04 1127s
  ep24 step 6500/10781 loss 0.0593 lr 1.13e-04 1220s
  ep24 step 7000/10781 loss 0.0593 lr 1.12e-04 1314s
  ep24 step 7500/10781 loss 0.0593 lr 1.12e-04 1408s
  ep24 step 8000/10781 loss 0.0592 lr 1.11e-04 1502s
  ep24 step 8500/10781 loss 0.0593 lr 1.11e-04 1596s
  ep24 step 9000/10781 loss 0.0593 lr 1.10e-04 1689s
  ep24 step 9500/10781 loss 0.0593 lr 1.10e-04 1782s
  ep24 step 10000/10781 loss 0.0593 lr 1.09e-04 1876s
  ep24 step 10500/10781 loss 0.0592 lr 1.09e-04 1970s
{"ep": 24, "loss": 0.05924, "val_pooled_db": [-12.26, -11.23, -10.41, -9.67], "val_median_db": [-18.36, -17.07, -15.73, -14.6], "val_align_db": [-19.45, -18.43, -17.45, -16.64], "rho": [0.994, 0.993, 0.991, 0.989], "copy_last_db": [-4.45, -1.94, -1.6, -1.16], "lr": 0.0001082673804125321, "sec": 2059.9}
  ep25 step 500/10781 loss 0.0585 lr 1.08e-04 94s
  ep25 step 1000/10781 loss 0.0586 lr 1.07e-04 188s
  ep25 step 1500/10781 loss 0.0586 lr 1.07e-04 282s
  ep25 step 2000/10781 loss 0.0586 lr 1.06e-04 375s
  ep25 step 2500/10781 loss 0.0586 lr 1.06e-04 469s
  ep25 step 3000/10781 loss 0.0587 lr 1.05e-04 563s
  ep25 step 3500/10781 loss 0.0588 lr 1.05e-04 657s
  ep25 step 4000/10781 loss 0.0587 lr 1.04e-04 751s
  ep25 step 4500/10781 loss 0.0588 lr 1.03e-04 845s
  ep25 step 5000/10781 loss 0.0588 lr 1.03e-04 938s
  ep25 step 5500/10781 loss 0.0588 lr 1.02e-04 1032s
  ep25 step 6000/10781 loss 0.0588 lr 1.02e-04 1125s
  ep25 step 6500/10781 loss 0.0588 lr 1.01e-04 1219s
  ep25 step 7000/10781 loss 0.0587 lr 1.01e-04 1312s
  ep25 step 7500/10781 loss 0.0587 lr 1.00e-04 1406s
  ep25 step 8000/10781 loss 0.0587 lr 9.97e-05 1500s
  ep25 step 8500/10781 loss 0.0587 lr 9.92e-05 1594s
  ep25 step 9000/10781 loss 0.0587 lr 9.87e-05 1687s
  ep25 step 9500/10781 loss 0.0587 lr 9.82e-05 1781s
  ep25 step 10000/10781 loss 0.0587 lr 9.76e-05 1875s
  ep25 step 10500/10781 loss 0.0587 lr 9.71e-05 1968s
{"ep": 25, "loss": 0.05869, "val_pooled_db": [-12.28, -11.25, -10.42, -9.66], "val_median_db": [-18.45, -17.07, -15.75, -14.53], "val_align_db": [-19.5, -18.46, -17.42, -16.56], "rho": [0.994, 0.993, 0.991, 0.989], "copy_last_db": [-4.45, -1.94, -1.6, -1.16], "lr": 9.680926694361964e-05, "sec": 2058.7}
early stopping at ep 25 (best ep 20, -10.92 dB)
DONE best_ep 20 val_mean_pooled_db -10.92
