[s2_chiron_lr3e-4_s1] frames 53800 Nr 16 Nt 64 Ksc 64 | split B1: train windows 43121 (x16 = 689936), val windows 2439 (x16 = 39024) | load 0s
model repo:chiron params 19.16M | args {"model": "repo:chiron", "run_id": "s2_chiron_lr3e-4_s1", "setting": "Nt_1_64_Nr_1_16_fc_28GHz", "Ksc": 64, "K_hist": 16, "H_pred": 4, "split": "B1", "seed": 1, "epochs": 40, "patience": 5, "lr": 0.0003, "wd": 0.0001, "batch": 64, "clip": 1.0, "warmup_epochs": 1.0, "D": 256, "L": 6, "heads": 8, "dropout": 0.1, "no_pos_emb": false, "residual": false, "c_hid": 128, "c_enc": 32, "norm": "rms", "patch_h": 4, "patch_w": 16, "lwm11_init": "pretrained", "lwm11_freeze": "none", "in_scale": 1.0, "t_layers": 2, "device": "cuda:0", "workers": 0, "max_train_windows": 0, "eval_every": 1, "out_root": "/mnt/ssd_7t_2/carla-wireless-dataset/mmw_reproduction/outputs_cp", "sensors": "", "pos_source": "predicted", "pos_mode": "token", "fuse_layers": 3, "causal_mask": false, "sensor_cache_root": "", "backbone_init": ""}
  ep1 step 500/10781 loss 1.1697 lr 1.39e-05 116s
  ep1 step 1000/10781 loss 1.0934 lr 2.79e-05 186s
  ep1 step 1500/10781 loss 1.0624 lr 4.18e-05 254s
  ep1 step 2000/10781 loss 1.0446 lr 5.57e-05 322s
  ep1 step 2500/10781 loss 1.0326 lr 6.96e-05 390s
  ep1 step 3000/10781 loss 1.0240 lr 8.35e-05 458s
  ep1 step 3500/10781 loss 1.0169 lr 9.74e-05 526s
  ep1 step 4000/10781 loss 1.0103 lr 1.11e-04 594s
  ep1 step 4500/10781 loss 1.0045 lr 1.25e-04 662s
  ep1 step 5000/10781 loss 0.9986 lr 1.39e-04 734s
  ep1 step 5500/10781 loss 0.9912 lr 1.53e-04 808s
  ep1 step 6000/10781 loss 0.9827 lr 1.67e-04 880s
  ep1 step 6500/10781 loss 0.9733 lr 1.81e-04 948s
  ep1 step 7000/10781 loss 0.9618 lr 1.95e-04 1016s
  ep1 step 7500/10781 loss 0.9475 lr 2.09e-04 1084s
  ep1 step 8000/10781 loss 0.9314 lr 2.23e-04 1152s
  ep1 step 8500/10781 loss 0.9091 lr 2.37e-04 1220s
  ep1 step 9000/10781 loss 0.8837 lr 2.50e-04 1288s
  ep1 step 9500/10781 loss 0.8567 lr 2.64e-04 1356s
  ep1 step 10000/10781 loss 0.8305 lr 2.78e-04 1424s
  ep1 step 10500/10781 loss 0.8039 lr 2.92e-04 1492s
{"ep": 1, "loss": 0.78956, "val_pooled_db": [-7.7, -7.08, -6.59, -6.06], "val_median_db": [-9.66, -9.09, -8.32, -7.8], "val_align_db": [-11.07, -10.75, -10.26, -9.72], "rho": [0.96, 0.957, 0.952, 0.945], "copy_last_db": [-4.45, -1.94, -1.6, -1.16], "lr": 0.0003, "sec": 1556.1}
  ep2 step 500/10781 loss 0.2427 lr 3.00e-04 68s
  ep2 step 1000/10781 loss 0.2446 lr 3.00e-04 135s
  ep2 step 1500/10781 loss 0.2407 lr 3.00e-04 203s
  ep2 step 2000/10781 loss 0.2331 lr 3.00e-04 271s
  ep2 step 2500/10781 loss 0.2285 lr 3.00e-04 338s
  ep2 step 3000/10781 loss 0.2247 lr 3.00e-04 406s
  ep2 step 3500/10781 loss 0.2197 lr 3.00e-04 474s
  ep2 step 4000/10781 loss 0.2157 lr 3.00e-04 541s
  ep2 step 4500/10781 loss 0.2124 lr 3.00e-04 609s
  ep2 step 5000/10781 loss 0.2091 lr 3.00e-04 676s
  ep2 step 5500/10781 loss 0.2054 lr 3.00e-04 744s
  ep2 step 6000/10781 loss 0.2026 lr 3.00e-04 811s
  ep2 step 6500/10781 loss 0.1997 lr 3.00e-04 879s
  ep2 step 7000/10781 loss 0.1973 lr 3.00e-04 947s
  ep2 step 7500/10781 loss 0.1949 lr 3.00e-04 1014s
  ep2 step 8000/10781 loss 0.1935 lr 3.00e-04 1082s
  ep2 step 8500/10781 loss 0.1918 lr 3.00e-04 1150s
  ep2 step 9000/10781 loss 0.1901 lr 3.00e-04 1217s
  ep2 step 9500/10781 loss 0.1881 lr 3.00e-04 1285s
  ep2 step 10000/10781 loss 0.1864 lr 3.00e-04 1352s
  ep2 step 10500/10781 loss 0.1846 lr 3.00e-04 1420s
{"ep": 2, "loss": 0.18373, "val_pooled_db": [-10.41, -9.6, -8.95, -8.28], "val_median_db": [-13.5, -12.88, -12.15, -11.48], "val_align_db": [-15.01, -14.59, -13.95, -13.34], "rho": [0.984, 0.982, 0.98, 0.977], "copy_last_db": [-4.45, -1.94, -1.6, -1.16], "lr": 0.0002995135962201315, "sec": 1482.6}
  ep3 step 500/10781 loss 0.1466 lr 2.99e-04 67s
  ep3 step 1000/10781 loss 0.1458 lr 2.99e-04 135s
  ep3 step 1500/10781 loss 0.1461 lr 2.99e-04 203s
  ep3 step 2000/10781 loss 0.1452 lr 2.99e-04 270s
  ep3 step 2500/10781 loss 0.1444 lr 2.99e-04 338s
  ep3 step 3000/10781 loss 0.1436 lr 2.99e-04 406s
  ep3 step 3500/10781 loss 0.1435 lr 2.99e-04 473s
  ep3 step 4000/10781 loss 0.1430 lr 2.99e-04 541s
  ep3 step 4500/10781 loss 0.1425 lr 2.99e-04 609s
  ep3 step 5000/10781 loss 0.1425 lr 2.99e-04 676s
  ep3 step 5500/10781 loss 0.1429 lr 2.99e-04 744s
  ep3 step 6000/10781 loss 0.1424 lr 2.99e-04 811s
  ep3 step 6500/10781 loss 0.1419 lr 2.99e-04 879s
  ep3 step 7000/10781 loss 0.1414 lr 2.99e-04 946s
  ep3 step 7500/10781 loss 0.1408 lr 2.99e-04 1014s
  ep3 step 8000/10781 loss 0.1402 lr 2.99e-04 1082s
  ep3 step 8500/10781 loss 0.1398 lr 2.98e-04 1149s
  ep3 step 9000/10781 loss 0.1394 lr 2.98e-04 1217s
  ep3 step 9500/10781 loss 0.1390 lr 2.98e-04 1285s
  ep3 step 10000/10781 loss 0.1383 lr 2.98e-04 1352s
  ep3 step 10500/10781 loss 0.1378 lr 2.98e-04 1420s
{"ep": 3, "loss": 0.13752, "val_pooled_db": [-11.07, -10.06, -9.29, -8.55], "val_median_db": [-14.9, -13.8, -12.92, -12.18], "val_align_db": [-16.33, -15.55, -14.75, -14.04], "rho": [0.988, 0.986, 0.983, 0.98], "copy_last_db": [-4.45, -1.94, -1.6, -1.16], "lr": 0.00029805753939568687, "sec": 1482.7}
  ep4 step 500/10781 loss 0.1225 lr 2.98e-04 68s
  ep4 step 1000/10781 loss 0.1248 lr 2.98e-04 135s
  ep4 step 1500/10781 loss 0.1242 lr 2.98e-04 203s
  ep4 step 2000/10781 loss 0.1241 lr 2.98e-04 270s
  ep4 step 2500/10781 loss 0.1249 lr 2.98e-04 338s
  ep4 step 3000/10781 loss 0.1243 lr 2.97e-04 406s
  ep4 step 3500/10781 loss 0.1241 lr 2.97e-04 473s
  ep4 step 4000/10781 loss 0.1236 lr 2.97e-04 541s
  ep4 step 4500/10781 loss 0.1231 lr 2.97e-04 609s
  ep4 step 5000/10781 loss 0.1228 lr 2.97e-04 676s
  ep4 step 5500/10781 loss 0.1226 lr 2.97e-04 744s
  ep4 step 6000/10781 loss 0.1223 lr 2.97e-04 811s
  ep4 step 6500/10781 loss 0.1224 lr 2.97e-04 879s
  ep4 step 7000/10781 loss 0.1222 lr 2.97e-04 947s
  ep4 step 7500/10781 loss 0.1217 lr 2.96e-04 1014s
  ep4 step 8000/10781 loss 0.1215 lr 2.96e-04 1082s
  ep4 step 8500/10781 loss 0.1212 lr 2.96e-04 1149s
  ep4 step 9000/10781 loss 0.1210 lr 2.96e-04 1217s
  ep4 step 9500/10781 loss 0.1206 lr 2.96e-04 1285s
  ep4 step 10000/10781 loss 0.1204 lr 2.96e-04 1352s
  ep4 step 10500/10781 loss 0.1202 lr 2.96e-04 1420s
{"ep": 4, "loss": 0.12, "val_pooled_db": [-11.07, -10.09, -9.32, -8.6], "val_median_db": [-14.55, -13.68, -12.81, -12.05], "val_align_db": [-16.12, -15.43, -14.51, -13.88], "rho": [0.988, 0.986, 0.982, 0.979], "copy_last_db": [-4.45, -1.94, -1.6, -1.16], "lr": 0.00029564127261390776, "sec": 1482.5}
  ep5 step 500/10781 loss 0.1157 lr 2.96e-04 68s
  ep5 step 1000/10781 loss 0.1148 lr 2.95e-04 135s
  ep5 step 1500/10781 loss 0.1151 lr 2.95e-04 203s
  ep5 step 2000/10781 loss 0.1144 lr 2.95e-04 271s
  ep5 step 2500/10781 loss 0.1140 lr 2.95e-04 338s
  ep5 step 3000/10781 loss 0.1136 lr 2.95e-04 406s
  ep5 step 3500/10781 loss 0.1132 lr 2.95e-04 473s
  ep5 step 4000/10781 loss 0.1131 lr 2.95e-04 541s
  ep5 step 4500/10781 loss 0.1126 lr 2.94e-04 608s
  ep5 step 5000/10781 loss 0.1125 lr 2.94e-04 676s
  ep5 step 5500/10781 loss 0.1122 lr 2.94e-04 744s
  ep5 step 6000/10781 loss 0.1120 lr 2.94e-04 812s
  ep5 step 6500/10781 loss 0.1118 lr 2.94e-04 879s
  ep5 step 7000/10781 loss 0.1116 lr 2.94e-04 947s
  ep5 step 7500/10781 loss 0.1113 lr 2.93e-04 1014s
  ep5 step 8000/10781 loss 0.1110 lr 2.93e-04 1082s
  ep5 step 8500/10781 loss 0.1108 lr 2.93e-04 1150s
  ep5 step 9000/10781 loss 0.1106 lr 2.93e-04 1217s
  ep5 step 9500/10781 loss 0.1108 lr 2.93e-04 1285s
  ep5 step 10000/10781 loss 0.1106 lr 2.93e-04 1353s
  ep5 step 10500/10781 loss 0.1105 lr 2.92e-04 1420s
{"ep": 5, "loss": 0.11032, "val_pooled_db": [-11.21, -10.21, -9.43, -8.67], "val_median_db": [-15.11, -14.14, -13.18, -12.33], "val_align_db": [-16.61, -15.9, -14.97, -14.15], "rho": [0.989, 0.987, 0.984, 0.981], "copy_last_db": [-4.45, -1.94, -1.6, -1.16], "lr": 0.00029228046629207175, "sec": 1483.3}
  ep6 step 500/10781 loss 0.1025 lr 2.92e-04 68s
  ep6 step 1000/10781 loss 0.1039 lr 2.92e-04 135s
  ep6 step 1500/10781 loss 0.1042 lr 2.92e-04 203s
  ep6 step 2000/10781 loss 0.1040 lr 2.92e-04 271s
  ep6 step 2500/10781 loss 0.1045 lr 2.91e-04 338s
  ep6 step 3000/10781 loss 0.1041 lr 2.91e-04 406s
  ep6 step 3500/10781 loss 0.1037 lr 2.91e-04 474s
  ep6 step 4000/10781 loss 0.1036 lr 2.91e-04 541s
  ep6 step 4500/10781 loss 0.1034 lr 2.91e-04 609s
  ep6 step 5000/10781 loss 0.1035 lr 2.90e-04 677s
  ep6 step 5500/10781 loss 0.1032 lr 2.90e-04 744s
  ep6 step 6000/10781 loss 0.1029 lr 2.90e-04 812s
  ep6 step 6500/10781 loss 0.1028 lr 2.90e-04 879s
  ep6 step 7000/10781 loss 0.1025 lr 2.90e-04 947s
  ep6 step 7500/10781 loss 0.1023 lr 2.89e-04 1015s
  ep6 step 8000/10781 loss 0.1021 lr 2.89e-04 1082s
  ep6 step 8500/10781 loss 0.1020 lr 2.89e-04 1150s
  ep6 step 9000/10781 loss 0.1017 lr 2.89e-04 1218s
  ep6 step 9500/10781 loss 0.1015 lr 2.89e-04 1285s
  ep6 step 10000/10781 loss 0.1016 lr 2.88e-04 1353s
  ep6 step 10500/10781 loss 0.1014 lr 2.88e-04 1421s
{"ep": 6, "loss": 0.10126, "val_pooled_db": [-11.22, -10.21, -9.44, -8.61], "val_median_db": [-15.39, -14.42, -13.37, -12.52], "val_align_db": [-16.83, -16.09, -15.08, -14.21], "rho": [0.99, 0.988, 0.984, 0.981], "copy_last_db": [-4.45, -1.94, -1.6, -1.16], "lr": 0.0002879969165488236, "sec": 1483.6}
  ep7 step 500/10781 loss 0.0970 lr 2.88e-04 68s
  ep7 step 1000/10781 loss 0.0967 lr 2.88e-04 135s
  ep7 step 1500/10781 loss 0.0974 lr 2.87e-04 203s
  ep7 step 2000/10781 loss 0.0968 lr 2.87e-04 271s
  ep7 step 2500/10781 loss 0.0964 lr 2.87e-04 339s
  ep7 step 3000/10781 loss 0.0962 lr 2.87e-04 406s
  ep7 step 3500/10781 loss 0.0960 lr 2.86e-04 474s
  ep7 step 4000/10781 loss 0.0960 lr 2.86e-04 541s
  ep7 step 4500/10781 loss 0.0961 lr 2.86e-04 609s
  ep7 step 5000/10781 loss 0.0959 lr 2.86e-04 677s
  ep7 step 5500/10781 loss 0.0958 lr 2.85e-04 744s
  ep7 step 6000/10781 loss 0.0957 lr 2.85e-04 812s
  ep7 step 6500/10781 loss 0.0955 lr 2.85e-04 879s
  ep7 step 7000/10781 loss 0.0953 lr 2.85e-04 947s
  ep7 step 7500/10781 loss 0.0953 lr 2.84e-04 1015s
  ep7 step 8000/10781 loss 0.0951 lr 2.84e-04 1082s
  ep7 step 8500/10781 loss 0.0950 lr 2.84e-04 1150s
  ep7 step 9000/10781 loss 0.0950 lr 2.84e-04 1217s
  ep7 step 9500/10781 loss 0.0949 lr 2.83e-04 1285s
  ep7 step 10000/10781 loss 0.0948 lr 2.83e-04 1353s
  ep7 step 10500/10781 loss 0.0947 lr 2.83e-04 1420s
{"ep": 7, "loss": 0.09464, "val_pooled_db": [-11.53, -10.34, -9.57, -8.81], "val_median_db": [-15.82, -14.73, -13.67, -12.8], "val_align_db": [-17.36, -16.53, -15.62, -14.71], "rho": [0.991, 0.989, 0.986, 0.983], "copy_last_db": [-4.45, -1.94, -1.6, -1.16], "lr": 0.0002828184038479814, "sec": 1483.2}
  ep8 step 500/10781 loss 0.0905 lr 2.83e-04 68s
  ep8 step 1000/10781 loss 0.0912 lr 2.82e-04 135s
  ep8 step 1500/10781 loss 0.0910 lr 2.82e-04 203s
  ep8 step 2000/10781 loss 0.0915 lr 2.82e-04 271s
  ep8 step 2500/10781 loss 0.0913 lr 2.81e-04 338s
  ep8 step 3000/10781 loss 0.0914 lr 2.81e-04 406s
  ep8 step 3500/10781 loss 0.0911 lr 2.81e-04 474s
  ep8 step 4000/10781 loss 0.0910 lr 2.81e-04 541s
  ep8 step 4500/10781 loss 0.0909 lr 2.80e-04 609s
  ep8 step 5000/10781 loss 0.0908 lr 2.80e-04 677s
  ep8 step 5500/10781 loss 0.0908 lr 2.80e-04 744s
  ep8 step 6000/10781 loss 0.0913 lr 2.80e-04 812s
  ep8 step 6500/10781 loss 0.0912 lr 2.79e-04 880s
  ep8 step 7000/10781 loss 0.0910 lr 2.79e-04 947s
  ep8 step 7500/10781 loss 0.0909 lr 2.79e-04 1015s
  ep8 step 8000/10781 loss 0.0908 lr 2.78e-04 1082s
  ep8 step 8500/10781 loss 0.0907 lr 2.78e-04 1150s
  ep8 step 9000/10781 loss 0.0907 lr 2.78e-04 1218s
  ep8 step 9500/10781 loss 0.0905 lr 2.78e-04 1285s
  ep8 step 10000/10781 loss 0.0904 lr 2.77e-04 1353s
  ep8 step 10500/10781 loss 0.0904 lr 2.77e-04 1420s
{"ep": 8, "loss": 0.0904, "val_pooled_db": [-11.44, -10.35, -9.61, -8.81], "val_median_db": [-15.78, -14.66, -13.59, -12.8], "val_align_db": [-17.36, -16.5, -15.58, -14.74], "rho": [0.991, 0.989, 0.986, 0.983], "copy_last_db": [-4.45, -1.94, -1.6, -1.16], "lr": 0.0002767785128315692, "sec": 1483.4}
  ep9 step 500/10781 loss 0.0874 lr 2.76e-04 68s
  ep9 step 1000/10781 loss 0.0875 lr 2.76e-04 135s
  ep9 step 1500/10781 loss 0.0871 lr 2.76e-04 203s
  ep9 step 2000/10781 loss 0.0873 lr 2.76e-04 270s
  ep9 step 2500/10781 loss 0.0870 lr 2.75e-04 338s
  ep9 step 3000/10781 loss 0.0868 lr 2.75e-04 406s
  ep9 step 3500/10781 loss 0.0868 lr 2.75e-04 473s
  ep9 step 4000/10781 loss 0.0868 lr 2.74e-04 541s
  ep9 step 4500/10781 loss 0.0868 lr 2.74e-04 608s
  ep9 step 5000/10781 loss 0.0868 lr 2.74e-04 676s
  ep9 step 5500/10781 loss 0.0868 lr 2.73e-04 744s
  ep9 step 6000/10781 loss 0.0868 lr 2.73e-04 811s
  ep9 step 6500/10781 loss 0.0867 lr 2.73e-04 879s
  ep9 step 7000/10781 loss 0.0865 lr 2.72e-04 947s
  ep9 step 7500/10781 loss 0.0866 lr 2.72e-04 1014s
  ep9 step 8000/10781 loss 0.0865 lr 2.72e-04 1082s
  ep9 step 8500/10781 loss 0.0865 lr 2.71e-04 1150s
  ep9 step 9000/10781 loss 0.0865 lr 2.71e-04 1217s
  ep9 step 9500/10781 loss 0.0865 lr 2.71e-04 1285s
  ep9 step 10000/10781 loss 0.0864 lr 2.70e-04 1353s
  ep9 step 10500/10781 loss 0.0864 lr 2.70e-04 1420s
{"ep": 9, "loss": 0.08635, "val_pooled_db": [-11.45, -10.23, -9.53, -8.76], "val_median_db": [-15.9, -14.67, -13.81, -12.96], "val_align_db": [-17.47, -16.45, -15.66, -14.81], "rho": [0.991, 0.989, 0.986, 0.983], "copy_last_db": [-4.45, -1.94, -1.6, -1.16], "lr": 0.00026991641451052517, "sec": 1482.9}
  ep10 step 500/10781 loss 0.0843 lr 2.70e-04 68s
  ep10 step 1000/10781 loss 0.0848 lr 2.69e-04 135s
  ep10 step 1500/10781 loss 0.0845 lr 2.69e-04 203s
  ep10 step 2000/10781 loss 0.0843 lr 2.69e-04 270s
  ep10 step 2500/10781 loss 0.0841 lr 2.68e-04 338s
  ep10 step 3000/10781 loss 0.0840 lr 2.68e-04 406s
  ep10 step 3500/10781 loss 0.0840 lr 2.68e-04 473s
  ep10 step 4000/10781 loss 0.0839 lr 2.67e-04 541s
  ep10 step 4500/10781 loss 0.0839 lr 2.67e-04 609s
  ep10 step 5000/10781 loss 0.0839 lr 2.66e-04 676s
  ep10 step 5500/10781 loss 0.0839 lr 2.66e-04 744s
  ep10 step 6000/10781 loss 0.0838 lr 2.66e-04 812s
  ep10 step 6500/10781 loss 0.0838 lr 2.65e-04 879s
  ep10 step 7000/10781 loss 0.0837 lr 2.65e-04 947s
  ep10 step 7500/10781 loss 0.0836 lr 2.65e-04 1014s
  ep10 step 8000/10781 loss 0.0836 lr 2.64e-04 1082s
  ep10 step 8500/10781 loss 0.0836 lr 2.64e-04 1150s
  ep10 step 9000/10781 loss 0.0836 lr 2.64e-04 1224s
  ep10 step 9500/10781 loss 0.0835 lr 2.63e-04 1292s
  ep10 step 10000/10781 loss 0.0835 lr 2.63e-04 1360s
  ep10 step 10500/10781 loss 0.0835 lr 2.62e-04 1427s
{"ep": 10, "loss": 0.08348, "val_pooled_db": [-11.46, -10.45, -9.59, -8.82], "val_median_db": [-16.14, -14.97, -13.89, -13.1], "val_align_db": [-17.62, -16.72, -15.87, -14.96], "rho": [0.991, 0.989, 0.987, 0.984], "copy_last_db": [-4.45, -1.94, -1.6, -1.16], "lr": 0.00026227661222566516, "sec": 1490.3}
  ep11 step 500/10781 loss 0.0817 lr 2.62e-04 68s
  ep11 step 1000/10781 loss 0.0808 lr 2.62e-04 135s
  ep11 step 1500/10781 loss 0.0809 lr 2.61e-04 203s
  ep11 step 2000/10781 loss 0.0810 lr 2.61e-04 270s
  ep11 step 2500/10781 loss 0.0809 lr 2.60e-04 338s
  ep11 step 3000/10781 loss 0.0809 lr 2.60e-04 406s
  ep11 step 3500/10781 loss 0.0809 lr 2.60e-04 473s
  ep11 step 4000/10781 loss 0.0809 lr 2.59e-04 551s
  ep11 step 4500/10781 loss 0.0811 lr 2.59e-04 618s
  ep11 step 5000/10781 loss 0.0812 lr 2.58e-04 686s
  ep11 step 5500/10781 loss 0.0811 lr 2.58e-04 761s
  ep11 step 6000/10781 loss 0.0811 lr 2.58e-04 829s
  ep11 step 6500/10781 loss 0.0810 lr 2.57e-04 904s
  ep11 step 7000/10781 loss 0.0811 lr 2.57e-04 972s
  ep11 step 7500/10781 loss 0.0810 lr 2.57e-04 1040s
  ep11 step 8000/10781 loss 0.0810 lr 2.56e-04 1107s
  ep11 step 8500/10781 loss 0.0810 lr 2.56e-04 1175s
  ep11 step 9000/10781 loss 0.0809 lr 2.55e-04 1242s
  ep11 step 9500/10781 loss 0.0809 lr 2.55e-04 1318s
  ep11 step 10000/10781 loss 0.0808 lr 2.55e-04 1386s
  ep11 step 10500/10781 loss 0.0807 lr 2.54e-04 1454s
{"ep": 11, "loss": 0.08069, "val_pooled_db": [-11.54, -10.35, -9.55, -8.79], "val_median_db": [-16.01, -14.96, -13.95, -13.07], "val_align_db": [-17.51, -16.61, -15.72, -14.85], "rho": [0.991, 0.989, 0.987, 0.983], "copy_last_db": [-4.45, -1.94, -1.6, -1.16], "lr": 0.0002539086530264399, "sec": 1516.7}
  ep12 step 500/10781 loss 0.0797 lr 2.54e-04 68s
  ep12 step 1000/10781 loss 0.0799 lr 2.53e-04 135s
  ep12 step 1500/10781 loss 0.0797 lr 2.53e-04 203s
  ep12 step 2000/10781 loss 0.0796 lr 2.52e-04 270s
  ep12 step 2500/10781 loss 0.0793 lr 2.52e-04 338s
  ep12 step 3000/10781 loss 0.0793 lr 2.51e-04 406s
  ep12 step 3500/10781 loss 0.0791 lr 2.51e-04 484s
  ep12 step 4000/10781 loss 0.0791 lr 2.51e-04 560s
  ep12 step 4500/10781 loss 0.0790 lr 2.50e-04 628s
  ep12 step 5000/10781 loss 0.0789 lr 2.50e-04 707s
  ep12 step 5500/10781 loss 0.0788 lr 2.49e-04 775s
  ep12 step 6000/10781 loss 0.0788 lr 2.49e-04 842s
  ep12 step 6500/10781 loss 0.0788 lr 2.49e-04 910s
  ep12 step 7000/10781 loss 0.0787 lr 2.48e-04 978s
  ep12 step 7500/10781 loss 0.0787 lr 2.48e-04 1045s
  ep12 step 8000/10781 loss 0.0786 lr 2.47e-04 1113s
  ep12 step 8500/10781 loss 0.0786 lr 2.47e-04 1181s
  ep12 step 9000/10781 loss 0.0786 lr 2.46e-04 1248s
  ep12 step 9500/10781 loss 0.0785 lr 2.46e-04 1316s
  ep12 step 10000/10781 loss 0.0785 lr 2.46e-04 1383s
  ep12 step 10500/10781 loss 0.0784 lr 2.45e-04 1451s
{"ep": 12, "loss": 0.07839, "val_pooled_db": [-11.52, -10.37, -9.51, -8.77], "val_median_db": [-16.2, -15.12, -14.03, -13.21], "val_align_db": [-17.61, -16.65, -15.81, -14.96], "rho": [0.991, 0.989, 0.987, 0.984], "copy_last_db": [-4.45, -1.94, -1.6, -1.16], "lr": 0.0002448668063393066, "sec": 1513.7}
  ep13 step 500/10781 loss 0.0762 lr 2.44e-04 67s
  ep13 step 1000/10781 loss 0.0766 lr 2.44e-04 135s
  ep13 step 1500/10781 loss 0.0765 lr 2.44e-04 203s
  ep13 step 2000/10781 loss 0.0765 lr 2.43e-04 270s
  ep13 step 2500/10781 loss 0.0766 lr 2.43e-04 338s
  ep13 step 3000/10781 loss 0.0767 lr 2.42e-04 406s
  ep13 step 3500/10781 loss 0.0767 lr 2.42e-04 473s
  ep13 step 4000/10781 loss 0.0766 lr 2.41e-04 541s
  ep13 step 4500/10781 loss 0.0766 lr 2.41e-04 608s
  ep13 step 5000/10781 loss 0.0766 lr 2.40e-04 676s
  ep13 step 5500/10781 loss 0.0765 lr 2.40e-04 744s
  ep13 step 6000/10781 loss 0.0764 lr 2.40e-04 811s
  ep13 step 6500/10781 loss 0.0764 lr 2.39e-04 879s
  ep13 step 7000/10781 loss 0.0764 lr 2.39e-04 947s
  ep13 step 7500/10781 loss 0.0764 lr 2.38e-04 1014s
  ep13 step 8000/10781 loss 0.0764 lr 2.38e-04 1082s
  ep13 step 8500/10781 loss 0.0764 lr 2.37e-04 1149s
  ep13 step 9000/10781 loss 0.0763 lr 2.37e-04 1217s
  ep13 step 9500/10781 loss 0.0763 lr 2.36e-04 1284s
  ep13 step 10000/10781 loss 0.0763 lr 2.36e-04 1352s
  ep13 step 10500/10781 loss 0.0762 lr 2.35e-04 1419s
{"ep": 13, "loss": 0.07618, "val_pooled_db": [-11.58, -10.42, -9.56, -8.8], "val_median_db": [-16.39, -15.23, -14.06, -13.24], "val_align_db": [-17.84, -16.84, -15.9, -15.03], "rho": [0.992, 0.99, 0.987, 0.984], "copy_last_db": [-4.45, -1.94, -1.6, -1.16], "lr": 0.00023520971200967334, "sec": 1482.2}
  ep14 step 500/10781 loss 0.0750 lr 2.35e-04 68s
  ep14 step 1000/10781 loss 0.0748 lr 2.34e-04 135s
  ep14 step 1500/10781 loss 0.0744 lr 2.34e-04 203s
  ep14 step 2000/10781 loss 0.0747 lr 2.33e-04 271s
  ep14 step 2500/10781 loss 0.0748 lr 2.33e-04 338s
  ep14 step 3000/10781 loss 0.0747 lr 2.32e-04 406s
  ep14 step 3500/10781 loss 0.0747 lr 2.32e-04 473s
  ep14 step 4000/10781 loss 0.0747 lr 2.31e-04 541s
  ep14 step 4500/10781 loss 0.0747 lr 2.31e-04 608s
  ep14 step 5000/10781 loss 0.0747 lr 2.31e-04 676s
  ep14 step 5500/10781 loss 0.0746 lr 2.30e-04 743s
  ep14 step 6000/10781 loss 0.0745 lr 2.30e-04 811s
  ep14 step 6500/10781 loss 0.0745 lr 2.29e-04 879s
  ep14 step 7000/10781 loss 0.0745 lr 2.29e-04 946s
  ep14 step 7500/10781 loss 0.0745 lr 2.28e-04 1014s
  ep14 step 8000/10781 loss 0.0745 lr 2.28e-04 1082s
  ep14 step 8500/10781 loss 0.0744 lr 2.27e-04 1149s
  ep14 step 9000/10781 loss 0.0744 lr 2.27e-04 1217s
  ep14 step 9500/10781 loss 0.0743 lr 2.26e-04 1284s
  ep14 step 10000/10781 loss 0.0743 lr 2.26e-04 1352s
  ep14 step 10500/10781 loss 0.0743 lr 2.25e-04 1420s
{"ep": 14, "loss": 0.07426, "val_pooled_db": [-11.37, -10.28, -9.48, -8.8], "val_median_db": [-16.42, -15.26, -14.1, -13.32], "val_align_db": [-17.9, -16.88, -15.98, -15.05], "rho": [0.992, 0.99, 0.987, 0.984], "copy_last_db": [-4.45, -1.94, -1.6, -1.16], "lr": 0.000225, "sec": 1482.5}
  ep15 step 500/10781 loss 0.0726 lr 2.25e-04 68s
  ep15 step 1000/10781 loss 0.0725 lr 2.24e-04 136s
  ep15 step 1500/10781 loss 0.0725 lr 2.24e-04 204s
  ep15 step 2000/10781 loss 0.0725 lr 2.23e-04 272s
  ep15 step 2500/10781 loss 0.0725 lr 2.23e-04 340s
  ep15 step 3000/10781 loss 0.0725 lr 2.22e-04 408s
  ep15 step 3500/10781 loss 0.0724 lr 2.22e-04 476s
  ep15 step 4000/10781 loss 0.0725 lr 2.21e-04 545s
  ep15 step 4500/10781 loss 0.0729 lr 2.21e-04 613s
  ep15 step 5000/10781 loss 0.0729 lr 2.20e-04 681s
  ep15 step 5500/10781 loss 0.0728 lr 2.20e-04 749s
  ep15 step 6000/10781 loss 0.0728 lr 2.19e-04 817s
  ep15 step 6500/10781 loss 0.0727 lr 2.19e-04 885s
  ep15 step 7000/10781 loss 0.0727 lr 2.18e-04 953s
  ep15 step 7500/10781 loss 0.0727 lr 2.18e-04 1021s
  ep15 step 8000/10781 loss 0.0728 lr 2.17e-04 1089s
  ep15 step 8500/10781 loss 0.0728 lr 2.17e-04 1157s
  ep15 step 9000/10781 loss 0.0728 lr 2.16e-04 1225s
  ep15 step 9500/10781 loss 0.0727 lr 2.16e-04 1293s
  ep15 step 10000/10781 loss 0.0727 lr 2.15e-04 1361s
  ep15 step 10500/10781 loss 0.0727 lr 2.15e-04 1431s
{"ep": 15, "loss": 0.0727, "val_pooled_db": [-11.44, -10.33, -9.49, -8.76], "val_median_db": [-16.53, -15.4, -14.24, -13.39], "val_align_db": [-18.02, -17.05, -16.15, -15.3], "rho": [0.992, 0.99, 0.988, 0.985], "copy_last_db": [-4.45, -1.94, -1.6, -1.16], "lr": 0.0002143038842104581, "sec": 1502.7}
  ep16 step 500/10781 loss 0.0719 lr 2.14e-04 69s
  ep16 step 1000/10781 loss 0.0718 lr 2.13e-04 137s
  ep16 step 1500/10781 loss 0.0718 lr 2.13e-04 205s
  ep16 step 2000/10781 loss 0.0717 lr 2.12e-04 273s
  ep16 step 2500/10781 loss 0.0715 lr 2.12e-04 341s
  ep16 step 3000/10781 loss 0.0715 lr 2.11e-04 409s
  ep16 step 3500/10781 loss 0.0716 lr 2.11e-04 476s
  ep16 step 4000/10781 loss 0.0715 lr 2.10e-04 545s
  ep16 step 4500/10781 loss 0.0715 lr 2.10e-04 612s
  ep16 step 5000/10781 loss 0.0715 lr 2.09e-04 681s
  ep16 step 5500/10781 loss 0.0714 lr 2.09e-04 749s
  ep16 step 6000/10781 loss 0.0714 lr 2.08e-04 817s
  ep16 step 6500/10781 loss 0.0714 lr 2.08e-04 885s
  ep16 step 7000/10781 loss 0.0713 lr 2.07e-04 953s
  ep16 step 7500/10781 loss 0.0713 lr 2.07e-04 1021s
  ep16 step 8000/10781 loss 0.0712 lr 2.06e-04 1089s
  ep16 step 8500/10781 loss 0.0712 lr 2.06e-04 1157s
  ep16 step 9000/10781 loss 0.0712 lr 2.05e-04 1225s
  ep16 step 9500/10781 loss 0.0711 lr 2.05e-04 1293s
  ep16 step 10000/10781 loss 0.0711 lr 2.04e-04 1361s
  ep16 step 10500/10781 loss 0.0711 lr 2.03e-04 1429s
{"ep": 16, "loss": 0.07113, "val_pooled_db": [-11.54, -10.23, -9.41, -8.69], "val_median_db": [-16.53, -15.3, -14.11, -13.31], "val_align_db": [-17.97, -16.91, -16.03, -15.15], "rho": [0.992, 0.99, 0.987, 0.985], "copy_last_db": [-4.45, -1.94, -1.6, -1.16], "lr": 0.0002031907330563803, "sec": 1492.1}
  ep17 step 500/10781 loss 0.0701 lr 2.03e-04 68s
  ep17 step 1000/10781 loss 0.0698 lr 2.02e-04 136s
  ep17 step 1500/10781 loss 0.0698 lr 2.02e-04 204s
  ep17 step 2000/10781 loss 0.0699 lr 2.01e-04 272s
  ep17 step 2500/10781 loss 0.0699 lr 2.01e-04 340s
  ep17 step 3000/10781 loss 0.0699 lr 2.00e-04 408s
  ep17 step 3500/10781 loss 0.0699 lr 2.00e-04 476s
  ep17 step 4000/10781 loss 0.0700 lr 1.99e-04 544s
  ep17 step 4500/10781 loss 0.0704 lr 1.98e-04 612s
  ep17 step 5000/10781 loss 0.0704 lr 1.98e-04 680s
  ep17 step 5500/10781 loss 0.0703 lr 1.97e-04 748s
  ep17 step 6000/10781 loss 0.0702 lr 1.97e-04 816s
  ep17 step 6500/10781 loss 0.0702 lr 1.96e-04 884s
  ep17 step 7000/10781 loss 0.0701 lr 1.96e-04 952s
  ep17 step 7500/10781 loss 0.0701 lr 1.95e-04 1020s
  ep17 step 8000/10781 loss 0.0701 lr 1.95e-04 1088s
  ep17 step 8500/10781 loss 0.0700 lr 1.94e-04 1156s
  ep17 step 9000/10781 loss 0.0700 lr 1.94e-04 1224s
  ep17 step 9500/10781 loss 0.0700 lr 1.93e-04 1292s
  ep17 step 10000/10781 loss 0.0700 lr 1.93e-04 1360s
  ep17 step 10500/10781 loss 0.0700 lr 1.92e-04 1428s
{"ep": 17, "loss": 0.06995, "val_pooled_db": [-11.44, -10.08, -9.27, -8.58], "val_median_db": [-16.53, -15.24, -14.13, -13.26], "val_align_db": [-17.94, -16.91, -16.03, -15.14], "rho": [0.992, 0.99, 0.987, 0.985], "copy_last_db": [-4.45, -1.94, -1.6, -1.16], "lr": 0.0001917326195874679, "sec": 1490.9}
  ep18 step 500/10781 loss 0.0691 lr 1.91e-04 68s
  ep18 step 1000/10781 loss 0.0689 lr 1.91e-04 136s
  ep18 step 1500/10781 loss 0.0690 lr 1.90e-04 204s
  ep18 step 2000/10781 loss 0.0690 lr 1.90e-04 272s
  ep18 step 2500/10781 loss 0.0689 lr 1.89e-04 340s
  ep18 step 3000/10781 loss 0.0689 lr 1.88e-04 408s
  ep18 step 3500/10781 loss 0.0689 lr 1.88e-04 476s
  ep18 step 4000/10781 loss 0.0689 lr 1.87e-04 544s
  ep18 step 4500/10781 loss 0.0689 lr 1.87e-04 612s
  ep18 step 5000/10781 loss 0.0688 lr 1.86e-04 680s
  ep18 step 5500/10781 loss 0.0688 lr 1.86e-04 747s
  ep18 step 6000/10781 loss 0.0688 lr 1.85e-04 816s
  ep18 step 6500/10781 loss 0.0688 lr 1.85e-04 884s
  ep18 step 7000/10781 loss 0.0688 lr 1.84e-04 951s
  ep18 step 7500/10781 loss 0.0692 lr 1.84e-04 1019s
  ep18 step 8000/10781 loss 0.0691 lr 1.83e-04 1087s
  ep18 step 8500/10781 loss 0.0691 lr 1.83e-04 1155s
  ep18 step 9000/10781 loss 0.0690 lr 1.82e-04 1223s
  ep18 step 9500/10781 loss 0.0690 lr 1.81e-04 1291s
  ep18 step 10000/10781 loss 0.0690 lr 1.81e-04 1359s
  ep18 step 10500/10781 loss 0.0690 lr 1.80e-04 1427s
{"ep": 18, "loss": 0.06895, "val_pooled_db": [-11.47, -10.25, -9.49, -8.76], "val_median_db": [-16.54, -15.36, -14.26, -13.45], "val_align_db": [-18.07, -17.01, -16.2, -15.27], "rho": [0.992, 0.99, 0.988, 0.985], "copy_last_db": [-4.45, -1.94, -1.6, -1.16], "lr": 0.00018000385406640666, "sec": 1490.2}
early stopping at ep 18 (best ep 13, -10.09 dB)
DONE best_ep 13 val_mean_pooled_db -10.09
