[mm] sensors ['cam', 'lidar', 'radar'] pos_source predicted window_bytes {'cam': 4816896, 'lidar': 786432, 'radar': 262144} coverage {"cam": {"channel_frames": 53800, "missing": 0, "examples": [], "rsu_frames_cached": 17200, "row_bytes": 301056}, "lidar": {"channel_frames": 53800, "missing": 0, "examples": [], "rsu_frames_cached": 17200, "row_bytes": 49152}, "radar": {"channel_frames": 53800, "missing": 0, "examples": [], "rsu_frames_cached": 17200, "row_bytes": 16384}}
[t1_mm_cam_lidar_radar] frames 53800 Nr 16 Nt 64 Ksc 64 | split T1: train windows 41090 (x16 = 657440), val windows 2490 (x16 = 39840) | load 0s
model mm:chiron params 23.62M | args {"model": "mm:chiron", "run_id": "t1_mm_cam_lidar_radar", "setting": "Nt_1_64_Nr_1_16_fc_28GHz", "Ksc": 64, "K_hist": 16, "H_pred": 4, "split": "T1", "seed": 42, "epochs": 40, "patience": 5, "lr": 0.0003, "wd": 0.0001, "batch": 64, "clip": 1.0, "warmup_epochs": 1.0, "D": 512, "L": 6, "heads": 8, "dropout": 0.1, "no_pos_emb": false, "residual": false, "c_hid": 128, "c_enc": 32, "norm": "rms", "patch_h": 4, "patch_w": 16, "lwm11_init": "pretrained", "lwm11_freeze": "none", "in_scale": 1.0, "t_layers": 2, "device": "cuda:0", "workers": 0, "max_train_windows": 0, "eval_every": 1, "out_root": "/mnt/ssd_7t_2/carla-wireless-dataset/mmw_reproduction/outputs_cp", "sensors": "cam,lidar,radar", "pos_source": "predicted", "pos_mode": "token", "fuse_layers": 3, "causal_mask": false, "sensor_cache_root": "", "backbone_init": ""}
[mm] param_groups {"backbone_no_head": 9178368, "head": 9978368, "fusion": 3554304, "embeddings": 5120, "enc_cam": 460800, "enc_lidar": 366336, "enc_radar": 72672, "sensor_encoders": 899808, "total": 23615968}
  ep1 step 500/10273 loss 1.1537 lr 1.46e-05 194s
  ep1 step 1000/10273 loss 1.0846 lr 2.92e-05 365s
  ep1 step 1500/10273 loss 1.0554 lr 4.38e-05 523s
  ep1 step 2000/10273 loss 1.0378 lr 5.84e-05 680s
  ep1 step 2500/10273 loss 1.0260 lr 7.30e-05 837s
  ep1 step 3000/10273 loss 1.0170 lr 8.76e-05 991s
  ep1 step 3500/10273 loss 1.0092 lr 1.02e-04 1147s
  ep1 step 4000/10273 loss 1.0025 lr 1.17e-04 1303s
  ep1 step 4500/10273 loss 0.9951 lr 1.31e-04 1459s
  ep1 step 5000/10273 loss 0.9873 lr 1.46e-04 1615s
  ep1 step 5500/10273 loss 0.9777 lr 1.61e-04 1771s
  ep1 step 6000/10273 loss 0.9655 lr 1.75e-04 1928s
  ep1 step 6500/10273 loss 0.9499 lr 1.90e-04 2085s
  ep1 step 7000/10273 loss 0.9307 lr 2.04e-04 2243s
  ep1 step 7500/10273 loss 0.9057 lr 2.19e-04 2401s
  ep1 step 8000/10273 loss 0.8755 lr 2.34e-04 2557s
  ep1 step 8500/10273 loss 0.8438 lr 2.48e-04 2725s
  ep1 step 9000/10273 loss 0.8125 lr 2.63e-04 2890s
  ep1 step 9500/10273 loss 0.7827 lr 2.77e-04 3055s
  ep1 step 10000/10273 loss 0.7549 lr 2.92e-04 3221s
{"ep": 1, "loss": 0.74057, "val_pooled_db": [-7.19, -6.73, -6.08, -5.46], "val_median_db": [-8.03, -7.42, -6.75, -6.22], "val_align_db": [-9.05, -8.61, -8.08, -7.54], "rho": [0.936, 0.929, 0.919, 0.908], "copy_last_db": [-4.46, -2.38, -1.54, -0.84], "lr": 0.0003, "sec": 3410.3}
  ep2 step 500/10273 loss 0.2024 lr 3.00e-04 174s
  ep2 step 1000/10273 loss 0.1980 lr 3.00e-04 350s
  ep2 step 1500/10273 loss 0.1944 lr 3.00e-04 525s
  ep2 step 2000/10273 loss 0.1913 lr 3.00e-04 689s
  ep2 step 2500/10273 loss 0.1887 lr 3.00e-04 849s
  ep2 step 3000/10273 loss 0.1859 lr 3.00e-04 1008s
  ep2 step 3500/10273 loss 0.1828 lr 3.00e-04 1167s
  ep2 step 4000/10273 loss 0.1802 lr 3.00e-04 1327s
  ep2 step 4500/10273 loss 0.1776 lr 3.00e-04 1485s
  ep2 step 5000/10273 loss 0.1751 lr 3.00e-04 1653s
  ep2 step 5500/10273 loss 0.1731 lr 3.00e-04 1866s
  ep2 step 6000/10273 loss 0.1713 lr 3.00e-04 2080s
  ep2 step 6500/10273 loss 0.1692 lr 3.00e-04 2293s
  ep2 step 7000/10273 loss 0.1675 lr 3.00e-04 2486s
  ep2 step 7500/10273 loss 0.1658 lr 3.00e-04 2665s
  ep2 step 8000/10273 loss 0.1641 lr 3.00e-04 2825s
  ep2 step 8500/10273 loss 0.1625 lr 3.00e-04 2984s
  ep2 step 9000/10273 loss 0.1610 lr 3.00e-04 3144s
  ep2 step 9500/10273 loss 0.1598 lr 3.00e-04 3304s
  ep2 step 10000/10273 loss 0.1584 lr 3.00e-04 3463s
{"ep": 2, "loss": 0.15765, "val_pooled_db": [-9.58, -8.86, -7.91, -7.15], "val_median_db": [-11.36, -10.52, -9.34, -8.48], "val_align_db": [-12.42, -11.75, -10.84, -10.18], "rho": [0.971, 0.966, 0.958, 0.951], "copy_last_db": [-4.46, -2.38, -1.54, -0.84], "lr": 0.0002995135962201315, "sec": 3639.3}
  ep3 step 500/10273 loss 0.1319 lr 2.99e-04 158s
  ep3 step 1000/10273 loss 0.1293 lr 2.99e-04 317s
  ep3 step 1500/10273 loss 0.1284 lr 2.99e-04 474s
  ep3 step 2000/10273 loss 0.1278 lr 2.99e-04 632s
  ep3 step 2500/10273 loss 0.1273 lr 2.99e-04 790s
  ep3 step 3000/10273 loss 0.1268 lr 2.99e-04 949s
  ep3 step 3500/10273 loss 0.1261 lr 2.99e-04 1107s
  ep3 step 4000/10273 loss 0.1254 lr 2.99e-04 1266s
  ep3 step 4500/10273 loss 0.1251 lr 2.99e-04 1425s
  ep3 step 5000/10273 loss 0.1243 lr 2.99e-04 1583s
  ep3 step 5500/10273 loss 0.1237 lr 2.99e-04 1742s
  ep3 step 6000/10273 loss 0.1231 lr 2.99e-04 1901s
  ep3 step 6500/10273 loss 0.1225 lr 2.99e-04 2060s
  ep3 step 7000/10273 loss 0.1221 lr 2.99e-04 2218s
  ep3 step 7500/10273 loss 0.1216 lr 2.99e-04 2377s
  ep3 step 8000/10273 loss 0.1212 lr 2.98e-04 2535s
  ep3 step 8500/10273 loss 0.1207 lr 2.98e-04 2693s
  ep3 step 9000/10273 loss 0.1205 lr 2.98e-04 2865s
  ep3 step 9500/10273 loss 0.1202 lr 2.98e-04 3045s
  ep3 step 10000/10273 loss 0.1197 lr 2.98e-04 3222s
{"ep": 3, "loss": 0.11965, "val_pooled_db": [-9.93, -9.14, -8.23, -7.41], "val_median_db": [-11.95, -11.03, -10.04, -9.15], "val_align_db": [-13.04, -12.24, -11.34, -10.67], "rho": [0.975, 0.97, 0.963, 0.956], "copy_last_db": [-4.46, -2.38, -1.54, -0.84], "lr": 0.00029805753939568687, "sec": 3422.4}
  ep4 step 500/10273 loss 0.1081 lr 2.98e-04 175s
  ep4 step 1000/10273 loss 0.1077 lr 2.98e-04 351s
  ep4 step 1500/10273 loss 0.1080 lr 2.98e-04 527s
  ep4 step 2000/10273 loss 0.1082 lr 2.98e-04 687s
  ep4 step 2500/10273 loss 0.1077 lr 2.98e-04 847s
  ep4 step 3000/10273 loss 0.1076 lr 2.97e-04 1006s
  ep4 step 3500/10273 loss 0.1072 lr 2.97e-04 1166s
  ep4 step 4000/10273 loss 0.1071 lr 2.97e-04 1326s
  ep4 step 4500/10273 loss 0.1067 lr 2.97e-04 1483s
  ep4 step 5000/10273 loss 0.1064 lr 2.97e-04 1645s
  ep4 step 5500/10273 loss 0.1063 lr 2.97e-04 1819s
  ep4 step 6000/10273 loss 0.1060 lr 2.97e-04 1977s
  ep4 step 6500/10273 loss 0.1057 lr 2.97e-04 2170s
  ep4 step 7000/10273 loss 0.1056 lr 2.97e-04 2327s
  ep4 step 7500/10273 loss 0.1052 lr 2.96e-04 2484s
  ep4 step 8000/10273 loss 0.1051 lr 2.96e-04 2639s
  ep4 step 8500/10273 loss 0.1049 lr 2.96e-04 2796s
  ep4 step 9000/10273 loss 0.1046 lr 2.96e-04 2953s
  ep4 step 9500/10273 loss 0.1042 lr 2.96e-04 3109s
  ep4 step 10000/10273 loss 0.1040 lr 2.96e-04 3266s
{"ep": 4, "loss": 0.10385, "val_pooled_db": [-9.79, -8.95, -8.1, -7.24], "val_median_db": [-11.91, -10.94, -10.1, -9.28], "val_align_db": [-12.91, -12.11, -11.36, -10.71], "rho": [0.974, 0.969, 0.963, 0.957], "copy_last_db": [-4.46, -2.38, -1.54, -0.84], "lr": 0.00029564127261390776, "sec": 3460.6}
  ep5 step 500/10273 loss 0.0984 lr 2.95e-04 176s
  ep5 step 1000/10273 loss 0.0985 lr 2.95e-04 355s
  ep5 step 1500/10273 loss 0.0975 lr 2.95e-04 535s
  ep5 step 2000/10273 loss 0.0974 lr 2.95e-04 711s
  ep5 step 2500/10273 loss 0.0971 lr 2.95e-04 881s
  ep5 step 3000/10273 loss 0.0968 lr 2.95e-04 1039s
  ep5 step 3500/10273 loss 0.0966 lr 2.95e-04 1198s
  ep5 step 4000/10273 loss 0.0962 lr 2.94e-04 1357s
  ep5 step 4500/10273 loss 0.0959 lr 2.94e-04 1515s
  ep5 step 5000/10273 loss 0.0957 lr 2.94e-04 1674s
  ep5 step 5500/10273 loss 0.0955 lr 2.94e-04 1834s
  ep5 step 6000/10273 loss 0.0953 lr 2.94e-04 1994s
  ep5 step 6500/10273 loss 0.0952 lr 2.94e-04 2153s
  ep5 step 7000/10273 loss 0.0949 lr 2.93e-04 2312s
  ep5 step 7500/10273 loss 0.0947 lr 2.93e-04 2471s
  ep5 step 8000/10273 loss 0.0944 lr 2.93e-04 2630s
  ep5 step 8500/10273 loss 0.0942 lr 2.93e-04 2790s
  ep5 step 9000/10273 loss 0.0940 lr 2.93e-04 2948s
  ep5 step 9500/10273 loss 0.0937 lr 2.93e-04 3108s
  ep5 step 10000/10273 loss 0.0936 lr 2.92e-04 3267s
{"ep": 5, "loss": 0.09352, "val_pooled_db": [-10.41, -9.56, -8.65, -7.75], "val_median_db": [-13.01, -11.84, -10.82, -9.83], "val_align_db": [-13.88, -13.0, -12.07, -11.31], "rho": [0.979, 0.975, 0.968, 0.962], "copy_last_db": [-4.46, -2.38, -1.54, -0.84], "lr": 0.00029228046629207175, "sec": 3441.2}
  ep6 step 500/10273 loss 0.0893 lr 2.92e-04 156s
  ep6 step 1000/10273 loss 0.0895 lr 2.92e-04 316s
  ep6 step 1500/10273 loss 0.0890 lr 2.92e-04 475s
  ep6 step 2000/10273 loss 0.0886 lr 2.92e-04 634s
  ep6 step 2500/10273 loss 0.0885 lr 2.91e-04 793s
  ep6 step 3000/10273 loss 0.0884 lr 2.91e-04 951s
  ep6 step 3500/10273 loss 0.0882 lr 2.91e-04 1111s
  ep6 step 4000/10273 loss 0.0882 lr 2.91e-04 1270s
  ep6 step 4500/10273 loss 0.0880 lr 2.91e-04 1429s
  ep6 step 5000/10273 loss 0.0879 lr 2.90e-04 1588s
  ep6 step 5500/10273 loss 0.0877 lr 2.90e-04 1746s
  ep6 step 6000/10273 loss 0.0876 lr 2.90e-04 1904s
  ep6 step 6500/10273 loss 0.0874 lr 2.90e-04 2062s
  ep6 step 7000/10273 loss 0.0873 lr 2.89e-04 2220s
  ep6 step 7500/10273 loss 0.0871 lr 2.89e-04 2380s
  ep6 step 8000/10273 loss 0.0871 lr 2.89e-04 2538s
  ep6 step 8500/10273 loss 0.0869 lr 2.89e-04 2696s
  ep6 step 9000/10273 loss 0.0868 lr 2.89e-04 2855s
  ep6 step 9500/10273 loss 0.0866 lr 2.88e-04 3014s
  ep6 step 10000/10273 loss 0.0865 lr 2.88e-04 3172s
{"ep": 6, "loss": 0.0865, "val_pooled_db": [-10.51, -9.59, -8.65, -7.85], "val_median_db": [-13.26, -12.12, -10.96, -10.04], "val_align_db": [-14.11, -13.3, -12.25, -11.55], "rho": [0.98, 0.976, 0.97, 0.964], "copy_last_db": [-4.46, -2.38, -1.54, -0.84], "lr": 0.0002879969165488236, "sec": 3348.6}
  ep7 step 500/10273 loss 0.0848 lr 2.88e-04 159s
  ep7 step 1000/10273 loss 0.0837 lr 2.88e-04 319s
  ep7 step 1500/10273 loss 0.0833 lr 2.87e-04 478s
  ep7 step 2000/10273 loss 0.0832 lr 2.87e-04 637s
  ep7 step 2500/10273 loss 0.0830 lr 2.87e-04 795s
  ep7 step 3000/10273 loss 0.0829 lr 2.87e-04 957s
  ep7 step 3500/10273 loss 0.0828 lr 2.86e-04 1169s
  ep7 step 4000/10273 loss 0.0827 lr 2.86e-04 1410s
  ep7 step 4500/10273 loss 0.0825 lr 2.86e-04 1567s
  ep7 step 5000/10273 loss 0.0823 lr 2.86e-04 1724s
  ep7 step 5500/10273 loss 0.0822 lr 2.85e-04 1881s
  ep7 step 6000/10273 loss 0.0821 lr 2.85e-04 2039s
  ep7 step 6500/10273 loss 0.0820 lr 2.85e-04 2197s
  ep7 step 7000/10273 loss 0.0819 lr 2.85e-04 2354s
  ep7 step 7500/10273 loss 0.0818 lr 2.84e-04 2511s
  ep7 step 8000/10273 loss 0.0817 lr 2.84e-04 2670s
  ep7 step 8500/10273 loss 0.0816 lr 2.84e-04 2828s
  ep7 step 9000/10273 loss 0.0815 lr 2.84e-04 2985s
  ep7 step 9500/10273 loss 0.0814 lr 2.83e-04 3142s
  ep7 step 10000/10273 loss 0.0813 lr 2.83e-04 3300s
{"ep": 7, "loss": 0.08118, "val_pooled_db": [-10.61, -9.76, -8.79, -7.9], "val_median_db": [-13.5, -12.45, -11.15, -10.18], "val_align_db": [-14.35, -13.6, -12.45, -11.62], "rho": [0.981, 0.978, 0.971, 0.965], "copy_last_db": [-4.46, -2.38, -1.54, -0.84], "lr": 0.0002828184038479814, "sec": 3474.1}
  ep8 step 500/10273 loss 0.0780 lr 2.83e-04 157s
  ep8 step 1000/10273 loss 0.0780 lr 2.82e-04 314s
  ep8 step 1500/10273 loss 0.0781 lr 2.82e-04 472s
  ep8 step 2000/10273 loss 0.0781 lr 2.82e-04 629s
  ep8 step 2500/10273 loss 0.0780 lr 2.81e-04 787s
  ep8 step 3000/10273 loss 0.0780 lr 2.81e-04 944s
  ep8 step 3500/10273 loss 0.0780 lr 2.81e-04 1102s
  ep8 step 4000/10273 loss 0.0780 lr 2.81e-04 1259s
  ep8 step 4500/10273 loss 0.0779 lr 2.80e-04 1417s
  ep8 step 5000/10273 loss 0.0779 lr 2.80e-04 1573s
  ep8 step 5500/10273 loss 0.0779 lr 2.80e-04 1730s
  ep8 step 6000/10273 loss 0.0777 lr 2.79e-04 1886s
  ep8 step 6500/10273 loss 0.0777 lr 2.79e-04 2044s
  ep8 step 7000/10273 loss 0.0776 lr 2.79e-04 2200s
  ep8 step 7500/10273 loss 0.0776 lr 2.78e-04 2356s
  ep8 step 8000/10273 loss 0.0775 lr 2.78e-04 2513s
  ep8 step 8500/10273 loss 0.0774 lr 2.78e-04 2670s
  ep8 step 9000/10273 loss 0.0773 lr 2.78e-04 2826s
  ep8 step 9500/10273 loss 0.0772 lr 2.77e-04 2983s
  ep8 step 10000/10273 loss 0.0771 lr 2.77e-04 3139s
{"ep": 8, "loss": 0.07701, "val_pooled_db": [-10.62, -9.71, -8.79, -7.87], "val_median_db": [-13.53, -12.33, -11.16, -10.26], "val_align_db": [-14.37, -13.54, -12.48, -11.66], "rho": [0.982, 0.978, 0.971, 0.965], "copy_last_db": [-4.46, -2.38, -1.54, -0.84], "lr": 0.0002767785128315692, "sec": 3311.4}
  ep9 step 500/10273 loss 0.0744 lr 2.76e-04 158s
  ep9 step 1000/10273 loss 0.0744 lr 2.76e-04 316s
  ep9 step 1500/10273 loss 0.0744 lr 2.76e-04 474s
  ep9 step 2000/10273 loss 0.0746 lr 2.76e-04 632s
  ep9 step 2500/10273 loss 0.0746 lr 2.75e-04 790s
  ep9 step 3000/10273 loss 0.0747 lr 2.75e-04 949s
  ep9 step 3500/10273 loss 0.0747 lr 2.75e-04 1107s
  ep9 step 4000/10273 loss 0.0745 lr 2.74e-04 1265s
  ep9 step 4500/10273 loss 0.0744 lr 2.74e-04 1423s
  ep9 step 5000/10273 loss 0.0744 lr 2.74e-04 1581s
  ep9 step 5500/10273 loss 0.0743 lr 2.73e-04 1739s
  ep9 step 6000/10273 loss 0.0742 lr 2.73e-04 1897s
  ep9 step 6500/10273 loss 0.0742 lr 2.73e-04 2055s
  ep9 step 7000/10273 loss 0.0742 lr 2.72e-04 2213s
  ep9 step 7500/10273 loss 0.0741 lr 2.72e-04 2372s
  ep9 step 8000/10273 loss 0.0741 lr 2.72e-04 2530s
  ep9 step 8500/10273 loss 0.0740 lr 2.71e-04 2688s
  ep9 step 9000/10273 loss 0.0739 lr 2.71e-04 2846s
  ep9 step 9500/10273 loss 0.0739 lr 2.70e-04 3004s
  ep9 step 10000/10273 loss 0.0738 lr 2.70e-04 3162s
{"ep": 9, "loss": 0.0738, "val_pooled_db": [-10.7, -9.78, -8.84, -7.97], "val_median_db": [-13.6, -12.5, -11.25, -10.32], "val_align_db": [-14.51, -13.68, -12.65, -11.8], "rho": [0.982, 0.978, 0.972, 0.966], "copy_last_db": [-4.46, -2.38, -1.54, -0.84], "lr": 0.00026991641451052517, "sec": 3338.3}
  ep10 step 500/10273 loss 0.0715 lr 2.70e-04 158s
  ep10 step 1000/10273 loss 0.0711 lr 2.69e-04 316s
  ep10 step 1500/10273 loss 0.0714 lr 2.69e-04 474s
  ep10 step 2000/10273 loss 0.0715 lr 2.68e-04 632s
  ep10 step 2500/10273 loss 0.0716 lr 2.68e-04 787s
  ep10 step 3000/10273 loss 0.0717 lr 2.68e-04 943s
  ep10 step 3500/10273 loss 0.0716 lr 2.67e-04 1099s
  ep10 step 4000/10273 loss 0.0716 lr 2.67e-04 1256s
  ep10 step 4500/10273 loss 0.0715 lr 2.67e-04 1413s
  ep10 step 5000/10273 loss 0.0715 lr 2.66e-04 1570s
  ep10 step 5500/10273 loss 0.0714 lr 2.66e-04 1726s
  ep10 step 6000/10273 loss 0.0714 lr 2.66e-04 1882s
  ep10 step 6500/10273 loss 0.0714 lr 2.65e-04 2039s
  ep10 step 7000/10273 loss 0.0714 lr 2.65e-04 2195s
  ep10 step 7500/10273 loss 0.0713 lr 2.64e-04 2352s
  ep10 step 8000/10273 loss 0.0713 lr 2.64e-04 2509s
  ep10 step 8500/10273 loss 0.0713 lr 2.64e-04 2666s
  ep10 step 9000/10273 loss 0.0712 lr 2.63e-04 2822s
  ep10 step 9500/10273 loss 0.0712 lr 2.63e-04 2979s
  ep10 step 10000/10273 loss 0.0711 lr 2.62e-04 3136s
{"ep": 10, "loss": 0.07109, "val_pooled_db": [-10.65, -9.72, -8.81, -7.95], "val_median_db": [-13.76, -12.54, -11.29, -10.29], "val_align_db": [-14.61, -13.8, -12.66, -11.75], "rho": [0.983, 0.979, 0.973, 0.966], "copy_last_db": [-4.46, -2.38, -1.54, -0.84], "lr": 0.00026227661222566516, "sec": 3309.6}
  ep11 step 500/10273 loss 0.0687 lr 2.62e-04 157s
  ep11 step 1000/10273 loss 0.0688 lr 2.61e-04 315s
  ep11 step 1500/10273 loss 0.0692 lr 2.61e-04 472s
  ep11 step 2000/10273 loss 0.0692 lr 2.61e-04 628s
  ep11 step 2500/10273 loss 0.0692 lr 2.60e-04 784s
  ep11 step 3000/10273 loss 0.0692 lr 2.60e-04 941s
  ep11 step 3500/10273 loss 0.0692 lr 2.60e-04 1098s
  ep11 step 4000/10273 loss 0.0692 lr 2.59e-04 1255s
  ep11 step 4500/10273 loss 0.0693 lr 2.59e-04 1411s
  ep11 step 5000/10273 loss 0.0693 lr 2.58e-04 1567s
  ep11 step 5500/10273 loss 0.0692 lr 2.58e-04 1724s
  ep11 step 6000/10273 loss 0.0692 lr 2.57e-04 1880s
  ep11 step 6500/10273 loss 0.0692 lr 2.57e-04 2037s
  ep11 step 7000/10273 loss 0.0691 lr 2.57e-04 2193s
  ep11 step 7500/10273 loss 0.0691 lr 2.56e-04 2350s
  ep11 step 8000/10273 loss 0.0690 lr 2.56e-04 2507s
  ep11 step 8500/10273 loss 0.0690 lr 2.55e-04 2664s
  ep11 step 9000/10273 loss 0.0690 lr 2.55e-04 2821s
  ep11 step 9500/10273 loss 0.0690 lr 2.55e-04 2977s
  ep11 step 10000/10273 loss 0.0690 lr 2.54e-04 3134s
{"ep": 11, "loss": 0.06897, "val_pooled_db": [-10.69, -9.75, -8.81, -7.94], "val_median_db": [-13.78, -12.52, -11.26, -10.31], "val_align_db": [-14.66, -13.81, -12.66, -11.81], "rho": [0.983, 0.979, 0.973, 0.966], "copy_last_db": [-4.46, -2.38, -1.54, -0.84], "lr": 0.0002539086530264399, "sec": 3307.6}
  ep12 step 500/10273 loss 0.0678 lr 2.53e-04 156s
  ep12 step 1000/10273 loss 0.0675 lr 2.53e-04 313s
  ep12 step 1500/10273 loss 0.0676 lr 2.53e-04 469s
  ep12 step 2000/10273 loss 0.0676 lr 2.52e-04 626s
  ep12 step 2500/10273 loss 0.0675 lr 2.52e-04 783s
  ep12 step 3000/10273 loss 0.0675 lr 2.51e-04 940s
  ep12 step 3500/10273 loss 0.0675 lr 2.51e-04 1095s
  ep12 step 4000/10273 loss 0.0674 lr 2.50e-04 1252s
  ep12 step 4500/10273 loss 0.0673 lr 2.50e-04 1409s
  ep12 step 5000/10273 loss 0.0673 lr 2.50e-04 1566s
  ep12 step 5500/10273 loss 0.0673 lr 2.49e-04 1723s
  ep12 step 6000/10273 loss 0.0673 lr 2.49e-04 1880s
  ep12 step 6500/10273 loss 0.0673 lr 2.48e-04 2036s
  ep12 step 7000/10273 loss 0.0673 lr 2.48e-04 2192s
  ep12 step 7500/10273 loss 0.0672 lr 2.47e-04 2349s
  ep12 step 8000/10273 loss 0.0672 lr 2.47e-04 2505s
  ep12 step 8500/10273 loss 0.0672 lr 2.46e-04 2662s
  ep12 step 9000/10273 loss 0.0672 lr 2.46e-04 2817s
  ep12 step 9500/10273 loss 0.0671 lr 2.46e-04 2974s
  ep12 step 10000/10273 loss 0.0671 lr 2.45e-04 3131s
{"ep": 12, "loss": 0.06705, "val_pooled_db": [-10.75, -9.82, -8.92, -8.02], "val_median_db": [-13.91, -12.65, -11.38, -10.39], "val_align_db": [-14.76, -13.91, -12.77, -11.84], "rho": [0.983, 0.979, 0.973, 0.967], "copy_last_db": [-4.46, -2.38, -1.54, -0.84], "lr": 0.0002448668063393066, "sec": 3303.3}
  ep13 step 500/10273 loss 0.0658 lr 2.44e-04 156s
  ep13 step 1000/10273 loss 0.0654 lr 2.44e-04 314s
  ep13 step 1500/10273 loss 0.0654 lr 2.43e-04 470s
  ep13 step 2000/10273 loss 0.0655 lr 2.43e-04 627s
  ep13 step 2500/10273 loss 0.0656 lr 2.43e-04 783s
  ep13 step 3000/10273 loss 0.0657 lr 2.42e-04 939s
  ep13 step 3500/10273 loss 0.0656 lr 2.42e-04 1095s
  ep13 step 4000/10273 loss 0.0656 lr 2.41e-04 1251s
  ep13 step 4500/10273 loss 0.0656 lr 2.41e-04 1407s
  ep13 step 5000/10273 loss 0.0656 lr 2.40e-04 1564s
  ep13 step 5500/10273 loss 0.0655 lr 2.40e-04 1720s
  ep13 step 6000/10273 loss 0.0655 lr 2.39e-04 1876s
  ep13 step 6500/10273 loss 0.0655 lr 2.39e-04 2032s
  ep13 step 7000/10273 loss 0.0655 lr 2.38e-04 2188s
  ep13 step 7500/10273 loss 0.0655 lr 2.38e-04 2345s
  ep13 step 8000/10273 loss 0.0655 lr 2.37e-04 2509s
  ep13 step 8500/10273 loss 0.0655 lr 2.37e-04 2672s
  ep13 step 9000/10273 loss 0.0654 lr 2.36e-04 2839s
  ep13 step 9500/10273 loss 0.0654 lr 2.36e-04 3030s
  ep13 step 10000/10273 loss 0.0654 lr 2.35e-04 3220s
{"ep": 13, "loss": 0.06532, "val_pooled_db": [-10.78, -9.87, -8.9, -8.02], "val_median_db": [-13.89, -12.68, -11.4, -10.41], "val_align_db": [-14.74, -13.95, -12.77, -11.87], "rho": [0.983, 0.98, 0.973, 0.967], "copy_last_db": [-4.46, -2.38, -1.54, -0.84], "lr": 0.00023520971200967334, "sec": 3431.4}
  ep14 step 500/10273 loss 0.0639 lr 2.35e-04 196s
  ep14 step 1000/10273 loss 0.0640 lr 2.34e-04 361s
  ep14 step 1500/10273 loss 0.0640 lr 2.34e-04 525s
  ep14 step 2000/10273 loss 0.0642 lr 2.33e-04 690s
  ep14 step 2500/10273 loss 0.0642 lr 2.33e-04 854s
  ep14 step 3000/10273 loss 0.0644 lr 2.32e-04 1018s
  ep14 step 3500/10273 loss 0.0643 lr 2.32e-04 1183s
  ep14 step 4000/10273 loss 0.0643 lr 2.31e-04 1349s
  ep14 step 4500/10273 loss 0.0643 lr 2.31e-04 1513s
  ep14 step 5000/10273 loss 0.0642 lr 2.30e-04 1679s
  ep14 step 5500/10273 loss 0.0642 lr 2.30e-04 1845s
  ep14 step 6000/10273 loss 0.0642 lr 2.29e-04 2010s
  ep14 step 6500/10273 loss 0.0642 lr 2.29e-04 2175s
  ep14 step 7000/10273 loss 0.0641 lr 2.28e-04 2398s
  ep14 step 7500/10273 loss 0.0641 lr 2.28e-04 2565s
  ep14 step 8000/10273 loss 0.0640 lr 2.27e-04 2730s
  ep14 step 8500/10273 loss 0.0640 lr 2.27e-04 2892s
  ep14 step 9000/10273 loss 0.0640 lr 2.26e-04 3056s
  ep14 step 9500/10273 loss 0.0639 lr 2.26e-04 3219s
  ep14 step 10000/10273 loss 0.0639 lr 2.25e-04 3384s
{"ep": 14, "loss": 0.06392, "val_pooled_db": [-10.79, -9.88, -8.93, -8.03], "val_median_db": [-13.99, -12.74, -11.42, -10.5], "val_align_db": [-14.8, -13.99, -12.87, -12.08], "rho": [0.983, 0.98, 0.974, 0.969], "copy_last_db": [-4.46, -2.38, -1.54, -0.84], "lr": 0.000225, "sec": 3570.6}
  ep15 step 500/10273 loss 0.0636 lr 2.24e-04 165s
  ep15 step 1000/10273 loss 0.0631 lr 2.24e-04 329s
  ep15 step 1500/10273 loss 0.0631 lr 2.23e-04 493s
  ep15 step 2000/10273 loss 0.0631 lr 2.23e-04 656s
  ep15 step 2500/10273 loss 0.0631 lr 2.22e-04 820s
  ep15 step 3000/10273 loss 0.0631 lr 2.22e-04 984s
  ep15 step 3500/10273 loss 0.0630 lr 2.21e-04 1148s
  ep15 step 4000/10273 loss 0.0629 lr 2.21e-04 1313s
  ep15 step 4500/10273 loss 0.0629 lr 2.20e-04 1478s
  ep15 step 5000/10273 loss 0.0629 lr 2.20e-04 1642s
  ep15 step 5500/10273 loss 0.0629 lr 2.19e-04 1806s
  ep15 step 6000/10273 loss 0.0628 lr 2.19e-04 1970s
  ep15 step 6500/10273 loss 0.0628 lr 2.18e-04 2135s
  ep15 step 7000/10273 loss 0.0628 lr 2.18e-04 2299s
  ep15 step 7500/10273 loss 0.0628 lr 2.17e-04 2465s
  ep15 step 8000/10273 loss 0.0628 lr 2.17e-04 2632s
  ep15 step 8500/10273 loss 0.0628 lr 2.16e-04 2798s
  ep15 step 9000/10273 loss 0.0627 lr 2.16e-04 2964s
  ep15 step 9500/10273 loss 0.0627 lr 2.15e-04 3136s
  ep15 step 10000/10273 loss 0.0627 lr 2.15e-04 3323s
{"ep": 15, "loss": 0.06268, "val_pooled_db": [-10.77, -9.77, -8.84, -7.96], "val_median_db": [-13.78, -12.56, -11.29, -10.32], "val_align_db": [-14.66, -13.84, -12.71, -11.84], "rho": [0.983, 0.979, 0.973, 0.967], "copy_last_db": [-4.46, -2.38, -1.54, -0.84], "lr": 0.0002143038842104581, "sec": 3532.9}
  ep16 step 500/10273 loss 0.0645 lr 2.14e-04 194s
  ep16 step 1000/10273 loss 0.0631 lr 2.13e-04 377s
  ep16 step 1500/10273 loss 0.0626 lr 2.13e-04 551s
  ep16 step 2000/10273 loss 0.0623 lr 2.12e-04 724s
  ep16 step 2500/10273 loss 0.0621 lr 2.12e-04 892s
  ep16 step 3000/10273 loss 0.0621 lr 2.11e-04 1058s
  ep16 step 3500/10273 loss 0.0619 lr 2.11e-04 1223s
  ep16 step 4000/10273 loss 0.0620 lr 2.10e-04 1387s
  ep16 step 4500/10273 loss 0.0620 lr 2.09e-04 1552s
  ep16 step 5000/10273 loss 0.0619 lr 2.09e-04 1717s
  ep16 step 5500/10273 loss 0.0618 lr 2.08e-04 1882s
  ep16 step 6000/10273 loss 0.0618 lr 2.08e-04 2047s
  ep16 step 6500/10273 loss 0.0618 lr 2.07e-04 2212s
  ep16 step 7000/10273 loss 0.0618 lr 2.07e-04 2377s
  ep16 step 7500/10273 loss 0.0618 lr 2.06e-04 2542s
  ep16 step 8000/10273 loss 0.0618 lr 2.06e-04 2708s
  ep16 step 8500/10273 loss 0.0618 lr 2.05e-04 2872s
  ep16 step 9000/10273 loss 0.0617 lr 2.05e-04 3037s
  ep16 step 9500/10273 loss 0.0617 lr 2.04e-04 3202s
  ep16 step 10000/10273 loss 0.0617 lr 2.03e-04 3367s
{"ep": 16, "loss": 0.06166, "val_pooled_db": [-10.81, -9.88, -8.95, -8.08], "val_median_db": [-14.03, -12.73, -11.51, -10.48], "val_align_db": [-14.87, -14.01, -12.86, -12.04], "rho": [0.984, 0.98, 0.974, 0.968], "copy_last_db": [-4.46, -2.38, -1.54, -0.84], "lr": 0.0002031907330563803, "sec": 3554.8}
  ep17 step 500/10273 loss 0.0607 lr 2.03e-04 165s
  ep17 step 1000/10273 loss 0.0608 lr 2.02e-04 329s
  ep17 step 1500/10273 loss 0.0606 lr 2.02e-04 494s
  ep17 step 2000/10273 loss 0.0605 lr 2.01e-04 659s
  ep17 step 2500/10273 loss 0.0606 lr 2.00e-04 824s
  ep17 step 3000/10273 loss 0.0606 lr 2.00e-04 989s
  ep17 step 3500/10273 loss 0.0606 lr 1.99e-04 1153s
  ep17 step 4000/10273 loss 0.0606 lr 1.99e-04 1318s
  ep17 step 4500/10273 loss 0.0606 lr 1.98e-04 1483s
  ep17 step 5000/10273 loss 0.0607 lr 1.98e-04 1647s
  ep17 step 5500/10273 loss 0.0607 lr 1.97e-04 1812s
  ep17 step 6000/10273 loss 0.0607 lr 1.97e-04 1978s
  ep17 step 6500/10273 loss 0.0607 lr 1.96e-04 2143s
  ep17 step 7000/10273 loss 0.0607 lr 1.95e-04 2308s
  ep17 step 7500/10273 loss 0.0606 lr 1.95e-04 2472s
  ep17 step 8000/10273 loss 0.0606 lr 1.94e-04 2638s
  ep17 step 8500/10273 loss 0.0606 lr 1.94e-04 2803s
  ep17 step 9000/10273 loss 0.0606 lr 1.93e-04 2968s
  ep17 step 9500/10273 loss 0.0605 lr 1.93e-04 3132s
  ep17 step 10000/10273 loss 0.0605 lr 1.92e-04 3298s
{"ep": 17, "loss": 0.06053, "val_pooled_db": [-10.82, -9.86, -8.9, -8.0], "val_median_db": [-14.1, -12.79, -11.51, -10.46], "val_align_db": [-14.89, -14.03, -12.91, -12.05], "rho": [0.984, 0.98, 0.974, 0.968], "copy_last_db": [-4.46, -2.38, -1.54, -0.84], "lr": 0.0001917326195874679, "sec": 3485.2}
  ep18 step 500/10273 loss 0.0596 lr 1.91e-04 165s
  ep18 step 1000/10273 loss 0.0595 lr 1.91e-04 331s
  ep18 step 1500/10273 loss 0.0597 lr 1.90e-04 497s
  ep18 step 2000/10273 loss 0.0596 lr 1.89e-04 663s
  ep18 step 2500/10273 loss 0.0597 lr 1.89e-04 828s
  ep18 step 3000/10273 loss 0.0597 lr 1.88e-04 992s
  ep18 step 3500/10273 loss 0.0597 lr 1.88e-04 1157s
  ep18 step 4000/10273 loss 0.0598 lr 1.87e-04 1322s
  ep18 step 4500/10273 loss 0.0597 lr 1.87e-04 1487s
  ep18 step 5000/10273 loss 0.0597 lr 1.86e-04 1651s
  ep18 step 5500/10273 loss 0.0597 lr 1.85e-04 1818s
  ep18 step 6000/10273 loss 0.0597 lr 1.85e-04 1986s
  ep18 step 6500/10273 loss 0.0597 lr 1.84e-04 2151s
  ep18 step 7000/10273 loss 0.0597 lr 1.84e-04 2315s
  ep18 step 7500/10273 loss 0.0597 lr 1.83e-04 2479s
  ep18 step 8000/10273 loss 0.0597 lr 1.83e-04 2643s
  ep18 step 8500/10273 loss 0.0597 lr 1.82e-04 2807s
  ep18 step 9000/10273 loss 0.0597 lr 1.81e-04 2972s
  ep18 step 9500/10273 loss 0.0597 lr 1.81e-04 3136s
  ep18 step 10000/10273 loss 0.0596 lr 1.80e-04 3301s
{"ep": 18, "loss": 0.05961, "val_pooled_db": [-10.75, -9.81, -8.88, -7.97], "val_median_db": [-13.97, -12.61, -11.41, -10.43], "val_align_db": [-14.72, -13.88, -12.77, -11.94], "rho": [0.983, 0.979, 0.973, 0.968], "copy_last_db": [-4.46, -2.38, -1.54, -0.84], "lr": 0.00018000385406640666, "sec": 3488.7}
  ep19 step 500/10273 loss 0.0592 lr 1.79e-04 166s
  ep19 step 1000/10273 loss 0.0591 lr 1.79e-04 331s
  ep19 step 1500/10273 loss 0.0591 lr 1.78e-04 496s
  ep19 step 2000/10273 loss 0.0592 lr 1.78e-04 662s
  ep19 step 2500/10273 loss 0.0591 lr 1.77e-04 827s
  ep19 step 3000/10273 loss 0.0591 lr 1.77e-04 991s
  ep19 step 3500/10273 loss 0.0591 lr 1.76e-04 1156s
  ep19 step 4000/10273 loss 0.0591 lr 1.75e-04 1322s
  ep19 step 4500/10273 loss 0.0591 lr 1.75e-04 1487s
  ep19 step 5000/10273 loss 0.0591 lr 1.74e-04 1652s
  ep19 step 5500/10273 loss 0.0590 lr 1.74e-04 1818s
  ep19 step 6000/10273 loss 0.0590 lr 1.73e-04 1984s
  ep19 step 6500/10273 loss 0.0590 lr 1.72e-04 2149s
  ep19 step 7000/10273 loss 0.0590 lr 1.72e-04 2314s
  ep19 step 7500/10273 loss 0.0589 lr 1.71e-04 2479s
  ep19 step 8000/10273 loss 0.0589 lr 1.71e-04 2644s
  ep19 step 8500/10273 loss 0.0589 lr 1.70e-04 2810s
  ep19 step 9000/10273 loss 0.0589 lr 1.70e-04 2975s
  ep19 step 9500/10273 loss 0.0589 lr 1.69e-04 3140s
  ep19 step 10000/10273 loss 0.0589 lr 1.68e-04 3305s
{"ep": 19, "loss": 0.05886, "val_pooled_db": [-10.79, -9.86, -8.92, -8.03], "val_median_db": [-14.05, -12.69, -11.45, -10.48], "val_align_db": [-14.81, -13.96, -12.82, -12.01], "rho": [0.983, 0.98, 0.974, 0.968], "copy_last_db": [-4.46, -2.38, -1.54, -0.84], "lr": 0.00016808050203829842, "sec": 3493.5}
  ep20 step 500/10273 loss 0.0579 lr 1.67e-04 165s
  ep20 step 1000/10273 loss 0.0583 lr 1.67e-04 331s
  ep20 step 1500/10273 loss 0.0583 lr 1.66e-04 496s
  ep20 step 2000/10273 loss 0.0583 lr 1.66e-04 662s
  ep20 step 2500/10273 loss 0.0582 lr 1.65e-04 826s
  ep20 step 3000/10273 loss 0.0582 lr 1.65e-04 992s
  ep20 step 3500/10273 loss 0.0582 lr 1.64e-04 1158s
  ep20 step 4000/10273 loss 0.0582 lr 1.63e-04 1323s
  ep20 step 4500/10273 loss 0.0582 lr 1.63e-04 1488s
  ep20 step 5000/10273 loss 0.0582 lr 1.62e-04 1653s
  ep20 step 5500/10273 loss 0.0582 lr 1.62e-04 1817s
  ep20 step 6000/10273 loss 0.0582 lr 1.61e-04 1982s
  ep20 step 6500/10273 loss 0.0581 lr 1.60e-04 2148s
  ep20 step 7000/10273 loss 0.0581 lr 1.60e-04 2312s
  ep20 step 7500/10273 loss 0.0581 lr 1.59e-04 2477s
  ep20 step 8000/10273 loss 0.0581 lr 1.59e-04 2643s
  ep20 step 8500/10273 loss 0.0581 lr 1.58e-04 2808s
  ep20 step 9000/10273 loss 0.0581 lr 1.58e-04 2973s
  ep20 step 9500/10273 loss 0.0581 lr 1.57e-04 3139s
  ep20 step 10000/10273 loss 0.0581 lr 1.56e-04 3305s
{"ep": 20, "loss": 0.05809, "val_pooled_db": [-10.78, -9.86, -8.95, -8.03], "val_median_db": [-14.05, -12.72, -11.43, -10.43], "val_align_db": [-14.83, -13.95, -12.79, -11.91], "rho": [0.983, 0.98, 0.973, 0.967], "copy_last_db": [-4.46, -2.38, -1.54, -0.84], "lr": 0.00015603989101641228, "sec": 3492.7}
  ep21 step 500/10273 loss 0.0572 lr 1.55e-04 166s
  ep21 step 1000/10273 loss 0.0574 lr 1.55e-04 331s
  ep21 step 1500/10273 loss 0.0575 lr 1.54e-04 496s
  ep21 step 2000/10273 loss 0.0576 lr 1.54e-04 661s
  ep21 step 2500/10273 loss 0.0576 lr 1.53e-04 827s
  ep21 step 3000/10273 loss 0.0575 lr 1.53e-04 992s
  ep21 step 3500/10273 loss 0.0575 lr 1.52e-04 1157s
  ep21 step 4000/10273 loss 0.0574 lr 1.51e-04 1323s
  ep21 step 4500/10273 loss 0.0574 lr 1.51e-04 1488s
  ep21 step 5000/10273 loss 0.0575 lr 1.50e-04 1653s
  ep21 step 5500/10273 loss 0.0575 lr 1.50e-04 1818s
  ep21 step 6000/10273 loss 0.0575 lr 1.49e-04 1982s
  ep21 step 6500/10273 loss 0.0575 lr 1.48e-04 2148s
  ep21 step 7000/10273 loss 0.0575 lr 1.48e-04 2313s
  ep21 step 7500/10273 loss 0.0575 lr 1.47e-04 2477s
  ep21 step 8000/10273 loss 0.0574 lr 1.47e-04 2642s
  ep21 step 8500/10273 loss 0.0575 lr 1.46e-04 2807s
  ep21 step 9000/10273 loss 0.0574 lr 1.45e-04 2972s
  ep21 step 9500/10273 loss 0.0574 lr 1.45e-04 3136s
  ep21 step 10000/10273 loss 0.0574 lr 1.44e-04 3302s
{"ep": 21, "loss": 0.05742, "val_pooled_db": [-10.8, -9.84, -8.91, -8.0], "val_median_db": [-14.03, -12.69, -11.49, -10.42], "val_align_db": [-14.81, -14.0, -12.86, -11.99], "rho": [0.983, 0.98, 0.974, 0.968], "copy_last_db": [-4.46, -2.38, -1.54, -0.84], "lr": 0.00014396010898358775, "sec": 3488.8}
early stopping at ep 21 (best ep 16, -9.43 dB)
DONE best_ep 16 val_mean_pooled_db -9.43
