[mm] sensors ['pos'] pos_source predicted window_bytes {'pos': 640} coverage {"pos": {"source": "predicted", "nan_rows": 0, "missing_yaml": 0, "examples": [], "n": 53800}}
[t1_mm_pos_pred_token] frames 53800 Nr 16 Nt 64 Ksc 64 | split T1: train windows 41090 (x16 = 657440), val windows 2490 (x16 = 39840) | load 0s
model mm:chiron params 22.78M | args {"model": "mm:chiron", "run_id": "t1_mm_pos_pred_token", "setting": "Nt_1_64_Nr_1_16_fc_28GHz", "Ksc": 64, "K_hist": 16, "H_pred": 4, "split": "T1", "seed": 42, "epochs": 40, "patience": 5, "lr": 0.0003, "wd": 0.0001, "batch": 64, "clip": 1.0, "warmup_epochs": 1.0, "D": 512, "L": 6, "heads": 8, "dropout": 0.1, "no_pos_emb": false, "residual": false, "c_hid": 128, "c_enc": 32, "norm": "rms", "patch_h": 4, "patch_w": 16, "lwm11_init": "pretrained", "lwm11_freeze": "none", "in_scale": 1.0, "t_layers": 2, "device": "cuda:0", "workers": 0, "max_train_windows": 0, "eval_every": 1, "out_root": "/mnt/ssd_7t_2/carla-wireless-dataset/mmw_reproduction/outputs_cp", "sensors": "pos", "pos_source": "predicted", "pos_mode": "token", "fuse_layers": 3, "causal_mask": false, "sensor_cache_root": "", "backbone_init": ""}
[mm] param_groups {"backbone_no_head": 9178368, "head": 9978368, "fusion": 3554304, "embeddings": 5120, "enc_pos": 68608, "sensor_encoders": 68608, "total": 22784768}
  ep1 step 500/10273 loss 1.1541 lr 1.46e-05 87s
  ep1 step 1000/10273 loss 1.0843 lr 2.92e-05 174s
  ep1 step 1500/10273 loss 1.0549 lr 4.38e-05 260s
  ep1 step 2000/10273 loss 1.0375 lr 5.84e-05 347s
  ep1 step 2500/10273 loss 1.0258 lr 7.30e-05 436s
  ep1 step 3000/10273 loss 1.0165 lr 8.76e-05 526s
  ep1 step 3500/10273 loss 1.0085 lr 1.02e-04 613s
  ep1 step 4000/10273 loss 1.0006 lr 1.17e-04 703s
  ep1 step 4500/10273 loss 0.9932 lr 1.31e-04 792s
  ep1 step 5000/10273 loss 0.9846 lr 1.46e-04 879s
  ep1 step 5500/10273 loss 0.9743 lr 1.61e-04 967s
  ep1 step 6000/10273 loss 0.9613 lr 1.75e-04 1055s
  ep1 step 6500/10273 loss 0.9463 lr 1.90e-04 1145s
  ep1 step 7000/10273 loss 0.9275 lr 2.04e-04 1233s
  ep1 step 7500/10273 loss 0.9032 lr 2.19e-04 1321s
  ep1 step 8000/10273 loss 0.8748 lr 2.34e-04 1410s
  ep1 step 8500/10273 loss 0.8448 lr 2.48e-04 1499s
  ep1 step 9000/10273 loss 0.8150 lr 2.63e-04 1588s
  ep1 step 9500/10273 loss 0.7863 lr 2.77e-04 1678s
  ep1 step 10000/10273 loss 0.7590 lr 2.92e-04 1766s
{"ep": 1, "loss": 0.74488, "val_pooled_db": [-7.31, -6.85, -6.26, -5.72], "val_median_db": [-8.14, -7.46, -6.82, -6.38], "val_align_db": [-9.15, -8.67, -8.17, -7.68], "rho": [0.937, 0.93, 0.921, 0.911], "copy_last_db": [-4.46, -2.38, -1.54, -0.84], "lr": 0.0003, "sec": 1850.2}
  ep2 step 500/10273 loss 0.2192 lr 3.00e-04 86s
  ep2 step 1000/10273 loss 0.2111 lr 3.00e-04 173s
  ep2 step 1500/10273 loss 0.2060 lr 3.00e-04 260s
  ep2 step 2000/10273 loss 0.2013 lr 3.00e-04 346s
  ep2 step 2500/10273 loss 0.1973 lr 3.00e-04 433s
  ep2 step 3000/10273 loss 0.1931 lr 3.00e-04 520s
  ep2 step 3500/10273 loss 0.1895 lr 3.00e-04 606s
  ep2 step 4000/10273 loss 0.1868 lr 3.00e-04 693s
  ep2 step 4500/10273 loss 0.1842 lr 3.00e-04 779s
  ep2 step 5000/10273 loss 0.1818 lr 3.00e-04 866s
  ep2 step 5500/10273 loss 0.1794 lr 3.00e-04 952s
  ep2 step 6000/10273 loss 0.1772 lr 3.00e-04 1039s
  ep2 step 6500/10273 loss 0.1750 lr 3.00e-04 1125s
  ep2 step 7000/10273 loss 0.1729 lr 3.00e-04 1211s
  ep2 step 7500/10273 loss 0.1711 lr 3.00e-04 1298s
  ep2 step 8000/10273 loss 0.1695 lr 3.00e-04 1384s
  ep2 step 8500/10273 loss 0.1678 lr 3.00e-04 1470s
  ep2 step 9000/10273 loss 0.1661 lr 3.00e-04 1556s
  ep2 step 9500/10273 loss 0.1648 lr 3.00e-04 1643s
  ep2 step 10000/10273 loss 0.1634 lr 3.00e-04 1730s
{"ep": 2, "loss": 0.16287, "val_pooled_db": [-9.15, -8.59, -7.9, -7.22], "val_median_db": [-10.87, -10.13, -9.31, -8.58], "val_align_db": [-11.97, -11.31, -10.74, -10.21], "rho": [0.968, 0.962, 0.957, 0.951], "copy_last_db": [-4.46, -2.38, -1.54, -0.84], "lr": 0.0002995135962201315, "sec": 1812.7}
  ep3 step 500/10273 loss 0.1328 lr 2.99e-04 87s
  ep3 step 1000/10273 loss 0.1321 lr 2.99e-04 173s
  ep3 step 1500/10273 loss 0.1332 lr 2.99e-04 260s
  ep3 step 2000/10273 loss 0.1321 lr 2.99e-04 347s
  ep3 step 2500/10273 loss 0.1316 lr 2.99e-04 434s
  ep3 step 3000/10273 loss 0.1309 lr 2.99e-04 521s
  ep3 step 3500/10273 loss 0.1301 lr 2.99e-04 608s
  ep3 step 4000/10273 loss 0.1292 lr 2.99e-04 694s
  ep3 step 4500/10273 loss 0.1285 lr 2.99e-04 781s
  ep3 step 5000/10273 loss 0.1282 lr 2.99e-04 869s
  ep3 step 5500/10273 loss 0.1276 lr 2.99e-04 956s
  ep3 step 6000/10273 loss 0.1272 lr 2.99e-04 1043s
  ep3 step 6500/10273 loss 0.1267 lr 2.99e-04 1130s
  ep3 step 7000/10273 loss 0.1266 lr 2.99e-04 1217s
  ep3 step 7500/10273 loss 0.1264 lr 2.99e-04 1304s
  ep3 step 8000/10273 loss 0.1259 lr 2.98e-04 1391s
  ep3 step 8500/10273 loss 0.1255 lr 2.98e-04 1478s
  ep3 step 9000/10273 loss 0.1249 lr 2.98e-04 1566s
  ep3 step 9500/10273 loss 0.1245 lr 2.98e-04 1653s
  ep3 step 10000/10273 loss 0.1241 lr 2.98e-04 1740s
{"ep": 3, "loss": 0.12388, "val_pooled_db": [-9.95, -9.37, -8.57, -7.8], "val_median_db": [-12.46, -11.55, -10.65, -9.76], "val_align_db": [-13.42, -12.79, -11.98, -11.33], "rho": [0.977, 0.973, 0.968, 0.962], "copy_last_db": [-4.46, -2.38, -1.54, -0.84], "lr": 0.00029805753939568687, "sec": 1824.4}
  ep4 step 500/10273 loss 0.1158 lr 2.98e-04 87s
  ep4 step 1000/10273 loss 0.1136 lr 2.98e-04 174s
  ep4 step 1500/10273 loss 0.1130 lr 2.98e-04 261s
  ep4 step 2000/10273 loss 0.1127 lr 2.98e-04 348s
  ep4 step 2500/10273 loss 0.1123 lr 2.98e-04 435s
  ep4 step 3000/10273 loss 0.1123 lr 2.97e-04 526s
  ep4 step 3500/10273 loss 0.1125 lr 2.97e-04 613s
  ep4 step 4000/10273 loss 0.1125 lr 2.97e-04 700s
  ep4 step 4500/10273 loss 0.1126 lr 2.97e-04 786s
  ep4 step 5000/10273 loss 0.1125 lr 2.97e-04 872s
  ep4 step 5500/10273 loss 0.1123 lr 2.97e-04 961s
  ep4 step 6000/10273 loss 0.1119 lr 2.97e-04 1051s
  ep4 step 6500/10273 loss 0.1115 lr 2.97e-04 1142s
  ep4 step 7000/10273 loss 0.1113 lr 2.97e-04 1232s
  ep4 step 7500/10273 loss 0.1111 lr 2.96e-04 1322s
  ep4 step 8000/10273 loss 0.1109 lr 2.96e-04 1411s
  ep4 step 8500/10273 loss 0.1106 lr 2.96e-04 1497s
  ep4 step 9000/10273 loss 0.1102 lr 2.96e-04 1584s
  ep4 step 9500/10273 loss 0.1099 lr 2.96e-04 1671s
  ep4 step 10000/10273 loss 0.1096 lr 2.96e-04 1757s
{"ep": 4, "loss": 0.10942, "val_pooled_db": [-9.98, -9.29, -8.57, -7.8], "val_median_db": [-12.32, -11.33, -10.58, -9.64], "val_align_db": [-13.59, -12.87, -12.06, -11.39], "rho": [0.978, 0.974, 0.968, 0.963], "copy_last_db": [-4.46, -2.38, -1.54, -0.84], "lr": 0.00029564127261390776, "sec": 1842.0}
  ep5 step 500/10273 loss 0.1060 lr 2.95e-04 88s
  ep5 step 1000/10273 loss 0.1041 lr 2.95e-04 176s
  ep5 step 1500/10273 loss 0.1030 lr 2.95e-04 265s
  ep5 step 2000/10273 loss 0.1028 lr 2.95e-04 357s
  ep5 step 2500/10273 loss 0.1026 lr 2.95e-04 448s
  ep5 step 3000/10273 loss 0.1024 lr 2.95e-04 540s
  ep5 step 3500/10273 loss 0.1027 lr 2.95e-04 629s
  ep5 step 4000/10273 loss 0.1026 lr 2.94e-04 721s
  ep5 step 4500/10273 loss 0.1023 lr 2.94e-04 810s
  ep5 step 5000/10273 loss 0.1023 lr 2.94e-04 899s
  ep5 step 5500/10273 loss 0.1023 lr 2.94e-04 990s
  ep5 step 6000/10273 loss 0.1019 lr 2.94e-04 1080s
  ep5 step 6500/10273 loss 0.1017 lr 2.94e-04 1170s
  ep5 step 7000/10273 loss 0.1015 lr 2.93e-04 1259s
  ep5 step 7500/10273 loss 0.1014 lr 2.93e-04 1349s
  ep5 step 8000/10273 loss 0.1014 lr 2.93e-04 1438s
  ep5 step 8500/10273 loss 0.1012 lr 2.93e-04 1526s
  ep5 step 9000/10273 loss 0.1010 lr 2.93e-04 1614s
  ep5 step 9500/10273 loss 0.1008 lr 2.93e-04 1705s
  ep5 step 10000/10273 loss 0.1006 lr 2.92e-04 1794s
{"ep": 5, "loss": 0.10055, "val_pooled_db": [-10.23, -9.53, -8.74, -7.94], "val_median_db": [-12.93, -11.94, -10.87, -9.97], "val_align_db": [-13.96, -13.2, -12.25, -11.57], "rho": [0.98, 0.976, 0.97, 0.965], "copy_last_db": [-4.46, -2.38, -1.54, -0.84], "lr": 0.00029228046629207175, "sec": 1883.7}
  ep6 step 500/10273 loss 0.0948 lr 2.92e-04 89s
  ep6 step 1000/10273 loss 0.0945 lr 2.92e-04 178s
  ep6 step 1500/10273 loss 0.0957 lr 2.92e-04 271s
  ep6 step 2000/10273 loss 0.0964 lr 2.92e-04 363s
  ep6 step 2500/10273 loss 0.0963 lr 2.91e-04 451s
  ep6 step 3000/10273 loss 0.0959 lr 2.91e-04 540s
  ep6 step 3500/10273 loss 0.0958 lr 2.91e-04 629s
  ep6 step 4000/10273 loss 0.0956 lr 2.91e-04 719s
  ep6 step 4500/10273 loss 0.0956 lr 2.91e-04 810s
  ep6 step 5000/10273 loss 0.0954 lr 2.90e-04 899s
  ep6 step 5500/10273 loss 0.0952 lr 2.90e-04 988s
  ep6 step 6000/10273 loss 0.0950 lr 2.90e-04 1078s
  ep6 step 6500/10273 loss 0.0950 lr 2.90e-04 1169s
  ep6 step 7000/10273 loss 0.0948 lr 2.89e-04 1258s
  ep6 step 7500/10273 loss 0.0946 lr 2.89e-04 1348s
  ep6 step 8000/10273 loss 0.0946 lr 2.89e-04 1438s
  ep6 step 8500/10273 loss 0.0946 lr 2.89e-04 1527s
  ep6 step 9000/10273 loss 0.0944 lr 2.89e-04 1617s
  ep6 step 9500/10273 loss 0.0943 lr 2.88e-04 1707s
  ep6 step 10000/10273 loss 0.0942 lr 2.88e-04 1796s
{"ep": 6, "loss": 0.09424, "val_pooled_db": [-10.2, -9.49, -8.69, -7.9], "val_median_db": [-12.96, -11.87, -10.83, -9.96], "val_align_db": [-13.97, -13.16, -12.19, -11.5], "rho": [0.98, 0.976, 0.969, 0.964], "copy_last_db": [-4.46, -2.38, -1.54, -0.84], "lr": 0.0002879969165488236, "sec": 1883.4}
  ep7 step 500/10273 loss 0.0909 lr 2.88e-04 90s
  ep7 step 1000/10273 loss 0.0932 lr 2.88e-04 180s
  ep7 step 1500/10273 loss 0.0927 lr 2.87e-04 270s
  ep7 step 2000/10273 loss 0.0918 lr 2.87e-04 360s
  ep7 step 2500/10273 loss 0.0911 lr 2.87e-04 451s
  ep7 step 3000/10273 loss 0.0908 lr 2.87e-04 542s
  ep7 step 3500/10273 loss 0.0905 lr 2.86e-04 632s
  ep7 step 4000/10273 loss 0.0903 lr 2.86e-04 723s
  ep7 step 4500/10273 loss 0.0902 lr 2.86e-04 815s
  ep7 step 5000/10273 loss 0.0902 lr 2.86e-04 905s
  ep7 step 5500/10273 loss 0.0901 lr 2.85e-04 995s
  ep7 step 6000/10273 loss 0.0901 lr 2.85e-04 1085s
  ep7 step 6500/10273 loss 0.0900 lr 2.85e-04 1176s
  ep7 step 7000/10273 loss 0.0900 lr 2.85e-04 1266s
  ep7 step 7500/10273 loss 0.0898 lr 2.84e-04 1355s
  ep7 step 8000/10273 loss 0.0897 lr 2.84e-04 1445s
  ep7 step 8500/10273 loss 0.0897 lr 2.84e-04 1534s
  ep7 step 9000/10273 loss 0.0896 lr 2.84e-04 1624s
  ep7 step 9500/10273 loss 0.0894 lr 2.83e-04 1713s
  ep7 step 10000/10273 loss 0.0893 lr 2.83e-04 1804s
{"ep": 7, "loss": 0.08945, "val_pooled_db": [-10.21, -9.51, -8.76, -8.01], "val_median_db": [-12.94, -12.02, -11.04, -10.11], "val_align_db": [-13.98, -13.37, -12.49, -11.66], "rho": [0.98, 0.977, 0.971, 0.965], "copy_last_db": [-4.46, -2.38, -1.54, -0.84], "lr": 0.0002828184038479814, "sec": 1887.5}
  ep8 step 500/10273 loss 0.0849 lr 2.83e-04 90s
  ep8 step 1000/10273 loss 0.0852 lr 2.82e-04 179s
  ep8 step 1500/10273 loss 0.0853 lr 2.82e-04 269s
  ep8 step 2000/10273 loss 0.0857 lr 2.82e-04 359s
  ep8 step 2500/10273 loss 0.0860 lr 2.81e-04 447s
  ep8 step 3000/10273 loss 0.0863 lr 2.81e-04 538s
  ep8 step 3500/10273 loss 0.0863 lr 2.81e-04 629s
  ep8 step 4000/10273 loss 0.0864 lr 2.81e-04 719s
  ep8 step 4500/10273 loss 0.0861 lr 2.80e-04 809s
  ep8 step 5000/10273 loss 0.0860 lr 2.80e-04 899s
  ep8 step 5500/10273 loss 0.0863 lr 2.80e-04 990s
  ep8 step 6000/10273 loss 0.0862 lr 2.79e-04 1081s
  ep8 step 6500/10273 loss 0.0861 lr 2.79e-04 1170s
  ep8 step 7000/10273 loss 0.0863 lr 2.79e-04 1260s
  ep8 step 7500/10273 loss 0.0861 lr 2.78e-04 1350s
  ep8 step 8000/10273 loss 0.0860 lr 2.78e-04 1438s
  ep8 step 8500/10273 loss 0.0859 lr 2.78e-04 1527s
  ep8 step 9000/10273 loss 0.0857 lr 2.78e-04 1616s
  ep8 step 9500/10273 loss 0.0856 lr 2.77e-04 1706s
  ep8 step 10000/10273 loss 0.0855 lr 2.77e-04 1797s
{"ep": 8, "loss": 0.08548, "val_pooled_db": [-10.29, -9.58, -8.78, -8.07], "val_median_db": [-13.12, -12.1, -11.05, -10.17], "val_align_db": [-14.21, -13.44, -12.52, -11.71], "rho": [0.981, 0.977, 0.972, 0.966], "copy_last_db": [-4.46, -2.38, -1.54, -0.84], "lr": 0.0002767785128315692, "sec": 1885.7}
  ep9 step 500/10273 loss 0.0820 lr 2.76e-04 91s
  ep9 step 1000/10273 loss 0.0817 lr 2.76e-04 182s
  ep9 step 1500/10273 loss 0.0819 lr 2.76e-04 273s
  ep9 step 2000/10273 loss 0.0824 lr 2.76e-04 363s
  ep9 step 2500/10273 loss 0.0824 lr 2.75e-04 452s
  ep9 step 3000/10273 loss 0.0823 lr 2.75e-04 543s
  ep9 step 3500/10273 loss 0.0823 lr 2.75e-04 634s
  ep9 step 4000/10273 loss 0.0821 lr 2.74e-04 724s
  ep9 step 4500/10273 loss 0.0820 lr 2.74e-04 814s
  ep9 step 5000/10273 loss 0.0820 lr 2.74e-04 904s
  ep9 step 5500/10273 loss 0.0820 lr 2.73e-04 996s
  ep9 step 6000/10273 loss 0.0819 lr 2.73e-04 1086s
  ep9 step 6500/10273 loss 0.0820 lr 2.73e-04 1174s
  ep9 step 7000/10273 loss 0.0819 lr 2.72e-04 1264s
  ep9 step 7500/10273 loss 0.0818 lr 2.72e-04 1353s
  ep9 step 8000/10273 loss 0.0818 lr 2.72e-04 1442s
  ep9 step 8500/10273 loss 0.0818 lr 2.71e-04 1531s
  ep9 step 9000/10273 loss 0.0818 lr 2.71e-04 1621s
  ep9 step 9500/10273 loss 0.0817 lr 2.70e-04 1709s
  ep9 step 10000/10273 loss 0.0816 lr 2.70e-04 1798s
{"ep": 9, "loss": 0.08164, "val_pooled_db": [-10.33, -9.58, -8.77, -7.99], "val_median_db": [-13.34, -12.25, -11.04, -10.05], "val_align_db": [-14.37, -13.63, -12.56, -11.71], "rho": [0.982, 0.978, 0.972, 0.966], "copy_last_db": [-4.46, -2.38, -1.54, -0.84], "lr": 0.00026991641451052517, "sec": 1888.3}
  ep10 step 500/10273 loss 0.0790 lr 2.70e-04 91s
  ep10 step 1000/10273 loss 0.0792 lr 2.69e-04 181s
  ep10 step 1500/10273 loss 0.0798 lr 2.69e-04 270s
  ep10 step 2000/10273 loss 0.0795 lr 2.68e-04 359s
  ep10 step 2500/10273 loss 0.0793 lr 2.68e-04 448s
  ep10 step 3000/10273 loss 0.0795 lr 2.68e-04 536s
  ep10 step 3500/10273 loss 0.0794 lr 2.67e-04 624s
  ep10 step 4000/10273 loss 0.0794 lr 2.67e-04 715s
  ep10 step 4500/10273 loss 0.0792 lr 2.67e-04 806s
  ep10 step 5000/10273 loss 0.0792 lr 2.66e-04 897s
  ep10 step 5500/10273 loss 0.0791 lr 2.66e-04 985s
  ep10 step 6000/10273 loss 0.0791 lr 2.66e-04 1075s
  ep10 step 6500/10273 loss 0.0790 lr 2.65e-04 1164s
  ep10 step 7000/10273 loss 0.0789 lr 2.65e-04 1255s
  ep10 step 7500/10273 loss 0.0789 lr 2.64e-04 1344s
  ep10 step 8000/10273 loss 0.0788 lr 2.64e-04 1435s
  ep10 step 8500/10273 loss 0.0788 lr 2.64e-04 1525s
  ep10 step 9000/10273 loss 0.0787 lr 2.63e-04 1615s
  ep10 step 9500/10273 loss 0.0786 lr 2.63e-04 1704s
  ep10 step 10000/10273 loss 0.0785 lr 2.62e-04 1794s
{"ep": 10, "loss": 0.07851, "val_pooled_db": [-10.4, -9.68, -8.83, -8.09], "val_median_db": [-13.45, -12.37, -11.16, -10.22], "val_align_db": [-14.48, -13.72, -12.54, -11.83], "rho": [0.982, 0.979, 0.972, 0.967], "copy_last_db": [-4.46, -2.38, -1.54, -0.84], "lr": 0.00026227661222566516, "sec": 1883.2}
  ep11 step 500/10273 loss 0.0763 lr 2.62e-04 90s
  ep11 step 1000/10273 loss 0.0764 lr 2.61e-04 180s
  ep11 step 1500/10273 loss 0.0763 lr 2.61e-04 270s
  ep11 step 2000/10273 loss 0.0764 lr 2.61e-04 360s
  ep11 step 2500/10273 loss 0.0766 lr 2.60e-04 450s
  ep11 step 3000/10273 loss 0.0766 lr 2.60e-04 540s
  ep11 step 3500/10273 loss 0.0766 lr 2.60e-04 629s
  ep11 step 4000/10273 loss 0.0766 lr 2.59e-04 719s
  ep11 step 4500/10273 loss 0.0765 lr 2.59e-04 809s
  ep11 step 5000/10273 loss 0.0764 lr 2.58e-04 900s
  ep11 step 5500/10273 loss 0.0763 lr 2.58e-04 991s
  ep11 step 6000/10273 loss 0.0764 lr 2.57e-04 1079s
  ep11 step 6500/10273 loss 0.0763 lr 2.57e-04 1168s
  ep11 step 7000/10273 loss 0.0763 lr 2.57e-04 1259s
  ep11 step 7500/10273 loss 0.0763 lr 2.56e-04 1349s
  ep11 step 8000/10273 loss 0.0762 lr 2.56e-04 1440s
  ep11 step 8500/10273 loss 0.0761 lr 2.55e-04 1530s
  ep11 step 9000/10273 loss 0.0761 lr 2.55e-04 1621s
  ep11 step 9500/10273 loss 0.0761 lr 2.55e-04 1711s
  ep11 step 10000/10273 loss 0.0760 lr 2.54e-04 1801s
{"ep": 11, "loss": 0.076, "val_pooled_db": [-10.43, -9.68, -8.86, -8.1], "val_median_db": [-13.54, -12.35, -11.21, -10.33], "val_align_db": [-14.52, -13.62, -12.61, -11.97], "rho": [0.982, 0.978, 0.972, 0.968], "copy_last_db": [-4.46, -2.38, -1.54, -0.84], "lr": 0.0002539086530264399, "sec": 1888.2}
  ep12 step 500/10273 loss 0.0739 lr 2.53e-04 89s
  ep12 step 1000/10273 loss 0.0740 lr 2.53e-04 178s
  ep12 step 1500/10273 loss 0.0742 lr 2.53e-04 268s
  ep12 step 2000/10273 loss 0.0740 lr 2.52e-04 357s
  ep12 step 2500/10273 loss 0.0742 lr 2.52e-04 446s
  ep12 step 3000/10273 loss 0.0743 lr 2.51e-04 536s
  ep12 step 3500/10273 loss 0.0744 lr 2.51e-04 625s
  ep12 step 4000/10273 loss 0.0743 lr 2.50e-04 716s
  ep12 step 4500/10273 loss 0.0744 lr 2.50e-04 808s
  ep12 step 5000/10273 loss 0.0742 lr 2.50e-04 900s
  ep12 step 5500/10273 loss 0.0742 lr 2.49e-04 995s
  ep12 step 6000/10273 loss 0.0742 lr 2.49e-04 1087s
  ep12 step 6500/10273 loss 0.0742 lr 2.48e-04 1179s
  ep12 step 7000/10273 loss 0.0742 lr 2.48e-04 1270s
  ep12 step 7500/10273 loss 0.0742 lr 2.47e-04 1363s
  ep12 step 8000/10273 loss 0.0741 lr 2.47e-04 1454s
  ep12 step 8500/10273 loss 0.0741 lr 2.46e-04 1544s
  ep12 step 9000/10273 loss 0.0741 lr 2.46e-04 1638s
  ep12 step 9500/10273 loss 0.0740 lr 2.46e-04 1738s
  ep12 step 10000/10273 loss 0.0740 lr 2.45e-04 1855s
{"ep": 12, "loss": 0.07396, "val_pooled_db": [-10.39, -9.67, -8.79, -8.0], "val_median_db": [-13.55, -12.32, -11.08, -10.12], "val_align_db": [-14.56, -13.75, -12.59, -11.82], "rho": [0.982, 0.979, 0.972, 0.967], "copy_last_db": [-4.46, -2.38, -1.54, -0.84], "lr": 0.0002448668063393066, "sec": 2063.6}
  ep13 step 500/10273 loss 0.0722 lr 2.44e-04 198s
  ep13 step 1000/10273 loss 0.0723 lr 2.44e-04 382s
  ep13 step 1500/10273 loss 0.0723 lr 2.43e-04 551s
  ep13 step 2000/10273 loss 0.0723 lr 2.43e-04 689s
  ep13 step 2500/10273 loss 0.0723 lr 2.43e-04 787s
  ep13 step 3000/10273 loss 0.0724 lr 2.42e-04 877s
  ep13 step 3500/10273 loss 0.0724 lr 2.42e-04 967s
  ep13 step 4000/10273 loss 0.0723 lr 2.41e-04 1056s
  ep13 step 4500/10273 loss 0.0723 lr 2.41e-04 1145s
  ep13 step 5000/10273 loss 0.0723 lr 2.40e-04 1233s
  ep13 step 5500/10273 loss 0.0722 lr 2.40e-04 1323s
  ep13 step 6000/10273 loss 0.0722 lr 2.39e-04 1425s
  ep13 step 6500/10273 loss 0.0722 lr 2.39e-04 1526s
  ep13 step 7000/10273 loss 0.0722 lr 2.38e-04 1622s
  ep13 step 7500/10273 loss 0.0722 lr 2.38e-04 1720s
  ep13 step 8000/10273 loss 0.0722 lr 2.37e-04 1811s
  ep13 step 8500/10273 loss 0.0722 lr 2.37e-04 1909s
  ep13 step 9000/10273 loss 0.0721 lr 2.36e-04 2008s
  ep13 step 9500/10273 loss 0.0721 lr 2.36e-04 2105s
  ep13 step 10000/10273 loss 0.0721 lr 2.35e-04 2202s
{"ep": 13, "loss": 0.07206, "val_pooled_db": [-10.37, -9.63, -8.78, -7.96], "val_median_db": [-13.52, -12.41, -11.12, -10.11], "val_align_db": [-14.54, -13.66, -12.5, -11.78], "rho": [0.982, 0.978, 0.971, 0.966], "copy_last_db": [-4.46, -2.38, -1.54, -0.84], "lr": 0.00023520971200967334, "sec": 2310.6}
  ep14 step 500/10273 loss 0.0704 lr 2.35e-04 95s
  ep14 step 1000/10273 loss 0.0716 lr 2.34e-04 192s
  ep14 step 1500/10273 loss 0.0715 lr 2.34e-04 293s
  ep14 step 2000/10273 loss 0.0714 lr 2.33e-04 392s
  ep14 step 2500/10273 loss 0.0712 lr 2.33e-04 496s
  ep14 step 3000/10273 loss 0.0711 lr 2.32e-04 595s
  ep14 step 3500/10273 loss 0.0710 lr 2.32e-04 704s
  ep14 step 4000/10273 loss 0.0710 lr 2.31e-04 809s
  ep14 step 4500/10273 loss 0.0708 lr 2.31e-04 919s
  ep14 step 5000/10273 loss 0.0707 lr 2.30e-04 1012s
  ep14 step 5500/10273 loss 0.0707 lr 2.30e-04 1101s
  ep14 step 6000/10273 loss 0.0707 lr 2.29e-04 1192s
  ep14 step 6500/10273 loss 0.0706 lr 2.29e-04 1282s
  ep14 step 7000/10273 loss 0.0707 lr 2.28e-04 1376s
  ep14 step 7500/10273 loss 0.0707 lr 2.28e-04 1474s
  ep14 step 8000/10273 loss 0.0706 lr 2.27e-04 1570s
  ep14 step 8500/10273 loss 0.0706 lr 2.27e-04 1667s
  ep14 step 9000/10273 loss 0.0705 lr 2.26e-04 1767s
  ep14 step 9500/10273 loss 0.0705 lr 2.26e-04 1863s
  ep14 step 10000/10273 loss 0.0705 lr 2.25e-04 1961s
{"ep": 14, "loss": 0.07047, "val_pooled_db": [-10.4, -9.61, -8.75, -7.99], "val_median_db": [-13.6, -12.3, -11.04, -10.09], "val_align_db": [-14.6, -13.66, -12.51, -11.81], "rho": [0.982, 0.978, 0.972, 0.966], "copy_last_db": [-4.46, -2.38, -1.54, -0.84], "lr": 0.000225, "sec": 2066.9}
  ep15 step 500/10273 loss 0.0694 lr 2.24e-04 97s
  ep15 step 1000/10273 loss 0.0691 lr 2.24e-04 197s
  ep15 step 1500/10273 loss 0.0692 lr 2.23e-04 293s
  ep15 step 2000/10273 loss 0.0691 lr 2.23e-04 395s
  ep15 step 2500/10273 loss 0.0691 lr 2.22e-04 489s
  ep15 step 3000/10273 loss 0.0691 lr 2.22e-04 584s
  ep15 step 3500/10273 loss 0.0692 lr 2.21e-04 680s
  ep15 step 4000/10273 loss 0.0691 lr 2.21e-04 772s
  ep15 step 4500/10273 loss 0.0690 lr 2.20e-04 873s
  ep15 step 5000/10273 loss 0.0690 lr 2.20e-04 966s
  ep15 step 5500/10273 loss 0.0690 lr 2.19e-04 1062s
  ep15 step 6000/10273 loss 0.0690 lr 2.19e-04 1162s
  ep15 step 6500/10273 loss 0.0690 lr 2.18e-04 1270s
  ep15 step 7000/10273 loss 0.0690 lr 2.18e-04 1372s
  ep15 step 7500/10273 loss 0.0690 lr 2.17e-04 1478s
  ep15 step 8000/10273 loss 0.0689 lr 2.17e-04 1587s
  ep15 step 8500/10273 loss 0.0689 lr 2.16e-04 1694s
  ep15 step 9000/10273 loss 0.0689 lr 2.16e-04 1784s
  ep15 step 9500/10273 loss 0.0688 lr 2.15e-04 1874s
  ep15 step 10000/10273 loss 0.0688 lr 2.15e-04 1965s
{"ep": 15, "loss": 0.0688, "val_pooled_db": [-10.42, -9.69, -8.85, -8.07], "val_median_db": [-13.67, -12.42, -11.14, -10.19], "val_align_db": [-14.54, -13.68, -12.52, -11.86], "rho": [0.982, 0.978, 0.972, 0.967], "copy_last_db": [-4.46, -2.38, -1.54, -0.84], "lr": 0.0002143038842104581, "sec": 2053.3}
  ep16 step 500/10273 loss 0.0674 lr 2.14e-04 89s
  ep16 step 1000/10273 loss 0.0678 lr 2.13e-04 180s
  ep16 step 1500/10273 loss 0.0677 lr 2.13e-04 273s
  ep16 step 2000/10273 loss 0.0677 lr 2.12e-04 369s
  ep16 step 2500/10273 loss 0.0678 lr 2.12e-04 464s
  ep16 step 3000/10273 loss 0.0678 lr 2.11e-04 561s
  ep16 step 3500/10273 loss 0.0679 lr 2.11e-04 659s
  ep16 step 4000/10273 loss 0.0678 lr 2.10e-04 753s
  ep16 step 4500/10273 loss 0.0678 lr 2.09e-04 849s
  ep16 step 5000/10273 loss 0.0678 lr 2.09e-04 945s
  ep16 step 5500/10273 loss 0.0677 lr 2.08e-04 1043s
  ep16 step 6000/10273 loss 0.0676 lr 2.08e-04 1141s
  ep16 step 6500/10273 loss 0.0676 lr 2.07e-04 1237s
  ep16 step 7000/10273 loss 0.0676 lr 2.07e-04 1331s
  ep16 step 7500/10273 loss 0.0676 lr 2.06e-04 1429s
  ep16 step 8000/10273 loss 0.0676 lr 2.06e-04 1527s
  ep16 step 8500/10273 loss 0.0676 lr 2.05e-04 1624s
  ep16 step 9000/10273 loss 0.0676 lr 2.05e-04 1724s
  ep16 step 9500/10273 loss 0.0676 lr 2.04e-04 1818s
  ep16 step 10000/10273 loss 0.0676 lr 2.03e-04 1919s
{"ep": 16, "loss": 0.06752, "val_pooled_db": [-10.4, -9.67, -8.81, -8.02], "val_median_db": [-13.61, -12.39, -11.15, -10.23], "val_align_db": [-14.58, -13.71, -12.61, -11.9], "rho": [0.982, 0.978, 0.972, 0.967], "copy_last_db": [-4.46, -2.38, -1.54, -0.84], "lr": 0.0002031907330563803, "sec": 2033.2}
early stopping at ep 16 (best ep 11, -9.27 dB)
DONE best_ep 11 val_mean_pooled_db -9.27
