[mm] sensors ['cam'] pos_source predicted window_bytes {'cam': 4816896} coverage {"cam": {"channel_frames": 53800, "missing": 0, "examples": [], "rsu_frames_cached": 17200, "row_bytes": 301056}}
[t1_mm_cam] frames 53800 Nr 16 Nt 64 Ksc 64 | split T1: train windows 41090 (x16 = 657440), val windows 2490 (x16 = 39840) | load 0s
model mm:chiron params 23.18M | args {"model": "mm:chiron", "run_id": "t1_mm_cam", "setting": "Nt_1_64_Nr_1_16_fc_28GHz", "Ksc": 64, "K_hist": 16, "H_pred": 4, "split": "T1", "seed": 42, "epochs": 40, "patience": 5, "lr": 0.0003, "wd": 0.0001, "batch": 64, "clip": 1.0, "warmup_epochs": 1.0, "D": 512, "L": 6, "heads": 8, "dropout": 0.1, "no_pos_emb": false, "residual": false, "c_hid": 128, "c_enc": 32, "norm": "rms", "patch_h": 4, "patch_w": 16, "lwm11_init": "pretrained", "lwm11_freeze": "none", "in_scale": 1.0, "t_layers": 2, "device": "cuda:0", "workers": 0, "max_train_windows": 0, "eval_every": 1, "out_root": "/mnt/ssd_7t_2/carla-wireless-dataset/mmw_reproduction/outputs_cp", "sensors": "cam", "pos_source": "predicted", "pos_mode": "token", "fuse_layers": 3, "causal_mask": false, "sensor_cache_root": "", "backbone_init": ""}
[mm] param_groups {"backbone_no_head": 9178368, "head": 9978368, "fusion": 3554304, "embeddings": 5120, "enc_cam": 460800, "sensor_encoders": 460800, "total": 23176960}
  ep1 step 500/10273 loss 1.1544 lr 1.46e-05 229s
  ep1 step 1000/10273 loss 1.0848 lr 2.92e-05 473s
  ep1 step 1500/10273 loss 1.0553 lr 4.38e-05 661s
  ep1 step 2000/10273 loss 1.0381 lr 5.84e-05 812s
  ep1 step 2500/10273 loss 1.0263 lr 7.30e-05 963s
  ep1 step 3000/10273 loss 1.0175 lr 8.76e-05 1114s
  ep1 step 3500/10273 loss 1.0100 lr 1.02e-04 1265s
  ep1 step 4000/10273 loss 1.0034 lr 1.17e-04 1415s
  ep1 step 4500/10273 loss 0.9971 lr 1.31e-04 1565s
  ep1 step 5000/10273 loss 0.9900 lr 1.46e-04 1716s
  ep1 step 5500/10273 loss 0.9830 lr 1.61e-04 1868s
  ep1 step 6000/10273 loss 0.9732 lr 1.75e-04 2019s
  ep1 step 6500/10273 loss 0.9607 lr 1.90e-04 2169s
  ep1 step 7000/10273 loss 0.9459 lr 2.04e-04 2320s
  ep1 step 7500/10273 loss 0.9270 lr 2.19e-04 2472s
  ep1 step 8000/10273 loss 0.9012 lr 2.34e-04 2649s
  ep1 step 8500/10273 loss 0.8715 lr 2.48e-04 2828s
  ep1 step 9000/10273 loss 0.8407 lr 2.63e-04 3006s
  ep1 step 9500/10273 loss 0.8109 lr 2.77e-04 3191s
  ep1 step 10000/10273 loss 0.7827 lr 2.92e-04 3350s
{"ep": 1, "loss": 0.76804, "val_pooled_db": [-7.07, -6.66, -6.09, -5.58], "val_median_db": [-7.82, -7.27, -6.68, -6.3], "val_align_db": [-8.81, -8.46, -7.92, -7.51], "rho": [0.932, 0.926, 0.916, 0.907], "copy_last_db": [-4.46, -2.38, -1.54, -0.84], "lr": 0.0003, "sec": 3502.0}
  ep2 step 500/10273 loss 0.2141 lr 3.00e-04 133s
  ep2 step 1000/10273 loss 0.2101 lr 3.00e-04 266s
  ep2 step 1500/10273 loss 0.2054 lr 3.00e-04 399s
  ep2 step 2000/10273 loss 0.2015 lr 3.00e-04 534s
  ep2 step 2500/10273 loss 0.1972 lr 3.00e-04 673s
  ep2 step 3000/10273 loss 0.1935 lr 3.00e-04 809s
  ep2 step 3500/10273 loss 0.1903 lr 3.00e-04 946s
  ep2 step 4000/10273 loss 0.1879 lr 3.00e-04 1082s
  ep2 step 4500/10273 loss 0.1853 lr 3.00e-04 1218s
  ep2 step 5000/10273 loss 0.1833 lr 3.00e-04 1355s
  ep2 step 5500/10273 loss 0.1810 lr 3.00e-04 1492s
  ep2 step 6000/10273 loss 0.1788 lr 3.00e-04 1629s
  ep2 step 6500/10273 loss 0.1768 lr 3.00e-04 1765s
  ep2 step 7000/10273 loss 0.1751 lr 3.00e-04 1902s
  ep2 step 7500/10273 loss 0.1732 lr 3.00e-04 2039s
  ep2 step 8000/10273 loss 0.1714 lr 3.00e-04 2175s
  ep2 step 8500/10273 loss 0.1700 lr 3.00e-04 2311s
  ep2 step 9000/10273 loss 0.1686 lr 3.00e-04 2446s
  ep2 step 9500/10273 loss 0.1671 lr 3.00e-04 2581s
  ep2 step 10000/10273 loss 0.1656 lr 3.00e-04 2716s
{"ep": 2, "loss": 0.16475, "val_pooled_db": [-9.45, -8.76, -7.95, -7.1], "val_median_db": [-11.26, -10.48, -9.61, -8.58], "val_align_db": [-12.43, -11.78, -11.08, -10.36], "rho": [0.971, 0.966, 0.96, 0.953], "copy_last_db": [-4.46, -2.38, -1.54, -0.84], "lr": 0.0002995135962201315, "sec": 2862.1}
  ep3 step 500/10273 loss 0.1326 lr 2.99e-04 133s
  ep3 step 1000/10273 loss 0.1330 lr 2.99e-04 273s
  ep3 step 1500/10273 loss 0.1327 lr 2.99e-04 411s
  ep3 step 2000/10273 loss 0.1320 lr 2.99e-04 553s
  ep3 step 2500/10273 loss 0.1313 lr 2.99e-04 693s
  ep3 step 3000/10273 loss 0.1306 lr 2.99e-04 833s
  ep3 step 3500/10273 loss 0.1303 lr 2.99e-04 972s
  ep3 step 4000/10273 loss 0.1303 lr 2.99e-04 1112s
  ep3 step 4500/10273 loss 0.1299 lr 2.99e-04 1246s
  ep3 step 5000/10273 loss 0.1293 lr 2.99e-04 1380s
  ep3 step 5500/10273 loss 0.1288 lr 2.99e-04 1514s
  ep3 step 6000/10273 loss 0.1286 lr 2.99e-04 1648s
  ep3 step 6500/10273 loss 0.1282 lr 2.99e-04 1782s
  ep3 step 7000/10273 loss 0.1277 lr 2.99e-04 1916s
  ep3 step 7500/10273 loss 0.1275 lr 2.99e-04 2049s
  ep3 step 8000/10273 loss 0.1272 lr 2.98e-04 2184s
  ep3 step 8500/10273 loss 0.1267 lr 2.98e-04 2318s
  ep3 step 9000/10273 loss 0.1262 lr 2.98e-04 2452s
  ep3 step 9500/10273 loss 0.1257 lr 2.98e-04 2586s
  ep3 step 10000/10273 loss 0.1252 lr 2.98e-04 2721s
{"ep": 3, "loss": 0.12484, "val_pooled_db": [-9.74, -8.91, -7.97, -7.14], "val_median_db": [-11.91, -10.93, -9.87, -9.03], "val_align_db": [-13.0, -12.22, -11.25, -10.64], "rho": [0.975, 0.97, 0.962, 0.956], "copy_last_db": [-4.46, -2.38, -1.54, -0.84], "lr": 0.00029805753939568687, "sec": 2869.4}
  ep4 step 500/10273 loss 0.1147 lr 2.98e-04 134s
  ep4 step 1000/10273 loss 0.1138 lr 2.98e-04 268s
  ep4 step 1500/10273 loss 0.1142 lr 2.98e-04 402s
  ep4 step 2000/10273 loss 0.1149 lr 2.98e-04 536s
  ep4 step 2500/10273 loss 0.1141 lr 2.98e-04 669s
  ep4 step 3000/10273 loss 0.1136 lr 2.97e-04 803s
  ep4 step 3500/10273 loss 0.1130 lr 2.97e-04 937s
  ep4 step 4000/10273 loss 0.1127 lr 2.97e-04 1071s
  ep4 step 4500/10273 loss 0.1122 lr 2.97e-04 1205s
  ep4 step 5000/10273 loss 0.1119 lr 2.97e-04 1339s
  ep4 step 5500/10273 loss 0.1116 lr 2.97e-04 1472s
  ep4 step 6000/10273 loss 0.1112 lr 2.97e-04 1605s
  ep4 step 6500/10273 loss 0.1110 lr 2.97e-04 1752s
  ep4 step 7000/10273 loss 0.1106 lr 2.97e-04 1904s
  ep4 step 7500/10273 loss 0.1103 lr 2.96e-04 2063s
  ep4 step 8000/10273 loss 0.1099 lr 2.96e-04 2215s
  ep4 step 8500/10273 loss 0.1096 lr 2.96e-04 2371s
  ep4 step 9000/10273 loss 0.1097 lr 2.96e-04 2523s
  ep4 step 9500/10273 loss 0.1094 lr 2.96e-04 2677s
  ep4 step 10000/10273 loss 0.1093 lr 2.96e-04 2832s
{"ep": 4, "loss": 0.10927, "val_pooled_db": [-9.89, -9.07, -8.09, -7.27], "val_median_db": [-12.17, -11.21, -10.21, -9.28], "val_align_db": [-13.4, -12.69, -11.64, -10.92], "rho": [0.977, 0.973, 0.965, 0.959], "copy_last_db": [-4.46, -2.38, -1.54, -0.84], "lr": 0.00029564127261390776, "sec": 3001.3}
  ep5 step 500/10273 loss 0.1014 lr 2.95e-04 152s
  ep5 step 1000/10273 loss 0.1017 lr 2.95e-04 304s
  ep5 step 1500/10273 loss 0.1017 lr 2.95e-04 457s
  ep5 step 2000/10273 loss 0.1019 lr 2.95e-04 612s
  ep5 step 2500/10273 loss 0.1019 lr 2.95e-04 765s
  ep5 step 3000/10273 loss 0.1015 lr 2.95e-04 918s
  ep5 step 3500/10273 loss 0.1018 lr 2.95e-04 1083s
  ep5 step 4000/10273 loss 0.1015 lr 2.94e-04 1259s
  ep5 step 4500/10273 loss 0.1011 lr 2.94e-04 1435s
  ep5 step 5000/10273 loss 0.1010 lr 2.94e-04 1612s
  ep5 step 5500/10273 loss 0.1009 lr 2.94e-04 1788s
  ep5 step 6000/10273 loss 0.1007 lr 2.94e-04 1923s
  ep5 step 6500/10273 loss 0.1007 lr 2.94e-04 2058s
  ep5 step 7000/10273 loss 0.1005 lr 2.93e-04 2193s
  ep5 step 7500/10273 loss 0.1004 lr 2.93e-04 2328s
  ep5 step 8000/10273 loss 0.1003 lr 2.93e-04 2463s
  ep5 step 8500/10273 loss 0.1002 lr 2.93e-04 2608s
  ep5 step 9000/10273 loss 0.1001 lr 2.93e-04 2759s
  ep5 step 9500/10273 loss 0.0999 lr 2.93e-04 2910s
  ep5 step 10000/10273 loss 0.0998 lr 2.92e-04 3061s
{"ep": 5, "loss": 0.09969, "val_pooled_db": [-10.05, -9.22, -8.29, -7.39], "val_median_db": [-12.42, -11.38, -10.33, -9.29], "val_align_db": [-13.5, -12.82, -11.86, -11.07], "rho": [0.977, 0.974, 0.967, 0.96], "copy_last_db": [-4.46, -2.38, -1.54, -0.84], "lr": 0.00029228046629207175, "sec": 3223.3}
  ep6 step 500/10273 loss 0.0954 lr 2.92e-04 151s
  ep6 step 1000/10273 loss 0.0947 lr 2.92e-04 303s
  ep6 step 1500/10273 loss 0.0944 lr 2.92e-04 454s
  ep6 step 2000/10273 loss 0.0948 lr 2.92e-04 606s
  ep6 step 2500/10273 loss 0.0946 lr 2.91e-04 758s
  ep6 step 3000/10273 loss 0.0946 lr 2.91e-04 910s
  ep6 step 3500/10273 loss 0.0945 lr 2.91e-04 1062s
  ep6 step 4000/10273 loss 0.0945 lr 2.91e-04 1213s
  ep6 step 4500/10273 loss 0.0942 lr 2.91e-04 1365s
  ep6 step 5000/10273 loss 0.0939 lr 2.90e-04 1517s
  ep6 step 5500/10273 loss 0.0942 lr 2.90e-04 1669s
  ep6 step 6000/10273 loss 0.0939 lr 2.90e-04 1845s
  ep6 step 6500/10273 loss 0.0937 lr 2.90e-04 2018s
  ep6 step 7000/10273 loss 0.0937 lr 2.89e-04 2191s
  ep6 step 7500/10273 loss 0.0937 lr 2.89e-04 2365s
  ep6 step 8000/10273 loss 0.0935 lr 2.89e-04 2516s
  ep6 step 8500/10273 loss 0.0932 lr 2.89e-04 2650s
  ep6 step 9000/10273 loss 0.0931 lr 2.89e-04 2784s
  ep6 step 9500/10273 loss 0.0929 lr 2.88e-04 2919s
  ep6 step 10000/10273 loss 0.0929 lr 2.88e-04 3053s
{"ep": 6, "loss": 0.09288, "val_pooled_db": [-10.27, -9.42, -8.39, -7.52], "val_median_db": [-12.78, -11.68, -10.55, -9.59], "val_align_db": [-13.93, -13.14, -12.03, -11.2], "rho": [0.98, 0.975, 0.968, 0.961], "copy_last_db": [-4.46, -2.38, -1.54, -0.84], "lr": 0.0002879969165488236, "sec": 3201.4}
  ep7 step 500/10273 loss 0.0887 lr 2.88e-04 134s
  ep7 step 1000/10273 loss 0.0884 lr 2.88e-04 269s
  ep7 step 1500/10273 loss 0.0883 lr 2.87e-04 403s
  ep7 step 2000/10273 loss 0.0882 lr 2.87e-04 537s
  ep7 step 2500/10273 loss 0.0882 lr 2.87e-04 672s
  ep7 step 3000/10273 loss 0.0883 lr 2.87e-04 812s
  ep7 step 3500/10273 loss 0.0882 lr 2.86e-04 946s
  ep7 step 4000/10273 loss 0.0880 lr 2.86e-04 1080s
  ep7 step 4500/10273 loss 0.0885 lr 2.86e-04 1214s
  ep7 step 5000/10273 loss 0.0884 lr 2.86e-04 1348s
  ep7 step 5500/10273 loss 0.0882 lr 2.85e-04 1483s
  ep7 step 6000/10273 loss 0.0883 lr 2.85e-04 1624s
  ep7 step 6500/10273 loss 0.0883 lr 2.85e-04 1759s
  ep7 step 7000/10273 loss 0.0882 lr 2.85e-04 1893s
  ep7 step 7500/10273 loss 0.0884 lr 2.84e-04 2037s
  ep7 step 8000/10273 loss 0.0883 lr 2.84e-04 2190s
  ep7 step 8500/10273 loss 0.0882 lr 2.84e-04 2342s
  ep7 step 9000/10273 loss 0.0881 lr 2.84e-04 2495s
  ep7 step 9500/10273 loss 0.0879 lr 2.83e-04 2649s
  ep7 step 10000/10273 loss 0.0877 lr 2.83e-04 2806s
{"ep": 7, "loss": 0.08778, "val_pooled_db": [-10.34, -9.42, -8.37, -7.51], "val_median_db": [-12.83, -11.73, -10.5, -9.58], "val_align_db": [-13.89, -13.08, -11.88, -11.22], "rho": [0.979, 0.975, 0.967, 0.961], "copy_last_db": [-4.46, -2.38, -1.54, -0.84], "lr": 0.0002828184038479814, "sec": 2983.9}
  ep8 step 500/10273 loss 0.0840 lr 2.83e-04 161s
  ep8 step 1000/10273 loss 0.0839 lr 2.82e-04 324s
  ep8 step 1500/10273 loss 0.0841 lr 2.82e-04 482s
  ep8 step 2000/10273 loss 0.0846 lr 2.82e-04 638s
  ep8 step 2500/10273 loss 0.0846 lr 2.81e-04 805s
  ep8 step 3000/10273 loss 0.0854 lr 2.81e-04 975s
  ep8 step 3500/10273 loss 0.0852 lr 2.81e-04 1143s
  ep8 step 4000/10273 loss 0.0848 lr 2.81e-04 1337s
  ep8 step 4500/10273 loss 0.0846 lr 2.80e-04 1526s
  ep8 step 5000/10273 loss 0.0848 lr 2.80e-04 1717s
  ep8 step 5500/10273 loss 0.0846 lr 2.80e-04 1925s
  ep8 step 6000/10273 loss 0.0844 lr 2.79e-04 2089s
  ep8 step 6500/10273 loss 0.0844 lr 2.79e-04 2241s
  ep8 step 7000/10273 loss 0.0844 lr 2.79e-04 2393s
  ep8 step 7500/10273 loss 0.0843 lr 2.78e-04 2535s
  ep8 step 8000/10273 loss 0.0842 lr 2.78e-04 2676s
  ep8 step 8500/10273 loss 0.0840 lr 2.78e-04 2817s
  ep8 step 9000/10273 loss 0.0841 lr 2.78e-04 2958s
  ep8 step 9500/10273 loss 0.0840 lr 2.77e-04 3098s
  ep8 step 10000/10273 loss 0.0839 lr 2.77e-04 3239s
{"ep": 8, "loss": 0.08386, "val_pooled_db": [-10.38, -9.46, -8.42, -7.5], "val_median_db": [-13.07, -11.81, -10.58, -9.51], "val_align_db": [-14.14, -13.22, -11.95, -11.08], "rho": [0.981, 0.976, 0.968, 0.96], "copy_last_db": [-4.46, -2.38, -1.54, -0.84], "lr": 0.0002767785128315692, "sec": 3395.6}
  ep9 step 500/10273 loss 0.0801 lr 2.76e-04 142s
  ep9 step 1000/10273 loss 0.0802 lr 2.76e-04 282s
  ep9 step 1500/10273 loss 0.0804 lr 2.76e-04 423s
  ep9 step 2000/10273 loss 0.0805 lr 2.76e-04 566s
  ep9 step 2500/10273 loss 0.0803 lr 2.75e-04 712s
  ep9 step 3000/10273 loss 0.0804 lr 2.75e-04 858s
  ep9 step 3500/10273 loss 0.0808 lr 2.75e-04 1005s
  ep9 step 4000/10273 loss 0.0808 lr 2.74e-04 1150s
  ep9 step 4500/10273 loss 0.0808 lr 2.74e-04 1295s
  ep9 step 5000/10273 loss 0.0808 lr 2.74e-04 1441s
  ep9 step 5500/10273 loss 0.0810 lr 2.73e-04 1578s
  ep9 step 6000/10273 loss 0.0809 lr 2.73e-04 1714s
  ep9 step 6500/10273 loss 0.0808 lr 2.73e-04 1850s
  ep9 step 7000/10273 loss 0.0807 lr 2.72e-04 1991s
  ep9 step 7500/10273 loss 0.0806 lr 2.72e-04 2133s
  ep9 step 8000/10273 loss 0.0807 lr 2.72e-04 2276s
  ep9 step 8500/10273 loss 0.0806 lr 2.71e-04 2419s
  ep9 step 9000/10273 loss 0.0805 lr 2.71e-04 2561s
  ep9 step 9500/10273 loss 0.0807 lr 2.70e-04 2705s
  ep9 step 10000/10273 loss 0.0805 lr 2.70e-04 2849s
{"ep": 9, "loss": 0.0806, "val_pooled_db": [-10.33, -9.4, -8.4, -7.49], "val_median_db": [-12.96, -11.73, -10.61, -9.5], "val_align_db": [-14.08, -13.21, -12.0, -11.13], "rho": [0.98, 0.976, 0.968, 0.961], "copy_last_db": [-4.46, -2.38, -1.54, -0.84], "lr": 0.00026991641451052517, "sec": 2998.8}
  ep10 step 500/10273 loss 0.0801 lr 2.70e-04 135s
  ep10 step 1000/10273 loss 0.0800 lr 2.69e-04 270s
  ep10 step 1500/10273 loss 0.0798 lr 2.69e-04 405s
  ep10 step 2000/10273 loss 0.0791 lr 2.68e-04 540s
  ep10 step 2500/10273 loss 0.0787 lr 2.68e-04 675s
  ep10 step 3000/10273 loss 0.0783 lr 2.68e-04 808s
  ep10 step 3500/10273 loss 0.0782 lr 2.67e-04 943s
  ep10 step 4000/10273 loss 0.0786 lr 2.67e-04 1077s
  ep10 step 4500/10273 loss 0.0784 lr 2.67e-04 1212s
  ep10 step 5000/10273 loss 0.0785 lr 2.66e-04 1347s
  ep10 step 5500/10273 loss 0.0784 lr 2.66e-04 1482s
  ep10 step 6000/10273 loss 0.0783 lr 2.66e-04 1617s
  ep10 step 6500/10273 loss 0.0782 lr 2.65e-04 1752s
  ep10 step 7000/10273 loss 0.0781 lr 2.65e-04 1887s
  ep10 step 7500/10273 loss 0.0780 lr 2.64e-04 2022s
  ep10 step 8000/10273 loss 0.0779 lr 2.64e-04 2157s
  ep10 step 8500/10273 loss 0.0780 lr 2.64e-04 2292s
  ep10 step 9000/10273 loss 0.0780 lr 2.63e-04 2427s
  ep10 step 9500/10273 loss 0.0781 lr 2.63e-04 2562s
  ep10 step 10000/10273 loss 0.0780 lr 2.62e-04 2697s
{"ep": 10, "loss": 0.07798, "val_pooled_db": [-10.44, -9.5, -8.51, -7.6], "val_median_db": [-13.09, -11.88, -10.61, -9.58], "val_align_db": [-14.17, -13.28, -12.02, -11.21], "rho": [0.981, 0.976, 0.968, 0.961], "copy_last_db": [-4.46, -2.38, -1.54, -0.84], "lr": 0.00026227661222566516, "sec": 2846.6}
  ep11 step 500/10273 loss 0.0758 lr 2.62e-04 133s
  ep11 step 1000/10273 loss 0.0759 lr 2.61e-04 268s
  ep11 step 1500/10273 loss 0.0764 lr 2.61e-04 403s
  ep11 step 2000/10273 loss 0.0763 lr 2.61e-04 537s
  ep11 step 2500/10273 loss 0.0763 lr 2.60e-04 671s
  ep11 step 3000/10273 loss 0.0763 lr 2.60e-04 805s
  ep11 step 3500/10273 loss 0.0763 lr 2.60e-04 938s
  ep11 step 4000/10273 loss 0.0761 lr 2.59e-04 1073s
  ep11 step 4500/10273 loss 0.0760 lr 2.59e-04 1207s
  ep11 step 5000/10273 loss 0.0758 lr 2.58e-04 1341s
  ep11 step 5500/10273 loss 0.0757 lr 2.58e-04 1476s
  ep11 step 6000/10273 loss 0.0757 lr 2.57e-04 1610s
  ep11 step 6500/10273 loss 0.0759 lr 2.57e-04 1744s
  ep11 step 7000/10273 loss 0.0762 lr 2.57e-04 1879s
  ep11 step 7500/10273 loss 0.0761 lr 2.56e-04 2013s
  ep11 step 8000/10273 loss 0.0760 lr 2.56e-04 2147s
  ep11 step 8500/10273 loss 0.0759 lr 2.55e-04 2281s
  ep11 step 9000/10273 loss 0.0758 lr 2.55e-04 2416s
  ep11 step 9500/10273 loss 0.0757 lr 2.55e-04 2550s
  ep11 step 10000/10273 loss 0.0757 lr 2.54e-04 2684s
{"ep": 11, "loss": 0.07565, "val_pooled_db": [-10.47, -9.54, -8.54, -7.62], "val_median_db": [-13.31, -12.05, -10.7, -9.59], "val_align_db": [-14.31, -13.4, -12.13, -11.25], "rho": [0.981, 0.977, 0.969, 0.962], "copy_last_db": [-4.46, -2.38, -1.54, -0.84], "lr": 0.0002539086530264399, "sec": 2832.8}
  ep12 step 500/10273 loss 0.0741 lr 2.53e-04 134s
  ep12 step 1000/10273 loss 0.0736 lr 2.53e-04 269s
  ep12 step 1500/10273 loss 0.0747 lr 2.53e-04 404s
  ep12 step 2000/10273 loss 0.0743 lr 2.52e-04 538s
  ep12 step 2500/10273 loss 0.0744 lr 2.52e-04 673s
  ep12 step 3000/10273 loss 0.0743 lr 2.51e-04 807s
  ep12 step 3500/10273 loss 0.0742 lr 2.51e-04 941s
  ep12 step 4000/10273 loss 0.0741 lr 2.50e-04 1076s
  ep12 step 4500/10273 loss 0.0741 lr 2.50e-04 1210s
  ep12 step 5000/10273 loss 0.0742 lr 2.50e-04 1345s
  ep12 step 5500/10273 loss 0.0741 lr 2.49e-04 1480s
  ep12 step 6000/10273 loss 0.0740 lr 2.49e-04 1614s
  ep12 step 6500/10273 loss 0.0739 lr 2.48e-04 1749s
  ep12 step 7000/10273 loss 0.0739 lr 2.48e-04 1883s
  ep12 step 7500/10273 loss 0.0738 lr 2.47e-04 2016s
  ep12 step 8000/10273 loss 0.0740 lr 2.47e-04 2150s
  ep12 step 8500/10273 loss 0.0742 lr 2.46e-04 2284s
  ep12 step 9000/10273 loss 0.0741 lr 2.46e-04 2418s
  ep12 step 9500/10273 loss 0.0740 lr 2.46e-04 2552s
  ep12 step 10000/10273 loss 0.0739 lr 2.45e-04 2686s
{"ep": 12, "loss": 0.07387, "val_pooled_db": [-10.48, -9.52, -8.51, -7.58], "val_median_db": [-13.32, -12.05, -10.72, -9.63], "val_align_db": [-14.36, -13.46, -12.19, -11.33], "rho": [0.982, 0.977, 0.969, 0.962], "copy_last_db": [-4.46, -2.38, -1.54, -0.84], "lr": 0.0002448668063393066, "sec": 2834.3}
  ep13 step 500/10273 loss 0.0717 lr 2.44e-04 134s
  ep13 step 1000/10273 loss 0.0725 lr 2.44e-04 269s
  ep13 step 1500/10273 loss 0.0730 lr 2.43e-04 403s
  ep13 step 2000/10273 loss 0.0725 lr 2.43e-04 538s
  ep13 step 2500/10273 loss 0.0727 lr 2.43e-04 672s
  ep13 step 3000/10273 loss 0.0724 lr 2.42e-04 806s
  ep13 step 3500/10273 loss 0.0723 lr 2.42e-04 940s
  ep13 step 4000/10273 loss 0.0722 lr 2.41e-04 1075s
  ep13 step 4500/10273 loss 0.0721 lr 2.41e-04 1209s
  ep13 step 5000/10273 loss 0.0720 lr 2.40e-04 1343s
  ep13 step 5500/10273 loss 0.0720 lr 2.40e-04 1477s
  ep13 step 6000/10273 loss 0.0719 lr 2.39e-04 1611s
  ep13 step 6500/10273 loss 0.0719 lr 2.39e-04 1746s
  ep13 step 7000/10273 loss 0.0719 lr 2.38e-04 1880s
  ep13 step 7500/10273 loss 0.0720 lr 2.38e-04 2014s
  ep13 step 8000/10273 loss 0.0720 lr 2.37e-04 2149s
  ep13 step 8500/10273 loss 0.0719 lr 2.37e-04 2283s
  ep13 step 9000/10273 loss 0.0720 lr 2.36e-04 2417s
  ep13 step 9500/10273 loss 0.0720 lr 2.36e-04 2551s
  ep13 step 10000/10273 loss 0.0719 lr 2.35e-04 2685s
{"ep": 13, "loss": 0.07204, "val_pooled_db": [-10.38, -9.45, -8.47, -7.62], "val_median_db": [-13.18, -11.92, -10.64, -9.55], "val_align_db": [-14.26, -13.36, -12.14, -11.21], "rho": [0.981, 0.977, 0.969, 0.961], "copy_last_db": [-4.46, -2.38, -1.54, -0.84], "lr": 0.00023520971200967334, "sec": 2833.7}
  ep14 step 500/10273 loss 0.0698 lr 2.35e-04 135s
  ep14 step 1000/10273 loss 0.0700 lr 2.34e-04 269s
  ep14 step 1500/10273 loss 0.0699 lr 2.34e-04 403s
  ep14 step 2000/10273 loss 0.0707 lr 2.33e-04 538s
  ep14 step 2500/10273 loss 0.0705 lr 2.33e-04 672s
  ep14 step 3000/10273 loss 0.0703 lr 2.32e-04 807s
  ep14 step 3500/10273 loss 0.0702 lr 2.32e-04 941s
  ep14 step 4000/10273 loss 0.0701 lr 2.31e-04 1075s
  ep14 step 4500/10273 loss 0.0701 lr 2.31e-04 1210s
  ep14 step 5000/10273 loss 0.0701 lr 2.30e-04 1344s
  ep14 step 5500/10273 loss 0.0701 lr 2.30e-04 1479s
  ep14 step 6000/10273 loss 0.0700 lr 2.29e-04 1614s
  ep14 step 6500/10273 loss 0.0700 lr 2.29e-04 1749s
  ep14 step 7000/10273 loss 0.0699 lr 2.28e-04 1883s
  ep14 step 7500/10273 loss 0.0701 lr 2.28e-04 2018s
  ep14 step 8000/10273 loss 0.0701 lr 2.27e-04 2152s
  ep14 step 8500/10273 loss 0.0703 lr 2.27e-04 2287s
  ep14 step 9000/10273 loss 0.0703 lr 2.26e-04 2421s
  ep14 step 9500/10273 loss 0.0702 lr 2.26e-04 2556s
  ep14 step 10000/10273 loss 0.0703 lr 2.25e-04 2691s
{"ep": 14, "loss": 0.07028, "val_pooled_db": [-10.5, -9.56, -8.55, -7.67], "val_median_db": [-13.35, -12.17, -10.83, -9.72], "val_align_db": [-14.49, -13.59, -12.39, -11.44], "rho": [0.982, 0.978, 0.971, 0.963], "copy_last_db": [-4.46, -2.38, -1.54, -0.84], "lr": 0.000225, "sec": 2839.6}
  ep15 step 500/10273 loss 0.0697 lr 2.24e-04 135s
  ep15 step 1000/10273 loss 0.0689 lr 2.24e-04 269s
  ep15 step 1500/10273 loss 0.0695 lr 2.23e-04 403s
  ep15 step 2000/10273 loss 0.0693 lr 2.23e-04 538s
  ep15 step 2500/10273 loss 0.0688 lr 2.22e-04 673s
  ep15 step 3000/10273 loss 0.0692 lr 2.22e-04 807s
  ep15 step 3500/10273 loss 0.0693 lr 2.21e-04 941s
  ep15 step 4000/10273 loss 0.0693 lr 2.21e-04 1076s
  ep15 step 4500/10273 loss 0.0692 lr 2.20e-04 1210s
  ep15 step 5000/10273 loss 0.0694 lr 2.20e-04 1344s
  ep15 step 5500/10273 loss 0.0693 lr 2.19e-04 1478s
  ep15 step 6000/10273 loss 0.0693 lr 2.19e-04 1613s
  ep15 step 6500/10273 loss 0.0692 lr 2.18e-04 1747s
  ep15 step 7000/10273 loss 0.0692 lr 2.18e-04 1881s
  ep15 step 7500/10273 loss 0.0692 lr 2.17e-04 2014s
  ep15 step 8000/10273 loss 0.0692 lr 2.17e-04 2147s
  ep15 step 8500/10273 loss 0.0691 lr 2.16e-04 2280s
  ep15 step 9000/10273 loss 0.0690 lr 2.16e-04 2414s
  ep15 step 9500/10273 loss 0.0690 lr 2.15e-04 2548s
  ep15 step 10000/10273 loss 0.0689 lr 2.15e-04 2682s
{"ep": 15, "loss": 0.06895, "val_pooled_db": [-10.34, -9.39, -8.38, -7.5], "val_median_db": [-13.05, -11.85, -10.58, -9.5], "val_align_db": [-14.16, -13.2, -12.06, -11.19], "rho": [0.981, 0.976, 0.968, 0.961], "copy_last_db": [-4.46, -2.38, -1.54, -0.84], "lr": 0.0002143038842104581, "sec": 2829.7}
  ep16 step 500/10273 loss 0.0678 lr 2.14e-04 134s
  ep16 step 1000/10273 loss 0.0676 lr 2.13e-04 267s
  ep16 step 1500/10273 loss 0.0683 lr 2.13e-04 401s
  ep16 step 2000/10273 loss 0.0682 lr 2.12e-04 535s
  ep16 step 2500/10273 loss 0.0681 lr 2.12e-04 669s
  ep16 step 3000/10273 loss 0.0682 lr 2.11e-04 803s
  ep16 step 3500/10273 loss 0.0681 lr 2.11e-04 936s
  ep16 step 4000/10273 loss 0.0681 lr 2.10e-04 1070s
  ep16 step 4500/10273 loss 0.0683 lr 2.09e-04 1204s
  ep16 step 5000/10273 loss 0.0682 lr 2.09e-04 1337s
  ep16 step 5500/10273 loss 0.0681 lr 2.08e-04 1470s
  ep16 step 6000/10273 loss 0.0680 lr 2.08e-04 1603s
  ep16 step 6500/10273 loss 0.0679 lr 2.07e-04 1737s
  ep16 step 7000/10273 loss 0.0678 lr 2.07e-04 1871s
  ep16 step 7500/10273 loss 0.0677 lr 2.06e-04 2005s
  ep16 step 8000/10273 loss 0.0676 lr 2.06e-04 2139s
  ep16 step 8500/10273 loss 0.0676 lr 2.05e-04 2273s
  ep16 step 9000/10273 loss 0.0675 lr 2.05e-04 2407s
  ep16 step 9500/10273 loss 0.0676 lr 2.04e-04 2541s
  ep16 step 10000/10273 loss 0.0676 lr 2.03e-04 2674s
{"ep": 16, "loss": 0.06753, "val_pooled_db": [-10.48, -9.51, -8.47, -7.55], "val_median_db": [-13.41, -12.06, -10.58, -9.37], "val_align_db": [-14.42, -13.41, -12.11, -11.11], "rho": [0.982, 0.977, 0.969, 0.961], "copy_last_db": [-4.46, -2.38, -1.54, -0.84], "lr": 0.0002031907330563803, "sec": 2821.4}
  ep17 step 500/10273 loss 0.0651 lr 2.03e-04 134s
  ep17 step 1000/10273 loss 0.0654 lr 2.02e-04 268s
  ep17 step 1500/10273 loss 0.0658 lr 2.02e-04 401s
  ep17 step 2000/10273 loss 0.0658 lr 2.01e-04 534s
  ep17 step 2500/10273 loss 0.0657 lr 2.00e-04 668s
  ep17 step 3000/10273 loss 0.0664 lr 2.00e-04 802s
  ep17 step 3500/10273 loss 0.0664 lr 1.99e-04 937s
  ep17 step 4000/10273 loss 0.0665 lr 1.99e-04 1071s
  ep17 step 4500/10273 loss 0.0665 lr 1.98e-04 1205s
  ep17 step 5000/10273 loss 0.0665 lr 1.98e-04 1339s
  ep17 step 5500/10273 loss 0.0664 lr 1.97e-04 1474s
  ep17 step 6000/10273 loss 0.0664 lr 1.97e-04 1608s
  ep17 step 6500/10273 loss 0.0663 lr 1.96e-04 1742s
  ep17 step 7000/10273 loss 0.0665 lr 1.95e-04 1876s
  ep17 step 7500/10273 loss 0.0664 lr 1.95e-04 2010s
  ep17 step 8000/10273 loss 0.0664 lr 1.94e-04 2144s
  ep17 step 8500/10273 loss 0.0664 lr 1.94e-04 2278s
  ep17 step 9000/10273 loss 0.0663 lr 1.93e-04 2412s
  ep17 step 9500/10273 loss 0.0662 lr 1.93e-04 2546s
  ep17 step 10000/10273 loss 0.0663 lr 1.92e-04 2681s
{"ep": 17, "loss": 0.0663, "val_pooled_db": [-10.49, -9.53, -8.5, -7.59], "val_median_db": [-13.39, -12.1, -10.69, -9.56], "val_align_db": [-14.49, -13.51, -12.24, -11.27], "rho": [0.982, 0.977, 0.97, 0.962], "copy_last_db": [-4.46, -2.38, -1.54, -0.84], "lr": 0.0001917326195874679, "sec": 2828.8}
  ep18 step 500/10273 loss 0.0645 lr 1.91e-04 134s
  ep18 step 1000/10273 loss 0.0647 lr 1.91e-04 268s
  ep18 step 1500/10273 loss 0.0650 lr 1.90e-04 402s
  ep18 step 2000/10273 loss 0.0654 lr 1.89e-04 537s
  ep18 step 2500/10273 loss 0.0654 lr 1.89e-04 671s
  ep18 step 3000/10273 loss 0.0657 lr 1.88e-04 805s
  ep18 step 3500/10273 loss 0.0657 lr 1.88e-04 939s
  ep18 step 4000/10273 loss 0.0656 lr 1.87e-04 1073s
  ep18 step 4500/10273 loss 0.0655 lr 1.87e-04 1208s
  ep18 step 5000/10273 loss 0.0654 lr 1.86e-04 1342s
  ep18 step 5500/10273 loss 0.0654 lr 1.85e-04 1476s
  ep18 step 6000/10273 loss 0.0653 lr 1.85e-04 1610s
  ep18 step 6500/10273 loss 0.0654 lr 1.84e-04 1744s
  ep18 step 7000/10273 loss 0.0653 lr 1.84e-04 1877s
  ep18 step 7500/10273 loss 0.0653 lr 1.83e-04 2009s
  ep18 step 8000/10273 loss 0.0653 lr 1.83e-04 2143s
  ep18 step 8500/10273 loss 0.0653 lr 1.82e-04 2276s
  ep18 step 9000/10273 loss 0.0653 lr 1.81e-04 2409s
  ep18 step 9500/10273 loss 0.0652 lr 1.81e-04 2542s
  ep18 step 10000/10273 loss 0.0652 lr 1.80e-04 2676s
{"ep": 18, "loss": 0.06524, "val_pooled_db": [-10.51, -9.53, -8.48, -7.55], "val_median_db": [-13.36, -12.03, -10.59, -9.43], "val_align_db": [-14.39, -13.45, -12.14, -11.12], "rho": [0.982, 0.977, 0.969, 0.961], "copy_last_db": [-4.46, -2.38, -1.54, -0.84], "lr": 0.00018000385406640666, "sec": 2821.9}
  ep19 step 500/10273 loss 0.0652 lr 1.79e-04 133s
  ep19 step 1000/10273 loss 0.0646 lr 1.79e-04 267s
  ep19 step 1500/10273 loss 0.0650 lr 1.78e-04 401s
  ep19 step 2000/10273 loss 0.0651 lr 1.78e-04 535s
  ep19 step 2500/10273 loss 0.0648 lr 1.77e-04 670s
  ep19 step 3000/10273 loss 0.0646 lr 1.77e-04 804s
  ep19 step 3500/10273 loss 0.0644 lr 1.76e-04 938s
  ep19 step 4000/10273 loss 0.0646 lr 1.75e-04 1073s
  ep19 step 4500/10273 loss 0.0645 lr 1.75e-04 1207s
  ep19 step 5000/10273 loss 0.0644 lr 1.74e-04 1341s
  ep19 step 5500/10273 loss 0.0644 lr 1.74e-04 1475s
  ep19 step 6000/10273 loss 0.0644 lr 1.73e-04 1610s
  ep19 step 6500/10273 loss 0.0643 lr 1.72e-04 1744s
  ep19 step 7000/10273 loss 0.0642 lr 1.72e-04 1878s
  ep19 step 7500/10273 loss 0.0642 lr 1.71e-04 2012s
  ep19 step 8000/10273 loss 0.0642 lr 1.71e-04 2146s
  ep19 step 8500/10273 loss 0.0642 lr 1.70e-04 2278s
  ep19 step 9000/10273 loss 0.0642 lr 1.70e-04 2411s
  ep19 step 9500/10273 loss 0.0642 lr 1.69e-04 2543s
  ep19 step 10000/10273 loss 0.0642 lr 1.68e-04 2675s
{"ep": 19, "loss": 0.0642, "val_pooled_db": [-10.54, -9.58, -8.53, -7.61], "val_median_db": [-13.57, -12.13, -10.68, -9.52], "val_align_db": [-14.64, -13.6, -12.21, -11.28], "rho": [0.983, 0.978, 0.969, 0.962], "copy_last_db": [-4.46, -2.38, -1.54, -0.84], "lr": 0.00016808050203829842, "sec": 2819.1}
early stopping at ep 19 (best ep 14, -9.07 dB)
DONE best_ep 14 val_mean_pooled_db -9.07
