[mm] sensors ['lidar'] pos_source predicted window_bytes {'lidar': 786432} coverage {"lidar": {"channel_frames": 53800, "missing": 0, "examples": [], "rsu_frames_cached": 17200, "row_bytes": 49152}}
[mm_lidar_s0] frames 53800 Nr 16 Nt 64 Ksc 64 | split B1: train windows 43121 (x16 = 689936), val windows 2439 (x16 = 39024) | load 0s
model mm:chiron params 23.08M | args {"model": "mm:chiron", "run_id": "mm_lidar_s0", "setting": "Nt_1_64_Nr_1_16_fc_28GHz", "Ksc": 64, "K_hist": 16, "H_pred": 4, "split": "B1", "seed": 0, "epochs": 40, "patience": 5, "lr": 0.0003, "wd": 0.0001, "batch": 64, "clip": 1.0, "warmup_epochs": 1.0, "D": 512, "L": 6, "heads": 8, "dropout": 0.1, "no_pos_emb": false, "residual": false, "c_hid": 128, "c_enc": 32, "norm": "rms", "patch_h": 4, "patch_w": 16, "lwm11_init": "pretrained", "lwm11_freeze": "none", "in_scale": 1.0, "t_layers": 2, "device": "cuda:0", "workers": 0, "max_train_windows": 0, "eval_every": 1, "out_root": "/mnt/ssd_7t_2/carla-wireless-dataset/mmw_reproduction/outputs_cp", "sensors": "lidar", "pos_source": "predicted", "pos_mode": "token", "fuse_layers": 3, "causal_mask": false, "sensor_cache_root": "", "backbone_init": ""}
[mm] param_groups {"backbone_no_head": 9178368, "head": 9978368, "fusion": 3554304, "embeddings": 5120, "enc_lidar": 366336, "sensor_encoders": 366336, "total": 23082496}
  ep1 step 500/10781 loss 1.1717 lr 1.39e-05 108s
  ep1 step 1000/10781 loss 1.0953 lr 2.79e-05 208s
  ep1 step 1500/10781 loss 1.0645 lr 4.18e-05 310s
  ep1 step 2000/10781 loss 1.0462 lr 5.57e-05 418s
  ep1 step 2500/10781 loss 1.0338 lr 6.96e-05 529s
  ep1 step 3000/10781 loss 1.0250 lr 8.35e-05 636s
  ep1 step 3500/10781 loss 1.0175 lr 9.74e-05 745s
  ep1 step 4000/10781 loss 1.0112 lr 1.11e-04 854s
  ep1 step 4500/10781 loss 1.0052 lr 1.25e-04 964s
  ep1 step 5000/10781 loss 0.9993 lr 1.39e-04 1069s
  ep1 step 5500/10781 loss 0.9913 lr 1.53e-04 1172s
  ep1 step 6000/10781 loss 0.9826 lr 1.67e-04 1274s
  ep1 step 6500/10781 loss 0.9725 lr 1.81e-04 1376s
  ep1 step 7000/10781 loss 0.9612 lr 1.95e-04 1479s
  ep1 step 7500/10781 loss 0.9446 lr 2.09e-04 1581s
  ep1 step 8000/10781 loss 0.9220 lr 2.23e-04 1683s
  ep1 step 8500/10781 loss 0.8940 lr 2.37e-04 1786s
  ep1 step 9000/10781 loss 0.8644 lr 2.50e-04 1888s
  ep1 step 9500/10781 loss 0.8355 lr 2.64e-04 1990s
  ep1 step 10000/10781 loss 0.8074 lr 2.78e-04 2093s
  ep1 step 10500/10781 loss 0.7813 lr 2.92e-04 2195s
{"ep": 1, "loss": 0.76714, "val_pooled_db": [-8.26, -7.59, -6.99, -6.47], "val_median_db": [-10.45, -9.9, -8.93, -8.43], "val_align_db": [-11.82, -11.52, -10.86, -10.46], "rho": [0.967, 0.964, 0.958, 0.954], "copy_last_db": [-4.45, -1.94, -1.6, -1.16], "lr": 0.0003, "sec": 2303.0}
  ep2 step 500/10781 loss 0.2265 lr 3.00e-04 105s
  ep2 step 1000/10781 loss 0.2306 lr 3.00e-04 210s
  ep2 step 1500/10781 loss 0.2247 lr 3.00e-04 315s
  ep2 step 2000/10781 loss 0.2201 lr 3.00e-04 421s
  ep2 step 2500/10781 loss 0.2171 lr 3.00e-04 526s
  ep2 step 3000/10781 loss 0.2135 lr 3.00e-04 631s
  ep2 step 3500/10781 loss 0.2096 lr 3.00e-04 736s
  ep2 step 4000/10781 loss 0.2058 lr 3.00e-04 841s
  ep2 step 4500/10781 loss 0.2031 lr 3.00e-04 945s
  ep2 step 5000/10781 loss 0.2001 lr 3.00e-04 1049s
  ep2 step 5500/10781 loss 0.1974 lr 3.00e-04 1154s
  ep2 step 6000/10781 loss 0.1953 lr 3.00e-04 1259s
  ep2 step 6500/10781 loss 0.1929 lr 3.00e-04 1363s
  ep2 step 7000/10781 loss 0.1910 lr 3.00e-04 1468s
  ep2 step 7500/10781 loss 0.1890 lr 3.00e-04 1573s
  ep2 step 8000/10781 loss 0.1871 lr 3.00e-04 1677s
  ep2 step 8500/10781 loss 0.1857 lr 3.00e-04 1782s
  ep2 step 9000/10781 loss 0.1841 lr 3.00e-04 1886s
  ep2 step 9500/10781 loss 0.1823 lr 3.00e-04 1991s
  ep2 step 10000/10781 loss 0.1807 lr 3.00e-04 2095s
  ep2 step 10500/10781 loss 0.1795 lr 3.00e-04 2200s
{"ep": 2, "loss": 0.17865, "val_pooled_db": [-10.37, -9.57, -8.92, -8.29], "val_median_db": [-13.34, -12.81, -12.09, -11.4], "val_align_db": [-14.78, -14.29, -13.71, -13.15], "rho": [0.983, 0.981, 0.979, 0.975], "copy_last_db": [-4.45, -1.94, -1.6, -1.16], "lr": 0.0002995135962201315, "sec": 2304.1}
  ep3 step 500/10781 loss 0.1482 lr 2.99e-04 105s
  ep3 step 1000/10781 loss 0.1468 lr 2.99e-04 209s
  ep3 step 1500/10781 loss 0.1447 lr 2.99e-04 314s
  ep3 step 2000/10781 loss 0.1443 lr 2.99e-04 418s
  ep3 step 2500/10781 loss 0.1448 lr 2.99e-04 522s
  ep3 step 3000/10781 loss 0.1453 lr 2.99e-04 626s
  ep3 step 3500/10781 loss 0.1445 lr 2.99e-04 730s
  ep3 step 4000/10781 loss 0.1434 lr 2.99e-04 836s
  ep3 step 4500/10781 loss 0.1426 lr 2.99e-04 940s
  ep3 step 5000/10781 loss 0.1422 lr 2.99e-04 1045s
  ep3 step 5500/10781 loss 0.1415 lr 2.99e-04 1151s
  ep3 step 6000/10781 loss 0.1405 lr 2.99e-04 1256s
  ep3 step 6500/10781 loss 0.1400 lr 2.99e-04 1361s
  ep3 step 7000/10781 loss 0.1396 lr 2.99e-04 1467s
  ep3 step 7500/10781 loss 0.1394 lr 2.99e-04 1572s
  ep3 step 8000/10781 loss 0.1387 lr 2.99e-04 1677s
  ep3 step 8500/10781 loss 0.1383 lr 2.98e-04 1782s
  ep3 step 9000/10781 loss 0.1378 lr 2.98e-04 1887s
  ep3 step 9500/10781 loss 0.1381 lr 2.98e-04 1992s
  ep3 step 10000/10781 loss 0.1377 lr 2.98e-04 2097s
  ep3 step 10500/10781 loss 0.1371 lr 2.98e-04 2202s
{"ep": 3, "loss": 0.13681, "val_pooled_db": [-11.05, -10.12, -9.38, -8.7], "val_median_db": [-14.47, -13.64, -12.88, -12.19], "val_align_db": [-16.21, -15.49, -14.83, -14.29], "rho": [0.988, 0.986, 0.983, 0.981], "copy_last_db": [-4.45, -1.94, -1.6, -1.16], "lr": 0.00029805753939568687, "sec": 2306.9}
  ep4 step 500/10781 loss 0.1254 lr 2.98e-04 105s
  ep4 step 1000/10781 loss 0.1263 lr 2.98e-04 210s
  ep4 step 1500/10781 loss 0.1254 lr 2.98e-04 314s
  ep4 step 2000/10781 loss 0.1247 lr 2.98e-04 419s
  ep4 step 2500/10781 loss 0.1244 lr 2.98e-04 524s
  ep4 step 3000/10781 loss 0.1238 lr 2.97e-04 630s
  ep4 step 3500/10781 loss 0.1238 lr 2.97e-04 735s
  ep4 step 4000/10781 loss 0.1234 lr 2.97e-04 840s
  ep4 step 4500/10781 loss 0.1230 lr 2.97e-04 945s
  ep4 step 5000/10781 loss 0.1228 lr 2.97e-04 1050s
  ep4 step 5500/10781 loss 0.1227 lr 2.97e-04 1155s
  ep4 step 6000/10781 loss 0.1225 lr 2.97e-04 1260s
  ep4 step 6500/10781 loss 0.1221 lr 2.97e-04 1365s
  ep4 step 7000/10781 loss 0.1217 lr 2.97e-04 1471s
  ep4 step 7500/10781 loss 0.1216 lr 2.96e-04 1575s
  ep4 step 8000/10781 loss 0.1212 lr 2.96e-04 1680s
  ep4 step 8500/10781 loss 0.1208 lr 2.96e-04 1786s
  ep4 step 9000/10781 loss 0.1208 lr 2.96e-04 1891s
  ep4 step 9500/10781 loss 0.1206 lr 2.96e-04 1997s
  ep4 step 10000/10781 loss 0.1202 lr 2.96e-04 2102s
  ep4 step 10500/10781 loss 0.1201 lr 2.96e-04 2206s
{"ep": 4, "loss": 0.11986, "val_pooled_db": [-11.22, -10.33, -9.56, -8.77], "val_median_db": [-14.94, -14.1, -13.2, -12.38], "val_align_db": [-16.47, -15.93, -15.09, -14.33], "rho": [0.989, 0.987, 0.984, 0.981], "copy_last_db": [-4.45, -1.94, -1.6, -1.16], "lr": 0.00029564127261390776, "sec": 2311.6}
  ep5 step 500/10781 loss 0.1169 lr 2.96e-04 104s
  ep5 step 1000/10781 loss 0.1160 lr 2.95e-04 209s
  ep5 step 1500/10781 loss 0.1144 lr 2.95e-04 314s
  ep5 step 2000/10781 loss 0.1131 lr 2.95e-04 418s
  ep5 step 2500/10781 loss 0.1127 lr 2.95e-04 523s
  ep5 step 3000/10781 loss 0.1122 lr 2.95e-04 628s
  ep5 step 3500/10781 loss 0.1120 lr 2.95e-04 733s
  ep5 step 4000/10781 loss 0.1113 lr 2.95e-04 838s
  ep5 step 4500/10781 loss 0.1110 lr 2.94e-04 944s
  ep5 step 5000/10781 loss 0.1108 lr 2.94e-04 1050s
  ep5 step 5500/10781 loss 0.1105 lr 2.94e-04 1154s
  ep5 step 6000/10781 loss 0.1103 lr 2.94e-04 1259s
  ep5 step 6500/10781 loss 0.1100 lr 2.94e-04 1364s
  ep5 step 7000/10781 loss 0.1097 lr 2.94e-04 1469s
  ep5 step 7500/10781 loss 0.1095 lr 2.93e-04 1574s
  ep5 step 8000/10781 loss 0.1107 lr 2.93e-04 1679s
  ep5 step 8500/10781 loss 0.1105 lr 2.93e-04 1784s
  ep5 step 9000/10781 loss 0.1101 lr 2.93e-04 1890s
  ep5 step 9500/10781 loss 0.1098 lr 2.93e-04 1995s
  ep5 step 10000/10781 loss 0.1094 lr 2.93e-04 2100s
  ep5 step 10500/10781 loss 0.1092 lr 2.92e-04 2205s
{"ep": 5, "loss": 0.10897, "val_pooled_db": [-11.38, -10.5, -9.67, -8.85], "val_median_db": [-15.48, -14.48, -13.55, -12.7], "val_align_db": [-16.99, -16.25, -15.35, -14.63], "rho": [0.99, 0.988, 0.985, 0.983], "copy_last_db": [-4.45, -1.94, -1.6, -1.16], "lr": 0.00029228046629207175, "sec": 2310.7}
  ep6 step 500/10781 loss 0.1005 lr 2.92e-04 107s
  ep6 step 1000/10781 loss 0.1025 lr 2.92e-04 213s
  ep6 step 1500/10781 loss 0.1024 lr 2.92e-04 318s
  ep6 step 2000/10781 loss 0.1022 lr 2.92e-04 424s
  ep6 step 2500/10781 loss 0.1018 lr 2.91e-04 530s
  ep6 step 3000/10781 loss 0.1016 lr 2.91e-04 635s
  ep6 step 3500/10781 loss 0.1015 lr 2.91e-04 741s
  ep6 step 4000/10781 loss 0.1014 lr 2.91e-04 847s
  ep6 step 4500/10781 loss 0.1012 lr 2.91e-04 953s
  ep6 step 5000/10781 loss 0.1011 lr 2.90e-04 1059s
  ep6 step 5500/10781 loss 0.1010 lr 2.90e-04 1164s
  ep6 step 6000/10781 loss 0.1009 lr 2.90e-04 1269s
  ep6 step 6500/10781 loss 0.1008 lr 2.90e-04 1375s
  ep6 step 7000/10781 loss 0.1006 lr 2.90e-04 1480s
  ep6 step 7500/10781 loss 0.1005 lr 2.89e-04 1586s
  ep6 step 8000/10781 loss 0.1003 lr 2.89e-04 1691s
  ep6 step 8500/10781 loss 0.1002 lr 2.89e-04 1797s
  ep6 step 9000/10781 loss 0.1002 lr 2.89e-04 1903s
  ep6 step 9500/10781 loss 0.1001 lr 2.89e-04 2009s
  ep6 step 10000/10781 loss 0.1003 lr 2.88e-04 2114s
  ep6 step 10500/10781 loss 0.1002 lr 2.88e-04 2220s
{"ep": 6, "loss": 0.10008, "val_pooled_db": [-11.57, -10.56, -9.75, -8.94], "val_median_db": [-15.74, -14.72, -13.66, -12.84], "val_align_db": [-17.11, -16.35, -15.41, -14.69], "rho": [0.99, 0.988, 0.986, 0.983], "copy_last_db": [-4.45, -1.94, -1.6, -1.16], "lr": 0.0002879969165488236, "sec": 2326.2}
  ep7 step 500/10781 loss 0.0961 lr 2.88e-04 105s
  ep7 step 1000/10781 loss 0.0958 lr 2.88e-04 211s
  ep7 step 1500/10781 loss 0.0956 lr 2.87e-04 316s
  ep7 step 2000/10781 loss 0.0956 lr 2.87e-04 422s
  ep7 step 2500/10781 loss 0.0961 lr 2.87e-04 527s
  ep7 step 3000/10781 loss 0.0959 lr 2.87e-04 633s
  ep7 step 3500/10781 loss 0.0958 lr 2.86e-04 739s
  ep7 step 4000/10781 loss 0.0957 lr 2.86e-04 845s
  ep7 step 4500/10781 loss 0.0956 lr 2.86e-04 950s
  ep7 step 5000/10781 loss 0.0956 lr 2.86e-04 1056s
  ep7 step 5500/10781 loss 0.0953 lr 2.85e-04 1161s
  ep7 step 6000/10781 loss 0.0952 lr 2.85e-04 1266s
  ep7 step 6500/10781 loss 0.0951 lr 2.85e-04 1371s
  ep7 step 7000/10781 loss 0.0951 lr 2.85e-04 1477s
  ep7 step 7500/10781 loss 0.0952 lr 2.84e-04 1582s
  ep7 step 8000/10781 loss 0.0950 lr 2.84e-04 1687s
  ep7 step 8500/10781 loss 0.0949 lr 2.84e-04 1793s
  ep7 step 9000/10781 loss 0.0948 lr 2.84e-04 1898s
  ep7 step 9500/10781 loss 0.0948 lr 2.83e-04 2003s
  ep7 step 10000/10781 loss 0.0947 lr 2.83e-04 2108s
  ep7 step 10500/10781 loss 0.0946 lr 2.83e-04 2214s
{"ep": 7, "loss": 0.09454, "val_pooled_db": [-11.49, -10.53, -9.72, -8.92], "val_median_db": [-15.66, -14.79, -13.73, -13.0], "val_align_db": [-17.06, -16.52, -15.65, -14.9], "rho": [0.99, 0.989, 0.986, 0.984], "copy_last_db": [-4.45, -1.94, -1.6, -1.16], "lr": 0.0002828184038479814, "sec": 2319.8}
  ep8 step 500/10781 loss 0.0905 lr 2.83e-04 105s
  ep8 step 1000/10781 loss 0.0906 lr 2.82e-04 211s
  ep8 step 1500/10781 loss 0.0904 lr 2.82e-04 316s
  ep8 step 2000/10781 loss 0.0907 lr 2.82e-04 422s
  ep8 step 2500/10781 loss 0.0909 lr 2.81e-04 527s
  ep8 step 3000/10781 loss 0.0911 lr 2.81e-04 632s
  ep8 step 3500/10781 loss 0.0910 lr 2.81e-04 738s
  ep8 step 4000/10781 loss 0.0910 lr 2.81e-04 843s
  ep8 step 4500/10781 loss 0.0910 lr 2.80e-04 949s
  ep8 step 5000/10781 loss 0.0910 lr 2.80e-04 1054s
  ep8 step 5500/10781 loss 0.0908 lr 2.80e-04 1159s
  ep8 step 6000/10781 loss 0.0907 lr 2.80e-04 1264s
  ep8 step 6500/10781 loss 0.0906 lr 2.79e-04 1369s
  ep8 step 7000/10781 loss 0.0905 lr 2.79e-04 1474s
  ep8 step 7500/10781 loss 0.0904 lr 2.79e-04 1580s
  ep8 step 8000/10781 loss 0.0904 lr 2.78e-04 1685s
  ep8 step 8500/10781 loss 0.0903 lr 2.78e-04 1791s
  ep8 step 9000/10781 loss 0.0903 lr 2.78e-04 1896s
  ep8 step 9500/10781 loss 0.0904 lr 2.78e-04 2001s
  ep8 step 10000/10781 loss 0.0903 lr 2.77e-04 2107s
  ep8 step 10500/10781 loss 0.0902 lr 2.77e-04 2212s
{"ep": 8, "loss": 0.09017, "val_pooled_db": [-11.48, -10.4, -9.55, -8.7], "val_median_db": [-15.92, -14.95, -13.92, -13.0], "val_align_db": [-17.44, -16.75, -15.93, -15.05], "rho": [0.991, 0.989, 0.987, 0.984], "copy_last_db": [-4.45, -1.94, -1.6, -1.16], "lr": 0.0002767785128315692, "sec": 2318.0}
  ep9 step 500/10781 loss 0.0867 lr 2.76e-04 105s
  ep9 step 1000/10781 loss 0.0874 lr 2.76e-04 210s
  ep9 step 1500/10781 loss 0.0874 lr 2.76e-04 315s
  ep9 step 2000/10781 loss 0.0877 lr 2.76e-04 420s
  ep9 step 2500/10781 loss 0.0876 lr 2.75e-04 525s
  ep9 step 3000/10781 loss 0.0874 lr 2.75e-04 630s
  ep9 step 3500/10781 loss 0.0873 lr 2.75e-04 735s
  ep9 step 4000/10781 loss 0.0874 lr 2.74e-04 841s
  ep9 step 4500/10781 loss 0.0875 lr 2.74e-04 946s
  ep9 step 5000/10781 loss 0.0873 lr 2.74e-04 1051s
  ep9 step 5500/10781 loss 0.0872 lr 2.73e-04 1156s
  ep9 step 6000/10781 loss 0.0871 lr 2.73e-04 1261s
  ep9 step 6500/10781 loss 0.0870 lr 2.73e-04 1366s
  ep9 step 7000/10781 loss 0.0869 lr 2.72e-04 1470s
  ep9 step 7500/10781 loss 0.0879 lr 2.72e-04 1576s
  ep9 step 8000/10781 loss 0.0877 lr 2.72e-04 1680s
  ep9 step 8500/10781 loss 0.0877 lr 2.71e-04 1785s
  ep9 step 9000/10781 loss 0.0876 lr 2.71e-04 1890s
  ep9 step 9500/10781 loss 0.0875 lr 2.71e-04 1996s
  ep9 step 10000/10781 loss 0.0874 lr 2.70e-04 2102s
  ep9 step 10500/10781 loss 0.0873 lr 2.70e-04 2205s
{"ep": 9, "loss": 0.08729, "val_pooled_db": [-11.67, -10.66, -9.83, -8.91], "val_median_db": [-16.09, -15.12, -14.16, -13.31], "val_align_db": [-17.59, -16.85, -16.0, -15.19], "rho": [0.991, 0.99, 0.987, 0.985], "copy_last_db": [-4.45, -1.94, -1.6, -1.16], "lr": 0.00026991641451052517, "sec": 2309.6}
  ep10 step 500/10781 loss 0.0853 lr 2.70e-04 130s
  ep10 step 1000/10781 loss 0.0848 lr 2.69e-04 260s
  ep10 step 1500/10781 loss 0.0855 lr 2.69e-04 388s
  ep10 step 2000/10781 loss 0.0853 lr 2.69e-04 520s
  ep10 step 2500/10781 loss 0.0850 lr 2.68e-04 652s
  ep10 step 3000/10781 loss 0.0848 lr 2.68e-04 782s
  ep10 step 3500/10781 loss 0.0847 lr 2.68e-04 909s
  ep10 step 4000/10781 loss 0.0848 lr 2.67e-04 1036s
  ep10 step 4500/10781 loss 0.0846 lr 2.67e-04 1152s
  ep10 step 5000/10781 loss 0.0844 lr 2.66e-04 1254s
  ep10 step 5500/10781 loss 0.0844 lr 2.66e-04 1356s
  ep10 step 6000/10781 loss 0.0843 lr 2.66e-04 1458s
  ep10 step 6500/10781 loss 0.0842 lr 2.65e-04 1561s
  ep10 step 7000/10781 loss 0.0842 lr 2.65e-04 1663s
  ep10 step 7500/10781 loss 0.0842 lr 2.65e-04 1765s
  ep10 step 8000/10781 loss 0.0841 lr 2.64e-04 1867s
  ep10 step 8500/10781 loss 0.0841 lr 2.64e-04 1970s
  ep10 step 9000/10781 loss 0.0841 lr 2.64e-04 2072s
  ep10 step 9500/10781 loss 0.0840 lr 2.63e-04 2174s
  ep10 step 10000/10781 loss 0.0841 lr 2.63e-04 2277s
  ep10 step 10500/10781 loss 0.0840 lr 2.62e-04 2379s
{"ep": 10, "loss": 0.08393, "val_pooled_db": [-11.56, -10.64, -9.79, -8.97], "val_median_db": [-16.29, -15.21, -14.19, -13.25], "val_align_db": [-17.81, -17.03, -16.23, -15.36], "rho": [0.992, 0.99, 0.988, 0.985], "copy_last_db": [-4.45, -1.94, -1.6, -1.16], "lr": 0.00026227661222566516, "sec": 2483.0}
  ep11 step 500/10781 loss 0.0808 lr 2.62e-04 103s
  ep11 step 1000/10781 loss 0.0813 lr 2.62e-04 205s
  ep11 step 1500/10781 loss 0.0814 lr 2.61e-04 308s
  ep11 step 2000/10781 loss 0.0811 lr 2.61e-04 410s
  ep11 step 2500/10781 loss 0.0812 lr 2.60e-04 512s
  ep11 step 3000/10781 loss 0.0813 lr 2.60e-04 613s
  ep11 step 3500/10781 loss 0.0813 lr 2.60e-04 716s
  ep11 step 4000/10781 loss 0.0816 lr 2.59e-04 818s
  ep11 step 4500/10781 loss 0.0817 lr 2.59e-04 920s
  ep11 step 5000/10781 loss 0.0817 lr 2.58e-04 1022s
  ep11 step 5500/10781 loss 0.0816 lr 2.58e-04 1124s
  ep11 step 6000/10781 loss 0.0816 lr 2.58e-04 1227s
  ep11 step 6500/10781 loss 0.0816 lr 2.57e-04 1330s
  ep11 step 7000/10781 loss 0.0816 lr 2.57e-04 1431s
  ep11 step 7500/10781 loss 0.0815 lr 2.57e-04 1534s
  ep11 step 8000/10781 loss 0.0814 lr 2.56e-04 1636s
  ep11 step 8500/10781 loss 0.0814 lr 2.56e-04 1738s
  ep11 step 9000/10781 loss 0.0813 lr 2.55e-04 1840s
  ep11 step 9500/10781 loss 0.0813 lr 2.55e-04 1942s
  ep11 step 10000/10781 loss 0.0813 lr 2.55e-04 2044s
  ep11 step 10500/10781 loss 0.0812 lr 2.54e-04 2146s
{"ep": 11, "loss": 0.08118, "val_pooled_db": [-11.58, -10.56, -9.74, -8.82], "val_median_db": [-16.09, -15.03, -14.14, -13.18], "val_align_db": [-17.53, -16.78, -16.03, -15.08], "rho": [0.991, 0.989, 0.987, 0.984], "copy_last_db": [-4.45, -1.94, -1.6, -1.16], "lr": 0.0002539086530264399, "sec": 2250.1}
  ep12 step 500/10781 loss 0.0793 lr 2.54e-04 102s
  ep12 step 1000/10781 loss 0.0794 lr 2.53e-04 204s
  ep12 step 1500/10781 loss 0.0793 lr 2.53e-04 305s
  ep12 step 2000/10781 loss 0.0792 lr 2.52e-04 408s
  ep12 step 2500/10781 loss 0.0794 lr 2.52e-04 510s
  ep12 step 3000/10781 loss 0.0793 lr 2.51e-04 612s
  ep12 step 3500/10781 loss 0.0793 lr 2.51e-04 713s
  ep12 step 4000/10781 loss 0.0793 lr 2.51e-04 815s
  ep12 step 4500/10781 loss 0.0794 lr 2.50e-04 916s
  ep12 step 5000/10781 loss 0.0795 lr 2.50e-04 1018s
  ep12 step 5500/10781 loss 0.0794 lr 2.49e-04 1121s
  ep12 step 6000/10781 loss 0.0792 lr 2.49e-04 1223s
  ep12 step 6500/10781 loss 0.0792 lr 2.49e-04 1326s
  ep12 step 7000/10781 loss 0.0792 lr 2.48e-04 1429s
  ep12 step 7500/10781 loss 0.0792 lr 2.48e-04 1531s
  ep12 step 8000/10781 loss 0.0791 lr 2.47e-04 1634s
  ep12 step 8500/10781 loss 0.0791 lr 2.47e-04 1735s
  ep12 step 9000/10781 loss 0.0791 lr 2.46e-04 1837s
  ep12 step 9500/10781 loss 0.0790 lr 2.46e-04 1940s
  ep12 step 10000/10781 loss 0.0789 lr 2.46e-04 2042s
  ep12 step 10500/10781 loss 0.0789 lr 2.45e-04 2144s
{"ep": 12, "loss": 0.07888, "val_pooled_db": [-11.65, -10.71, -9.86, -8.98], "val_median_db": [-16.45, -15.31, -14.16, -13.21], "val_align_db": [-17.91, -17.01, -16.14, -15.27], "rho": [0.992, 0.99, 0.988, 0.985], "copy_last_db": [-4.45, -1.94, -1.6, -1.16], "lr": 0.0002448668063393066, "sec": 2247.0}
  ep13 step 500/10781 loss 0.0769 lr 2.44e-04 103s
  ep13 step 1000/10781 loss 0.0768 lr 2.44e-04 205s
  ep13 step 1500/10781 loss 0.0769 lr 2.44e-04 308s
  ep13 step 2000/10781 loss 0.0769 lr 2.43e-04 411s
  ep13 step 2500/10781 loss 0.0770 lr 2.43e-04 513s
  ep13 step 3000/10781 loss 0.0770 lr 2.42e-04 615s
  ep13 step 3500/10781 loss 0.0770 lr 2.42e-04 718s
  ep13 step 4000/10781 loss 0.0771 lr 2.41e-04 820s
  ep13 step 4500/10781 loss 0.0771 lr 2.41e-04 923s
  ep13 step 5000/10781 loss 0.0771 lr 2.40e-04 1025s
  ep13 step 5500/10781 loss 0.0770 lr 2.40e-04 1127s
  ep13 step 6000/10781 loss 0.0770 lr 2.40e-04 1229s
  ep13 step 6500/10781 loss 0.0770 lr 2.39e-04 1331s
  ep13 step 7000/10781 loss 0.0770 lr 2.39e-04 1433s
  ep13 step 7500/10781 loss 0.0770 lr 2.38e-04 1535s
  ep13 step 8000/10781 loss 0.0770 lr 2.38e-04 1637s
  ep13 step 8500/10781 loss 0.0770 lr 2.37e-04 1739s
  ep13 step 9000/10781 loss 0.0769 lr 2.37e-04 1841s
  ep13 step 9500/10781 loss 0.0769 lr 2.36e-04 1943s
  ep13 step 10000/10781 loss 0.0772 lr 2.36e-04 2045s
  ep13 step 10500/10781 loss 0.0772 lr 2.35e-04 2147s
{"ep": 13, "loss": 0.07714, "val_pooled_db": [-11.59, -10.57, -9.68, -8.8], "val_median_db": [-16.46, -15.33, -14.23, -13.34], "val_align_db": [-17.79, -16.85, -16.01, -15.07], "rho": [0.992, 0.99, 0.987, 0.984], "copy_last_db": [-4.45, -1.94, -1.6, -1.16], "lr": 0.00023520971200967334, "sec": 2250.4}
  ep14 step 500/10781 loss 0.0755 lr 2.35e-04 102s
  ep14 step 1000/10781 loss 0.0753 lr 2.34e-04 204s
  ep14 step 1500/10781 loss 0.0752 lr 2.34e-04 305s
  ep14 step 2000/10781 loss 0.0750 lr 2.33e-04 407s
  ep14 step 2500/10781 loss 0.0750 lr 2.33e-04 509s
  ep14 step 3000/10781 loss 0.0751 lr 2.32e-04 611s
  ep14 step 3500/10781 loss 0.0752 lr 2.32e-04 712s
  ep14 step 4000/10781 loss 0.0754 lr 2.31e-04 814s
  ep14 step 4500/10781 loss 0.0753 lr 2.31e-04 916s
  ep14 step 5000/10781 loss 0.0752 lr 2.31e-04 1018s
  ep14 step 5500/10781 loss 0.0751 lr 2.30e-04 1120s
  ep14 step 6000/10781 loss 0.0751 lr 2.30e-04 1222s
  ep14 step 6500/10781 loss 0.0750 lr 2.29e-04 1324s
  ep14 step 7000/10781 loss 0.0750 lr 2.29e-04 1426s
  ep14 step 7500/10781 loss 0.0750 lr 2.28e-04 1529s
  ep14 step 8000/10781 loss 0.0750 lr 2.28e-04 1631s
  ep14 step 8500/10781 loss 0.0750 lr 2.27e-04 1733s
  ep14 step 9000/10781 loss 0.0749 lr 2.27e-04 1836s
  ep14 step 9500/10781 loss 0.0749 lr 2.26e-04 1938s
  ep14 step 10000/10781 loss 0.0748 lr 2.26e-04 2039s
  ep14 step 10500/10781 loss 0.0748 lr 2.25e-04 2141s
{"ep": 14, "loss": 0.07479, "val_pooled_db": [-11.62, -10.49, -9.65, -8.88], "val_median_db": [-16.49, -15.29, -14.19, -13.35], "val_align_db": [-17.93, -17.0, -16.11, -15.15], "rho": [0.992, 0.99, 0.988, 0.985], "copy_last_db": [-4.45, -1.94, -1.6, -1.16], "lr": 0.000225, "sec": 2244.6}
  ep15 step 500/10781 loss 0.0733 lr 2.25e-04 102s
  ep15 step 1000/10781 loss 0.0732 lr 2.24e-04 204s
  ep15 step 1500/10781 loss 0.0734 lr 2.24e-04 306s
  ep15 step 2000/10781 loss 0.0735 lr 2.23e-04 408s
  ep15 step 2500/10781 loss 0.0735 lr 2.23e-04 510s
  ep15 step 3000/10781 loss 0.0735 lr 2.22e-04 611s
  ep15 step 3500/10781 loss 0.0736 lr 2.22e-04 713s
  ep15 step 4000/10781 loss 0.0735 lr 2.21e-04 815s
  ep15 step 4500/10781 loss 0.0734 lr 2.21e-04 916s
  ep15 step 5000/10781 loss 0.0734 lr 2.20e-04 1018s
  ep15 step 5500/10781 loss 0.0734 lr 2.20e-04 1120s
  ep15 step 6000/10781 loss 0.0733 lr 2.19e-04 1222s
  ep15 step 6500/10781 loss 0.0732 lr 2.19e-04 1325s
  ep15 step 7000/10781 loss 0.0736 lr 2.18e-04 1426s
  ep15 step 7500/10781 loss 0.0736 lr 2.18e-04 1529s
  ep15 step 8000/10781 loss 0.0735 lr 2.17e-04 1631s
  ep15 step 8500/10781 loss 0.0735 lr 2.17e-04 1733s
  ep15 step 9000/10781 loss 0.0735 lr 2.16e-04 1835s
  ep15 step 9500/10781 loss 0.0734 lr 2.16e-04 1937s
  ep15 step 10000/10781 loss 0.0734 lr 2.15e-04 2040s
  ep15 step 10500/10781 loss 0.0734 lr 2.15e-04 2141s
{"ep": 15, "loss": 0.07333, "val_pooled_db": [-11.51, -10.45, -9.63, -8.79], "val_median_db": [-16.61, -15.43, -14.34, -13.43], "val_align_db": [-17.99, -17.09, -16.25, -15.23], "rho": [0.992, 0.99, 0.988, 0.985], "copy_last_db": [-4.45, -1.94, -1.6, -1.16], "lr": 0.0002143038842104581, "sec": 2242.1}
  ep16 step 500/10781 loss 0.0720 lr 2.14e-04 104s
  ep16 step 1000/10781 loss 0.0720 lr 2.13e-04 206s
  ep16 step 1500/10781 loss 0.0719 lr 2.13e-04 308s
  ep16 step 2000/10781 loss 0.0720 lr 2.12e-04 409s
  ep16 step 2500/10781 loss 0.0722 lr 2.12e-04 511s
  ep16 step 3000/10781 loss 0.0722 lr 2.11e-04 613s
  ep16 step 3500/10781 loss 0.0721 lr 2.11e-04 715s
  ep16 step 4000/10781 loss 0.0721 lr 2.10e-04 816s
  ep16 step 4500/10781 loss 0.0721 lr 2.10e-04 918s
  ep16 step 5000/10781 loss 0.0721 lr 2.09e-04 1020s
  ep16 step 5500/10781 loss 0.0721 lr 2.09e-04 1121s
  ep16 step 6000/10781 loss 0.0721 lr 2.08e-04 1222s
  ep16 step 6500/10781 loss 0.0720 lr 2.08e-04 1325s
  ep16 step 7000/10781 loss 0.0720 lr 2.07e-04 1428s
  ep16 step 7500/10781 loss 0.0720 lr 2.07e-04 1530s
  ep16 step 8000/10781 loss 0.0719 lr 2.06e-04 1631s
  ep16 step 8500/10781 loss 0.0719 lr 2.06e-04 1732s
  ep16 step 9000/10781 loss 0.0719 lr 2.05e-04 1834s
  ep16 step 9500/10781 loss 0.0719 lr 2.05e-04 1936s
  ep16 step 10000/10781 loss 0.0718 lr 2.04e-04 2038s
  ep16 step 10500/10781 loss 0.0718 lr 2.03e-04 2139s
{"ep": 16, "loss": 0.07181, "val_pooled_db": [-11.43, -10.39, -9.54, -8.72], "val_median_db": [-16.35, -15.15, -14.05, -13.17], "val_align_db": [-17.87, -16.93, -16.02, -15.17], "rho": [0.992, 0.99, 0.987, 0.985], "copy_last_db": [-4.45, -1.94, -1.6, -1.16], "lr": 0.0002031907330563803, "sec": 2242.6}
  ep17 step 500/10781 loss 0.0697 lr 2.03e-04 101s
  ep17 step 1000/10781 loss 0.0703 lr 2.02e-04 203s
  ep17 step 1500/10781 loss 0.0705 lr 2.02e-04 305s
  ep17 step 2000/10781 loss 0.0705 lr 2.01e-04 407s
  ep17 step 2500/10781 loss 0.0705 lr 2.01e-04 509s
  ep17 step 3000/10781 loss 0.0704 lr 2.00e-04 611s
  ep17 step 3500/10781 loss 0.0705 lr 2.00e-04 713s
  ep17 step 4000/10781 loss 0.0705 lr 1.99e-04 815s
  ep17 step 4500/10781 loss 0.0705 lr 1.98e-04 917s
  ep17 step 5000/10781 loss 0.0705 lr 1.98e-04 1019s
  ep17 step 5500/10781 loss 0.0709 lr 1.97e-04 1121s
  ep17 step 6000/10781 loss 0.0708 lr 1.97e-04 1224s
  ep17 step 6500/10781 loss 0.0708 lr 1.96e-04 1326s
  ep17 step 7000/10781 loss 0.0708 lr 1.96e-04 1428s
  ep17 step 7500/10781 loss 0.0707 lr 1.95e-04 1531s
  ep17 step 8000/10781 loss 0.0707 lr 1.95e-04 1633s
  ep17 step 8500/10781 loss 0.0707 lr 1.94e-04 1736s
  ep17 step 9000/10781 loss 0.0706 lr 1.94e-04 1839s
  ep17 step 9500/10781 loss 0.0706 lr 1.93e-04 1943s
  ep17 step 10000/10781 loss 0.0706 lr 1.93e-04 2047s
  ep17 step 10500/10781 loss 0.0706 lr 1.92e-04 2152s
{"ep": 17, "loss": 0.07055, "val_pooled_db": [-11.59, -10.42, -9.52, -8.74], "val_median_db": [-16.63, -15.41, -14.26, -13.39], "val_align_db": [-18.12, -17.09, -16.15, -15.2], "rho": [0.992, 0.99, 0.988, 0.985], "copy_last_db": [-4.45, -1.94, -1.6, -1.16], "lr": 0.0001917326195874679, "sec": 2260.3}
early stopping at ep 17 (best ep 12, -10.30 dB)
DONE best_ep 12 val_mean_pooled_db -10.30
