[mm] sensors ['radar'] pos_source predicted window_bytes {'radar': 262144} coverage {"radar": {"channel_frames": 53800, "missing": 53800, "examples": ["Town03_5wayroad/cav_1/326234", "Town03_5wayroad/cav_1/326235", "Town03_5wayroad/cav_1/326236", "Town03_5wayroad/cav_1/326237", "Town03_5wayroad/cav_1/326238"], "rsu_frames_cached": 16, "row_bytes": 16384}}
[mm_radar_zerocache_s0] frames 53800 Nr 16 Nt 64 Ksc 64 | split B1: train windows 43121 (x16 = 689936), val windows 2439 (x16 = 39024) | load 0s
model mm:chiron params 22.79M | args {"model": "mm:chiron", "run_id": "mm_radar_zerocache_s0", "setting": "Nt_1_64_Nr_1_16_fc_28GHz", "Ksc": 64, "K_hist": 16, "H_pred": 4, "split": "B1", "seed": 0, "epochs": 40, "patience": 5, "lr": 0.0003, "wd": 0.0001, "batch": 64, "clip": 1.0, "warmup_epochs": 1.0, "D": 512, "L": 6, "heads": 8, "dropout": 0.1, "no_pos_emb": false, "residual": false, "c_hid": 128, "c_enc": 32, "norm": "rms", "patch_h": 4, "patch_w": 16, "lwm11_init": "pretrained", "lwm11_freeze": "none", "in_scale": 1.0, "t_layers": 2, "device": "cuda:0", "workers": 0, "max_train_windows": 0, "eval_every": 1, "out_root": "/mnt/ssd_7t_2/carla-wireless-dataset/mmw_reproduction/outputs_cp", "sensors": "radar", "pos_source": "predicted", "pos_mode": "token", "fuse_layers": 3, "causal_mask": false, "sensor_cache_root": "/mnt/ssd_7t_2/carla-wireless-dataset/mmw_reproduction/derived_cp/sensor_cache_radarzero", "backbone_init": ""}
[mm] param_groups {"backbone_no_head": 9178368, "head": 9978368, "fusion": 3554304, "embeddings": 5120, "enc_radar": 72672, "sensor_encoders": 72672, "total": 22788832}
  ep1 step 500/10781 loss 1.1780 lr 1.39e-05 97s
  ep1 step 1000/10781 loss 1.0977 lr 2.79e-05 191s
  ep1 step 1500/10781 loss 1.0659 lr 4.18e-05 358s
  ep1 step 2000/10781 loss 1.0473 lr 5.57e-05 543s
  ep1 step 2500/10781 loss 1.0350 lr 6.96e-05 727s
  ep1 step 3000/10781 loss 1.0259 lr 8.35e-05 915s
  ep1 step 3500/10781 loss 1.0186 lr 9.74e-05 1058s
  ep1 step 4000/10781 loss 1.0123 lr 1.11e-04 1153s
  ep1 step 4500/10781 loss 1.0069 lr 1.25e-04 1248s
  ep1 step 5000/10781 loss 1.0016 lr 1.39e-04 1343s
  ep1 step 5500/10781 loss 0.9957 lr 1.53e-04 1438s
  ep1 step 6000/10781 loss 0.9884 lr 1.67e-04 1532s
  ep1 step 6500/10781 loss 0.9801 lr 1.81e-04 1627s
  ep1 step 7000/10781 loss 0.9703 lr 1.95e-04 1722s
  ep1 step 7500/10781 loss 0.9582 lr 2.09e-04 1816s
  ep1 step 8000/10781 loss 0.9410 lr 2.23e-04 1911s
  ep1 step 8500/10781 loss 0.9175 lr 2.37e-04 2006s
  ep1 step 9000/10781 loss 0.8902 lr 2.50e-04 2101s
  ep1 step 9500/10781 loss 0.8607 lr 2.64e-04 2196s
  ep1 step 10000/10781 loss 0.8329 lr 2.78e-04 2291s
  ep1 step 10500/10781 loss 0.8059 lr 2.92e-04 2386s
{"ep": 1, "loss": 0.7912, "val_pooled_db": [-8.41, -7.73, -7.11, -6.56], "val_median_db": [-10.21, -9.85, -9.17, -8.71], "val_align_db": [-11.55, -11.24, -10.66, -10.31], "rho": [0.964, 0.962, 0.956, 0.952], "copy_last_db": [-4.45, -1.94, -1.6, -1.16], "lr": 0.0003, "sec": 2476.5}
  ep2 step 500/10781 loss 0.2362 lr 3.00e-04 93s
  ep2 step 1000/10781 loss 0.2328 lr 3.00e-04 187s
  ep2 step 1500/10781 loss 0.2228 lr 3.00e-04 282s
  ep2 step 2000/10781 loss 0.2160 lr 3.00e-04 377s
  ep2 step 2500/10781 loss 0.2131 lr 3.00e-04 470s
  ep2 step 3000/10781 loss 0.2087 lr 3.00e-04 565s
  ep2 step 3500/10781 loss 0.2050 lr 3.00e-04 660s
  ep2 step 4000/10781 loss 0.2027 lr 3.00e-04 754s
  ep2 step 4500/10781 loss 0.2002 lr 3.00e-04 848s
  ep2 step 5000/10781 loss 0.1969 lr 3.00e-04 942s
  ep2 step 5500/10781 loss 0.1941 lr 3.00e-04 1036s
  ep2 step 6000/10781 loss 0.1918 lr 3.00e-04 1130s
  ep2 step 6500/10781 loss 0.1898 lr 3.00e-04 1224s
  ep2 step 7000/10781 loss 0.1878 lr 3.00e-04 1318s
  ep2 step 7500/10781 loss 0.1854 lr 3.00e-04 1413s
  ep2 step 8000/10781 loss 0.1836 lr 3.00e-04 1506s
  ep2 step 8500/10781 loss 0.1817 lr 3.00e-04 1601s
  ep2 step 9000/10781 loss 0.1805 lr 3.00e-04 1695s
  ep2 step 9500/10781 loss 0.1787 lr 3.00e-04 1789s
  ep2 step 10000/10781 loss 0.1770 lr 3.00e-04 1884s
  ep2 step 10500/10781 loss 0.1756 lr 3.00e-04 1978s
{"ep": 2, "loss": 0.17473, "val_pooled_db": [-11.03, -10.2, -9.42, -8.76], "val_median_db": [-14.21, -13.6, -12.73, -12.02], "val_align_db": [-15.79, -15.28, -14.57, -13.91], "rho": [0.987, 0.985, 0.982, 0.979], "copy_last_db": [-4.45, -1.94, -1.6, -1.16], "lr": 0.0002995135962201315, "sec": 2068.9}
  ep3 step 500/10781 loss 0.1442 lr 2.99e-04 94s
  ep3 step 1000/10781 loss 0.1411 lr 2.99e-04 187s
  ep3 step 1500/10781 loss 0.1408 lr 2.99e-04 281s
  ep3 step 2000/10781 loss 0.1403 lr 2.99e-04 374s
  ep3 step 2500/10781 loss 0.1404 lr 2.99e-04 468s
  ep3 step 3000/10781 loss 0.1418 lr 2.99e-04 561s
  ep3 step 3500/10781 loss 0.1408 lr 2.99e-04 654s
  ep3 step 4000/10781 loss 0.1398 lr 2.99e-04 747s
  ep3 step 4500/10781 loss 0.1397 lr 2.99e-04 840s
  ep3 step 5000/10781 loss 0.1388 lr 2.99e-04 933s
  ep3 step 5500/10781 loss 0.1380 lr 2.99e-04 1026s
  ep3 step 6000/10781 loss 0.1374 lr 2.99e-04 1119s
  ep3 step 6500/10781 loss 0.1368 lr 2.99e-04 1212s
  ep3 step 7000/10781 loss 0.1364 lr 2.99e-04 1306s
  ep3 step 7500/10781 loss 0.1361 lr 2.99e-04 1399s
  ep3 step 8000/10781 loss 0.1355 lr 2.99e-04 1492s
  ep3 step 8500/10781 loss 0.1352 lr 2.98e-04 1585s
  ep3 step 9000/10781 loss 0.1346 lr 2.98e-04 1678s
  ep3 step 9500/10781 loss 0.1340 lr 2.98e-04 1771s
  ep3 step 10000/10781 loss 0.1334 lr 2.98e-04 1864s
  ep3 step 10500/10781 loss 0.1330 lr 2.98e-04 1957s
{"ep": 3, "loss": 0.13295, "val_pooled_db": [-11.49, -10.45, -9.62, -8.9], "val_median_db": [-15.12, -13.98, -13.13, -12.39], "val_align_db": [-16.72, -15.87, -15.18, -14.5], "rho": [0.989, 0.987, 0.985, 0.982], "copy_last_db": [-4.45, -1.94, -1.6, -1.16], "lr": 0.00029805753939568687, "sec": 2046.8}
  ep4 step 500/10781 loss 0.1241 lr 2.98e-04 93s
  ep4 step 1000/10781 loss 0.1209 lr 2.98e-04 186s
  ep4 step 1500/10781 loss 0.1205 lr 2.98e-04 279s
  ep4 step 2000/10781 loss 0.1217 lr 2.98e-04 373s
  ep4 step 2500/10781 loss 0.1209 lr 2.98e-04 466s
  ep4 step 3000/10781 loss 0.1207 lr 2.97e-04 559s
  ep4 step 3500/10781 loss 0.1200 lr 2.97e-04 653s
  ep4 step 4000/10781 loss 0.1204 lr 2.97e-04 746s
  ep4 step 4500/10781 loss 0.1203 lr 2.97e-04 840s
  ep4 step 5000/10781 loss 0.1199 lr 2.97e-04 933s
  ep4 step 5500/10781 loss 0.1195 lr 2.97e-04 1026s
  ep4 step 6000/10781 loss 0.1190 lr 2.97e-04 1120s
  ep4 step 6500/10781 loss 0.1188 lr 2.97e-04 1212s
  ep4 step 7000/10781 loss 0.1188 lr 2.97e-04 1306s
  ep4 step 7500/10781 loss 0.1185 lr 2.96e-04 1399s
  ep4 step 8000/10781 loss 0.1182 lr 2.96e-04 1492s
  ep4 step 8500/10781 loss 0.1180 lr 2.96e-04 1585s
  ep4 step 9000/10781 loss 0.1178 lr 2.96e-04 1679s
  ep4 step 9500/10781 loss 0.1175 lr 2.96e-04 1772s
  ep4 step 10000/10781 loss 0.1173 lr 2.96e-04 1865s
  ep4 step 10500/10781 loss 0.1172 lr 2.96e-04 1958s
{"ep": 4, "loss": 0.11703, "val_pooled_db": [-11.55, -10.56, -9.78, -9.08], "val_median_db": [-15.63, -14.79, -13.83, -13.09], "val_align_db": [-17.02, -16.57, -15.78, -15.06], "rho": [0.99, 0.989, 0.987, 0.984], "copy_last_db": [-4.45, -1.94, -1.6, -1.16], "lr": 0.00029564127261390776, "sec": 2048.4}
  ep5 step 500/10781 loss 0.1100 lr 2.96e-04 93s
  ep5 step 1000/10781 loss 0.1095 lr 2.95e-04 186s
  ep5 step 1500/10781 loss 0.1095 lr 2.95e-04 279s
  ep5 step 2000/10781 loss 0.1095 lr 2.95e-04 372s
  ep5 step 2500/10781 loss 0.1093 lr 2.95e-04 465s
  ep5 step 3000/10781 loss 0.1089 lr 2.95e-04 557s
  ep5 step 3500/10781 loss 0.1088 lr 2.95e-04 650s
  ep5 step 4000/10781 loss 0.1086 lr 2.95e-04 743s
  ep5 step 4500/10781 loss 0.1085 lr 2.94e-04 835s
  ep5 step 5000/10781 loss 0.1081 lr 2.94e-04 928s
  ep5 step 5500/10781 loss 0.1081 lr 2.94e-04 1021s
  ep5 step 6000/10781 loss 0.1080 lr 2.94e-04 1114s
  ep5 step 6500/10781 loss 0.1080 lr 2.94e-04 1207s
  ep5 step 7000/10781 loss 0.1077 lr 2.94e-04 1299s
  ep5 step 7500/10781 loss 0.1076 lr 2.93e-04 1392s
  ep5 step 8000/10781 loss 0.1073 lr 2.93e-04 1485s
  ep5 step 8500/10781 loss 0.1071 lr 2.93e-04 1577s
  ep5 step 9000/10781 loss 0.1069 lr 2.93e-04 1670s
  ep5 step 9500/10781 loss 0.1068 lr 2.93e-04 1763s
  ep5 step 10000/10781 loss 0.1069 lr 2.93e-04 1856s
  ep5 step 10500/10781 loss 0.1068 lr 2.92e-04 1949s
{"ep": 5, "loss": 0.10666, "val_pooled_db": [-11.73, -10.61, -9.8, -8.94], "val_median_db": [-15.82, -14.81, -13.82, -13.09], "val_align_db": [-17.39, -16.6, -15.84, -15.11], "rho": [0.991, 0.989, 0.987, 0.984], "copy_last_db": [-4.45, -1.94, -1.6, -1.16], "lr": 0.00029228046629207175, "sec": 2039.2}
  ep6 step 500/10781 loss 0.0999 lr 2.92e-04 93s
  ep6 step 1000/10781 loss 0.0999 lr 2.92e-04 185s
  ep6 step 1500/10781 loss 0.0997 lr 2.92e-04 277s
  ep6 step 2000/10781 loss 0.0998 lr 2.92e-04 370s
  ep6 step 2500/10781 loss 0.1002 lr 2.91e-04 462s
  ep6 step 3000/10781 loss 0.1001 lr 2.91e-04 555s
  ep6 step 3500/10781 loss 0.1001 lr 2.91e-04 647s
  ep6 step 4000/10781 loss 0.0999 lr 2.91e-04 740s
  ep6 step 4500/10781 loss 0.0998 lr 2.91e-04 833s
  ep6 step 5000/10781 loss 0.0997 lr 2.90e-04 925s
  ep6 step 5500/10781 loss 0.1005 lr 2.90e-04 1017s
  ep6 step 6000/10781 loss 0.1008 lr 2.90e-04 1110s
  ep6 step 6500/10781 loss 0.1005 lr 2.90e-04 1202s
  ep6 step 7000/10781 loss 0.1002 lr 2.90e-04 1295s
  ep6 step 7500/10781 loss 0.1001 lr 2.89e-04 1387s
  ep6 step 8000/10781 loss 0.0999 lr 2.89e-04 1480s
  ep6 step 8500/10781 loss 0.0998 lr 2.89e-04 1572s
  ep6 step 9000/10781 loss 0.0995 lr 2.89e-04 1665s
  ep6 step 9500/10781 loss 0.0998 lr 2.89e-04 1758s
  ep6 step 10000/10781 loss 0.0996 lr 2.88e-04 1850s
  ep6 step 10500/10781 loss 0.0995 lr 2.88e-04 1942s
{"ep": 6, "loss": 0.09937, "val_pooled_db": [-11.8, -10.68, -9.87, -9.1], "val_median_db": [-16.14, -15.12, -14.07, -13.39], "val_align_db": [-17.5, -16.79, -15.98, -15.32], "rho": [0.991, 0.989, 0.987, 0.985], "copy_last_db": [-4.45, -1.94, -1.6, -1.16], "lr": 0.0002879969165488236, "sec": 2032.0}
  ep7 step 500/10781 loss 0.0931 lr 2.88e-04 93s
  ep7 step 1000/10781 loss 0.0935 lr 2.88e-04 185s
  ep7 step 1500/10781 loss 0.0931 lr 2.87e-04 278s
  ep7 step 2000/10781 loss 0.0931 lr 2.87e-04 371s
  ep7 step 2500/10781 loss 0.0931 lr 2.87e-04 464s
  ep7 step 3000/10781 loss 0.0932 lr 2.87e-04 556s
  ep7 step 3500/10781 loss 0.0930 lr 2.86e-04 648s
  ep7 step 4000/10781 loss 0.0930 lr 2.86e-04 740s
  ep7 step 4500/10781 loss 0.0929 lr 2.86e-04 833s
  ep7 step 5000/10781 loss 0.0928 lr 2.86e-04 926s
  ep7 step 5500/10781 loss 0.0927 lr 2.85e-04 1018s
  ep7 step 6000/10781 loss 0.0925 lr 2.85e-04 1110s
  ep7 step 6500/10781 loss 0.0936 lr 2.85e-04 1203s
  ep7 step 7000/10781 loss 0.0936 lr 2.85e-04 1295s
  ep7 step 7500/10781 loss 0.0934 lr 2.84e-04 1388s
  ep7 step 8000/10781 loss 0.0934 lr 2.84e-04 1480s
  ep7 step 8500/10781 loss 0.0934 lr 2.84e-04 1572s
  ep7 step 9000/10781 loss 0.0932 lr 2.84e-04 1664s
  ep7 step 9500/10781 loss 0.0931 lr 2.83e-04 1756s
  ep7 step 10000/10781 loss 0.0929 lr 2.83e-04 1849s
  ep7 step 10500/10781 loss 0.0929 lr 2.83e-04 1941s
{"ep": 7, "loss": 0.09294, "val_pooled_db": [-11.85, -10.74, -9.93, -9.23], "val_median_db": [-16.23, -15.22, -14.31, -13.61], "val_align_db": [-17.85, -16.94, -16.27, -15.67], "rho": [0.992, 0.99, 0.988, 0.986], "copy_last_db": [-4.45, -1.94, -1.6, -1.16], "lr": 0.0002828184038479814, "sec": 2030.9}
  ep8 step 500/10781 loss 0.0892 lr 2.83e-04 93s
  ep8 step 1000/10781 loss 0.0881 lr 2.82e-04 185s
  ep8 step 1500/10781 loss 0.0882 lr 2.82e-04 278s
  ep8 step 2000/10781 loss 0.0882 lr 2.82e-04 371s
  ep8 step 2500/10781 loss 0.0884 lr 2.81e-04 463s
  ep8 step 3000/10781 loss 0.0885 lr 2.81e-04 556s
  ep8 step 3500/10781 loss 0.0884 lr 2.81e-04 648s
  ep8 step 4000/10781 loss 0.0883 lr 2.81e-04 741s
  ep8 step 4500/10781 loss 0.0884 lr 2.80e-04 833s
  ep8 step 5000/10781 loss 0.0884 lr 2.80e-04 926s
  ep8 step 5500/10781 loss 0.0883 lr 2.80e-04 1019s
  ep8 step 6000/10781 loss 0.0884 lr 2.80e-04 1111s
  ep8 step 6500/10781 loss 0.0883 lr 2.79e-04 1204s
  ep8 step 7000/10781 loss 0.0882 lr 2.79e-04 1296s
  ep8 step 7500/10781 loss 0.0882 lr 2.79e-04 1389s
  ep8 step 8000/10781 loss 0.0881 lr 2.78e-04 1481s
  ep8 step 8500/10781 loss 0.0881 lr 2.78e-04 1574s
  ep8 step 9000/10781 loss 0.0879 lr 2.78e-04 1666s
  ep8 step 9500/10781 loss 0.0879 lr 2.78e-04 1758s
  ep8 step 10000/10781 loss 0.0878 lr 2.77e-04 1851s
  ep8 step 10500/10781 loss 0.0877 lr 2.77e-04 1943s
{"ep": 8, "loss": 0.08766, "val_pooled_db": [-11.94, -10.89, -9.99, -9.16], "val_median_db": [-16.41, -15.43, -14.36, -13.52], "val_align_db": [-17.81, -17.1, -16.32, -15.59], "rho": [0.992, 0.99, 0.988, 0.986], "copy_last_db": [-4.45, -1.94, -1.6, -1.16], "lr": 0.0002767785128315692, "sec": 2032.5}
  ep9 step 500/10781 loss 0.0845 lr 2.76e-04 93s
  ep9 step 1000/10781 loss 0.0847 lr 2.76e-04 185s
  ep9 step 1500/10781 loss 0.0847 lr 2.76e-04 278s
  ep9 step 2000/10781 loss 0.0849 lr 2.76e-04 370s
  ep9 step 2500/10781 loss 0.0848 lr 2.75e-04 463s
  ep9 step 3000/10781 loss 0.0848 lr 2.75e-04 555s
  ep9 step 3500/10781 loss 0.0847 lr 2.75e-04 648s
  ep9 step 4000/10781 loss 0.0848 lr 2.74e-04 741s
  ep9 step 4500/10781 loss 0.0846 lr 2.74e-04 833s
  ep9 step 5000/10781 loss 0.0845 lr 2.74e-04 925s
  ep9 step 5500/10781 loss 0.0845 lr 2.73e-04 1018s
  ep9 step 6000/10781 loss 0.0846 lr 2.73e-04 1111s
  ep9 step 6500/10781 loss 0.0846 lr 2.73e-04 1203s
  ep9 step 7000/10781 loss 0.0846 lr 2.72e-04 1296s
  ep9 step 7500/10781 loss 0.0846 lr 2.72e-04 1388s
  ep9 step 8000/10781 loss 0.0845 lr 2.72e-04 1481s
  ep9 step 8500/10781 loss 0.0844 lr 2.71e-04 1574s
  ep9 step 9000/10781 loss 0.0844 lr 2.71e-04 1666s
  ep9 step 9500/10781 loss 0.0848 lr 2.71e-04 1758s
  ep9 step 10000/10781 loss 0.0847 lr 2.70e-04 1851s
  ep9 step 10500/10781 loss 0.0846 lr 2.70e-04 1943s
{"ep": 9, "loss": 0.08461, "val_pooled_db": [-11.8, -10.65, -9.75, -8.98], "val_median_db": [-16.41, -15.35, -14.25, -13.37], "val_align_db": [-17.87, -17.01, -16.22, -15.35], "rho": [0.992, 0.99, 0.988, 0.985], "copy_last_db": [-4.45, -1.94, -1.6, -1.16], "lr": 0.00026991641451052517, "sec": 2033.1}
  ep10 step 500/10781 loss 0.0816 lr 2.70e-04 93s
  ep10 step 1000/10781 loss 0.0818 lr 2.69e-04 187s
  ep10 step 1500/10781 loss 0.0823 lr 2.69e-04 281s
  ep10 step 2000/10781 loss 0.0823 lr 2.69e-04 376s
  ep10 step 2500/10781 loss 0.0821 lr 2.68e-04 470s
  ep10 step 3000/10781 loss 0.0820 lr 2.68e-04 564s
  ep10 step 3500/10781 loss 0.0820 lr 2.68e-04 658s
  ep10 step 4000/10781 loss 0.0826 lr 2.67e-04 751s
  ep10 step 4500/10781 loss 0.0826 lr 2.67e-04 843s
  ep10 step 5000/10781 loss 0.0824 lr 2.66e-04 936s
  ep10 step 5500/10781 loss 0.0823 lr 2.66e-04 1029s
  ep10 step 6000/10781 loss 0.0822 lr 2.66e-04 1122s
  ep10 step 6500/10781 loss 0.0821 lr 2.65e-04 1215s
  ep10 step 7000/10781 loss 0.0820 lr 2.65e-04 1308s
  ep10 step 7500/10781 loss 0.0819 lr 2.65e-04 1401s
  ep10 step 8000/10781 loss 0.0819 lr 2.64e-04 1494s
  ep10 step 8500/10781 loss 0.0818 lr 2.64e-04 1587s
  ep10 step 9000/10781 loss 0.0818 lr 2.64e-04 1679s
  ep10 step 9500/10781 loss 0.0818 lr 2.63e-04 1772s
  ep10 step 10000/10781 loss 0.0818 lr 2.63e-04 1865s
  ep10 step 10500/10781 loss 0.0817 lr 2.62e-04 1958s
{"ep": 10, "loss": 0.08166, "val_pooled_db": [-11.73, -10.67, -9.76, -9.01], "val_median_db": [-16.55, -15.4, -14.29, -13.53], "val_align_db": [-18.01, -17.1, -16.23, -15.45], "rho": [0.992, 0.99, 0.988, 0.986], "copy_last_db": [-4.45, -1.94, -1.6, -1.16], "lr": 0.00026227661222566516, "sec": 2048.6}
  ep11 step 500/10781 loss 0.0799 lr 2.62e-04 93s
  ep11 step 1000/10781 loss 0.0796 lr 2.62e-04 187s
  ep11 step 1500/10781 loss 0.0794 lr 2.61e-04 281s
  ep11 step 2000/10781 loss 0.0794 lr 2.61e-04 375s
  ep11 step 2500/10781 loss 0.0795 lr 2.60e-04 470s
  ep11 step 3000/10781 loss 0.0798 lr 2.60e-04 564s
  ep11 step 3500/10781 loss 0.0799 lr 2.60e-04 658s
  ep11 step 4000/10781 loss 0.0797 lr 2.59e-04 753s
  ep11 step 4500/10781 loss 0.0797 lr 2.59e-04 847s
  ep11 step 5000/10781 loss 0.0796 lr 2.58e-04 942s
  ep11 step 5500/10781 loss 0.0796 lr 2.58e-04 1036s
  ep11 step 6000/10781 loss 0.0797 lr 2.58e-04 1130s
  ep11 step 6500/10781 loss 0.0797 lr 2.57e-04 1224s
  ep11 step 7000/10781 loss 0.0796 lr 2.57e-04 1319s
  ep11 step 7500/10781 loss 0.0796 lr 2.57e-04 1413s
  ep11 step 8000/10781 loss 0.0795 lr 2.56e-04 1508s
  ep11 step 8500/10781 loss 0.0795 lr 2.56e-04 1602s
  ep11 step 9000/10781 loss 0.0794 lr 2.55e-04 1696s
  ep11 step 9500/10781 loss 0.0794 lr 2.55e-04 1790s
  ep11 step 10000/10781 loss 0.0794 lr 2.55e-04 1885s
  ep11 step 10500/10781 loss 0.0793 lr 2.54e-04 1979s
{"ep": 11, "loss": 0.0793, "val_pooled_db": [-11.59, -10.49, -9.7, -9.06], "val_median_db": [-16.62, -15.35, -14.33, -13.57], "val_align_db": [-18.0, -16.98, -16.23, -15.42], "rho": [0.992, 0.99, 0.988, 0.986], "copy_last_db": [-4.45, -1.94, -1.6, -1.16], "lr": 0.0002539086530264399, "sec": 2070.0}
  ep12 step 500/10781 loss 0.0778 lr 2.54e-04 94s
  ep12 step 1000/10781 loss 0.0779 lr 2.53e-04 189s
  ep12 step 1500/10781 loss 0.0778 lr 2.53e-04 283s
  ep12 step 2000/10781 loss 0.0778 lr 2.52e-04 377s
  ep12 step 2500/10781 loss 0.0775 lr 2.52e-04 472s
  ep12 step 3000/10781 loss 0.0775 lr 2.51e-04 566s
  ep12 step 3500/10781 loss 0.0776 lr 2.51e-04 661s
  ep12 step 4000/10781 loss 0.0776 lr 2.51e-04 755s
  ep12 step 4500/10781 loss 0.0776 lr 2.50e-04 849s
  ep12 step 5000/10781 loss 0.0775 lr 2.50e-04 944s
  ep12 step 5500/10781 loss 0.0775 lr 2.49e-04 1038s
  ep12 step 6000/10781 loss 0.0775 lr 2.49e-04 1132s
  ep12 step 6500/10781 loss 0.0775 lr 2.49e-04 1226s
  ep12 step 7000/10781 loss 0.0774 lr 2.48e-04 1320s
  ep12 step 7500/10781 loss 0.0773 lr 2.48e-04 1414s
  ep12 step 8000/10781 loss 0.0774 lr 2.47e-04 1509s
  ep12 step 8500/10781 loss 0.0774 lr 2.47e-04 1603s
  ep12 step 9000/10781 loss 0.0774 lr 2.46e-04 1697s
  ep12 step 9500/10781 loss 0.0773 lr 2.46e-04 1792s
  ep12 step 10000/10781 loss 0.0775 lr 2.46e-04 1886s
  ep12 step 10500/10781 loss 0.0775 lr 2.45e-04 1981s
{"ep": 12, "loss": 0.07742, "val_pooled_db": [-11.69, -10.48, -9.62, -8.87], "val_median_db": [-16.89, -15.71, -14.53, -13.71], "val_align_db": [-18.14, -17.27, -16.44, -15.66], "rho": [0.992, 0.991, 0.989, 0.986], "copy_last_db": [-4.45, -1.94, -1.6, -1.16], "lr": 0.0002448668063393066, "sec": 2071.4}
  ep13 step 500/10781 loss 0.0757 lr 2.44e-04 94s
  ep13 step 1000/10781 loss 0.0760 lr 2.44e-04 189s
  ep13 step 1500/10781 loss 0.0761 lr 2.44e-04 283s
  ep13 step 2000/10781 loss 0.0760 lr 2.43e-04 377s
  ep13 step 2500/10781 loss 0.0758 lr 2.43e-04 472s
  ep13 step 3000/10781 loss 0.0757 lr 2.42e-04 565s
  ep13 step 3500/10781 loss 0.0757 lr 2.42e-04 659s
  ep13 step 4000/10781 loss 0.0757 lr 2.41e-04 753s
  ep13 step 4500/10781 loss 0.0757 lr 2.41e-04 847s
  ep13 step 5000/10781 loss 0.0758 lr 2.40e-04 942s
  ep13 step 5500/10781 loss 0.0757 lr 2.40e-04 1036s
  ep13 step 6000/10781 loss 0.0757 lr 2.40e-04 1130s
  ep13 step 6500/10781 loss 0.0757 lr 2.39e-04 1224s
  ep13 step 7000/10781 loss 0.0757 lr 2.39e-04 1319s
  ep13 step 7500/10781 loss 0.0756 lr 2.38e-04 1413s
  ep13 step 8000/10781 loss 0.0756 lr 2.38e-04 1507s
  ep13 step 8500/10781 loss 0.0755 lr 2.37e-04 1600s
  ep13 step 9000/10781 loss 0.0755 lr 2.37e-04 1692s
  ep13 step 9500/10781 loss 0.0755 lr 2.36e-04 1785s
  ep13 step 10000/10781 loss 0.0754 lr 2.36e-04 1877s
  ep13 step 10500/10781 loss 0.0754 lr 2.35e-04 1970s
{"ep": 13, "loss": 0.07534, "val_pooled_db": [-11.77, -10.66, -9.81, -9.09], "val_median_db": [-17.05, -15.86, -14.52, -13.74], "val_align_db": [-18.3, -17.49, -16.56, -15.81], "rho": [0.993, 0.991, 0.989, 0.987], "copy_last_db": [-4.45, -1.94, -1.6, -1.16], "lr": 0.00023520971200967334, "sec": 2059.1}
early stopping at ep 13 (best ep 8, -10.49 dB)
DONE best_ep 8 val_mean_pooled_db -10.49
