torch 2.6.0+cu124 cuda_visible 0 device cuda:0 B 2 train_B 32
DATA {"X": [2, 16, 64, 64, 2], "Y": [2, 4, 64, 64, 2], "scale": [8.100299601210281e-05, 8.087368769338354e-05], "window0": {"start": 0, "traj": {"id": 0, "town": "Town03", "scen": "Town03_5wayroad", "cav": "cav_1"}, "frames": [326234, 326235, 326236, 326237, 326238, 326239, 326240, 326241, 326242, 326243, 326244, 326245, 326246, 326247, 326248, 326249]}, "sensors": {"cam": [2, 16, 196, 768, "torch.float16"], "lidar": [2, 16, 64, 384, "torch.float16"], "radar": [2, 16, 2, 64, 64, "torch.float16"], "pos": [2, 16, 10, "torch.float32"]}, "X_rms": [1.0000001192092896, 1.0000001192092896], "sensor_stats": {"cam": {"mean": 0.00350548280403018, "std": 0.6800903081893921, "absmax": 5.578125}, "lidar": {"mean": 0.024798711761832237, "std": 0.0795801430940628, "absmax": 1.0810546875}, "radar": {"mean": 0.16835296154022217, "std": 0.8853166103363037, "absmax": 25.0}, "pos": {"mean": -0.1613241285085678, "std": 10.264492988586426, "absmax": 23.971012115478516}}, "pos_row0": [1.814, -22.091, -4.126, 22.546, -0.997, 0.082, 0.523, 0.529, 0.055, 0.746], "radar_count_sum_frame0": 1358.0, "load_sec": 0.5}
OK  cam                        params  23.177M (enc 0.461M fusion 3.554M backbone 9.178M head 9.978M) out (2, 4, 64, 64, 2) hooks 80 fwd 0.101s peak 198MB gate [0.5, 0.5, 0.5] sensor_tok 16 max|diff| vs chiron 0.00e+00
OK  lidar                      params  23.082M (enc 0.366M fusion 3.554M backbone 9.178M head 9.978M) out (2, 4, 64, 64, 2) hooks 80 fwd 0.008s peak 200MB gate [0.5, 0.5, 0.5] sensor_tok 256 max|diff| vs chiron 0.00e+00
OK  radar                      params  22.789M (enc 0.073M fusion 3.554M backbone 9.178M head 9.978M) out (2, 4, 64, 64, 2) hooks 85 fwd 0.098s peak 196MB gate [0.5, 0.5, 0.5] sensor_tok 16 max|diff| vs chiron 0.00e+00
OK  cam+lidar                  params  23.543M (enc 0.827M fusion 3.554M backbone 9.178M head 9.978M) out (2, 4, 64, 64, 2) hooks 84 fwd 0.008s peak 202MB gate [0.5, 0.5, 0.5] sensor_tok 272 max|diff| vs chiron 0.00e+00
OK  cam+lidar+radar            params  23.616M (enc 0.900M fusion 3.554M backbone 9.178M head 9.978M) out (2, 4, 64, 64, 2) hooks 93 fwd 0.008s peak 203MB gate [0.5, 0.5, 0.5] sensor_tok 288 max|diff| vs chiron 0.00e+00
OK  pos                        params  22.785M (enc 0.069M fusion 3.554M backbone 9.178M head 9.978M) out (2, 4, 64, 64, 2) hooks 81 fwd 0.007s peak 196MB gate [0.5, 0.5, 0.5] sensor_tok 16 max|diff| vs chiron 0.00e+00
OK  pos(bcast)                 params  19.230M (enc 0.069M fusion 0.000M backbone 9.178M head 9.978M) out (2, 4, 64, 64, 2) hooks 45 fwd 0.005s peak 183MB gate [] sensor_tok 0 max|diff| vs chiron 0.00e+00
OK  cam+lidar+radar+pos        params  23.685M (enc 0.968M fusion 3.554M backbone 9.178M head 9.978M) out (2, 4, 64, 64, 2) hooks 98 fwd 0.009s peak 203MB gate [0.5, 0.5, 0.5] sensor_tok 304 max|diff| vs chiron 0.00e+00
S1_INIT_CHECK {"ckpt": "/mnt/ssd_7t_2/carla-wireless-dataset/mmw_reproduction/outputs_cp/s1_chiron_lr3e-4/best.pt", "epoch": 8, "max_abs_diff": 0.0, "nmse_db_mm": [-14.85, -14.51, -13.22, -12.05], "nmse_db_s1": [-14.85, -14.51, -13.22, -12.05], "gate": [0.5, 0.5, 0.5]}
CAUSAL_MASK_CHECK {"perturb_sensor_frame": 15, "max_abs_change_per_channel_frame": [0.0, 0.0, 0.0, 0.0, 0.0, 0.0, 0.0, 0.0, 0.0, 0.0, 0.0, 0.0, 0.0, 0.0, 0.0, 0.023337125778198242], "frames_lt_15_unchanged": true, "frame_15_changed": true, "perturb_frame0_max_abs_change_per_channel_frame": [0.27611029148101807, 0.15142887830734253, 0.10610663890838623, 0.08152514696121216, 0.06662750244140625, 0.055812299251556396, 0.04826951026916504, 0.043440937995910645, 0.038950324058532715, 0.03404676914215088, 0.032298922538757324, 0.02927243709564209, 0.02613520622253418, 0.025136828422546387, 0.022884726524353027, 0.02321004867553711], "all_frames_changed_when_frame0_perturbed": true, "mask_shape": [512, 304], "mask_blocked_frac": 0.46875}
LOADER {"steady_state": {"batch_sec_mean": 0.0524, "batch_sec_std": 0.002, "channel_part_sec_mean": 0.0024, "extra_disk_bytes": 0, "note": "frames in RAM(\uada4\uc801 0~2), window LRU bypass"}, "train_B": 32, "cold_batch_sec": 0.2268, "warm_batch_sec": 0.0409, "random_batches_sec": [0.1886, 0.1952, 0.1756, 0.1947, 0.1828, 0.1588, 0.1804, 0.1631, 0.1155, 0.0999, 0.104, 0.0979, 0.1087, 0.1044, 0.0936, 0.1013, 0.1086, 0.0929, 0.096, 0.0904], "random_batches_mean_sec": 0.1326, "channel_only_batch_sec": [0.0037, 0.0031, 0.0034, 0.0042, 0.0031], "disk_bytes_cold_batch": 187695104, "disk_bytes_20_random_batches": 2714613760, "window_bytes": {"cam": 4816896, "lidar": 786432, "radar": 262144, "pos": 640}, "window_bytes_total": 5866112, "frame_bytes": {"cam": 301056, "lidar": 49152, "radar": 16384}, "frames_in_ram": 7933, "ram_bytes_frames": 2908174336, "rsu_frames_total": 17200, "full_ram_estimate_bytes": 6305382400, "stats": {"window_hit": 36, "window_miss": 2590, "sensor_sec": 5.823649644851685, "batches": 83, "store_frame_hit": 33507, "store_frame_miss": 7933, "store_disk_bytes": 2908174336, "store_missing_rows": 0, "frames_in_ram": 7933, "windows_in_ram": 1}, "n_train_items": 689936, "n_train_windows": 43121}
TRAIN chiron_channel_only        params  19.157M step 63±0 ms eval fwd 18 ms peak 4738MB → epoch ≈ 0.38 h
TRAIN cam                        params  23.177M step 90±0 ms eval fwd 27 ms peak 6817MB → epoch ≈ 0.55 h gate [0.49024808406829834, 0.4906272888183594, 0.4896014332771301]
TRAIN lidar                      params  23.082M step 91±15 ms eval fwd 25 ms peak 6418MB → epoch ≈ 0.56 h gate [0.4935287833213806, 0.4931788444519043, 0.49230995774269104]
TRAIN radar                      params  22.789M step 82±0 ms eval fwd 24 ms peak 6336MB → epoch ≈ 0.50 h gate [0.49454182386398315, 0.494228720664978, 0.4938088655471802]
TRAIN cam+lidar                  params  23.543M step 98±0 ms eval fwd 29 ms peak 7125MB → epoch ≈ 0.60 h gate [0.4934726357460022, 0.49289238452911377, 0.49198198318481445]
TRAIN cam+lidar+radar            params  23.616M step 104±10 ms eval fwd 30 ms peak 7346MB → epoch ≈ 0.63 h gate [0.49217936396598816, 0.4915657937526703, 0.4913576543331146]
TRAIN pos                        params  22.785M step 79±0 ms eval fwd 23 ms peak 6121MB → epoch ≈ 0.48 h gate [0.49187326431274414, 0.4915565252304077, 0.49116650223731995]
TRAIN pos(bcast)                 params  19.230M step 63±0 ms eval fwd 18 ms peak 4740MB → epoch ≈ 0.38 h gate []
TRAIN cam+lidar+radar+pos        params  23.685M step 101±0 ms eval fwd 30 ms peak 7353MB → epoch ≈ 0.61 h gate [0.492885023355484, 0.4924481511116028, 0.4920167922973633]
TRAIN full(causal_mask)          params  23.685M step 101±0 ms eval fwd 30 ms peak 7355MB → epoch ≈ 0.61 h gate [0.492869108915329, 0.49244993925094604, 0.49196356534957886]
[coverage] {"cam": {"channel_frames": 53800, "missing": 0, "examples": [], "rsu_frames_cached": 17200, "row_bytes": 301056}, "lidar": {"channel_frames": 53800, "missing": 0, "examples": [], "rsu_frames_cached": 17200, "row_bytes": 49152}, "radar": {"channel_frames": 53800, "missing": 0, "examples": [], "rsu_frames_cached": 17200, "row_bytes": 16384}, "pos": {"source": "predicted", "nan_rows": 0, "missing_yaml": 0, "examples": [], "n": 53800}}
[pos-check] φ(true pos, RSU-local) vs AoD: n 53800 median |Δ| 0.00° p90 0.06° max 39.1° within 2°: 0.998
saved /mnt/ssd_7t_2/carla-wireless-dataset/mmw_reproduction/channel_pred_feasibility/scripts/13_probe_multimodal_cp.json | overall peak MB 7354.6
