[t1_chiron_s1] frames 53800 Nr 16 Nt 64 Ksc 64 | split T1: train windows 41090 (x16 = 657440), val windows 2490 (x16 = 39840) | load 0s
model repo:chiron params 19.16M | args {"model": "repo:chiron", "run_id": "t1_chiron_s1", "setting": "Nt_1_64_Nr_1_16_fc_28GHz", "Ksc": 64, "K_hist": 16, "H_pred": 4, "split": "T1", "seed": 1, "epochs": 40, "patience": 5, "lr": 0.0003, "wd": 0.0001, "batch": 64, "clip": 1.0, "warmup_epochs": 1.0, "D": 256, "L": 6, "heads": 8, "dropout": 0.1, "no_pos_emb": false, "residual": false, "c_hid": 128, "c_enc": 32, "norm": "rms", "patch_h": 4, "patch_w": 16, "lwm11_init": "pretrained", "lwm11_freeze": "none", "in_scale": 1.0, "t_layers": 2, "device": "cuda:0", "workers": 0, "max_train_windows": 0, "eval_every": 1, "out_root": "/mnt/ssd_7t_2/carla-wireless-dataset/mmw_reproduction/outputs_cp", "sensors": "", "pos_source": "predicted", "pos_mode": "token", "fuse_layers": 3, "causal_mask": false, "sensor_cache_root": "", "backbone_init": ""}
  ep1 step 500/10273 loss 1.1552 lr 1.46e-05 69s
  ep1 step 1000/10273 loss 1.0848 lr 2.92e-05 136s
  ep1 step 1500/10273 loss 1.0550 lr 4.38e-05 204s
  ep1 step 2000/10273 loss 1.0377 lr 5.84e-05 272s
  ep1 step 2500/10273 loss 1.0258 lr 7.30e-05 339s
  ep1 step 3000/10273 loss 1.0172 lr 8.76e-05 407s
  ep1 step 3500/10273 loss 1.0102 lr 1.02e-04 475s
  ep1 step 4000/10273 loss 1.0037 lr 1.17e-04 542s
  ep1 step 4500/10273 loss 0.9971 lr 1.31e-04 610s
  ep1 step 5000/10273 loss 0.9909 lr 1.46e-04 678s
  ep1 step 5500/10273 loss 0.9847 lr 1.61e-04 745s
  ep1 step 6000/10273 loss 0.9771 lr 1.75e-04 813s
  ep1 step 6500/10273 loss 0.9670 lr 1.90e-04 881s
  ep1 step 7000/10273 loss 0.9536 lr 2.04e-04 949s
  ep1 step 7500/10273 loss 0.9354 lr 2.19e-04 1016s
  ep1 step 8000/10273 loss 0.9122 lr 2.34e-04 1084s
  ep1 step 8500/10273 loss 0.8858 lr 2.48e-04 1152s
  ep1 step 9000/10273 loss 0.8577 lr 2.63e-04 1219s
  ep1 step 9500/10273 loss 0.8292 lr 2.77e-04 1287s
  ep1 step 10000/10273 loss 0.8012 lr 2.92e-04 1355s
{"ep": 1, "loss": 0.78657, "val_pooled_db": [-6.93, -6.5, -5.91, -5.39], "val_median_db": [-7.54, -7.03, -6.48, -6.1], "val_align_db": [-8.58, -8.24, -7.73, -7.39], "rho": [0.928, 0.922, 0.912, 0.904], "copy_last_db": [-4.46, -2.38, -1.54, -0.84], "lr": 0.0003, "sec": 1417.7}
  ep2 step 500/10273 loss 0.2344 lr 3.00e-04 68s
  ep2 step 1000/10273 loss 0.2290 lr 3.00e-04 135s
  ep2 step 1500/10273 loss 0.2237 lr 3.00e-04 203s
  ep2 step 2000/10273 loss 0.2191 lr 3.00e-04 271s
  ep2 step 2500/10273 loss 0.2147 lr 3.00e-04 338s
  ep2 step 3000/10273 loss 0.2102 lr 3.00e-04 406s
  ep2 step 3500/10273 loss 0.2068 lr 3.00e-04 474s
  ep2 step 4000/10273 loss 0.2030 lr 3.00e-04 541s
  ep2 step 4500/10273 loss 0.1998 lr 3.00e-04 609s
  ep2 step 5000/10273 loss 0.1968 lr 3.00e-04 676s
  ep2 step 5500/10273 loss 0.1941 lr 3.00e-04 744s
  ep2 step 6000/10273 loss 0.1914 lr 3.00e-04 812s
  ep2 step 6500/10273 loss 0.1889 lr 3.00e-04 879s
  ep2 step 7000/10273 loss 0.1869 lr 3.00e-04 947s
  ep2 step 7500/10273 loss 0.1849 lr 3.00e-04 1015s
  ep2 step 8000/10273 loss 0.1832 lr 3.00e-04 1082s
  ep2 step 8500/10273 loss 0.1815 lr 3.00e-04 1150s
  ep2 step 9000/10273 loss 0.1798 lr 3.00e-04 1217s
  ep2 step 9500/10273 loss 0.1779 lr 3.00e-04 1285s
  ep2 step 10000/10273 loss 0.1763 lr 3.00e-04 1353s
{"ep": 2, "loss": 0.17546, "val_pooled_db": [-8.99, -8.36, -7.56, -6.76], "val_median_db": [-10.49, -9.78, -8.97, -8.19], "val_align_db": [-11.61, -11.11, -10.5, -9.91], "rho": [0.965, 0.961, 0.954, 0.948], "copy_last_db": [-4.46, -2.38, -1.54, -0.84], "lr": 0.0002995135962201315, "sec": 1415.2}
  ep3 step 500/10273 loss 0.1395 lr 2.99e-04 68s
  ep3 step 1000/10273 loss 0.1406 lr 2.99e-04 135s
  ep3 step 1500/10273 loss 0.1414 lr 2.99e-04 203s
  ep3 step 2000/10273 loss 0.1405 lr 2.99e-04 271s
  ep3 step 2500/10273 loss 0.1399 lr 2.99e-04 338s
  ep3 step 3000/10273 loss 0.1389 lr 2.99e-04 406s
  ep3 step 3500/10273 loss 0.1381 lr 2.99e-04 474s
  ep3 step 4000/10273 loss 0.1373 lr 2.99e-04 541s
  ep3 step 4500/10273 loss 0.1369 lr 2.99e-04 609s
  ep3 step 5000/10273 loss 0.1363 lr 2.99e-04 677s
  ep3 step 5500/10273 loss 0.1358 lr 2.99e-04 745s
  ep3 step 6000/10273 loss 0.1353 lr 2.99e-04 812s
  ep3 step 6500/10273 loss 0.1347 lr 2.99e-04 880s
  ep3 step 7000/10273 loss 0.1344 lr 2.99e-04 947s
  ep3 step 7500/10273 loss 0.1338 lr 2.99e-04 1015s
  ep3 step 8000/10273 loss 0.1333 lr 2.98e-04 1083s
  ep3 step 8500/10273 loss 0.1328 lr 2.98e-04 1150s
  ep3 step 9000/10273 loss 0.1322 lr 2.98e-04 1218s
  ep3 step 9500/10273 loss 0.1317 lr 2.98e-04 1286s
  ep3 step 10000/10273 loss 0.1313 lr 2.98e-04 1353s
{"ep": 3, "loss": 0.13106, "val_pooled_db": [-9.51, -8.82, -7.96, -7.07], "val_median_db": [-11.46, -10.66, -9.76, -8.82], "val_align_db": [-12.46, -11.83, -11.06, -10.41], "rho": [0.971, 0.967, 0.96, 0.953], "copy_last_db": [-4.46, -2.38, -1.54, -0.84], "lr": 0.00029805753939568687, "sec": 1415.6}
  ep4 step 500/10273 loss 0.1179 lr 2.98e-04 68s
  ep4 step 1000/10273 loss 0.1179 lr 2.98e-04 135s
  ep4 step 1500/10273 loss 0.1177 lr 2.98e-04 203s
  ep4 step 2000/10273 loss 0.1179 lr 2.98e-04 270s
  ep4 step 2500/10273 loss 0.1180 lr 2.98e-04 338s
  ep4 step 3000/10273 loss 0.1176 lr 2.97e-04 406s
  ep4 step 3500/10273 loss 0.1177 lr 2.97e-04 473s
  ep4 step 4000/10273 loss 0.1174 lr 2.97e-04 541s
  ep4 step 4500/10273 loss 0.1174 lr 2.97e-04 609s
  ep4 step 5000/10273 loss 0.1171 lr 2.97e-04 676s
  ep4 step 5500/10273 loss 0.1168 lr 2.97e-04 744s
  ep4 step 6000/10273 loss 0.1165 lr 2.97e-04 812s
  ep4 step 6500/10273 loss 0.1167 lr 2.97e-04 880s
  ep4 step 7000/10273 loss 0.1166 lr 2.97e-04 947s
  ep4 step 7500/10273 loss 0.1165 lr 2.96e-04 1015s
  ep4 step 8000/10273 loss 0.1163 lr 2.96e-04 1083s
  ep4 step 8500/10273 loss 0.1161 lr 2.96e-04 1151s
  ep4 step 9000/10273 loss 0.1158 lr 2.96e-04 1218s
  ep4 step 9500/10273 loss 0.1156 lr 2.96e-04 1286s
  ep4 step 10000/10273 loss 0.1152 lr 2.96e-04 1354s
{"ep": 4, "loss": 0.11513, "val_pooled_db": [-9.54, -8.81, -7.92, -7.05], "val_median_db": [-11.65, -10.8, -9.81, -8.75], "val_align_db": [-12.71, -12.01, -11.23, -10.51], "rho": [0.973, 0.968, 0.962, 0.955], "copy_last_db": [-4.46, -2.38, -1.54, -0.84], "lr": 0.00029564127261390776, "sec": 1415.9}
  ep5 step 500/10273 loss 0.1070 lr 2.95e-04 68s
  ep5 step 1000/10273 loss 0.1075 lr 2.95e-04 136s
  ep5 step 1500/10273 loss 0.1087 lr 2.95e-04 203s
  ep5 step 2000/10273 loss 0.1080 lr 2.95e-04 271s
  ep5 step 2500/10273 loss 0.1074 lr 2.95e-04 339s
  ep5 step 3000/10273 loss 0.1073 lr 2.95e-04 406s
  ep5 step 3500/10273 loss 0.1077 lr 2.95e-04 474s
  ep5 step 4000/10273 loss 0.1074 lr 2.94e-04 542s
  ep5 step 4500/10273 loss 0.1071 lr 2.94e-04 609s
  ep5 step 5000/10273 loss 0.1068 lr 2.94e-04 677s
  ep5 step 5500/10273 loss 0.1067 lr 2.94e-04 745s
  ep5 step 6000/10273 loss 0.1066 lr 2.94e-04 812s
  ep5 step 6500/10273 loss 0.1064 lr 2.94e-04 880s
  ep5 step 7000/10273 loss 0.1065 lr 2.93e-04 948s
  ep5 step 7500/10273 loss 0.1062 lr 2.93e-04 1015s
  ep5 step 8000/10273 loss 0.1060 lr 2.93e-04 1083s
  ep5 step 8500/10273 loss 0.1058 lr 2.93e-04 1150s
  ep5 step 9000/10273 loss 0.1056 lr 2.93e-04 1218s
  ep5 step 9500/10273 loss 0.1056 lr 2.93e-04 1285s
  ep5 step 10000/10273 loss 0.1056 lr 2.92e-04 1353s
{"ep": 5, "loss": 0.10545, "val_pooled_db": [-9.72, -8.95, -8.03, -7.06], "val_median_db": [-11.95, -11.01, -9.93, -8.9], "val_align_db": [-13.07, -12.32, -11.43, -10.67], "rho": [0.975, 0.97, 0.963, 0.956], "copy_last_db": [-4.46, -2.38, -1.54, -0.84], "lr": 0.00029228046629207175, "sec": 1415.8}
  ep6 step 500/10273 loss 0.0993 lr 2.92e-04 68s
  ep6 step 1000/10273 loss 0.0992 lr 2.92e-04 136s
  ep6 step 1500/10273 loss 0.0994 lr 2.92e-04 204s
  ep6 step 2000/10273 loss 0.0998 lr 2.92e-04 271s
  ep6 step 2500/10273 loss 0.0995 lr 2.91e-04 339s
  ep6 step 3000/10273 loss 0.0995 lr 2.91e-04 407s
  ep6 step 3500/10273 loss 0.0997 lr 2.91e-04 474s
  ep6 step 4000/10273 loss 0.0997 lr 2.91e-04 542s
  ep6 step 4500/10273 loss 0.0995 lr 2.91e-04 610s
  ep6 step 5000/10273 loss 0.0993 lr 2.90e-04 677s
  ep6 step 5500/10273 loss 0.0993 lr 2.90e-04 745s
  ep6 step 6000/10273 loss 0.0990 lr 2.90e-04 812s
  ep6 step 6500/10273 loss 0.0989 lr 2.90e-04 880s
  ep6 step 7000/10273 loss 0.0989 lr 2.89e-04 948s
  ep6 step 7500/10273 loss 0.0991 lr 2.89e-04 1015s
  ep6 step 8000/10273 loss 0.0991 lr 2.89e-04 1083s
  ep6 step 8500/10273 loss 0.0991 lr 2.89e-04 1151s
  ep6 step 9000/10273 loss 0.0989 lr 2.89e-04 1218s
  ep6 step 9500/10273 loss 0.0989 lr 2.88e-04 1286s
  ep6 step 10000/10273 loss 0.0989 lr 2.88e-04 1353s
{"ep": 6, "loss": 0.09881, "val_pooled_db": [-9.84, -9.03, -8.1, -7.16], "val_median_db": [-12.2, -11.28, -10.15, -9.05], "val_align_db": [-13.31, -12.59, -11.62, -10.79], "rho": [0.976, 0.972, 0.965, 0.957], "copy_last_db": [-4.46, -2.38, -1.54, -0.84], "lr": 0.0002879969165488236, "sec": 1416.0}
  ep7 step 500/10273 loss 0.0939 lr 2.88e-04 68s
  ep7 step 1000/10273 loss 0.0941 lr 2.88e-04 135s
  ep7 step 1500/10273 loss 0.0940 lr 2.87e-04 203s
  ep7 step 2000/10273 loss 0.0945 lr 2.87e-04 270s
  ep7 step 2500/10273 loss 0.0951 lr 2.87e-04 338s
  ep7 step 3000/10273 loss 0.0948 lr 2.87e-04 406s
  ep7 step 3500/10273 loss 0.0945 lr 2.86e-04 473s
  ep7 step 4000/10273 loss 0.0944 lr 2.86e-04 541s
  ep7 step 4500/10273 loss 0.0945 lr 2.86e-04 609s
  ep7 step 5000/10273 loss 0.0948 lr 2.86e-04 676s
  ep7 step 5500/10273 loss 0.0946 lr 2.85e-04 744s
  ep7 step 6000/10273 loss 0.0946 lr 2.85e-04 812s
  ep7 step 6500/10273 loss 0.0945 lr 2.85e-04 879s
  ep7 step 7000/10273 loss 0.0946 lr 2.85e-04 947s
  ep7 step 7500/10273 loss 0.0944 lr 2.84e-04 1014s
  ep7 step 8000/10273 loss 0.0942 lr 2.84e-04 1082s
  ep7 step 8500/10273 loss 0.0942 lr 2.84e-04 1150s
  ep7 step 9000/10273 loss 0.0942 lr 2.84e-04 1217s
  ep7 step 9500/10273 loss 0.0941 lr 2.83e-04 1285s
  ep7 step 10000/10273 loss 0.0939 lr 2.83e-04 1353s
{"ep": 7, "loss": 0.09383, "val_pooled_db": [-9.92, -9.03, -8.1, -7.17], "val_median_db": [-12.42, -11.35, -10.2, -9.14], "val_align_db": [-13.4, -12.65, -11.68, -10.83], "rho": [0.977, 0.972, 0.965, 0.958], "copy_last_db": [-4.46, -2.38, -1.54, -0.84], "lr": 0.0002828184038479814, "sec": 1415.3}
  ep8 step 500/10273 loss 0.0896 lr 2.83e-04 68s
  ep8 step 1000/10273 loss 0.0904 lr 2.82e-04 135s
  ep8 step 1500/10273 loss 0.0913 lr 2.82e-04 203s
  ep8 step 2000/10273 loss 0.0909 lr 2.82e-04 271s
  ep8 step 2500/10273 loss 0.0911 lr 2.81e-04 338s
  ep8 step 3000/10273 loss 0.0910 lr 2.81e-04 406s
  ep8 step 3500/10273 loss 0.0909 lr 2.81e-04 474s
  ep8 step 4000/10273 loss 0.0907 lr 2.81e-04 541s
  ep8 step 4500/10273 loss 0.0906 lr 2.80e-04 609s
  ep8 step 5000/10273 loss 0.0908 lr 2.80e-04 676s
  ep8 step 5500/10273 loss 0.0906 lr 2.80e-04 744s
  ep8 step 6000/10273 loss 0.0904 lr 2.79e-04 812s
  ep8 step 6500/10273 loss 0.0903 lr 2.79e-04 879s
  ep8 step 7000/10273 loss 0.0903 lr 2.79e-04 947s
  ep8 step 7500/10273 loss 0.0903 lr 2.78e-04 1014s
  ep8 step 8000/10273 loss 0.0901 lr 2.78e-04 1082s
  ep8 step 8500/10273 loss 0.0900 lr 2.78e-04 1150s
  ep8 step 9000/10273 loss 0.0899 lr 2.78e-04 1218s
  ep8 step 9500/10273 loss 0.0898 lr 2.77e-04 1285s
  ep8 step 10000/10273 loss 0.0897 lr 2.77e-04 1353s
{"ep": 8, "loss": 0.08975, "val_pooled_db": [-9.97, -9.06, -8.17, -7.21], "val_median_db": [-12.35, -11.34, -10.32, -9.24], "val_align_db": [-13.34, -12.65, -11.72, -10.95], "rho": [0.977, 0.972, 0.966, 0.959], "copy_last_db": [-4.46, -2.38, -1.54, -0.84], "lr": 0.0002767785128315692, "sec": 1415.5}
  ep9 step 500/10273 loss 0.0874 lr 2.76e-04 68s
  ep9 step 1000/10273 loss 0.0871 lr 2.76e-04 135s
  ep9 step 1500/10273 loss 0.0872 lr 2.76e-04 203s
  ep9 step 2000/10273 loss 0.0871 lr 2.76e-04 270s
  ep9 step 2500/10273 loss 0.0873 lr 2.75e-04 338s
  ep9 step 3000/10273 loss 0.0869 lr 2.75e-04 406s
  ep9 step 3500/10273 loss 0.0869 lr 2.75e-04 473s
  ep9 step 4000/10273 loss 0.0868 lr 2.74e-04 541s
  ep9 step 4500/10273 loss 0.0868 lr 2.74e-04 608s
  ep9 step 5000/10273 loss 0.0869 lr 2.74e-04 676s
  ep9 step 5500/10273 loss 0.0868 lr 2.73e-04 744s
  ep9 step 6000/10273 loss 0.0867 lr 2.73e-04 811s
  ep9 step 6500/10273 loss 0.0869 lr 2.73e-04 879s
  ep9 step 7000/10273 loss 0.0869 lr 2.72e-04 947s
  ep9 step 7500/10273 loss 0.0867 lr 2.72e-04 1014s
  ep9 step 8000/10273 loss 0.0868 lr 2.72e-04 1082s
  ep9 step 8500/10273 loss 0.0867 lr 2.71e-04 1149s
  ep9 step 9000/10273 loss 0.0866 lr 2.71e-04 1217s
  ep9 step 9500/10273 loss 0.0865 lr 2.70e-04 1285s
  ep9 step 10000/10273 loss 0.0865 lr 2.70e-04 1352s
{"ep": 9, "loss": 0.0864, "val_pooled_db": [-10.02, -9.13, -8.21, -7.25], "val_median_db": [-12.52, -11.47, -10.36, -9.2], "val_align_db": [-13.57, -12.84, -11.76, -10.91], "rho": [0.978, 0.974, 0.966, 0.959], "copy_last_db": [-4.46, -2.38, -1.54, -0.84], "lr": 0.00026991641451052517, "sec": 1415.4}
  ep10 step 500/10273 loss 0.0825 lr 2.70e-04 68s
  ep10 step 1000/10273 loss 0.0832 lr 2.69e-04 136s
  ep10 step 1500/10273 loss 0.0834 lr 2.69e-04 204s
  ep10 step 2000/10273 loss 0.0834 lr 2.68e-04 272s
  ep10 step 2500/10273 loss 0.0838 lr 2.68e-04 339s
  ep10 step 3000/10273 loss 0.0841 lr 2.68e-04 407s
  ep10 step 3500/10273 loss 0.0841 lr 2.67e-04 475s
  ep10 step 4000/10273 loss 0.0839 lr 2.67e-04 543s
  ep10 step 4500/10273 loss 0.0838 lr 2.67e-04 610s
  ep10 step 5000/10273 loss 0.0837 lr 2.66e-04 678s
  ep10 step 5500/10273 loss 0.0838 lr 2.66e-04 746s
  ep10 step 6000/10273 loss 0.0836 lr 2.66e-04 814s
  ep10 step 6500/10273 loss 0.0836 lr 2.65e-04 881s
  ep10 step 7000/10273 loss 0.0835 lr 2.65e-04 949s
  ep10 step 7500/10273 loss 0.0835 lr 2.64e-04 1017s
  ep10 step 8000/10273 loss 0.0833 lr 2.64e-04 1084s
  ep10 step 8500/10273 loss 0.0835 lr 2.64e-04 1152s
  ep10 step 9000/10273 loss 0.0835 lr 2.63e-04 1220s
  ep10 step 9500/10273 loss 0.0835 lr 2.63e-04 1287s
  ep10 step 10000/10273 loss 0.0834 lr 2.62e-04 1355s
{"ep": 10, "loss": 0.08346, "val_pooled_db": [-10.0, -9.11, -8.19, -7.23], "val_median_db": [-12.5, -11.38, -10.3, -9.23], "val_align_db": [-13.58, -12.81, -11.78, -11.0], "rho": [0.978, 0.973, 0.966, 0.959], "copy_last_db": [-4.46, -2.38, -1.54, -0.84], "lr": 0.00026227661222566516, "sec": 1417.9}
  ep11 step 500/10273 loss 0.0804 lr 2.62e-04 68s
  ep11 step 1000/10273 loss 0.0815 lr 2.61e-04 136s
  ep11 step 1500/10273 loss 0.0810 lr 2.61e-04 203s
  ep11 step 2000/10273 loss 0.0810 lr 2.61e-04 271s
  ep11 step 2500/10273 loss 0.0812 lr 2.60e-04 339s
  ep11 step 3000/10273 loss 0.0815 lr 2.60e-04 407s
  ep11 step 3500/10273 loss 0.0818 lr 2.60e-04 475s
  ep11 step 4000/10273 loss 0.0816 lr 2.59e-04 542s
  ep11 step 4500/10273 loss 0.0815 lr 2.59e-04 610s
  ep11 step 5000/10273 loss 0.0814 lr 2.58e-04 678s
  ep11 step 5500/10273 loss 0.0813 lr 2.58e-04 746s
  ep11 step 6000/10273 loss 0.0812 lr 2.57e-04 813s
  ep11 step 6500/10273 loss 0.0814 lr 2.57e-04 881s
  ep11 step 7000/10273 loss 0.0814 lr 2.57e-04 949s
  ep11 step 7500/10273 loss 0.0813 lr 2.56e-04 1016s
  ep11 step 8000/10273 loss 0.0813 lr 2.56e-04 1084s
  ep11 step 8500/10273 loss 0.0812 lr 2.55e-04 1152s
  ep11 step 9000/10273 loss 0.0811 lr 2.55e-04 1219s
  ep11 step 9500/10273 loss 0.0811 lr 2.55e-04 1287s
  ep11 step 10000/10273 loss 0.0812 lr 2.54e-04 1355s
{"ep": 11, "loss": 0.08109, "val_pooled_db": [-10.02, -9.1, -8.17, -7.24], "val_median_db": [-12.63, -11.47, -10.39, -9.3], "val_align_db": [-13.62, -12.78, -11.77, -10.95], "rho": [0.978, 0.973, 0.966, 0.959], "copy_last_db": [-4.46, -2.38, -1.54, -0.84], "lr": 0.0002539086530264399, "sec": 1417.3}
  ep12 step 500/10273 loss 0.0791 lr 2.53e-04 68s
  ep12 step 1000/10273 loss 0.0792 lr 2.53e-04 135s
  ep12 step 1500/10273 loss 0.0789 lr 2.53e-04 203s
  ep12 step 2000/10273 loss 0.0794 lr 2.52e-04 271s
  ep12 step 2500/10273 loss 0.0793 lr 2.52e-04 338s
  ep12 step 3000/10273 loss 0.0796 lr 2.51e-04 406s
  ep12 step 3500/10273 loss 0.0796 lr 2.51e-04 474s
  ep12 step 4000/10273 loss 0.0796 lr 2.50e-04 541s
  ep12 step 4500/10273 loss 0.0796 lr 2.50e-04 609s
  ep12 step 5000/10273 loss 0.0796 lr 2.50e-04 677s
  ep12 step 5500/10273 loss 0.0794 lr 2.49e-04 744s
  ep12 step 6000/10273 loss 0.0794 lr 2.49e-04 812s
  ep12 step 6500/10273 loss 0.0792 lr 2.48e-04 879s
  ep12 step 7000/10273 loss 0.0791 lr 2.48e-04 947s
  ep12 step 7500/10273 loss 0.0791 lr 2.47e-04 1015s
  ep12 step 8000/10273 loss 0.0792 lr 2.47e-04 1083s
  ep12 step 8500/10273 loss 0.0793 lr 2.46e-04 1151s
  ep12 step 9000/10273 loss 0.0792 lr 2.46e-04 1218s
  ep12 step 9500/10273 loss 0.0791 lr 2.46e-04 1286s
  ep12 step 10000/10273 loss 0.0790 lr 2.45e-04 1354s
{"ep": 12, "loss": 0.07897, "val_pooled_db": [-10.06, -9.19, -8.24, -7.28], "val_median_db": [-12.69, -11.64, -10.44, -9.24], "val_align_db": [-13.67, -12.98, -11.9, -11.04], "rho": [0.978, 0.975, 0.967, 0.96], "copy_last_db": [-4.46, -2.38, -1.54, -0.84], "lr": 0.0002448668063393066, "sec": 1416.4}
  ep13 step 500/10273 loss 0.0766 lr 2.44e-04 68s
  ep13 step 1000/10273 loss 0.0766 lr 2.44e-04 136s
  ep13 step 1500/10273 loss 0.0769 lr 2.43e-04 203s
  ep13 step 2000/10273 loss 0.0773 lr 2.43e-04 271s
  ep13 step 2500/10273 loss 0.0773 lr 2.43e-04 338s
  ep13 step 3000/10273 loss 0.0772 lr 2.42e-04 406s
  ep13 step 3500/10273 loss 0.0770 lr 2.42e-04 474s
  ep13 step 4000/10273 loss 0.0770 lr 2.41e-04 541s
  ep13 step 4500/10273 loss 0.0769 lr 2.41e-04 609s
  ep13 step 5000/10273 loss 0.0768 lr 2.40e-04 676s
  ep13 step 5500/10273 loss 0.0770 lr 2.40e-04 744s
  ep13 step 6000/10273 loss 0.0772 lr 2.39e-04 812s
  ep13 step 6500/10273 loss 0.0772 lr 2.39e-04 879s
  ep13 step 7000/10273 loss 0.0771 lr 2.38e-04 947s
  ep13 step 7500/10273 loss 0.0770 lr 2.38e-04 1015s
  ep13 step 8000/10273 loss 0.0770 lr 2.37e-04 1082s
  ep13 step 8500/10273 loss 0.0772 lr 2.37e-04 1150s
  ep13 step 9000/10273 loss 0.0771 lr 2.36e-04 1218s
  ep13 step 9500/10273 loss 0.0770 lr 2.36e-04 1285s
  ep13 step 10000/10273 loss 0.0771 lr 2.35e-04 1353s
{"ep": 13, "loss": 0.07702, "val_pooled_db": [-10.03, -9.16, -8.24, -7.25], "val_median_db": [-12.59, -11.5, -10.39, -9.1], "val_align_db": [-13.65, -12.81, -11.79, -10.96], "rho": [0.978, 0.973, 0.966, 0.959], "copy_last_db": [-4.46, -2.38, -1.54, -0.84], "lr": 0.00023520971200967334, "sec": 1415.7}
  ep14 step 500/10273 loss 0.0737 lr 2.35e-04 68s
  ep14 step 1000/10273 loss 0.0742 lr 2.34e-04 135s
  ep14 step 1500/10273 loss 0.0744 lr 2.34e-04 203s
  ep14 step 2000/10273 loss 0.0747 lr 2.33e-04 271s
  ep14 step 2500/10273 loss 0.0748 lr 2.33e-04 339s
  ep14 step 3000/10273 loss 0.0753 lr 2.32e-04 406s
  ep14 step 3500/10273 loss 0.0753 lr 2.32e-04 474s
  ep14 step 4000/10273 loss 0.0752 lr 2.31e-04 542s
  ep14 step 4500/10273 loss 0.0752 lr 2.31e-04 609s
  ep14 step 5000/10273 loss 0.0752 lr 2.30e-04 677s
  ep14 step 5500/10273 loss 0.0752 lr 2.30e-04 745s
  ep14 step 6000/10273 loss 0.0752 lr 2.29e-04 812s
  ep14 step 6500/10273 loss 0.0751 lr 2.29e-04 880s
  ep14 step 7000/10273 loss 0.0750 lr 2.28e-04 948s
  ep14 step 7500/10273 loss 0.0750 lr 2.28e-04 1015s
  ep14 step 8000/10273 loss 0.0752 lr 2.27e-04 1083s
  ep14 step 8500/10273 loss 0.0753 lr 2.27e-04 1151s
  ep14 step 9000/10273 loss 0.0752 lr 2.26e-04 1218s
  ep14 step 9500/10273 loss 0.0752 lr 2.26e-04 1286s
  ep14 step 10000/10273 loss 0.0752 lr 2.25e-04 1354s
{"ep": 14, "loss": 0.07518, "val_pooled_db": [-10.05, -9.15, -8.21, -7.28], "val_median_db": [-12.66, -11.5, -10.3, -9.16], "val_align_db": [-13.66, -12.85, -11.77, -10.97], "rho": [0.978, 0.974, 0.966, 0.959], "copy_last_db": [-4.46, -2.38, -1.54, -0.84], "lr": 0.000225, "sec": 1416.6}
  ep15 step 500/10273 loss 0.0730 lr 2.24e-04 68s
  ep15 step 1000/10273 loss 0.0731 lr 2.24e-04 136s
  ep15 step 1500/10273 loss 0.0735 lr 2.23e-04 203s
  ep15 step 2000/10273 loss 0.0736 lr 2.23e-04 271s
  ep15 step 2500/10273 loss 0.0735 lr 2.22e-04 339s
  ep15 step 3000/10273 loss 0.0735 lr 2.22e-04 406s
  ep15 step 3500/10273 loss 0.0737 lr 2.21e-04 474s
  ep15 step 4000/10273 loss 0.0737 lr 2.21e-04 542s
  ep15 step 4500/10273 loss 0.0738 lr 2.20e-04 610s
  ep15 step 5000/10273 loss 0.0739 lr 2.20e-04 678s
  ep15 step 5500/10273 loss 0.0739 lr 2.19e-04 745s
  ep15 step 6000/10273 loss 0.0738 lr 2.19e-04 813s
  ep15 step 6500/10273 loss 0.0737 lr 2.18e-04 881s
  ep15 step 7000/10273 loss 0.0736 lr 2.18e-04 948s
  ep15 step 7500/10273 loss 0.0739 lr 2.17e-04 1016s
  ep15 step 8000/10273 loss 0.0738 lr 2.17e-04 1083s
  ep15 step 8500/10273 loss 0.0736 lr 2.16e-04 1151s
  ep15 step 9000/10273 loss 0.0737 lr 2.16e-04 1219s
  ep15 step 9500/10273 loss 0.0736 lr 2.15e-04 1286s
  ep15 step 10000/10273 loss 0.0737 lr 2.15e-04 1354s
{"ep": 15, "loss": 0.07366, "val_pooled_db": [-10.08, -9.17, -8.21, -7.25], "val_median_db": [-12.85, -11.65, -10.46, -9.21], "val_align_db": [-13.85, -13.06, -11.87, -11.07], "rho": [0.979, 0.975, 0.967, 0.96], "copy_last_db": [-4.46, -2.38, -1.54, -0.84], "lr": 0.0002143038842104581, "sec": 1416.6}
  ep16 step 500/10273 loss 0.0721 lr 2.14e-04 68s
  ep16 step 1000/10273 loss 0.0723 lr 2.13e-04 135s
  ep16 step 1500/10273 loss 0.0722 lr 2.13e-04 203s
  ep16 step 2000/10273 loss 0.0725 lr 2.12e-04 271s
  ep16 step 2500/10273 loss 0.0723 lr 2.12e-04 338s
  ep16 step 3000/10273 loss 0.0721 lr 2.11e-04 406s
  ep16 step 3500/10273 loss 0.0722 lr 2.11e-04 473s
  ep16 step 4000/10273 loss 0.0722 lr 2.10e-04 541s
  ep16 step 4500/10273 loss 0.0720 lr 2.09e-04 609s
  ep16 step 5000/10273 loss 0.0720 lr 2.09e-04 676s
  ep16 step 5500/10273 loss 0.0723 lr 2.08e-04 744s
  ep16 step 6000/10273 loss 0.0724 lr 2.08e-04 812s
  ep16 step 6500/10273 loss 0.0724 lr 2.07e-04 879s
  ep16 step 7000/10273 loss 0.0724 lr 2.07e-04 947s
  ep16 step 7500/10273 loss 0.0725 lr 2.06e-04 1014s
  ep16 step 8000/10273 loss 0.0724 lr 2.06e-04 1082s
  ep16 step 8500/10273 loss 0.0723 lr 2.05e-04 1150s
  ep16 step 9000/10273 loss 0.0724 lr 2.05e-04 1218s
  ep16 step 9500/10273 loss 0.0723 lr 2.04e-04 1285s
  ep16 step 10000/10273 loss 0.0723 lr 2.03e-04 1353s
{"ep": 16, "loss": 0.07223, "val_pooled_db": [-10.09, -9.17, -8.21, -7.22], "val_median_db": [-12.89, -11.66, -10.48, -9.14], "val_align_db": [-13.9, -12.99, -11.83, -10.99], "rho": [0.979, 0.975, 0.967, 0.959], "copy_last_db": [-4.46, -2.38, -1.54, -0.84], "lr": 0.0002031907330563803, "sec": 1415.3}
  ep17 step 500/10273 loss 0.0705 lr 2.03e-04 68s
  ep17 step 1000/10273 loss 0.0714 lr 2.02e-04 135s
  ep17 step 1500/10273 loss 0.0719 lr 2.02e-04 203s
  ep17 step 2000/10273 loss 0.0713 lr 2.01e-04 271s
  ep17 step 2500/10273 loss 0.0713 lr 2.00e-04 338s
  ep17 step 3000/10273 loss 0.0717 lr 2.00e-04 406s
  ep17 step 3500/10273 loss 0.0718 lr 1.99e-04 473s
  ep17 step 4000/10273 loss 0.0716 lr 1.99e-04 541s
  ep17 step 4500/10273 loss 0.0714 lr 1.98e-04 608s
  ep17 step 5000/10273 loss 0.0714 lr 1.98e-04 676s
  ep17 step 5500/10273 loss 0.0713 lr 1.97e-04 744s
  ep17 step 6000/10273 loss 0.0712 lr 1.97e-04 811s
  ep17 step 6500/10273 loss 0.0712 lr 1.96e-04 879s
  ep17 step 7000/10273 loss 0.0712 lr 1.95e-04 946s
  ep17 step 7500/10273 loss 0.0711 lr 1.95e-04 1014s
  ep17 step 8000/10273 loss 0.0712 lr 1.94e-04 1081s
  ep17 step 8500/10273 loss 0.0711 lr 1.94e-04 1149s
  ep17 step 9000/10273 loss 0.0711 lr 1.93e-04 1217s
  ep17 step 9500/10273 loss 0.0711 lr 1.93e-04 1284s
  ep17 step 10000/10273 loss 0.0710 lr 1.92e-04 1352s
{"ep": 17, "loss": 0.07094, "val_pooled_db": [-10.15, -9.2, -8.27, -7.29], "val_median_db": [-12.82, -11.63, -10.43, -9.18], "val_align_db": [-13.86, -12.96, -11.82, -11.02], "rho": [0.979, 0.974, 0.967, 0.96], "copy_last_db": [-4.46, -2.38, -1.54, -0.84], "lr": 0.0001917326195874679, "sec": 1414.1}
  ep18 step 500/10273 loss 0.0697 lr 1.91e-04 68s
  ep18 step 1000/10273 loss 0.0700 lr 1.91e-04 135s
  ep18 step 1500/10273 loss 0.0700 lr 1.90e-04 203s
  ep18 step 2000/10273 loss 0.0704 lr 1.89e-04 271s
  ep18 step 2500/10273 loss 0.0700 lr 1.89e-04 338s
  ep18 step 3000/10273 loss 0.0702 lr 1.88e-04 406s
  ep18 step 3500/10273 loss 0.0702 lr 1.88e-04 473s
  ep18 step 4000/10273 loss 0.0700 lr 1.87e-04 541s
  ep18 step 4500/10273 loss 0.0700 lr 1.87e-04 608s
  ep18 step 5000/10273 loss 0.0700 lr 1.86e-04 676s
  ep18 step 5500/10273 loss 0.0698 lr 1.85e-04 743s
  ep18 step 6000/10273 loss 0.0698 lr 1.85e-04 811s
  ep18 step 6500/10273 loss 0.0699 lr 1.84e-04 878s
  ep18 step 7000/10273 loss 0.0699 lr 1.84e-04 946s
  ep18 step 7500/10273 loss 0.0699 lr 1.83e-04 1013s
  ep18 step 8000/10273 loss 0.0700 lr 1.83e-04 1081s
  ep18 step 8500/10273 loss 0.0699 lr 1.82e-04 1149s
  ep18 step 9000/10273 loss 0.0698 lr 1.81e-04 1216s
  ep18 step 9500/10273 loss 0.0698 lr 1.81e-04 1284s
  ep18 step 10000/10273 loss 0.0698 lr 1.80e-04 1351s
{"ep": 18, "loss": 0.06975, "val_pooled_db": [-10.05, -9.11, -8.15, -7.16], "val_median_db": [-12.92, -11.7, -10.38, -9.09], "val_align_db": [-13.93, -13.05, -11.88, -11.04], "rho": [0.98, 0.975, 0.967, 0.96], "copy_last_db": [-4.46, -2.38, -1.54, -0.84], "lr": 0.00018000385406640666, "sec": 1413.8}
  ep19 step 500/10273 loss 0.0688 lr 1.79e-04 68s
  ep19 step 1000/10273 loss 0.0690 lr 1.79e-04 135s
  ep19 step 1500/10273 loss 0.0693 lr 1.78e-04 203s
  ep19 step 2000/10273 loss 0.0696 lr 1.78e-04 270s
  ep19 step 2500/10273 loss 0.0692 lr 1.77e-04 338s
  ep19 step 3000/10273 loss 0.0694 lr 1.77e-04 405s
  ep19 step 3500/10273 loss 0.0693 lr 1.76e-04 473s
  ep19 step 4000/10273 loss 0.0694 lr 1.75e-04 540s
  ep19 step 4500/10273 loss 0.0694 lr 1.75e-04 608s
  ep19 step 5000/10273 loss 0.0692 lr 1.74e-04 676s
  ep19 step 5500/10273 loss 0.0690 lr 1.74e-04 744s
  ep19 step 6000/10273 loss 0.0690 lr 1.73e-04 811s
  ep19 step 6500/10273 loss 0.0690 lr 1.72e-04 879s
  ep19 step 7000/10273 loss 0.0690 lr 1.72e-04 946s
  ep19 step 7500/10273 loss 0.0689 lr 1.71e-04 1014s
  ep19 step 8000/10273 loss 0.0689 lr 1.71e-04 1082s
  ep19 step 8500/10273 loss 0.0689 lr 1.70e-04 1149s
  ep19 step 9000/10273 loss 0.0688 lr 1.70e-04 1217s
  ep19 step 9500/10273 loss 0.0687 lr 1.69e-04 1284s
  ep19 step 10000/10273 loss 0.0687 lr 1.68e-04 1352s
{"ep": 19, "loss": 0.06871, "val_pooled_db": [-10.14, -9.19, -8.23, -7.28], "val_median_db": [-12.89, -11.67, -10.43, -9.18], "val_align_db": [-13.96, -13.08, -11.93, -11.1], "rho": [0.98, 0.975, 0.967, 0.96], "copy_last_db": [-4.46, -2.38, -1.54, -0.84], "lr": 0.00016808050203829842, "sec": 1414.3}
  ep20 step 500/10273 loss 0.0677 lr 1.67e-04 68s
  ep20 step 1000/10273 loss 0.0676 lr 1.67e-04 135s
  ep20 step 1500/10273 loss 0.0676 lr 1.66e-04 203s
  ep20 step 2000/10273 loss 0.0675 lr 1.66e-04 270s
  ep20 step 2500/10273 loss 0.0676 lr 1.65e-04 338s
  ep20 step 3000/10273 loss 0.0676 lr 1.65e-04 405s
  ep20 step 3500/10273 loss 0.0675 lr 1.64e-04 473s
  ep20 step 4000/10273 loss 0.0675 lr 1.63e-04 540s
  ep20 step 4500/10273 loss 0.0678 lr 1.63e-04 608s
  ep20 step 5000/10273 loss 0.0677 lr 1.62e-04 675s
  ep20 step 5500/10273 loss 0.0677 lr 1.62e-04 743s
  ep20 step 6000/10273 loss 0.0678 lr 1.61e-04 811s
  ep20 step 6500/10273 loss 0.0679 lr 1.60e-04 878s
  ep20 step 7000/10273 loss 0.0678 lr 1.60e-04 946s
  ep20 step 7500/10273 loss 0.0678 lr 1.59e-04 1013s
  ep20 step 8000/10273 loss 0.0677 lr 1.59e-04 1081s
  ep20 step 8500/10273 loss 0.0677 lr 1.58e-04 1149s
  ep20 step 9000/10273 loss 0.0677 lr 1.58e-04 1216s
  ep20 step 9500/10273 loss 0.0678 lr 1.57e-04 1284s
  ep20 step 10000/10273 loss 0.0677 lr 1.56e-04 1351s
{"ep": 20, "loss": 0.0677, "val_pooled_db": [-10.16, -9.17, -8.17, -7.14], "val_median_db": [-13.0, -11.69, -10.35, -9.01], "val_align_db": [-14.09, -13.13, -11.85, -11.04], "rho": [0.98, 0.975, 0.967, 0.96], "copy_last_db": [-4.46, -2.38, -1.54, -0.84], "lr": 0.00015603989101641228, "sec": 1413.8}
  ep21 step 500/10273 loss 0.0682 lr 1.55e-04 68s
  ep21 step 1000/10273 loss 0.0680 lr 1.55e-04 135s
  ep21 step 1500/10273 loss 0.0682 lr 1.54e-04 203s
  ep21 step 2000/10273 loss 0.0678 lr 1.54e-04 270s
  ep21 step 2500/10273 loss 0.0674 lr 1.53e-04 338s
  ep21 step 3000/10273 loss 0.0674 lr 1.53e-04 405s
  ep21 step 3500/10273 loss 0.0673 lr 1.52e-04 473s
  ep21 step 4000/10273 loss 0.0675 lr 1.51e-04 540s
  ep21 step 4500/10273 loss 0.0673 lr 1.51e-04 608s
  ep21 step 5000/10273 loss 0.0672 lr 1.50e-04 676s
  ep21 step 5500/10273 loss 0.0671 lr 1.50e-04 743s
  ep21 step 6000/10273 loss 0.0670 lr 1.49e-04 811s
  ep21 step 6500/10273 loss 0.0669 lr 1.48e-04 878s
  ep21 step 7000/10273 loss 0.0669 lr 1.48e-04 946s
  ep21 step 7500/10273 loss 0.0670 lr 1.47e-04 1014s
  ep21 step 8000/10273 loss 0.0669 lr 1.47e-04 1081s
  ep21 step 8500/10273 loss 0.0668 lr 1.46e-04 1148s
  ep21 step 9000/10273 loss 0.0669 lr 1.45e-04 1216s
  ep21 step 9500/10273 loss 0.0668 lr 1.45e-04 1284s
  ep21 step 10000/10273 loss 0.0668 lr 1.44e-04 1351s
{"ep": 21, "loss": 0.06678, "val_pooled_db": [-10.12, -9.13, -8.14, -7.16], "val_median_db": [-12.95, -11.66, -10.38, -8.98], "val_align_db": [-13.99, -13.14, -11.88, -11.05], "rho": [0.98, 0.975, 0.967, 0.96], "copy_last_db": [-4.46, -2.38, -1.54, -0.84], "lr": 0.00014396010898358775, "sec": 1413.7}
  ep22 step 500/10273 loss 0.0653 lr 1.43e-04 68s
  ep22 step 1000/10273 loss 0.0657 lr 1.43e-04 135s
  ep22 step 1500/10273 loss 0.0655 lr 1.42e-04 203s
  ep22 step 2000/10273 loss 0.0657 lr 1.42e-04 270s
  ep22 step 2500/10273 loss 0.0657 lr 1.41e-04 338s
  ep22 step 3000/10273 loss 0.0656 lr 1.40e-04 405s
  ep22 step 3500/10273 loss 0.0658 lr 1.40e-04 473s
  ep22 step 4000/10273 loss 0.0657 lr 1.39e-04 540s
  ep22 step 4500/10273 loss 0.0657 lr 1.39e-04 608s
  ep22 step 5000/10273 loss 0.0658 lr 1.38e-04 675s
  ep22 step 5500/10273 loss 0.0658 lr 1.38e-04 742s
  ep22 step 6000/10273 loss 0.0657 lr 1.37e-04 810s
  ep22 step 6500/10273 loss 0.0657 lr 1.36e-04 877s
  ep22 step 7000/10273 loss 0.0657 lr 1.36e-04 945s
  ep22 step 7500/10273 loss 0.0657 lr 1.35e-04 1012s
  ep22 step 8000/10273 loss 0.0658 lr 1.35e-04 1080s
  ep22 step 8500/10273 loss 0.0658 lr 1.34e-04 1147s
  ep22 step 9000/10273 loss 0.0659 lr 1.33e-04 1215s
  ep22 step 9500/10273 loss 0.0660 lr 1.33e-04 1283s
  ep22 step 10000/10273 loss 0.0659 lr 1.32e-04 1353s
{"ep": 22, "loss": 0.06589, "val_pooled_db": [-10.13, -9.17, -8.22, -7.21], "val_median_db": [-13.0, -11.69, -10.49, -9.14], "val_align_db": [-14.02, -13.09, -11.96, -11.14], "rho": [0.98, 0.975, 0.968, 0.961], "copy_last_db": [-4.46, -2.38, -1.54, -0.84], "lr": 0.00013191949796170156, "sec": 1419.7}
early stopping at ep 22 (best ep 17, -8.73 dB)
DONE best_ep 17 val_mean_pooled_db -8.73
