[mm] sensors ['cam', 'lidar', 'radar'] pos_source predicted window_bytes {'cam': 4816896, 'lidar': 786432, 'radar': 262144} coverage {"cam": {"channel_frames": 53800, "missing": 0, "examples": [], "rsu_frames_cached": 17200, "row_bytes": 301056}, "lidar": {"channel_frames": 53800, "missing": 0, "examples": [], "rsu_frames_cached": 17200, "row_bytes": 49152}, "radar": {"channel_frames": 53800, "missing": 0, "examples": [], "rsu_frames_cached": 17200, "row_bytes": 16384}}
[mm_cam_lidar_radar] frames 53800 Nr 16 Nt 64 Ksc 64 | split B1: train windows 43121 (x16 = 689936), val windows 2439 (x16 = 39024) | load 0s
model mm:chiron params 23.62M | args {"model": "mm:chiron", "run_id": "mm_cam_lidar_radar", "setting": "Nt_1_64_Nr_1_16_fc_28GHz", "Ksc": 64, "K_hist": 16, "H_pred": 4, "split": "B1", "seed": 42, "epochs": 40, "patience": 5, "lr": 0.0003, "wd": 0.0001, "batch": 64, "clip": 1.0, "warmup_epochs": 1.0, "D": 512, "L": 6, "heads": 8, "dropout": 0.1, "no_pos_emb": false, "residual": false, "c_hid": 128, "c_enc": 32, "norm": "rms", "patch_h": 4, "patch_w": 16, "lwm11_init": "pretrained", "lwm11_freeze": "none", "in_scale": 1.0, "t_layers": 2, "device": "cuda:0", "workers": 0, "max_train_windows": 0, "eval_every": 1, "out_root": "/mnt/ssd_7t_2/carla-wireless-dataset/mmw_reproduction/outputs_cp", "sensors": "cam,lidar,radar", "pos_source": "predicted", "pos_mode": "token", "fuse_layers": 3, "causal_mask": false, "sensor_cache_root": "", "backbone_init": ""}
[mm] param_groups {"backbone_no_head": 9178368, "head": 9978368, "fusion": 3554304, "embeddings": 5120, "enc_cam": 460800, "enc_lidar": 366336, "enc_radar": 72672, "sensor_encoders": 899808, "total": 23615968}
  ep1 step 500/10781 loss 1.1659 lr 1.39e-05 176s
  ep1 step 1000/10781 loss 1.0919 lr 2.79e-05 337s
  ep1 step 1500/10781 loss 1.0621 lr 4.18e-05 612s
  ep1 step 2000/10781 loss 1.0442 lr 5.57e-05 934s
  ep1 step 2500/10781 loss 1.0322 lr 6.96e-05 1261s
  ep1 step 3000/10781 loss 1.0237 lr 8.35e-05 1568s
  ep1 step 3500/10781 loss 1.0168 lr 9.74e-05 1732s
  ep1 step 4000/10781 loss 1.0102 lr 1.11e-04 1894s
  ep1 step 4500/10781 loss 1.0039 lr 1.25e-04 2058s
  ep1 step 5000/10781 loss 0.9981 lr 1.39e-04 2225s
  ep1 step 5500/10781 loss 0.9917 lr 1.53e-04 2401s
  ep1 step 6000/10781 loss 0.9840 lr 1.67e-04 2572s
  ep1 step 6500/10781 loss 0.9751 lr 1.81e-04 2743s
  ep1 step 7000/10781 loss 0.9643 lr 1.95e-04 2913s
  ep1 step 7500/10781 loss 0.9503 lr 2.09e-04 3075s
  ep1 step 8000/10781 loss 0.9315 lr 2.23e-04 3238s
  ep1 step 8500/10781 loss 0.9066 lr 2.37e-04 3400s
  ep1 step 9000/10781 loss 0.8778 lr 2.50e-04 3562s
  ep1 step 9500/10781 loss 0.8480 lr 2.64e-04 3724s
  ep1 step 10000/10781 loss 0.8192 lr 2.78e-04 3886s
  ep1 step 10500/10781 loss 0.7923 lr 2.92e-04 4049s
{"ep": 1, "loss": 0.77817, "val_pooled_db": [-8.91, -8.08, -7.45, -6.81], "val_median_db": [-10.97, -10.46, -9.56, -9.04], "val_align_db": [-12.31, -11.94, -11.3, -10.84], "rho": [0.97, 0.967, 0.962, 0.958], "copy_last_db": [-4.45, -1.94, -1.6, -1.16], "lr": 0.0003, "sec": 4231.5}
  ep2 step 500/10781 loss 0.2172 lr 3.00e-04 161s
  ep2 step 1000/10781 loss 0.2164 lr 3.00e-04 322s
  ep2 step 1500/10781 loss 0.2115 lr 3.00e-04 482s
  ep2 step 2000/10781 loss 0.2080 lr 3.00e-04 643s
  ep2 step 2500/10781 loss 0.2030 lr 3.00e-04 804s
  ep2 step 3000/10781 loss 0.1994 lr 3.00e-04 964s
  ep2 step 3500/10781 loss 0.1979 lr 3.00e-04 1125s
  ep2 step 4000/10781 loss 0.1940 lr 3.00e-04 1286s
  ep2 step 4500/10781 loss 0.1908 lr 3.00e-04 1447s
  ep2 step 5000/10781 loss 0.1881 lr 3.00e-04 1608s
  ep2 step 5500/10781 loss 0.1856 lr 3.00e-04 1768s
  ep2 step 6000/10781 loss 0.1833 lr 3.00e-04 1929s
  ep2 step 6500/10781 loss 0.1809 lr 3.00e-04 2090s
  ep2 step 7000/10781 loss 0.1793 lr 3.00e-04 2252s
  ep2 step 7500/10781 loss 0.1771 lr 3.00e-04 2413s
  ep2 step 8000/10781 loss 0.1753 lr 3.00e-04 2574s
  ep2 step 8500/10781 loss 0.1734 lr 3.00e-04 2734s
  ep2 step 9000/10781 loss 0.1718 lr 3.00e-04 2895s
  ep2 step 9500/10781 loss 0.1705 lr 3.00e-04 3065s
  ep2 step 10000/10781 loss 0.1691 lr 3.00e-04 3235s
  ep2 step 10500/10781 loss 0.1677 lr 3.00e-04 3407s
{"ep": 2, "loss": 0.16683, "val_pooled_db": [-11.08, -10.15, -9.32, -8.6], "val_median_db": [-14.13, -13.43, -12.48, -11.88], "val_align_db": [-15.68, -15.11, -14.34, -13.7], "rho": [0.986, 0.984, 0.981, 0.978], "copy_last_db": [-4.45, -1.94, -1.6, -1.16], "lr": 0.0002995135962201315, "sec": 3599.8}
  ep3 step 500/10781 loss 0.1354 lr 2.99e-04 170s
  ep3 step 1000/10781 loss 0.1346 lr 2.99e-04 342s
  ep3 step 1500/10781 loss 0.1339 lr 2.99e-04 515s
  ep3 step 2000/10781 loss 0.1330 lr 2.99e-04 689s
  ep3 step 2500/10781 loss 0.1328 lr 2.99e-04 863s
  ep3 step 3000/10781 loss 0.1332 lr 2.99e-04 1025s
  ep3 step 3500/10781 loss 0.1324 lr 2.99e-04 1188s
  ep3 step 4000/10781 loss 0.1323 lr 2.99e-04 1350s
  ep3 step 4500/10781 loss 0.1316 lr 2.99e-04 1513s
  ep3 step 5000/10781 loss 0.1319 lr 2.99e-04 1676s
  ep3 step 5500/10781 loss 0.1313 lr 2.99e-04 1838s
  ep3 step 6000/10781 loss 0.1307 lr 2.99e-04 2001s
  ep3 step 6500/10781 loss 0.1302 lr 2.99e-04 2163s
  ep3 step 7000/10781 loss 0.1295 lr 2.99e-04 2325s
  ep3 step 7500/10781 loss 0.1289 lr 2.99e-04 2489s
  ep3 step 8000/10781 loss 0.1284 lr 2.99e-04 2652s
  ep3 step 8500/10781 loss 0.1279 lr 2.98e-04 2815s
  ep3 step 9000/10781 loss 0.1274 lr 2.98e-04 2980s
  ep3 step 9500/10781 loss 0.1269 lr 2.98e-04 3143s
  ep3 step 10000/10781 loss 0.1263 lr 2.98e-04 3307s
  ep3 step 10500/10781 loss 0.1258 lr 2.98e-04 3469s
{"ep": 3, "loss": 0.1256, "val_pooled_db": [-11.05, -10.02, -9.15, -8.39], "val_median_db": [-14.26, -13.59, -12.65, -11.93], "val_align_db": [-15.84, -15.25, -14.44, -13.77], "rho": [0.987, 0.985, 0.982, 0.979], "copy_last_db": [-4.45, -1.94, -1.6, -1.16], "lr": 0.00029805753939568687, "sec": 3650.3}
  ep4 step 500/10781 loss 0.1180 lr 2.98e-04 163s
  ep4 step 1000/10781 loss 0.1152 lr 2.98e-04 325s
  ep4 step 1500/10781 loss 0.1150 lr 2.98e-04 488s
  ep4 step 2000/10781 loss 0.1142 lr 2.98e-04 652s
  ep4 step 2500/10781 loss 0.1138 lr 2.98e-04 815s
  ep4 step 3000/10781 loss 0.1134 lr 2.97e-04 978s
  ep4 step 3500/10781 loss 0.1127 lr 2.97e-04 1142s
  ep4 step 4000/10781 loss 0.1125 lr 2.97e-04 1304s
  ep4 step 4500/10781 loss 0.1125 lr 2.97e-04 1468s
  ep4 step 5000/10781 loss 0.1125 lr 2.97e-04 1635s
  ep4 step 5500/10781 loss 0.1121 lr 2.97e-04 1798s
  ep4 step 6000/10781 loss 0.1117 lr 2.97e-04 1961s
  ep4 step 6500/10781 loss 0.1115 lr 2.97e-04 2123s
  ep4 step 7000/10781 loss 0.1112 lr 2.97e-04 2285s
  ep4 step 7500/10781 loss 0.1110 lr 2.96e-04 2448s
  ep4 step 8000/10781 loss 0.1106 lr 2.96e-04 2611s
  ep4 step 8500/10781 loss 0.1103 lr 2.96e-04 2774s
  ep4 step 9000/10781 loss 0.1101 lr 2.96e-04 2936s
  ep4 step 9500/10781 loss 0.1098 lr 2.96e-04 3099s
  ep4 step 10000/10781 loss 0.1097 lr 2.96e-04 3261s
  ep4 step 10500/10781 loss 0.1094 lr 2.96e-04 3424s
{"ep": 4, "loss": 0.10931, "val_pooled_db": [-11.56, -10.44, -9.45, -8.64], "val_median_db": [-15.55, -14.28, -13.33, -12.38], "val_align_db": [-17.05, -16.12, -15.28, -14.28], "rho": [0.99, 0.988, 0.985, 0.981], "copy_last_db": [-4.45, -1.94, -1.6, -1.16], "lr": 0.00029564127261390776, "sec": 3604.7}
  ep5 step 500/10781 loss 0.1013 lr 2.96e-04 165s
  ep5 step 1000/10781 loss 0.1016 lr 2.95e-04 328s
  ep5 step 1500/10781 loss 0.1016 lr 2.95e-04 492s
  ep5 step 2000/10781 loss 0.1017 lr 2.95e-04 655s
  ep5 step 2500/10781 loss 0.1013 lr 2.95e-04 818s
  ep5 step 3000/10781 loss 0.1011 lr 2.95e-04 980s
  ep5 step 3500/10781 loss 0.1010 lr 2.95e-04 1143s
  ep5 step 4000/10781 loss 0.1009 lr 2.95e-04 1306s
  ep5 step 4500/10781 loss 0.1008 lr 2.94e-04 1467s
  ep5 step 5000/10781 loss 0.1006 lr 2.94e-04 1631s
  ep5 step 5500/10781 loss 0.1006 lr 2.94e-04 1793s
  ep5 step 6000/10781 loss 0.1004 lr 2.94e-04 1956s
  ep5 step 6500/10781 loss 0.1003 lr 2.94e-04 2118s
  ep5 step 7000/10781 loss 0.1001 lr 2.94e-04 2283s
  ep5 step 7500/10781 loss 0.1000 lr 2.93e-04 2446s
  ep5 step 8000/10781 loss 0.0998 lr 2.93e-04 2608s
  ep5 step 8500/10781 loss 0.0996 lr 2.93e-04 2771s
  ep5 step 9000/10781 loss 0.0994 lr 2.93e-04 2934s
  ep5 step 9500/10781 loss 0.0993 lr 2.93e-04 3097s
  ep5 step 10000/10781 loss 0.0991 lr 2.93e-04 3260s
  ep5 step 10500/10781 loss 0.0989 lr 2.92e-04 3423s
{"ep": 5, "loss": 0.09868, "val_pooled_db": [-11.43, -10.42, -9.46, -8.57], "val_median_db": [-15.46, -14.23, -13.31, -12.39], "val_align_db": [-17.07, -16.13, -15.17, -14.31], "rho": [0.99, 0.988, 0.985, 0.981], "copy_last_db": [-4.45, -1.94, -1.6, -1.16], "lr": 0.00029228046629207175, "sec": 3605.2}
  ep6 step 500/10781 loss 0.0939 lr 2.92e-04 163s
  ep6 step 1000/10781 loss 0.0935 lr 2.92e-04 326s
  ep6 step 1500/10781 loss 0.0930 lr 2.92e-04 489s
  ep6 step 2000/10781 loss 0.0929 lr 2.92e-04 652s
  ep6 step 2500/10781 loss 0.0929 lr 2.91e-04 814s
  ep6 step 3000/10781 loss 0.0929 lr 2.91e-04 975s
  ep6 step 3500/10781 loss 0.0929 lr 2.91e-04 1135s
  ep6 step 4000/10781 loss 0.0927 lr 2.91e-04 1295s
  ep6 step 4500/10781 loss 0.0927 lr 2.91e-04 1455s
  ep6 step 5000/10781 loss 0.0925 lr 2.90e-04 1616s
  ep6 step 5500/10781 loss 0.0924 lr 2.90e-04 1776s
  ep6 step 6000/10781 loss 0.0922 lr 2.90e-04 1937s
  ep6 step 6500/10781 loss 0.0920 lr 2.90e-04 2097s
  ep6 step 7000/10781 loss 0.0918 lr 2.90e-04 2257s
  ep6 step 7500/10781 loss 0.0918 lr 2.89e-04 2417s
  ep6 step 8000/10781 loss 0.0917 lr 2.89e-04 2577s
  ep6 step 8500/10781 loss 0.0915 lr 2.89e-04 2737s
  ep6 step 9000/10781 loss 0.0914 lr 2.89e-04 2897s
  ep6 step 9500/10781 loss 0.0913 lr 2.89e-04 3057s
  ep6 step 10000/10781 loss 0.0912 lr 2.88e-04 3217s
  ep6 step 10500/10781 loss 0.0911 lr 2.88e-04 3377s
{"ep": 6, "loss": 0.09098, "val_pooled_db": [-11.84, -10.78, -9.87, -8.97], "val_median_db": [-16.14, -14.88, -13.86, -12.73], "val_align_db": [-17.54, -16.69, -15.88, -14.9], "rho": [0.991, 0.989, 0.987, 0.984], "copy_last_db": [-4.45, -1.94, -1.6, -1.16], "lr": 0.0002879969165488236, "sec": 3555.2}
  ep7 step 500/10781 loss 0.0878 lr 2.88e-04 160s
  ep7 step 1000/10781 loss 0.0874 lr 2.88e-04 320s
  ep7 step 1500/10781 loss 0.0873 lr 2.87e-04 480s
  ep7 step 2000/10781 loss 0.0871 lr 2.87e-04 640s
  ep7 step 2500/10781 loss 0.0870 lr 2.87e-04 804s
  ep7 step 3000/10781 loss 0.0868 lr 2.87e-04 968s
  ep7 step 3500/10781 loss 0.0867 lr 2.86e-04 1135s
  ep7 step 4000/10781 loss 0.0865 lr 2.86e-04 1299s
  ep7 step 4500/10781 loss 0.0865 lr 2.86e-04 1462s
  ep7 step 5000/10781 loss 0.0867 lr 2.86e-04 1627s
  ep7 step 5500/10781 loss 0.0867 lr 2.85e-04 1790s
  ep7 step 6000/10781 loss 0.0865 lr 2.85e-04 1954s
  ep7 step 6500/10781 loss 0.0864 lr 2.85e-04 2118s
  ep7 step 7000/10781 loss 0.0862 lr 2.85e-04 2282s
  ep7 step 7500/10781 loss 0.0861 lr 2.84e-04 2448s
  ep7 step 8000/10781 loss 0.0860 lr 2.84e-04 2613s
  ep7 step 8500/10781 loss 0.0859 lr 2.84e-04 2778s
  ep7 step 9000/10781 loss 0.0858 lr 2.84e-04 2944s
  ep7 step 9500/10781 loss 0.0857 lr 2.83e-04 3110s
  ep7 step 10000/10781 loss 0.0857 lr 2.83e-04 3274s
  ep7 step 10500/10781 loss 0.0856 lr 2.83e-04 3434s
{"ep": 7, "loss": 0.0856, "val_pooled_db": [-11.71, -10.79, -9.86, -9.08], "val_median_db": [-16.4, -15.3, -14.07, -13.11], "val_align_db": [-17.76, -16.89, -15.99, -15.07], "rho": [0.992, 0.99, 0.987, 0.984], "copy_last_db": [-4.45, -1.94, -1.6, -1.16], "lr": 0.0002828184038479814, "sec": 3610.4}
  ep8 step 500/10781 loss 0.0823 lr 2.83e-04 159s
  ep8 step 1000/10781 loss 0.0824 lr 2.82e-04 318s
  ep8 step 1500/10781 loss 0.0824 lr 2.82e-04 476s
  ep8 step 2000/10781 loss 0.0820 lr 2.82e-04 635s
  ep8 step 2500/10781 loss 0.0819 lr 2.81e-04 792s
  ep8 step 3000/10781 loss 0.0820 lr 2.81e-04 951s
  ep8 step 3500/10781 loss 0.0819 lr 2.81e-04 1109s
  ep8 step 4000/10781 loss 0.0819 lr 2.81e-04 1268s
  ep8 step 4500/10781 loss 0.0820 lr 2.80e-04 1426s
  ep8 step 5000/10781 loss 0.0819 lr 2.80e-04 1584s
  ep8 step 5500/10781 loss 0.0818 lr 2.80e-04 1742s
  ep8 step 6000/10781 loss 0.0818 lr 2.80e-04 1900s
  ep8 step 6500/10781 loss 0.0818 lr 2.79e-04 2077s
  ep8 step 7000/10781 loss 0.0817 lr 2.79e-04 2235s
  ep8 step 7500/10781 loss 0.0817 lr 2.79e-04 2392s
  ep8 step 8000/10781 loss 0.0816 lr 2.78e-04 2549s
  ep8 step 8500/10781 loss 0.0816 lr 2.78e-04 2706s
  ep8 step 9000/10781 loss 0.0815 lr 2.78e-04 2864s
  ep8 step 9500/10781 loss 0.0814 lr 2.78e-04 3021s
  ep8 step 10000/10781 loss 0.0814 lr 2.77e-04 3180s
  ep8 step 10500/10781 loss 0.0813 lr 2.77e-04 3338s
{"ep": 8, "loss": 0.08124, "val_pooled_db": [-11.88, -10.88, -9.95, -9.14], "val_median_db": [-16.63, -15.55, -14.28, -13.36], "val_align_db": [-17.91, -17.12, -16.13, -15.29], "rho": [0.992, 0.99, 0.988, 0.985], "copy_last_db": [-4.45, -1.94, -1.6, -1.16], "lr": 0.0002767785128315692, "sec": 3513.3}
  ep9 step 500/10781 loss 0.0783 lr 2.76e-04 158s
  ep9 step 1000/10781 loss 0.0786 lr 2.76e-04 315s
  ep9 step 1500/10781 loss 0.0789 lr 2.76e-04 473s
  ep9 step 2000/10781 loss 0.0789 lr 2.76e-04 630s
  ep9 step 2500/10781 loss 0.0788 lr 2.75e-04 789s
  ep9 step 3000/10781 loss 0.0787 lr 2.75e-04 947s
  ep9 step 3500/10781 loss 0.0788 lr 2.75e-04 1105s
  ep9 step 4000/10781 loss 0.0787 lr 2.74e-04 1263s
  ep9 step 4500/10781 loss 0.0787 lr 2.74e-04 1422s
  ep9 step 5000/10781 loss 0.0787 lr 2.74e-04 1581s
  ep9 step 5500/10781 loss 0.0786 lr 2.73e-04 1740s
  ep9 step 6000/10781 loss 0.0785 lr 2.73e-04 1899s
  ep9 step 6500/10781 loss 0.0784 lr 2.73e-04 2056s
  ep9 step 7000/10781 loss 0.0784 lr 2.72e-04 2216s
  ep9 step 7500/10781 loss 0.0783 lr 2.72e-04 2374s
  ep9 step 8000/10781 loss 0.0783 lr 2.72e-04 2532s
  ep9 step 8500/10781 loss 0.0782 lr 2.71e-04 2690s
  ep9 step 9000/10781 loss 0.0781 lr 2.71e-04 2848s
  ep9 step 9500/10781 loss 0.0781 lr 2.71e-04 3006s
  ep9 step 10000/10781 loss 0.0780 lr 2.70e-04 3164s
  ep9 step 10500/10781 loss 0.0780 lr 2.70e-04 3322s
{"ep": 9, "loss": 0.07794, "val_pooled_db": [-11.88, -10.95, -10.05, -9.19], "val_median_db": [-16.55, -15.46, -14.25, -13.24], "val_align_db": [-17.89, -17.08, -16.22, -15.28], "rho": [0.992, 0.99, 0.988, 0.985], "copy_last_db": [-4.45, -1.94, -1.6, -1.16], "lr": 0.00026991641451052517, "sec": 3497.3}
  ep10 step 500/10781 loss 0.0757 lr 2.70e-04 157s
  ep10 step 1000/10781 loss 0.0756 lr 2.69e-04 315s
  ep10 step 1500/10781 loss 0.0755 lr 2.69e-04 473s
  ep10 step 2000/10781 loss 0.0758 lr 2.69e-04 631s
  ep10 step 2500/10781 loss 0.0759 lr 2.68e-04 788s
  ep10 step 3000/10781 loss 0.0759 lr 2.68e-04 946s
  ep10 step 3500/10781 loss 0.0759 lr 2.68e-04 1104s
  ep10 step 4000/10781 loss 0.0758 lr 2.67e-04 1262s
  ep10 step 4500/10781 loss 0.0757 lr 2.67e-04 1420s
  ep10 step 5000/10781 loss 0.0757 lr 2.66e-04 1577s
  ep10 step 5500/10781 loss 0.0758 lr 2.66e-04 1735s
  ep10 step 6000/10781 loss 0.0757 lr 2.66e-04 1894s
  ep10 step 6500/10781 loss 0.0756 lr 2.65e-04 2052s
  ep10 step 7000/10781 loss 0.0756 lr 2.65e-04 2209s
  ep10 step 7500/10781 loss 0.0755 lr 2.65e-04 2368s
  ep10 step 8000/10781 loss 0.0754 lr 2.64e-04 2525s
  ep10 step 8500/10781 loss 0.0754 lr 2.64e-04 2681s
  ep10 step 9000/10781 loss 0.0754 lr 2.64e-04 2837s
  ep10 step 9500/10781 loss 0.0754 lr 2.63e-04 2992s
  ep10 step 10000/10781 loss 0.0753 lr 2.63e-04 3147s
  ep10 step 10500/10781 loss 0.0752 lr 2.62e-04 3303s
{"ep": 10, "loss": 0.0752, "val_pooled_db": [-12.01, -10.97, -10.09, -9.23], "val_median_db": [-16.91, -15.75, -14.45, -13.29], "val_align_db": [-18.29, -17.49, -16.53, -15.41], "rho": [0.993, 0.991, 0.989, 0.986], "copy_last_db": [-4.45, -1.94, -1.6, -1.16], "lr": 0.00026227661222566516, "sec": 3474.9}
  ep11 step 500/10781 loss 0.0744 lr 2.62e-04 158s
  ep11 step 1000/10781 loss 0.0739 lr 2.62e-04 324s
  ep11 step 1500/10781 loss 0.0737 lr 2.61e-04 489s
  ep11 step 2000/10781 loss 0.0735 lr 2.61e-04 651s
  ep11 step 2500/10781 loss 0.0735 lr 2.60e-04 811s
  ep11 step 3000/10781 loss 0.0735 lr 2.60e-04 969s
  ep11 step 3500/10781 loss 0.0735 lr 2.60e-04 1127s
  ep11 step 4000/10781 loss 0.0734 lr 2.59e-04 1284s
  ep11 step 4500/10781 loss 0.0733 lr 2.59e-04 1441s
  ep11 step 5000/10781 loss 0.0733 lr 2.58e-04 1599s
  ep11 step 5500/10781 loss 0.0732 lr 2.58e-04 1757s
  ep11 step 6000/10781 loss 0.0732 lr 2.58e-04 1916s
  ep11 step 6500/10781 loss 0.0732 lr 2.57e-04 2074s
  ep11 step 7000/10781 loss 0.0732 lr 2.57e-04 2232s
  ep11 step 7500/10781 loss 0.0732 lr 2.57e-04 2392s
  ep11 step 8000/10781 loss 0.0731 lr 2.56e-04 2552s
  ep11 step 8500/10781 loss 0.0730 lr 2.56e-04 2717s
  ep11 step 9000/10781 loss 0.0730 lr 2.55e-04 2885s
  ep11 step 9500/10781 loss 0.0730 lr 2.55e-04 3052s
  ep11 step 10000/10781 loss 0.0729 lr 2.55e-04 3218s
  ep11 step 10500/10781 loss 0.0728 lr 2.54e-04 3384s
{"ep": 11, "loss": 0.0728, "val_pooled_db": [-12.02, -11.09, -10.16, -9.3], "val_median_db": [-17.27, -16.12, -14.66, -13.54], "val_align_db": [-18.53, -17.69, -16.71, -15.66], "rho": [0.993, 0.991, 0.989, 0.986], "copy_last_db": [-4.45, -1.94, -1.6, -1.16], "lr": 0.0002539086530264399, "sec": 3564.3}
  ep12 step 500/10781 loss 0.0717 lr 2.54e-04 160s
  ep12 step 1000/10781 loss 0.0717 lr 2.53e-04 321s
  ep12 step 1500/10781 loss 0.0714 lr 2.53e-04 483s
  ep12 step 2000/10781 loss 0.0715 lr 2.52e-04 644s
  ep12 step 2500/10781 loss 0.0714 lr 2.52e-04 806s
  ep12 step 3000/10781 loss 0.0713 lr 2.51e-04 968s
  ep12 step 3500/10781 loss 0.0713 lr 2.51e-04 1128s
  ep12 step 4000/10781 loss 0.0712 lr 2.51e-04 1288s
  ep12 step 4500/10781 loss 0.0713 lr 2.50e-04 1447s
  ep12 step 5000/10781 loss 0.0712 lr 2.50e-04 1606s
  ep12 step 5500/10781 loss 0.0712 lr 2.49e-04 1764s
  ep12 step 6000/10781 loss 0.0712 lr 2.49e-04 1923s
  ep12 step 6500/10781 loss 0.0712 lr 2.49e-04 2082s
  ep12 step 7000/10781 loss 0.0712 lr 2.48e-04 2240s
  ep12 step 7500/10781 loss 0.0712 lr 2.48e-04 2399s
  ep12 step 8000/10781 loss 0.0711 lr 2.47e-04 2558s
  ep12 step 8500/10781 loss 0.0711 lr 2.47e-04 2716s
  ep12 step 9000/10781 loss 0.0710 lr 2.46e-04 2875s
  ep12 step 9500/10781 loss 0.0709 lr 2.46e-04 3033s
  ep12 step 10000/10781 loss 0.0709 lr 2.46e-04 3191s
  ep12 step 10500/10781 loss 0.0708 lr 2.45e-04 3350s
{"ep": 12, "loss": 0.07084, "val_pooled_db": [-12.07, -11.12, -10.21, -9.4], "val_median_db": [-17.37, -16.17, -14.71, -13.68], "val_align_db": [-18.57, -17.76, -16.79, -15.81], "rho": [0.993, 0.992, 0.989, 0.987], "copy_last_db": [-4.45, -1.94, -1.6, -1.16], "lr": 0.0002448668063393066, "sec": 3524.8}
  ep13 step 500/10781 loss 0.0688 lr 2.44e-04 158s
  ep13 step 1000/10781 loss 0.0690 lr 2.44e-04 317s
  ep13 step 1500/10781 loss 0.0693 lr 2.44e-04 476s
  ep13 step 2000/10781 loss 0.0691 lr 2.43e-04 634s
  ep13 step 2500/10781 loss 0.0692 lr 2.43e-04 793s
  ep13 step 3000/10781 loss 0.0692 lr 2.42e-04 951s
  ep13 step 3500/10781 loss 0.0692 lr 2.42e-04 1109s
  ep13 step 4000/10781 loss 0.0692 lr 2.41e-04 1269s
  ep13 step 4500/10781 loss 0.0691 lr 2.41e-04 1428s
  ep13 step 5000/10781 loss 0.0691 lr 2.40e-04 1585s
  ep13 step 5500/10781 loss 0.0691 lr 2.40e-04 1744s
  ep13 step 6000/10781 loss 0.0690 lr 2.40e-04 1903s
  ep13 step 6500/10781 loss 0.0690 lr 2.39e-04 2061s
  ep13 step 7000/10781 loss 0.0690 lr 2.39e-04 2220s
  ep13 step 7500/10781 loss 0.0690 lr 2.38e-04 2383s
  ep13 step 8000/10781 loss 0.0690 lr 2.38e-04 2541s
  ep13 step 8500/10781 loss 0.0689 lr 2.37e-04 2698s
  ep13 step 9000/10781 loss 0.0689 lr 2.37e-04 2855s
  ep13 step 9500/10781 loss 0.0689 lr 2.36e-04 3013s
  ep13 step 10000/10781 loss 0.0688 lr 2.36e-04 3170s
  ep13 step 10500/10781 loss 0.0688 lr 2.35e-04 3328s
{"ep": 13, "loss": 0.06881, "val_pooled_db": [-12.07, -11.13, -10.18, -9.39], "val_median_db": [-17.44, -16.37, -14.98, -13.78], "val_align_db": [-18.72, -17.9, -16.95, -15.82], "rho": [0.993, 0.992, 0.99, 0.987], "copy_last_db": [-4.45, -1.94, -1.6, -1.16], "lr": 0.00023520971200967334, "sec": 3501.2}
  ep14 step 500/10781 loss 0.0677 lr 2.35e-04 157s
  ep14 step 1000/10781 loss 0.0677 lr 2.34e-04 316s
  ep14 step 1500/10781 loss 0.0677 lr 2.34e-04 474s
  ep14 step 2000/10781 loss 0.0678 lr 2.33e-04 631s
  ep14 step 2500/10781 loss 0.0678 lr 2.33e-04 789s
  ep14 step 3000/10781 loss 0.0678 lr 2.32e-04 946s
  ep14 step 3500/10781 loss 0.0678 lr 2.32e-04 1105s
  ep14 step 4000/10781 loss 0.0678 lr 2.31e-04 1263s
  ep14 step 4500/10781 loss 0.0677 lr 2.31e-04 1420s
  ep14 step 5000/10781 loss 0.0677 lr 2.31e-04 1578s
  ep14 step 5500/10781 loss 0.0676 lr 2.30e-04 1735s
  ep14 step 6000/10781 loss 0.0676 lr 2.30e-04 1892s
  ep14 step 6500/10781 loss 0.0676 lr 2.29e-04 2049s
  ep14 step 7000/10781 loss 0.0676 lr 2.29e-04 2206s
  ep14 step 7500/10781 loss 0.0675 lr 2.28e-04 2363s
  ep14 step 8000/10781 loss 0.0675 lr 2.28e-04 2520s
  ep14 step 8500/10781 loss 0.0674 lr 2.27e-04 2677s
  ep14 step 9000/10781 loss 0.0674 lr 2.27e-04 2834s
  ep14 step 9500/10781 loss 0.0674 lr 2.26e-04 2990s
  ep14 step 10000/10781 loss 0.0673 lr 2.26e-04 3146s
  ep14 step 10500/10781 loss 0.0673 lr 2.25e-04 3303s
{"ep": 14, "loss": 0.06729, "val_pooled_db": [-12.07, -11.12, -10.15, -9.34], "val_median_db": [-17.74, -16.45, -14.96, -13.78], "val_align_db": [-18.87, -17.9, -16.9, -15.81], "rho": [0.993, 0.992, 0.99, 0.987], "copy_last_db": [-4.45, -1.94, -1.6, -1.16], "lr": 0.000225, "sec": 3473.8}
  ep15 step 500/10781 loss 0.0660 lr 2.25e-04 156s
  ep15 step 1000/10781 loss 0.0663 lr 2.24e-04 313s
  ep15 step 1500/10781 loss 0.0663 lr 2.24e-04 469s
  ep15 step 2000/10781 loss 0.0661 lr 2.23e-04 629s
  ep15 step 2500/10781 loss 0.0660 lr 2.23e-04 789s
  ep15 step 3000/10781 loss 0.0661 lr 2.22e-04 951s
  ep15 step 3500/10781 loss 0.0660 lr 2.22e-04 1108s
  ep15 step 4000/10781 loss 0.0661 lr 2.21e-04 1265s
  ep15 step 4500/10781 loss 0.0661 lr 2.21e-04 1422s
  ep15 step 5000/10781 loss 0.0661 lr 2.20e-04 1580s
  ep15 step 5500/10781 loss 0.0660 lr 2.20e-04 1737s
  ep15 step 6000/10781 loss 0.0661 lr 2.19e-04 1894s
  ep15 step 6500/10781 loss 0.0661 lr 2.19e-04 2051s
  ep15 step 7000/10781 loss 0.0660 lr 2.18e-04 2209s
  ep15 step 7500/10781 loss 0.0660 lr 2.18e-04 2366s
  ep15 step 8000/10781 loss 0.0660 lr 2.17e-04 2523s
  ep15 step 8500/10781 loss 0.0660 lr 2.17e-04 2681s
  ep15 step 9000/10781 loss 0.0660 lr 2.16e-04 2838s
  ep15 step 9500/10781 loss 0.0660 lr 2.16e-04 2996s
  ep15 step 10000/10781 loss 0.0659 lr 2.15e-04 3154s
  ep15 step 10500/10781 loss 0.0659 lr 2.15e-04 3312s
{"ep": 15, "loss": 0.06587, "val_pooled_db": [-12.11, -11.15, -10.24, -9.46], "val_median_db": [-17.55, -16.53, -15.12, -14.11], "val_align_db": [-18.81, -18.02, -17.1, -16.17], "rho": [0.993, 0.992, 0.99, 0.988], "copy_last_db": [-4.45, -1.94, -1.6, -1.16], "lr": 0.0002143038842104581, "sec": 3486.7}
  ep16 step 500/10781 loss 0.0650 lr 2.14e-04 157s
  ep16 step 1000/10781 loss 0.0651 lr 2.13e-04 315s
  ep16 step 1500/10781 loss 0.0651 lr 2.13e-04 473s
  ep16 step 2000/10781 loss 0.0651 lr 2.12e-04 631s
  ep16 step 2500/10781 loss 0.0651 lr 2.12e-04 789s
  ep16 step 3000/10781 loss 0.0651 lr 2.11e-04 947s
  ep16 step 3500/10781 loss 0.0651 lr 2.11e-04 1104s
  ep16 step 4000/10781 loss 0.0650 lr 2.10e-04 1262s
  ep16 step 4500/10781 loss 0.0650 lr 2.10e-04 1420s
  ep16 step 5000/10781 loss 0.0650 lr 2.09e-04 1580s
  ep16 step 5500/10781 loss 0.0649 lr 2.09e-04 1738s
  ep16 step 6000/10781 loss 0.0649 lr 2.08e-04 1895s
  ep16 step 6500/10781 loss 0.0648 lr 2.08e-04 2053s
  ep16 step 7000/10781 loss 0.0648 lr 2.07e-04 2211s
  ep16 step 7500/10781 loss 0.0648 lr 2.07e-04 2368s
  ep16 step 8000/10781 loss 0.0648 lr 2.06e-04 2526s
  ep16 step 8500/10781 loss 0.0648 lr 2.06e-04 2684s
  ep16 step 9000/10781 loss 0.0648 lr 2.05e-04 2841s
  ep16 step 9500/10781 loss 0.0648 lr 2.05e-04 2999s
  ep16 step 10000/10781 loss 0.0648 lr 2.04e-04 3156s
  ep16 step 10500/10781 loss 0.0647 lr 2.03e-04 3313s
{"ep": 16, "loss": 0.06471, "val_pooled_db": [-12.11, -11.18, -10.25, -9.45], "val_median_db": [-17.75, -16.67, -15.18, -14.01], "val_align_db": [-18.96, -18.12, -17.1, -16.07], "rho": [0.994, 0.992, 0.99, 0.988], "copy_last_db": [-4.45, -1.94, -1.6, -1.16], "lr": 0.0002031907330563803, "sec": 3488.9}
  ep17 step 500/10781 loss 0.0642 lr 2.03e-04 159s
  ep17 step 1000/10781 loss 0.0642 lr 2.02e-04 317s
  ep17 step 1500/10781 loss 0.0641 lr 2.02e-04 474s
  ep17 step 2000/10781 loss 0.0639 lr 2.01e-04 632s
  ep17 step 2500/10781 loss 0.0640 lr 2.01e-04 789s
  ep17 step 3000/10781 loss 0.0640 lr 2.00e-04 947s
  ep17 step 3500/10781 loss 0.0638 lr 2.00e-04 1104s
  ep17 step 4000/10781 loss 0.0639 lr 1.99e-04 1261s
  ep17 step 4500/10781 loss 0.0640 lr 1.98e-04 1418s
  ep17 step 5000/10781 loss 0.0640 lr 1.98e-04 1575s
  ep17 step 5500/10781 loss 0.0639 lr 1.97e-04 1732s
  ep17 step 6000/10781 loss 0.0639 lr 1.97e-04 1890s
  ep17 step 6500/10781 loss 0.0639 lr 1.96e-04 2047s
  ep17 step 7000/10781 loss 0.0639 lr 1.96e-04 2205s
  ep17 step 7500/10781 loss 0.0638 lr 1.95e-04 2362s
  ep17 step 8000/10781 loss 0.0638 lr 1.95e-04 2519s
  ep17 step 8500/10781 loss 0.0638 lr 1.94e-04 2677s
  ep17 step 9000/10781 loss 0.0638 lr 1.94e-04 2834s
  ep17 step 9500/10781 loss 0.0638 lr 1.93e-04 2991s
  ep17 step 10000/10781 loss 0.0637 lr 1.93e-04 3149s
  ep17 step 10500/10781 loss 0.0637 lr 1.92e-04 3306s
{"ep": 17, "loss": 0.06371, "val_pooled_db": [-12.06, -11.14, -10.18, -9.43], "val_median_db": [-17.74, -16.56, -15.16, -14.12], "val_align_db": [-18.95, -17.99, -17.02, -16.14], "rho": [0.994, 0.992, 0.99, 0.988], "copy_last_db": [-4.45, -1.94, -1.6, -1.16], "lr": 0.0001917326195874679, "sec": 3482.1}
  ep18 step 500/10781 loss 0.0635 lr 1.91e-04 157s
  ep18 step 1000/10781 loss 0.0636 lr 1.91e-04 315s
  ep18 step 1500/10781 loss 0.0633 lr 1.90e-04 473s
  ep18 step 2000/10781 loss 0.0632 lr 1.90e-04 632s
  ep18 step 2500/10781 loss 0.0633 lr 1.89e-04 794s
  ep18 step 3000/10781 loss 0.0632 lr 1.88e-04 953s
  ep18 step 3500/10781 loss 0.0632 lr 1.88e-04 1112s
  ep18 step 4000/10781 loss 0.0631 lr 1.87e-04 1271s
  ep18 step 4500/10781 loss 0.0631 lr 1.87e-04 1427s
  ep18 step 5000/10781 loss 0.0631 lr 1.86e-04 1587s
  ep18 step 5500/10781 loss 0.0631 lr 1.86e-04 1761s
  ep18 step 6000/10781 loss 0.0630 lr 1.85e-04 1947s
  ep18 step 6500/10781 loss 0.0630 lr 1.85e-04 2137s
  ep18 step 7000/10781 loss 0.0630 lr 1.84e-04 2351s
  ep18 step 7500/10781 loss 0.0630 lr 1.84e-04 2564s
  ep18 step 8000/10781 loss 0.0629 lr 1.83e-04 2781s
  ep18 step 8500/10781 loss 0.0629 lr 1.83e-04 2985s
  ep18 step 9000/10781 loss 0.0628 lr 1.82e-04 3167s
  ep18 step 9500/10781 loss 0.0628 lr 1.81e-04 3358s
  ep18 step 10000/10781 loss 0.0628 lr 1.81e-04 3540s
  ep18 step 10500/10781 loss 0.0628 lr 1.80e-04 3717s
{"ep": 18, "loss": 0.06276, "val_pooled_db": [-12.08, -11.15, -10.22, -9.4], "val_median_db": [-17.62, -16.51, -15.09, -14.05], "val_align_db": [-18.93, -17.96, -16.99, -15.99], "rho": [0.994, 0.992, 0.99, 0.987], "copy_last_db": [-4.45, -1.94, -1.6, -1.16], "lr": 0.00018000385406640666, "sec": 3911.9}
  ep19 step 500/10781 loss 0.0619 lr 1.79e-04 166s
  ep19 step 1000/10781 loss 0.0619 lr 1.79e-04 330s
  ep19 step 1500/10781 loss 0.0618 lr 1.78e-04 492s
  ep19 step 2000/10781 loss 0.0618 lr 1.78e-04 655s
  ep19 step 2500/10781 loss 0.0618 lr 1.77e-04 811s
  ep19 step 3000/10781 loss 0.0618 lr 1.77e-04 966s
  ep19 step 3500/10781 loss 0.0618 lr 1.76e-04 1122s
  ep19 step 4000/10781 loss 0.0618 lr 1.76e-04 1277s
  ep19 step 4500/10781 loss 0.0618 lr 1.75e-04 1432s
  ep19 step 5000/10781 loss 0.0618 lr 1.74e-04 1588s
  ep19 step 5500/10781 loss 0.0617 lr 1.74e-04 1743s
  ep19 step 6000/10781 loss 0.0617 lr 1.73e-04 1898s
  ep19 step 6500/10781 loss 0.0617 lr 1.73e-04 2063s
  ep19 step 7000/10781 loss 0.0617 lr 1.72e-04 2225s
  ep19 step 7500/10781 loss 0.0616 lr 1.72e-04 2389s
  ep19 step 8000/10781 loss 0.0616 lr 1.71e-04 2551s
  ep19 step 8500/10781 loss 0.0617 lr 1.71e-04 2705s
  ep19 step 9000/10781 loss 0.0617 lr 1.70e-04 2860s
  ep19 step 9500/10781 loss 0.0617 lr 1.70e-04 3021s
  ep19 step 10000/10781 loss 0.0616 lr 1.69e-04 3184s
  ep19 step 10500/10781 loss 0.0616 lr 1.68e-04 3485s
{"ep": 19, "loss": 0.06165, "val_pooled_db": [-12.03, -11.14, -10.21, -9.43], "val_median_db": [-17.79, -16.52, -15.16, -14.09], "val_align_db": [-19.04, -18.03, -17.09, -16.17], "rho": [0.994, 0.992, 0.99, 0.988], "copy_last_db": [-4.45, -1.94, -1.6, -1.16], "lr": 0.00016808050203829842, "sec": 3669.3}
  ep20 step 500/10781 loss 0.0614 lr 1.68e-04 162s
  ep20 step 1000/10781 loss 0.0611 lr 1.67e-04 324s
  ep20 step 1500/10781 loss 0.0611 lr 1.66e-04 486s
  ep20 step 2000/10781 loss 0.0612 lr 1.66e-04 669s
  ep20 step 2500/10781 loss 0.0610 lr 1.65e-04 852s
  ep20 step 3000/10781 loss 0.0610 lr 1.65e-04 1033s
  ep20 step 3500/10781 loss 0.0610 lr 1.64e-04 1217s
  ep20 step 4000/10781 loss 0.0610 lr 1.64e-04 1390s
  ep20 step 4500/10781 loss 0.0609 lr 1.63e-04 1555s
  ep20 step 5000/10781 loss 0.0609 lr 1.63e-04 1721s
  ep20 step 5500/10781 loss 0.0609 lr 1.62e-04 1887s
  ep20 step 6000/10781 loss 0.0609 lr 1.61e-04 2052s
  ep20 step 6500/10781 loss 0.0609 lr 1.61e-04 2218s
  ep20 step 7000/10781 loss 0.0609 lr 1.60e-04 2383s
  ep20 step 7500/10781 loss 0.0608 lr 1.60e-04 2547s
  ep20 step 8000/10781 loss 0.0608 lr 1.59e-04 2713s
  ep20 step 8500/10781 loss 0.0608 lr 1.59e-04 2878s
  ep20 step 9000/10781 loss 0.0608 lr 1.58e-04 3043s
  ep20 step 9500/10781 loss 0.0608 lr 1.57e-04 3209s
  ep20 step 10000/10781 loss 0.0608 lr 1.57e-04 3373s
  ep20 step 10500/10781 loss 0.0608 lr 1.56e-04 3528s
{"ep": 20, "loss": 0.06077, "val_pooled_db": [-12.11, -11.19, -10.22, -9.39], "val_median_db": [-17.86, -16.61, -15.22, -14.06], "val_align_db": [-18.96, -18.0, -17.09, -16.17], "rho": [0.994, 0.992, 0.99, 0.988], "copy_last_db": [-4.45, -1.94, -1.6, -1.16], "lr": 0.00015603989101641228, "sec": 3700.2}
  ep21 step 500/10781 loss 0.0604 lr 1.55e-04 155s
  ep21 step 1000/10781 loss 0.0602 lr 1.55e-04 316s
  ep21 step 1500/10781 loss 0.0602 lr 1.54e-04 480s
  ep21 step 2000/10781 loss 0.0601 lr 1.54e-04 641s
  ep21 step 2500/10781 loss 0.0602 lr 1.53e-04 807s
  ep21 step 3000/10781 loss 0.0601 lr 1.53e-04 973s
  ep21 step 3500/10781 loss 0.0602 lr 1.52e-04 1138s
  ep21 step 4000/10781 loss 0.0602 lr 1.52e-04 1304s
  ep21 step 4500/10781 loss 0.0602 lr 1.51e-04 1470s
  ep21 step 5000/10781 loss 0.0602 lr 1.50e-04 1635s
  ep21 step 5500/10781 loss 0.0602 lr 1.50e-04 1799s
  ep21 step 6000/10781 loss 0.0602 lr 1.49e-04 1972s
  ep21 step 6500/10781 loss 0.0602 lr 1.49e-04 2141s
  ep21 step 7000/10781 loss 0.0601 lr 1.48e-04 2310s
  ep21 step 7500/10781 loss 0.0602 lr 1.48e-04 2545s
  ep21 step 8000/10781 loss 0.0601 lr 1.47e-04 2962s
  ep21 step 8500/10781 loss 0.0601 lr 1.47e-04 3137s
  ep21 step 9000/10781 loss 0.0601 lr 1.46e-04 3312s
  ep21 step 9500/10781 loss 0.0601 lr 1.45e-04 3488s
  ep21 step 10000/10781 loss 0.0600 lr 1.45e-04 3660s
  ep21 step 10500/10781 loss 0.0600 lr 1.44e-04 3834s
{"ep": 21, "loss": 0.06001, "val_pooled_db": [-12.08, -11.15, -10.22, -9.4], "val_median_db": [-17.85, -16.64, -15.14, -14.18], "val_align_db": [-19.05, -18.06, -17.06, -16.3], "rho": [0.994, 0.992, 0.99, 0.988], "copy_last_db": [-4.45, -1.94, -1.6, -1.16], "lr": 0.00014396010898358775, "sec": 4039.7}
early stopping at ep 21 (best ep 16, -10.75 dB)
DONE best_ep 16 val_mean_pooled_db -10.75
