[t1_chiron_s42] frames 53800 Nr 16 Nt 64 Ksc 64 | split T1: train windows 41090 (x16 = 657440), val windows 2490 (x16 = 39840) | load 0s
model repo:chiron params 19.16M | args {"model": "repo:chiron", "run_id": "t1_chiron_s42", "setting": "Nt_1_64_Nr_1_16_fc_28GHz", "Ksc": 64, "K_hist": 16, "H_pred": 4, "split": "T1", "seed": 42, "epochs": 40, "patience": 5, "lr": 0.0003, "wd": 0.0001, "batch": 64, "clip": 1.0, "warmup_epochs": 1.0, "D": 256, "L": 6, "heads": 8, "dropout": 0.1, "no_pos_emb": false, "residual": false, "c_hid": 128, "c_enc": 32, "norm": "rms", "patch_h": 4, "patch_w": 16, "lwm11_init": "pretrained", "lwm11_freeze": "none", "in_scale": 1.0, "t_layers": 2, "device": "cuda:0", "workers": 0, "max_train_windows": 0, "eval_every": 1, "out_root": "/mnt/ssd_7t_2/carla-wireless-dataset/mmw_reproduction/outputs_cp", "sensors": "", "pos_source": "predicted", "pos_mode": "token", "fuse_layers": 3, "causal_mask": false, "sensor_cache_root": "", "backbone_init": ""}
  ep1 step 500/10273 loss 1.1553 lr 1.46e-05 69s
  ep1 step 1000/10273 loss 1.0853 lr 2.92e-05 137s
  ep1 step 1500/10273 loss 1.0557 lr 4.38e-05 205s
  ep1 step 2000/10273 loss 1.0381 lr 5.84e-05 273s
  ep1 step 2500/10273 loss 1.0265 lr 7.30e-05 341s
  ep1 step 3000/10273 loss 1.0179 lr 8.76e-05 409s
  ep1 step 3500/10273 loss 1.0112 lr 1.02e-04 477s
  ep1 step 4000/10273 loss 1.0045 lr 1.17e-04 545s
  ep1 step 4500/10273 loss 0.9978 lr 1.31e-04 612s
  ep1 step 5000/10273 loss 0.9912 lr 1.46e-04 680s
  ep1 step 5500/10273 loss 0.9843 lr 1.61e-04 748s
  ep1 step 6000/10273 loss 0.9750 lr 1.75e-04 816s
  ep1 step 6500/10273 loss 0.9634 lr 1.90e-04 884s
  ep1 step 7000/10273 loss 0.9495 lr 2.04e-04 952s
  ep1 step 7500/10273 loss 0.9322 lr 2.19e-04 1020s
  ep1 step 8000/10273 loss 0.9102 lr 2.34e-04 1088s
  ep1 step 8500/10273 loss 0.8836 lr 2.48e-04 1156s
  ep1 step 9000/10273 loss 0.8544 lr 2.63e-04 1224s
  ep1 step 9500/10273 loss 0.8248 lr 2.77e-04 1292s
  ep1 step 10000/10273 loss 0.7963 lr 2.92e-04 1360s
{"ep": 1, "loss": 0.78125, "val_pooled_db": [-7.37, -6.89, -6.25, -5.7], "val_median_db": [-8.14, -7.59, -6.89, -6.49], "val_align_db": [-9.23, -8.88, -8.29, -7.9], "rho": [0.938, 0.933, 0.923, 0.915], "copy_last_db": [-4.46, -2.38, -1.54, -0.84], "lr": 0.0003, "sec": 1422.7}
  ep2 step 500/10273 loss 0.2208 lr 3.00e-04 68s
  ep2 step 1000/10273 loss 0.2135 lr 3.00e-04 136s
  ep2 step 1500/10273 loss 0.2074 lr 3.00e-04 204s
  ep2 step 2000/10273 loss 0.2020 lr 3.00e-04 272s
  ep2 step 2500/10273 loss 0.1975 lr 3.00e-04 340s
  ep2 step 3000/10273 loss 0.1940 lr 3.00e-04 408s
  ep2 step 3500/10273 loss 0.1910 lr 3.00e-04 475s
  ep2 step 4000/10273 loss 0.1880 lr 3.00e-04 543s
  ep2 step 4500/10273 loss 0.1857 lr 3.00e-04 619s
  ep2 step 5000/10273 loss 0.1830 lr 3.00e-04 711s
  ep2 step 5500/10273 loss 0.1804 lr 3.00e-04 798s
  ep2 step 6000/10273 loss 0.1784 lr 3.00e-04 865s
  ep2 step 6500/10273 loss 0.1763 lr 3.00e-04 933s
  ep2 step 7000/10273 loss 0.1742 lr 3.00e-04 1001s
  ep2 step 7500/10273 loss 0.1723 lr 3.00e-04 1069s
  ep2 step 8000/10273 loss 0.1704 lr 3.00e-04 1137s
  ep2 step 8500/10273 loss 0.1686 lr 3.00e-04 1205s
  ep2 step 9000/10273 loss 0.1669 lr 3.00e-04 1273s
  ep2 step 9500/10273 loss 0.1654 lr 3.00e-04 1341s
  ep2 step 10000/10273 loss 0.1639 lr 3.00e-04 1408s
{"ep": 2, "loss": 0.16334, "val_pooled_db": [-9.35, -8.69, -7.86, -7.08], "val_median_db": [-11.31, -10.5, -9.62, -8.81], "val_align_db": [-12.36, -11.83, -11.11, -10.48], "rho": [0.971, 0.967, 0.96, 0.954], "copy_last_db": [-4.46, -2.38, -1.54, -0.84], "lr": 0.0002995135962201315, "sec": 1470.9}
  ep3 step 500/10273 loss 0.1338 lr 2.99e-04 68s
  ep3 step 1000/10273 loss 0.1342 lr 2.99e-04 136s
  ep3 step 1500/10273 loss 0.1328 lr 2.99e-04 204s
  ep3 step 2000/10273 loss 0.1326 lr 2.99e-04 272s
  ep3 step 2500/10273 loss 0.1319 lr 2.99e-04 339s
  ep3 step 3000/10273 loss 0.1318 lr 2.99e-04 407s
  ep3 step 3500/10273 loss 0.1310 lr 2.99e-04 475s
  ep3 step 4000/10273 loss 0.1301 lr 2.99e-04 543s
  ep3 step 4500/10273 loss 0.1293 lr 2.99e-04 611s
  ep3 step 5000/10273 loss 0.1285 lr 2.99e-04 679s
  ep3 step 5500/10273 loss 0.1280 lr 2.99e-04 747s
  ep3 step 6000/10273 loss 0.1276 lr 2.99e-04 814s
  ep3 step 6500/10273 loss 0.1272 lr 2.99e-04 882s
  ep3 step 7000/10273 loss 0.1270 lr 2.99e-04 950s
  ep3 step 7500/10273 loss 0.1264 lr 2.99e-04 1018s
  ep3 step 8000/10273 loss 0.1259 lr 2.98e-04 1085s
  ep3 step 8500/10273 loss 0.1253 lr 2.98e-04 1153s
  ep3 step 9000/10273 loss 0.1248 lr 2.98e-04 1221s
  ep3 step 9500/10273 loss 0.1243 lr 2.98e-04 1289s
  ep3 step 10000/10273 loss 0.1239 lr 2.98e-04 1357s
{"ep": 3, "loss": 0.12363, "val_pooled_db": [-9.97, -9.17, -8.3, -7.46], "val_median_db": [-12.22, -11.32, -10.38, -9.36], "val_align_db": [-13.29, -12.62, -11.71, -11.02], "rho": [0.976, 0.972, 0.966, 0.96], "copy_last_db": [-4.46, -2.38, -1.54, -0.84], "lr": 0.00029805753939568687, "sec": 1419.1}
  ep4 step 500/10273 loss 0.1137 lr 2.98e-04 68s
  ep4 step 1000/10273 loss 0.1122 lr 2.98e-04 136s
  ep4 step 1500/10273 loss 0.1122 lr 2.98e-04 204s
  ep4 step 2000/10273 loss 0.1119 lr 2.98e-04 272s
  ep4 step 2500/10273 loss 0.1121 lr 2.98e-04 340s
  ep4 step 3000/10273 loss 0.1118 lr 2.97e-04 407s
  ep4 step 3500/10273 loss 0.1120 lr 2.97e-04 475s
  ep4 step 4000/10273 loss 0.1120 lr 2.97e-04 543s
  ep4 step 4500/10273 loss 0.1117 lr 2.97e-04 611s
  ep4 step 5000/10273 loss 0.1112 lr 2.97e-04 679s
  ep4 step 5500/10273 loss 0.1108 lr 2.97e-04 747s
  ep4 step 6000/10273 loss 0.1104 lr 2.97e-04 818s
  ep4 step 6500/10273 loss 0.1103 lr 2.97e-04 893s
  ep4 step 7000/10273 loss 0.1100 lr 2.97e-04 969s
  ep4 step 7500/10273 loss 0.1101 lr 2.96e-04 1045s
  ep4 step 8000/10273 loss 0.1097 lr 2.96e-04 1121s
  ep4 step 8500/10273 loss 0.1096 lr 2.96e-04 1198s
  ep4 step 9000/10273 loss 0.1094 lr 2.96e-04 1274s
  ep4 step 9500/10273 loss 0.1090 lr 2.96e-04 1350s
  ep4 step 10000/10273 loss 0.1087 lr 2.96e-04 1427s
{"ep": 4, "loss": 0.10855, "val_pooled_db": [-10.13, -9.25, -8.35, -7.51], "val_median_db": [-12.44, -11.4, -10.41, -9.43], "val_align_db": [-13.69, -12.85, -11.84, -11.12], "rho": [0.978, 0.974, 0.967, 0.961], "copy_last_db": [-4.46, -2.38, -1.54, -0.84], "lr": 0.00029564127261390776, "sec": 1503.3}
  ep5 step 500/10273 loss 0.1038 lr 2.95e-04 81s
  ep5 step 1000/10273 loss 0.1033 lr 2.95e-04 160s
  ep5 step 1500/10273 loss 0.1026 lr 2.95e-04 242s
  ep5 step 2000/10273 loss 0.1019 lr 2.95e-04 322s
  ep5 step 2500/10273 loss 0.1022 lr 2.95e-04 402s
  ep5 step 3000/10273 loss 0.1023 lr 2.95e-04 484s
  ep5 step 3500/10273 loss 0.1019 lr 2.95e-04 563s
  ep5 step 4000/10273 loss 0.1015 lr 2.94e-04 642s
  ep5 step 4500/10273 loss 0.1014 lr 2.94e-04 720s
  ep5 step 5000/10273 loss 0.1014 lr 2.94e-04 799s
  ep5 step 5500/10273 loss 0.1014 lr 2.94e-04 877s
  ep5 step 6000/10273 loss 0.1012 lr 2.94e-04 956s
  ep5 step 6500/10273 loss 0.1010 lr 2.94e-04 1035s
  ep5 step 7000/10273 loss 0.1007 lr 2.93e-04 1114s
  ep5 step 7500/10273 loss 0.1006 lr 2.93e-04 1193s
  ep5 step 8000/10273 loss 0.1006 lr 2.93e-04 1272s
  ep5 step 8500/10273 loss 0.1004 lr 2.93e-04 1351s
  ep5 step 9000/10273 loss 0.1004 lr 2.93e-04 1429s
  ep5 step 9500/10273 loss 0.1001 lr 2.93e-04 1508s
  ep5 step 10000/10273 loss 0.0999 lr 2.92e-04 1586s
{"ep": 5, "loss": 0.09978, "val_pooled_db": [-10.33, -9.39, -8.47, -7.58], "val_median_db": [-12.76, -11.8, -10.7, -9.65], "val_align_db": [-13.82, -13.17, -12.13, -11.33], "rho": [0.979, 0.976, 0.969, 0.963], "copy_last_db": [-4.46, -2.38, -1.54, -0.84], "lr": 0.00029228046629207175, "sec": 1662.8}
  ep6 step 500/10273 loss 0.0950 lr 2.92e-04 79s
  ep6 step 1000/10273 loss 0.0954 lr 2.92e-04 157s
  ep6 step 1500/10273 loss 0.0954 lr 2.92e-04 236s
  ep6 step 2000/10273 loss 0.0951 lr 2.92e-04 315s
  ep6 step 2500/10273 loss 0.0948 lr 2.91e-04 394s
  ep6 step 3000/10273 loss 0.0952 lr 2.91e-04 473s
  ep6 step 3500/10273 loss 0.0949 lr 2.91e-04 552s
  ep6 step 4000/10273 loss 0.0947 lr 2.91e-04 632s
  ep6 step 4500/10273 loss 0.0945 lr 2.91e-04 710s
  ep6 step 5000/10273 loss 0.0947 lr 2.90e-04 790s
  ep6 step 5500/10273 loss 0.0945 lr 2.90e-04 872s
  ep6 step 6000/10273 loss 0.0948 lr 2.90e-04 954s
  ep6 step 6500/10273 loss 0.0946 lr 2.90e-04 1037s
  ep6 step 7000/10273 loss 0.0945 lr 2.89e-04 1119s
  ep6 step 7500/10273 loss 0.0946 lr 2.89e-04 1201s
  ep6 step 8000/10273 loss 0.0943 lr 2.89e-04 1283s
  ep6 step 8500/10273 loss 0.0941 lr 2.89e-04 1367s
  ep6 step 9000/10273 loss 0.0940 lr 2.89e-04 1453s
  ep6 step 9500/10273 loss 0.0939 lr 2.88e-04 1539s
  ep6 step 10000/10273 loss 0.0938 lr 2.88e-04 1618s
{"ep": 6, "loss": 0.09371, "val_pooled_db": [-10.36, -9.44, -8.53, -7.65], "val_median_db": [-12.98, -11.91, -10.81, -9.75], "val_align_db": [-14.11, -13.31, -12.27, -11.48], "rho": [0.98, 0.976, 0.97, 0.964], "copy_last_db": [-4.46, -2.38, -1.54, -0.84], "lr": 0.0002879969165488236, "sec": 1694.2}
  ep7 step 500/10273 loss 0.0889 lr 2.88e-04 78s
  ep7 step 1000/10273 loss 0.0894 lr 2.88e-04 156s
  ep7 step 1500/10273 loss 0.0896 lr 2.87e-04 234s
  ep7 step 2000/10273 loss 0.0893 lr 2.87e-04 313s
  ep7 step 2500/10273 loss 0.0893 lr 2.87e-04 391s
  ep7 step 3000/10273 loss 0.0897 lr 2.87e-04 469s
  ep7 step 3500/10273 loss 0.0897 lr 2.86e-04 548s
  ep7 step 4000/10273 loss 0.0899 lr 2.86e-04 677s
  ep7 step 4500/10273 loss 0.0899 lr 2.86e-04 756s
  ep7 step 5000/10273 loss 0.0901 lr 2.86e-04 835s
  ep7 step 5500/10273 loss 0.0898 lr 2.85e-04 913s
  ep7 step 6000/10273 loss 0.0897 lr 2.85e-04 992s
  ep7 step 6500/10273 loss 0.0895 lr 2.85e-04 1071s
  ep7 step 7000/10273 loss 0.0894 lr 2.85e-04 1149s
  ep7 step 7500/10273 loss 0.0893 lr 2.84e-04 1228s
  ep7 step 8000/10273 loss 0.0894 lr 2.84e-04 1307s
  ep7 step 8500/10273 loss 0.0892 lr 2.84e-04 1385s
  ep7 step 9000/10273 loss 0.0891 lr 2.84e-04 1464s
  ep7 step 9500/10273 loss 0.0890 lr 2.83e-04 1542s
  ep7 step 10000/10273 loss 0.0890 lr 2.83e-04 1621s
{"ep": 7, "loss": 0.08892, "val_pooled_db": [-10.42, -9.45, -8.53, -7.66], "val_median_db": [-13.04, -11.94, -10.8, -9.77], "val_align_db": [-14.15, -13.31, -12.39, -11.56], "rho": [0.981, 0.976, 0.971, 0.964], "copy_last_db": [-4.46, -2.38, -1.54, -0.84], "lr": 0.0002828184038479814, "sec": 1696.8}
  ep8 step 500/10273 loss 0.0848 lr 2.83e-04 79s
  ep8 step 1000/10273 loss 0.0856 lr 2.82e-04 157s
  ep8 step 1500/10273 loss 0.0858 lr 2.82e-04 235s
  ep8 step 2000/10273 loss 0.0862 lr 2.82e-04 314s
  ep8 step 2500/10273 loss 0.0860 lr 2.81e-04 393s
  ep8 step 3000/10273 loss 0.0858 lr 2.81e-04 471s
  ep8 step 3500/10273 loss 0.0857 lr 2.81e-04 550s
  ep8 step 4000/10273 loss 0.0860 lr 2.81e-04 629s
  ep8 step 4500/10273 loss 0.0861 lr 2.80e-04 707s
  ep8 step 5000/10273 loss 0.0858 lr 2.80e-04 787s
  ep8 step 5500/10273 loss 0.0857 lr 2.80e-04 865s
  ep8 step 6000/10273 loss 0.0856 lr 2.79e-04 944s
  ep8 step 6500/10273 loss 0.0854 lr 2.79e-04 1023s
  ep8 step 7000/10273 loss 0.0853 lr 2.79e-04 1102s
  ep8 step 7500/10273 loss 0.0852 lr 2.78e-04 1180s
  ep8 step 8000/10273 loss 0.0851 lr 2.78e-04 1259s
  ep8 step 8500/10273 loss 0.0851 lr 2.78e-04 1337s
  ep8 step 9000/10273 loss 0.0849 lr 2.78e-04 1421s
  ep8 step 9500/10273 loss 0.0848 lr 2.77e-04 1513s
  ep8 step 10000/10273 loss 0.0850 lr 2.77e-04 1604s
{"ep": 8, "loss": 0.08495, "val_pooled_db": [-10.54, -9.56, -8.65, -7.77], "val_median_db": [-13.29, -12.17, -10.97, -9.95], "val_align_db": [-14.39, -13.55, -12.49, -11.68], "rho": [0.982, 0.978, 0.971, 0.965], "copy_last_db": [-4.46, -2.38, -1.54, -0.84], "lr": 0.0002767785128315692, "sec": 1692.6}
  ep9 step 500/10273 loss 0.0813 lr 2.76e-04 92s
  ep9 step 1000/10273 loss 0.0831 lr 2.76e-04 185s
  ep9 step 1500/10273 loss 0.0827 lr 2.76e-04 276s
  ep9 step 2000/10273 loss 0.0821 lr 2.76e-04 368s
  ep9 step 2500/10273 loss 0.0821 lr 2.75e-04 460s
  ep9 step 3000/10273 loss 0.0824 lr 2.75e-04 551s
  ep9 step 3500/10273 loss 0.0822 lr 2.75e-04 638s
  ep9 step 4000/10273 loss 0.0821 lr 2.74e-04 705s
  ep9 step 4500/10273 loss 0.0823 lr 2.74e-04 772s
  ep9 step 5000/10273 loss 0.0824 lr 2.74e-04 839s
  ep9 step 5500/10273 loss 0.0825 lr 2.73e-04 907s
  ep9 step 6000/10273 loss 0.0824 lr 2.73e-04 974s
  ep9 step 6500/10273 loss 0.0822 lr 2.73e-04 1041s
  ep9 step 7000/10273 loss 0.0821 lr 2.72e-04 1109s
  ep9 step 7500/10273 loss 0.0820 lr 2.72e-04 1176s
  ep9 step 8000/10273 loss 0.0819 lr 2.72e-04 1243s
  ep9 step 8500/10273 loss 0.0819 lr 2.71e-04 1310s
  ep9 step 9000/10273 loss 0.0818 lr 2.71e-04 1378s
  ep9 step 9500/10273 loss 0.0818 lr 2.70e-04 1445s
  ep9 step 10000/10273 loss 0.0818 lr 2.70e-04 1512s
{"ep": 9, "loss": 0.08171, "val_pooled_db": [-10.52, -9.54, -8.6, -7.69], "val_median_db": [-13.15, -12.09, -10.99, -9.91], "val_align_db": [-14.24, -13.44, -12.47, -11.59], "rho": [0.981, 0.977, 0.971, 0.965], "copy_last_db": [-4.46, -2.38, -1.54, -0.84], "lr": 0.00026991641451052517, "sec": 1576.4}
  ep10 step 500/10273 loss 0.0807 lr 2.70e-04 67s
  ep10 step 1000/10273 loss 0.0800 lr 2.69e-04 135s
  ep10 step 1500/10273 loss 0.0797 lr 2.69e-04 202s
  ep10 step 2000/10273 loss 0.0792 lr 2.68e-04 269s
  ep10 step 2500/10273 loss 0.0792 lr 2.68e-04 336s
  ep10 step 3000/10273 loss 0.0790 lr 2.68e-04 403s
  ep10 step 3500/10273 loss 0.0789 lr 2.67e-04 471s
  ep10 step 4000/10273 loss 0.0790 lr 2.67e-04 538s
  ep10 step 4500/10273 loss 0.0791 lr 2.67e-04 605s
  ep10 step 5000/10273 loss 0.0790 lr 2.66e-04 672s
  ep10 step 5500/10273 loss 0.0790 lr 2.66e-04 740s
  ep10 step 6000/10273 loss 0.0789 lr 2.66e-04 808s
  ep10 step 6500/10273 loss 0.0791 lr 2.65e-04 876s
  ep10 step 7000/10273 loss 0.0792 lr 2.65e-04 943s
  ep10 step 7500/10273 loss 0.0792 lr 2.64e-04 1010s
  ep10 step 8000/10273 loss 0.0791 lr 2.64e-04 1078s
  ep10 step 8500/10273 loss 0.0792 lr 2.64e-04 1145s
  ep10 step 9000/10273 loss 0.0790 lr 2.63e-04 1212s
  ep10 step 9500/10273 loss 0.0790 lr 2.63e-04 1279s
  ep10 step 10000/10273 loss 0.0789 lr 2.62e-04 1347s
{"ep": 10, "loss": 0.0789, "val_pooled_db": [-10.52, -9.58, -8.63, -7.71], "val_median_db": [-13.22, -12.12, -11.0, -9.92], "val_align_db": [-14.37, -13.52, -12.49, -11.67], "rho": [0.982, 0.978, 0.971, 0.965], "copy_last_db": [-4.46, -2.38, -1.54, -0.84], "lr": 0.00026227661222566516, "sec": 1411.3}
  ep11 step 500/10273 loss 0.0771 lr 2.62e-04 68s
  ep11 step 1000/10273 loss 0.0784 lr 2.61e-04 135s
  ep11 step 1500/10273 loss 0.0777 lr 2.61e-04 203s
  ep11 step 2000/10273 loss 0.0772 lr 2.61e-04 270s
  ep11 step 2500/10273 loss 0.0768 lr 2.60e-04 337s
  ep11 step 3000/10273 loss 0.0768 lr 2.60e-04 405s
  ep11 step 3500/10273 loss 0.0772 lr 2.60e-04 472s
  ep11 step 4000/10273 loss 0.0772 lr 2.59e-04 539s
  ep11 step 4500/10273 loss 0.0771 lr 2.59e-04 607s
  ep11 step 5000/10273 loss 0.0770 lr 2.58e-04 674s
  ep11 step 5500/10273 loss 0.0769 lr 2.58e-04 741s
  ep11 step 6000/10273 loss 0.0768 lr 2.57e-04 809s
  ep11 step 6500/10273 loss 0.0767 lr 2.57e-04 876s
  ep11 step 7000/10273 loss 0.0766 lr 2.57e-04 944s
  ep11 step 7500/10273 loss 0.0767 lr 2.56e-04 1012s
  ep11 step 8000/10273 loss 0.0766 lr 2.56e-04 1083s
  ep11 step 8500/10273 loss 0.0766 lr 2.55e-04 1153s
  ep11 step 9000/10273 loss 0.0768 lr 2.55e-04 1224s
  ep11 step 9500/10273 loss 0.0767 lr 2.55e-04 1294s
  ep11 step 10000/10273 loss 0.0766 lr 2.54e-04 1369s
{"ep": 11, "loss": 0.07653, "val_pooled_db": [-10.6, -9.61, -8.6, -7.69], "val_median_db": [-13.35, -12.24, -10.91, -9.78], "val_align_db": [-14.43, -13.53, -12.48, -11.67], "rho": [0.982, 0.978, 0.971, 0.965], "copy_last_db": [-4.46, -2.38, -1.54, -0.84], "lr": 0.0002539086530264399, "sec": 1441.1}
  ep12 step 500/10273 loss 0.0741 lr 2.53e-04 71s
  ep12 step 1000/10273 loss 0.0752 lr 2.53e-04 141s
  ep12 step 1500/10273 loss 0.0756 lr 2.53e-04 212s
  ep12 step 2000/10273 loss 0.0753 lr 2.52e-04 285s
  ep12 step 2500/10273 loss 0.0750 lr 2.52e-04 356s
  ep12 step 3000/10273 loss 0.0749 lr 2.51e-04 427s
  ep12 step 3500/10273 loss 0.0748 lr 2.51e-04 497s
  ep12 step 4000/10273 loss 0.0751 lr 2.50e-04 567s
  ep12 step 4500/10273 loss 0.0752 lr 2.50e-04 639s
  ep12 step 5000/10273 loss 0.0750 lr 2.50e-04 712s
  ep12 step 5500/10273 loss 0.0749 lr 2.49e-04 784s
  ep12 step 6000/10273 loss 0.0748 lr 2.49e-04 855s
  ep12 step 6500/10273 loss 0.0748 lr 2.48e-04 928s
  ep12 step 7000/10273 loss 0.0746 lr 2.48e-04 998s
  ep12 step 7500/10273 loss 0.0746 lr 2.47e-04 1070s
  ep12 step 8000/10273 loss 0.0746 lr 2.47e-04 1141s
  ep12 step 8500/10273 loss 0.0747 lr 2.46e-04 1212s
  ep12 step 9000/10273 loss 0.0747 lr 2.46e-04 1283s
  ep12 step 9500/10273 loss 0.0747 lr 2.46e-04 1354s
  ep12 step 10000/10273 loss 0.0746 lr 2.45e-04 1425s
{"ep": 12, "loss": 0.07458, "val_pooled_db": [-10.64, -9.59, -8.62, -7.72], "val_median_db": [-13.45, -12.3, -11.06, -9.86], "val_align_db": [-14.57, -13.71, -12.61, -11.68], "rho": [0.982, 0.978, 0.972, 0.965], "copy_last_db": [-4.46, -2.38, -1.54, -0.84], "lr": 0.0002448668063393066, "sec": 1494.0}
  ep13 step 500/10273 loss 0.0740 lr 2.44e-04 71s
  ep13 step 1000/10273 loss 0.0730 lr 2.44e-04 142s
  ep13 step 1500/10273 loss 0.0727 lr 2.43e-04 213s
  ep13 step 2000/10273 loss 0.0726 lr 2.43e-04 284s
  ep13 step 2500/10273 loss 0.0726 lr 2.43e-04 354s
  ep13 step 3000/10273 loss 0.0727 lr 2.42e-04 426s
  ep13 step 3500/10273 loss 0.0728 lr 2.42e-04 496s
  ep13 step 4000/10273 loss 0.0731 lr 2.41e-04 570s
  ep13 step 4500/10273 loss 0.0730 lr 2.41e-04 643s
  ep13 step 5000/10273 loss 0.0729 lr 2.40e-04 715s
  ep13 step 5500/10273 loss 0.0729 lr 2.40e-04 787s
  ep13 step 6000/10273 loss 0.0729 lr 2.39e-04 859s
  ep13 step 6500/10273 loss 0.0730 lr 2.39e-04 931s
  ep13 step 7000/10273 loss 0.0730 lr 2.38e-04 1002s
  ep13 step 7500/10273 loss 0.0729 lr 2.38e-04 1075s
  ep13 step 8000/10273 loss 0.0729 lr 2.37e-04 1148s
  ep13 step 8500/10273 loss 0.0729 lr 2.37e-04 1221s
  ep13 step 9000/10273 loss 0.0728 lr 2.36e-04 1291s
  ep13 step 9500/10273 loss 0.0727 lr 2.36e-04 1359s
  ep13 step 10000/10273 loss 0.0727 lr 2.35e-04 1427s
{"ep": 13, "loss": 0.07267, "val_pooled_db": [-10.63, -9.53, -8.59, -7.69], "val_median_db": [-13.45, -12.25, -10.99, -9.91], "val_align_db": [-14.53, -13.66, -12.59, -11.73], "rho": [0.982, 0.978, 0.972, 0.966], "copy_last_db": [-4.46, -2.38, -1.54, -0.84], "lr": 0.00023520971200967334, "sec": 1491.7}
  ep14 step 500/10273 loss 0.0715 lr 2.35e-04 67s
  ep14 step 1000/10273 loss 0.0711 lr 2.34e-04 135s
  ep14 step 1500/10273 loss 0.0717 lr 2.34e-04 202s
  ep14 step 2000/10273 loss 0.0717 lr 2.33e-04 269s
  ep14 step 2500/10273 loss 0.0714 lr 2.33e-04 337s
  ep14 step 3000/10273 loss 0.0713 lr 2.32e-04 404s
  ep14 step 3500/10273 loss 0.0714 lr 2.32e-04 472s
  ep14 step 4000/10273 loss 0.0718 lr 2.31e-04 542s
  ep14 step 4500/10273 loss 0.0718 lr 2.31e-04 613s
  ep14 step 5000/10273 loss 0.0717 lr 2.30e-04 683s
  ep14 step 5500/10273 loss 0.0716 lr 2.30e-04 755s
  ep14 step 6000/10273 loss 0.0715 lr 2.29e-04 826s
  ep14 step 6500/10273 loss 0.0714 lr 2.29e-04 896s
  ep14 step 7000/10273 loss 0.0716 lr 2.28e-04 967s
  ep14 step 7500/10273 loss 0.0715 lr 2.28e-04 1038s
  ep14 step 8000/10273 loss 0.0714 lr 2.27e-04 1108s
  ep14 step 8500/10273 loss 0.0713 lr 2.27e-04 1177s
  ep14 step 9000/10273 loss 0.0713 lr 2.26e-04 1246s
  ep14 step 9500/10273 loss 0.0713 lr 2.26e-04 1317s
  ep14 step 10000/10273 loss 0.0713 lr 2.25e-04 1388s
{"ep": 14, "loss": 0.0713, "val_pooled_db": [-10.6, -9.59, -8.62, -7.74], "val_median_db": [-13.49, -12.3, -10.87, -9.58], "val_align_db": [-14.45, -13.55, -12.46, -11.55], "rho": [0.982, 0.978, 0.971, 0.964], "copy_last_db": [-4.46, -2.38, -1.54, -0.84], "lr": 0.000225, "sec": 1456.6}
  ep15 step 500/10273 loss 0.0717 lr 2.24e-04 71s
  ep15 step 1000/10273 loss 0.0711 lr 2.24e-04 142s
  ep15 step 1500/10273 loss 0.0705 lr 2.23e-04 213s
  ep15 step 2000/10273 loss 0.0701 lr 2.23e-04 284s
  ep15 step 2500/10273 loss 0.0700 lr 2.22e-04 355s
  ep15 step 3000/10273 loss 0.0701 lr 2.22e-04 426s
  ep15 step 3500/10273 loss 0.0700 lr 2.21e-04 497s
  ep15 step 4000/10273 loss 0.0698 lr 2.21e-04 567s
  ep15 step 4500/10273 loss 0.0698 lr 2.20e-04 638s
  ep15 step 5000/10273 loss 0.0697 lr 2.20e-04 710s
  ep15 step 5500/10273 loss 0.0699 lr 2.19e-04 781s
  ep15 step 6000/10273 loss 0.0698 lr 2.19e-04 852s
  ep15 step 6500/10273 loss 0.0698 lr 2.18e-04 922s
  ep15 step 7000/10273 loss 0.0698 lr 2.18e-04 993s
  ep15 step 7500/10273 loss 0.0697 lr 2.17e-04 1064s
  ep15 step 8000/10273 loss 0.0698 lr 2.17e-04 1135s
  ep15 step 8500/10273 loss 0.0697 lr 2.16e-04 1206s
  ep15 step 9000/10273 loss 0.0696 lr 2.16e-04 1276s
  ep15 step 9500/10273 loss 0.0698 lr 2.15e-04 1347s
  ep15 step 10000/10273 loss 0.0698 lr 2.15e-04 1418s
{"ep": 15, "loss": 0.06976, "val_pooled_db": [-10.73, -9.67, -8.68, -7.74], "val_median_db": [-13.61, -12.31, -11.12, -9.92], "val_align_db": [-14.62, -13.56, -12.62, -11.67], "rho": [0.983, 0.978, 0.972, 0.965], "copy_last_db": [-4.46, -2.38, -1.54, -0.84], "lr": 0.0002143038842104581, "sec": 1487.1}
  ep16 step 500/10273 loss 0.0673 lr 2.14e-04 72s
  ep16 step 1000/10273 loss 0.0678 lr 2.13e-04 143s
  ep16 step 1500/10273 loss 0.0676 lr 2.13e-04 215s
  ep16 step 2000/10273 loss 0.0684 lr 2.12e-04 286s
  ep16 step 2500/10273 loss 0.0685 lr 2.12e-04 357s
  ep16 step 3000/10273 loss 0.0685 lr 2.11e-04 429s
  ep16 step 3500/10273 loss 0.0686 lr 2.11e-04 500s
  ep16 step 4000/10273 loss 0.0690 lr 2.10e-04 571s
  ep16 step 4500/10273 loss 0.0689 lr 2.09e-04 643s
  ep16 step 5000/10273 loss 0.0687 lr 2.09e-04 714s
  ep16 step 5500/10273 loss 0.0686 lr 2.08e-04 781s
  ep16 step 6000/10273 loss 0.0685 lr 2.08e-04 849s
  ep16 step 6500/10273 loss 0.0686 lr 2.07e-04 916s
  ep16 step 7000/10273 loss 0.0687 lr 2.07e-04 983s
  ep16 step 7500/10273 loss 0.0686 lr 2.06e-04 1050s
  ep16 step 8000/10273 loss 0.0686 lr 2.06e-04 1117s
  ep16 step 8500/10273 loss 0.0686 lr 2.05e-04 1185s
  ep16 step 9000/10273 loss 0.0686 lr 2.05e-04 1252s
  ep16 step 9500/10273 loss 0.0685 lr 2.04e-04 1319s
  ep16 step 10000/10273 loss 0.0685 lr 2.03e-04 1386s
{"ep": 16, "loss": 0.0684, "val_pooled_db": [-10.69, -9.71, -8.68, -7.72], "val_median_db": [-13.58, -12.36, -11.11, -9.96], "val_align_db": [-14.62, -13.7, -12.66, -11.69], "rho": [0.983, 0.978, 0.972, 0.966], "copy_last_db": [-4.46, -2.38, -1.54, -0.84], "lr": 0.0002031907330563803, "sec": 1451.2}
  ep17 step 500/10273 loss 0.0665 lr 2.03e-04 68s
  ep17 step 1000/10273 loss 0.0666 lr 2.02e-04 135s
  ep17 step 1500/10273 loss 0.0668 lr 2.02e-04 203s
  ep17 step 2000/10273 loss 0.0667 lr 2.01e-04 270s
  ep17 step 2500/10273 loss 0.0668 lr 2.00e-04 337s
  ep17 step 3000/10273 loss 0.0671 lr 2.00e-04 404s
  ep17 step 3500/10273 loss 0.0672 lr 1.99e-04 472s
  ep17 step 4000/10273 loss 0.0673 lr 1.99e-04 539s
  ep17 step 4500/10273 loss 0.0673 lr 1.98e-04 606s
  ep17 step 5000/10273 loss 0.0673 lr 1.98e-04 674s
  ep17 step 5500/10273 loss 0.0672 lr 1.97e-04 743s
  ep17 step 6000/10273 loss 0.0672 lr 1.97e-04 812s
  ep17 step 6500/10273 loss 0.0672 lr 1.96e-04 879s
  ep17 step 7000/10273 loss 0.0671 lr 1.95e-04 946s
  ep17 step 7500/10273 loss 0.0670 lr 1.95e-04 1013s
  ep17 step 8000/10273 loss 0.0672 lr 1.94e-04 1080s
  ep17 step 8500/10273 loss 0.0672 lr 1.94e-04 1148s
  ep17 step 9000/10273 loss 0.0671 lr 1.93e-04 1215s
  ep17 step 9500/10273 loss 0.0672 lr 1.93e-04 1282s
  ep17 step 10000/10273 loss 0.0672 lr 1.92e-04 1349s
{"ep": 17, "loss": 0.06715, "val_pooled_db": [-10.69, -9.66, -8.65, -7.71], "val_median_db": [-13.6, -12.34, -11.0, -9.85], "val_align_db": [-14.63, -13.71, -12.57, -11.64], "rho": [0.983, 0.978, 0.972, 0.965], "copy_last_db": [-4.46, -2.38, -1.54, -0.84], "lr": 0.0001917326195874679, "sec": 1413.6}
  ep18 step 500/10273 loss 0.0660 lr 1.91e-04 68s
  ep18 step 1000/10273 loss 0.0658 lr 1.91e-04 135s
  ep18 step 1500/10273 loss 0.0661 lr 1.90e-04 212s
  ep18 step 2000/10273 loss 0.0661 lr 1.89e-04 290s
  ep18 step 2500/10273 loss 0.0662 lr 1.89e-04 357s
  ep18 step 3000/10273 loss 0.0663 lr 1.88e-04 425s
  ep18 step 3500/10273 loss 0.0665 lr 1.88e-04 493s
  ep18 step 4000/10273 loss 0.0665 lr 1.87e-04 562s
  ep18 step 4500/10273 loss 0.0664 lr 1.87e-04 641s
  ep18 step 5000/10273 loss 0.0662 lr 1.86e-04 719s
  ep18 step 5500/10273 loss 0.0661 lr 1.85e-04 798s
  ep18 step 6000/10273 loss 0.0663 lr 1.85e-04 876s
  ep18 step 6500/10273 loss 0.0662 lr 1.84e-04 954s
  ep18 step 7000/10273 loss 0.0663 lr 1.84e-04 1033s
  ep18 step 7500/10273 loss 0.0664 lr 1.83e-04 1112s
  ep18 step 8000/10273 loss 0.0663 lr 1.83e-04 1191s
  ep18 step 8500/10273 loss 0.0663 lr 1.82e-04 1272s
  ep18 step 9000/10273 loss 0.0663 lr 1.81e-04 1352s
  ep18 step 9500/10273 loss 0.0662 lr 1.81e-04 1432s
  ep18 step 10000/10273 loss 0.0662 lr 1.80e-04 1511s
{"ep": 18, "loss": 0.06613, "val_pooled_db": [-10.76, -9.74, -8.7, -7.75], "val_median_db": [-13.71, -12.43, -11.18, -9.99], "val_align_db": [-14.74, -13.73, -12.64, -11.71], "rho": [0.983, 0.979, 0.972, 0.966], "copy_last_db": [-4.46, -2.38, -1.54, -0.84], "lr": 0.00018000385406640666, "sec": 1594.5}
  ep19 step 500/10273 loss 0.0645 lr 1.79e-04 81s
  ep19 step 1000/10273 loss 0.0655 lr 1.79e-04 165s
  ep19 step 1500/10273 loss 0.0652 lr 1.78e-04 246s
  ep19 step 2000/10273 loss 0.0650 lr 1.78e-04 329s
  ep19 step 2500/10273 loss 0.0648 lr 1.77e-04 409s
  ep19 step 3000/10273 loss 0.0648 lr 1.77e-04 488s
  ep19 step 3500/10273 loss 0.0648 lr 1.76e-04 566s
  ep19 step 4000/10273 loss 0.0647 lr 1.75e-04 646s
  ep19 step 4500/10273 loss 0.0648 lr 1.75e-04 727s
  ep19 step 5000/10273 loss 0.0649 lr 1.74e-04 815s
  ep19 step 5500/10273 loss 0.0653 lr 1.74e-04 899s
  ep19 step 6000/10273 loss 0.0653 lr 1.73e-04 985s
  ep19 step 6500/10273 loss 0.0652 lr 1.72e-04 1067s
  ep19 step 7000/10273 loss 0.0652 lr 1.72e-04 1152s
  ep19 step 7500/10273 loss 0.0651 lr 1.71e-04 1240s
  ep19 step 8000/10273 loss 0.0651 lr 1.71e-04 1331s
  ep19 step 8500/10273 loss 0.0651 lr 1.70e-04 1418s
  ep19 step 9000/10273 loss 0.0651 lr 1.70e-04 1502s
  ep19 step 9500/10273 loss 0.0651 lr 1.69e-04 1587s
  ep19 step 10000/10273 loss 0.0651 lr 1.68e-04 1674s
{"ep": 19, "loss": 0.0651, "val_pooled_db": [-10.61, -9.6, -8.55, -7.61], "val_median_db": [-13.44, -12.18, -10.87, -9.7], "val_align_db": [-14.51, -13.59, -12.46, -11.54], "rho": [0.982, 0.978, 0.971, 0.964], "copy_last_db": [-4.46, -2.38, -1.54, -0.84], "lr": 0.00016808050203829842, "sec": 1780.2}
  ep20 step 500/10273 loss 0.0666 lr 1.67e-04 85s
  ep20 step 1000/10273 loss 0.0654 lr 1.67e-04 174s
  ep20 step 1500/10273 loss 0.0650 lr 1.66e-04 261s
  ep20 step 2000/10273 loss 0.0647 lr 1.66e-04 345s
  ep20 step 2500/10273 loss 0.0646 lr 1.65e-04 430s
  ep20 step 3000/10273 loss 0.0645 lr 1.65e-04 517s
  ep20 step 3500/10273 loss 0.0644 lr 1.64e-04 600s
  ep20 step 4000/10273 loss 0.0644 lr 1.63e-04 682s
  ep20 step 4500/10273 loss 0.0645 lr 1.63e-04 762s
  ep20 step 5000/10273 loss 0.0645 lr 1.62e-04 842s
  ep20 step 5500/10273 loss 0.0644 lr 1.62e-04 921s
  ep20 step 6000/10273 loss 0.0643 lr 1.61e-04 1001s
  ep20 step 6500/10273 loss 0.0643 lr 1.60e-04 1080s
  ep20 step 7000/10273 loss 0.0641 lr 1.60e-04 1159s
  ep20 step 7500/10273 loss 0.0642 lr 1.59e-04 1239s
  ep20 step 8000/10273 loss 0.0641 lr 1.59e-04 1318s
  ep20 step 8500/10273 loss 0.0643 lr 1.58e-04 1398s
  ep20 step 9000/10273 loss 0.0643 lr 1.58e-04 1477s
  ep20 step 9500/10273 loss 0.0642 lr 1.57e-04 1556s
  ep20 step 10000/10273 loss 0.0642 lr 1.56e-04 1636s
{"ep": 20, "loss": 0.06416, "val_pooled_db": [-10.67, -9.66, -8.61, -7.68], "val_median_db": [-13.61, -12.26, -11.01, -9.85], "val_align_db": [-14.65, -13.66, -12.54, -11.61], "rho": [0.983, 0.978, 0.972, 0.965], "copy_last_db": [-4.46, -2.38, -1.54, -0.84], "lr": 0.00015603989101641228, "sec": 1713.0}
  ep21 step 500/10273 loss 0.0632 lr 1.55e-04 80s
  ep21 step 1000/10273 loss 0.0631 lr 1.55e-04 159s
  ep21 step 1500/10273 loss 0.0631 lr 1.54e-04 238s
  ep21 step 2000/10273 loss 0.0635 lr 1.54e-04 318s
  ep21 step 2500/10273 loss 0.0633 lr 1.53e-04 396s
  ep21 step 3000/10273 loss 0.0633 lr 1.53e-04 485s
  ep21 step 3500/10273 loss 0.0632 lr 1.52e-04 579s
  ep21 step 4000/10273 loss 0.0632 lr 1.51e-04 673s
  ep21 step 4500/10273 loss 0.0633 lr 1.51e-04 766s
  ep21 step 5000/10273 loss 0.0631 lr 1.50e-04 860s
  ep21 step 5500/10273 loss 0.0632 lr 1.50e-04 954s
  ep21 step 6000/10273 loss 0.0631 lr 1.49e-04 1047s
  ep21 step 6500/10273 loss 0.0631 lr 1.48e-04 1140s
  ep21 step 7000/10273 loss 0.0631 lr 1.48e-04 1233s
  ep21 step 7500/10273 loss 0.0631 lr 1.47e-04 1327s
  ep21 step 8000/10273 loss 0.0631 lr 1.47e-04 1403s
  ep21 step 8500/10273 loss 0.0630 lr 1.46e-04 1471s
  ep21 step 9000/10273 loss 0.0631 lr 1.45e-04 1539s
  ep21 step 9500/10273 loss 0.0631 lr 1.45e-04 1608s
  ep21 step 10000/10273 loss 0.0632 lr 1.44e-04 1675s
{"ep": 21, "loss": 0.0633, "val_pooled_db": [-10.59, -9.58, -8.53, -7.58], "val_median_db": [-13.38, -12.19, -10.87, -9.62], "val_align_db": [-14.55, -13.59, -12.54, -11.57], "rho": [0.982, 0.978, 0.972, 0.965], "copy_last_db": [-4.46, -2.38, -1.54, -0.84], "lr": 0.00014396010898358775, "sec": 1741.3}
  ep22 step 500/10273 loss 0.0629 lr 1.43e-04 69s
  ep22 step 1000/10273 loss 0.0628 lr 1.43e-04 140s
  ep22 step 1500/10273 loss 0.0631 lr 1.42e-04 210s
  ep22 step 2000/10273 loss 0.0629 lr 1.42e-04 280s
  ep22 step 2500/10273 loss 0.0627 lr 1.41e-04 350s
  ep22 step 3000/10273 loss 0.0626 lr 1.40e-04 421s
  ep22 step 3500/10273 loss 0.0625 lr 1.40e-04 492s
  ep22 step 4000/10273 loss 0.0626 lr 1.39e-04 562s
  ep22 step 4500/10273 loss 0.0624 lr 1.39e-04 633s
  ep22 step 5000/10273 loss 0.0624 lr 1.38e-04 704s
  ep22 step 5500/10273 loss 0.0624 lr 1.38e-04 774s
  ep22 step 6000/10273 loss 0.0626 lr 1.37e-04 845s
  ep22 step 6500/10273 loss 0.0626 lr 1.36e-04 917s
  ep22 step 7000/10273 loss 0.0626 lr 1.36e-04 988s
  ep22 step 7500/10273 loss 0.0625 lr 1.35e-04 1057s
  ep22 step 8000/10273 loss 0.0625 lr 1.35e-04 1126s
  ep22 step 8500/10273 loss 0.0625 lr 1.34e-04 1194s
  ep22 step 9000/10273 loss 0.0625 lr 1.33e-04 1262s
  ep22 step 9500/10273 loss 0.0625 lr 1.33e-04 1329s
  ep22 step 10000/10273 loss 0.0625 lr 1.32e-04 1396s
{"ep": 22, "loss": 0.06244, "val_pooled_db": [-10.62, -9.65, -8.6, -7.67], "val_median_db": [-13.62, -12.37, -11.01, -9.84], "val_align_db": [-14.6, -13.67, -12.59, -11.67], "rho": [0.982, 0.978, 0.972, 0.965], "copy_last_db": [-4.46, -2.38, -1.54, -0.84], "lr": 0.00013191949796170156, "sec": 1461.4}
  ep23 step 500/10273 loss 0.0611 lr 1.31e-04 67s
  ep23 step 1000/10273 loss 0.0616 lr 1.31e-04 135s
  ep23 step 1500/10273 loss 0.0616 lr 1.30e-04 202s
  ep23 step 2000/10273 loss 0.0614 lr 1.30e-04 269s
  ep23 step 2500/10273 loss 0.0616 lr 1.29e-04 337s
  ep23 step 3000/10273 loss 0.0619 lr 1.28e-04 405s
  ep23 step 3500/10273 loss 0.0619 lr 1.28e-04 472s
  ep23 step 4000/10273 loss 0.0619 lr 1.27e-04 540s
  ep23 step 4500/10273 loss 0.0619 lr 1.27e-04 608s
  ep23 step 5000/10273 loss 0.0618 lr 1.26e-04 675s
  ep23 step 5500/10273 loss 0.0618 lr 1.26e-04 743s
  ep23 step 6000/10273 loss 0.0617 lr 1.25e-04 811s
  ep23 step 6500/10273 loss 0.0618 lr 1.24e-04 878s
  ep23 step 7000/10273 loss 0.0618 lr 1.24e-04 946s
  ep23 step 7500/10273 loss 0.0617 lr 1.23e-04 1014s
  ep23 step 8000/10273 loss 0.0617 lr 1.23e-04 1081s
  ep23 step 8500/10273 loss 0.0618 lr 1.22e-04 1149s
  ep23 step 9000/10273 loss 0.0618 lr 1.21e-04 1216s
  ep23 step 9500/10273 loss 0.0618 lr 1.21e-04 1283s
  ep23 step 10000/10273 loss 0.0618 lr 1.20e-04 1350s
{"ep": 23, "loss": 0.06175, "val_pooled_db": [-10.72, -9.7, -8.63, -7.66], "val_median_db": [-13.69, -12.45, -11.07, -9.84], "val_align_db": [-14.73, -13.73, -12.63, -11.66], "rho": [0.983, 0.979, 0.972, 0.965], "copy_last_db": [-4.46, -2.38, -1.54, -0.84], "lr": 0.00011999614593359334, "sec": 1415.2}
early stopping at ep 23 (best ep 18, -9.24 dB)
DONE best_ep 18 val_mean_pooled_db -9.24
