[mm] sensors ['pos'] pos_source gps window_bytes {'pos': 640} coverage {"pos": {"source": "gps", "nan_rows": 0, "missing_yaml": 0, "examples": [], "n": 53800}}
[mm_pos_gps_bc_s0] frames 53800 Nr 16 Nt 64 Ksc 64 | split B1: train windows 43121 (x16 = 689936), val windows 2439 (x16 = 39024) | load 0s
model mm:chiron params 19.23M | args {"model": "mm:chiron", "run_id": "mm_pos_gps_bc_s0", "setting": "Nt_1_64_Nr_1_16_fc_28GHz", "Ksc": 64, "K_hist": 16, "H_pred": 4, "split": "B1", "seed": 0, "epochs": 40, "patience": 5, "lr": 0.0003, "wd": 0.0001, "batch": 64, "clip": 1.0, "warmup_epochs": 1.0, "D": 512, "L": 6, "heads": 8, "dropout": 0.1, "no_pos_emb": false, "residual": false, "c_hid": 128, "c_enc": 32, "norm": "rms", "patch_h": 4, "patch_w": 16, "lwm11_init": "pretrained", "lwm11_freeze": "none", "in_scale": 1.0, "t_layers": 2, "device": "cuda:0", "workers": 0, "max_train_windows": 0, "eval_every": 1, "out_root": "/mnt/ssd_7t_2/carla-wireless-dataset/mmw_reproduction/outputs_cp", "sensors": "pos", "pos_source": "gps", "pos_mode": "broadcast", "fuse_layers": 3, "causal_mask": false, "sensor_cache_root": "", "backbone_init": ""}
[mm] param_groups {"backbone_no_head": 9178368, "head": 9978368, "fusion": 0, "embeddings": 5120, "enc_pos": 68608, "sensor_encoders": 68608, "total": 19230464}
  ep1 step 500/10781 loss 1.1702 lr 1.39e-05 70s
  ep1 step 1000/10781 loss 1.0932 lr 2.79e-05 141s
  ep1 step 1500/10781 loss 1.0626 lr 4.18e-05 216s
  ep1 step 2000/10781 loss 1.0447 lr 5.57e-05 291s
  ep1 step 2500/10781 loss 1.0327 lr 6.96e-05 501s
  ep1 step 3000/10781 loss 1.0240 lr 8.35e-05 631s
  ep1 step 3500/10781 loss 1.0166 lr 9.74e-05 758s
  ep1 step 4000/10781 loss 1.0103 lr 1.11e-04 885s
  ep1 step 4500/10781 loss 1.0042 lr 1.25e-04 1009s
  ep1 step 5000/10781 loss 0.9978 lr 1.39e-04 1135s
  ep1 step 5500/10781 loss 0.9899 lr 1.53e-04 1274s
  ep1 step 6000/10781 loss 0.9805 lr 1.67e-04 1793s
  ep1 step 6500/10781 loss 0.9690 lr 1.81e-04 1941s
  ep1 step 7000/10781 loss 0.9547 lr 1.95e-04 2215s
  ep1 step 7500/10781 loss 0.9368 lr 2.09e-04 2342s
  ep1 step 8000/10781 loss 0.9149 lr 2.23e-04 2579s
  ep1 step 8500/10781 loss 0.8898 lr 2.37e-04 2650s
  ep1 step 9000/10781 loss 0.8643 lr 2.50e-04 2718s
  ep1 step 9500/10781 loss 0.8374 lr 2.64e-04 2786s
  ep1 step 10000/10781 loss 0.8113 lr 2.78e-04 2854s
  ep1 step 10500/10781 loss 0.7859 lr 2.92e-04 2922s
{"ep": 1, "loss": 0.77198, "val_pooled_db": [-7.47, -6.86, -6.44, -5.93], "val_median_db": [-9.55, -9.11, -8.33, -7.81], "val_align_db": [-10.86, -10.57, -10.02, -9.58], "rho": [0.958, 0.955, 0.949, 0.943], "copy_last_db": [-4.45, -1.94, -1.6, -1.16], "lr": 0.0003, "sec": 2985.3}
  ep2 step 500/10781 loss 0.2428 lr 3.00e-04 68s
  ep2 step 1000/10781 loss 0.2348 lr 3.00e-04 136s
  ep2 step 1500/10781 loss 0.2283 lr 3.00e-04 204s
  ep2 step 2000/10781 loss 0.2230 lr 3.00e-04 272s
  ep2 step 2500/10781 loss 0.2212 lr 3.00e-04 348s
  ep2 step 3000/10781 loss 0.2175 lr 3.00e-04 426s
  ep2 step 3500/10781 loss 0.2155 lr 3.00e-04 503s
  ep2 step 4000/10781 loss 0.2127 lr 3.00e-04 580s
  ep2 step 4500/10781 loss 0.2093 lr 3.00e-04 648s
  ep2 step 5000/10781 loss 0.2077 lr 3.00e-04 716s
  ep2 step 5500/10781 loss 0.2049 lr 3.00e-04 784s
  ep2 step 6000/10781 loss 0.2023 lr 3.00e-04 852s
  ep2 step 6500/10781 loss 0.1998 lr 3.00e-04 919s
  ep2 step 7000/10781 loss 0.1978 lr 3.00e-04 987s
  ep2 step 7500/10781 loss 0.1955 lr 3.00e-04 1056s
  ep2 step 8000/10781 loss 0.1937 lr 3.00e-04 1124s
  ep2 step 8500/10781 loss 0.1917 lr 3.00e-04 1192s
  ep2 step 9000/10781 loss 0.1897 lr 3.00e-04 1259s
  ep2 step 9500/10781 loss 0.1880 lr 3.00e-04 1327s
  ep2 step 10000/10781 loss 0.1863 lr 3.00e-04 1395s
  ep2 step 10500/10781 loss 0.1848 lr 3.00e-04 1463s
{"ep": 2, "loss": 0.18406, "val_pooled_db": [-9.87, -9.17, -8.57, -7.96], "val_median_db": [-12.88, -12.37, -11.61, -11.0], "val_align_db": [-14.23, -13.81, -13.2, -12.7], "rho": [0.981, 0.979, 0.976, 0.973], "copy_last_db": [-4.45, -1.94, -1.6, -1.16], "lr": 0.0002995135962201315, "sec": 1526.2}
  ep3 step 500/10781 loss 0.1514 lr 2.99e-04 68s
  ep3 step 1000/10781 loss 0.1480 lr 2.99e-04 136s
  ep3 step 1500/10781 loss 0.1472 lr 2.99e-04 204s
  ep3 step 2000/10781 loss 0.1462 lr 2.99e-04 272s
  ep3 step 2500/10781 loss 0.1478 lr 2.99e-04 340s
  ep3 step 3000/10781 loss 0.1464 lr 2.99e-04 410s
  ep3 step 3500/10781 loss 0.1458 lr 2.99e-04 478s
  ep3 step 4000/10781 loss 0.1454 lr 2.99e-04 546s
  ep3 step 4500/10781 loss 0.1449 lr 2.99e-04 614s
  ep3 step 5000/10781 loss 0.1438 lr 2.99e-04 682s
  ep3 step 5500/10781 loss 0.1431 lr 2.99e-04 753s
  ep3 step 6000/10781 loss 0.1429 lr 2.99e-04 844s
  ep3 step 6500/10781 loss 0.1424 lr 2.99e-04 914s
  ep3 step 7000/10781 loss 0.1418 lr 2.99e-04 982s
  ep3 step 7500/10781 loss 0.1412 lr 2.99e-04 1050s
  ep3 step 8000/10781 loss 0.1406 lr 2.99e-04 1137s
  ep3 step 8500/10781 loss 0.1401 lr 2.98e-04 1208s
  ep3 step 9000/10781 loss 0.1396 lr 2.98e-04 1276s
  ep3 step 9500/10781 loss 0.1389 lr 2.98e-04 1344s
  ep3 step 10000/10781 loss 0.1385 lr 2.98e-04 1412s
  ep3 step 10500/10781 loss 0.1380 lr 2.98e-04 1488s
{"ep": 3, "loss": 0.13766, "val_pooled_db": [-10.24, -9.36, -8.72, -8.07], "val_median_db": [-13.62, -12.89, -12.03, -11.41], "val_align_db": [-15.22, -14.62, -13.84, -13.32], "rho": [0.985, 0.983, 0.979, 0.976], "copy_last_db": [-4.45, -1.94, -1.6, -1.16], "lr": 0.00029805753939568687, "sec": 1551.5}
  ep4 step 500/10781 loss 0.1261 lr 2.98e-04 68s
  ep4 step 1000/10781 loss 0.1256 lr 2.98e-04 136s
  ep4 step 1500/10781 loss 0.1252 lr 2.98e-04 204s
  ep4 step 2000/10781 loss 0.1243 lr 2.98e-04 272s
  ep4 step 2500/10781 loss 0.1239 lr 2.98e-04 340s
  ep4 step 3000/10781 loss 0.1238 lr 2.97e-04 408s
  ep4 step 3500/10781 loss 0.1234 lr 2.97e-04 476s
  ep4 step 4000/10781 loss 0.1232 lr 2.97e-04 544s
  ep4 step 4500/10781 loss 0.1238 lr 2.97e-04 612s
  ep4 step 5000/10781 loss 0.1231 lr 2.97e-04 680s
  ep4 step 5500/10781 loss 0.1229 lr 2.97e-04 748s
  ep4 step 6000/10781 loss 0.1227 lr 2.97e-04 816s
  ep4 step 6500/10781 loss 0.1224 lr 2.97e-04 884s
  ep4 step 7000/10781 loss 0.1220 lr 2.97e-04 961s
  ep4 step 7500/10781 loss 0.1217 lr 2.96e-04 1038s
  ep4 step 8000/10781 loss 0.1214 lr 2.96e-04 1132s
  ep4 step 8500/10781 loss 0.1210 lr 2.96e-04 1200s
  ep4 step 9000/10781 loss 0.1207 lr 2.96e-04 1294s
  ep4 step 9500/10781 loss 0.1204 lr 2.96e-04 1380s
  ep4 step 10000/10781 loss 0.1202 lr 2.96e-04 1451s
  ep4 step 10500/10781 loss 0.1199 lr 2.96e-04 1519s
{"ep": 4, "loss": 0.11972, "val_pooled_db": [-10.48, -9.56, -8.94, -8.21], "val_median_db": [-14.01, -13.23, -12.34, -11.61], "val_align_db": [-15.88, -15.17, -14.37, -13.74], "rho": [0.987, 0.985, 0.982, 0.979], "copy_last_db": [-4.45, -1.94, -1.6, -1.16], "lr": 0.00029564127261390776, "sec": 1581.9}
  ep5 step 500/10781 loss 0.1099 lr 2.96e-04 68s
  ep5 step 1000/10781 loss 0.1104 lr 2.95e-04 136s
  ep5 step 1500/10781 loss 0.1108 lr 2.95e-04 204s
  ep5 step 2000/10781 loss 0.1109 lr 2.95e-04 272s
  ep5 step 2500/10781 loss 0.1109 lr 2.95e-04 339s
  ep5 step 3000/10781 loss 0.1107 lr 2.95e-04 407s
  ep5 step 3500/10781 loss 0.1107 lr 2.95e-04 475s
  ep5 step 4000/10781 loss 0.1104 lr 2.95e-04 543s
  ep5 step 4500/10781 loss 0.1103 lr 2.94e-04 611s
  ep5 step 5000/10781 loss 0.1100 lr 2.94e-04 679s
  ep5 step 5500/10781 loss 0.1098 lr 2.94e-04 747s
  ep5 step 6000/10781 loss 0.1096 lr 2.94e-04 814s
  ep5 step 6500/10781 loss 0.1095 lr 2.94e-04 882s
  ep5 step 7000/10781 loss 0.1093 lr 2.94e-04 950s
  ep5 step 7500/10781 loss 0.1092 lr 2.93e-04 1018s
  ep5 step 8000/10781 loss 0.1090 lr 2.93e-04 1086s
  ep5 step 8500/10781 loss 0.1088 lr 2.93e-04 1154s
  ep5 step 9000/10781 loss 0.1087 lr 2.93e-04 1222s
  ep5 step 9500/10781 loss 0.1086 lr 2.93e-04 1290s
  ep5 step 10000/10781 loss 0.1084 lr 2.93e-04 1358s
  ep5 step 10500/10781 loss 0.1082 lr 2.92e-04 1426s
{"ep": 5, "loss": 0.1081, "val_pooled_db": [-10.61, -9.7, -9.05, -8.3], "val_median_db": [-14.54, -13.76, -12.86, -12.11], "val_align_db": [-16.26, -15.62, -14.85, -14.19], "rho": [0.988, 0.986, 0.983, 0.981], "copy_last_db": [-4.45, -1.94, -1.6, -1.16], "lr": 0.00029228046629207175, "sec": 1488.5}
  ep6 step 500/10781 loss 0.1098 lr 2.92e-04 68s
  ep6 step 1000/10781 loss 0.1061 lr 2.92e-04 136s
  ep6 step 1500/10781 loss 0.1053 lr 2.92e-04 204s
  ep6 step 2000/10781 loss 0.1045 lr 2.92e-04 272s
  ep6 step 2500/10781 loss 0.1041 lr 2.91e-04 340s
  ep6 step 3000/10781 loss 0.1040 lr 2.91e-04 408s
  ep6 step 3500/10781 loss 0.1036 lr 2.91e-04 476s
  ep6 step 4000/10781 loss 0.1035 lr 2.91e-04 543s
  ep6 step 4500/10781 loss 0.1032 lr 2.91e-04 611s
  ep6 step 5000/10781 loss 0.1029 lr 2.90e-04 679s
  ep6 step 5500/10781 loss 0.1025 lr 2.90e-04 747s
  ep6 step 6000/10781 loss 0.1024 lr 2.90e-04 815s
  ep6 step 6500/10781 loss 0.1021 lr 2.90e-04 883s
  ep6 step 7000/10781 loss 0.1020 lr 2.90e-04 951s
  ep6 step 7500/10781 loss 0.1017 lr 2.89e-04 1019s
  ep6 step 8000/10781 loss 0.1017 lr 2.89e-04 1087s
  ep6 step 8500/10781 loss 0.1016 lr 2.89e-04 1155s
  ep6 step 9000/10781 loss 0.1015 lr 2.89e-04 1223s
  ep6 step 9500/10781 loss 0.1013 lr 2.89e-04 1291s
  ep6 step 10000/10781 loss 0.1012 lr 2.88e-04 1359s
  ep6 step 10500/10781 loss 0.1014 lr 2.88e-04 1427s
{"ep": 6, "loss": 0.1013, "val_pooled_db": [-10.62, -9.66, -8.87, -8.06], "val_median_db": [-14.68, -13.76, -12.74, -12.03], "val_align_db": [-16.43, -15.82, -14.86, -14.16], "rho": [0.989, 0.987, 0.984, 0.981], "copy_last_db": [-4.45, -1.94, -1.6, -1.16], "lr": 0.0002879969165488236, "sec": 1490.0}
  ep7 step 500/10781 loss 0.0985 lr 2.88e-04 68s
  ep7 step 1000/10781 loss 0.0969 lr 2.88e-04 136s
  ep7 step 1500/10781 loss 0.0964 lr 2.87e-04 204s
  ep7 step 2000/10781 loss 0.0967 lr 2.87e-04 272s
  ep7 step 2500/10781 loss 0.0966 lr 2.87e-04 340s
  ep7 step 3000/10781 loss 0.0968 lr 2.87e-04 407s
  ep7 step 3500/10781 loss 0.0966 lr 2.86e-04 475s
  ep7 step 4000/10781 loss 0.0969 lr 2.86e-04 543s
  ep7 step 4500/10781 loss 0.0968 lr 2.86e-04 611s
  ep7 step 5000/10781 loss 0.0966 lr 2.86e-04 679s
  ep7 step 5500/10781 loss 0.0965 lr 2.85e-04 747s
  ep7 step 6000/10781 loss 0.0964 lr 2.85e-04 815s
  ep7 step 6500/10781 loss 0.0963 lr 2.85e-04 883s
  ep7 step 7000/10781 loss 0.0963 lr 2.85e-04 951s
  ep7 step 7500/10781 loss 0.0963 lr 2.84e-04 1019s
  ep7 step 8000/10781 loss 0.0961 lr 2.84e-04 1087s
  ep7 step 8500/10781 loss 0.0960 lr 2.84e-04 1155s
  ep7 step 9000/10781 loss 0.0959 lr 2.84e-04 1223s
  ep7 step 9500/10781 loss 0.0958 lr 2.83e-04 1291s
  ep7 step 10000/10781 loss 0.0957 lr 2.83e-04 1359s
  ep7 step 10500/10781 loss 0.0956 lr 2.83e-04 1427s
{"ep": 7, "loss": 0.09551, "val_pooled_db": [-10.59, -9.72, -9.0, -8.14], "val_median_db": [-14.81, -13.98, -13.03, -12.25], "val_align_db": [-16.58, -15.93, -14.99, -14.3], "rho": [0.989, 0.987, 0.984, 0.981], "copy_last_db": [-4.45, -1.94, -1.6, -1.16], "lr": 0.0002828184038479814, "sec": 1489.9}
  ep8 step 500/10781 loss 0.0913 lr 2.83e-04 68s
  ep8 step 1000/10781 loss 0.0915 lr 2.82e-04 136s
  ep8 step 1500/10781 loss 0.0917 lr 2.82e-04 204s
  ep8 step 2000/10781 loss 0.0921 lr 2.82e-04 272s
  ep8 step 2500/10781 loss 0.0921 lr 2.81e-04 340s
  ep8 step 3000/10781 loss 0.0919 lr 2.81e-04 408s
  ep8 step 3500/10781 loss 0.0918 lr 2.81e-04 476s
  ep8 step 4000/10781 loss 0.0917 lr 2.81e-04 544s
  ep8 step 4500/10781 loss 0.0916 lr 2.80e-04 612s
  ep8 step 5000/10781 loss 0.0917 lr 2.80e-04 680s
  ep8 step 5500/10781 loss 0.0916 lr 2.80e-04 748s
  ep8 step 6000/10781 loss 0.0915 lr 2.80e-04 816s
  ep8 step 6500/10781 loss 0.0915 lr 2.79e-04 884s
  ep8 step 7000/10781 loss 0.0915 lr 2.79e-04 952s
  ep8 step 7500/10781 loss 0.0914 lr 2.79e-04 1020s
  ep8 step 8000/10781 loss 0.0914 lr 2.78e-04 1088s
  ep8 step 8500/10781 loss 0.0913 lr 2.78e-04 1156s
  ep8 step 9000/10781 loss 0.0912 lr 2.78e-04 1224s
  ep8 step 9500/10781 loss 0.0911 lr 2.78e-04 1291s
  ep8 step 10000/10781 loss 0.0910 lr 2.77e-04 1359s
  ep8 step 10500/10781 loss 0.0909 lr 2.77e-04 1427s
{"ep": 8, "loss": 0.0909, "val_pooled_db": [-10.67, -9.72, -8.99, -8.22], "val_median_db": [-15.1, -14.01, -13.04, -12.27], "val_align_db": [-16.69, -15.91, -15.02, -14.22], "rho": [0.989, 0.987, 0.984, 0.981], "copy_last_db": [-4.45, -1.94, -1.6, -1.16], "lr": 0.0002767785128315692, "sec": 1490.6}
  ep9 step 500/10781 loss 0.0893 lr 2.76e-04 68s
  ep9 step 1000/10781 loss 0.0886 lr 2.76e-04 136s
  ep9 step 1500/10781 loss 0.0886 lr 2.76e-04 204s
  ep9 step 2000/10781 loss 0.0882 lr 2.76e-04 272s
  ep9 step 2500/10781 loss 0.0881 lr 2.75e-04 340s
  ep9 step 3000/10781 loss 0.0880 lr 2.75e-04 408s
  ep9 step 3500/10781 loss 0.0879 lr 2.75e-04 476s
  ep9 step 4000/10781 loss 0.0878 lr 2.74e-04 544s
  ep9 step 4500/10781 loss 0.0882 lr 2.74e-04 612s
  ep9 step 5000/10781 loss 0.0883 lr 2.74e-04 680s
  ep9 step 5500/10781 loss 0.0882 lr 2.73e-04 748s
  ep9 step 6000/10781 loss 0.0881 lr 2.73e-04 816s
  ep9 step 6500/10781 loss 0.0880 lr 2.73e-04 884s
  ep9 step 7000/10781 loss 0.0881 lr 2.72e-04 952s
  ep9 step 7500/10781 loss 0.0880 lr 2.72e-04 1020s
  ep9 step 8000/10781 loss 0.0879 lr 2.72e-04 1088s
  ep9 step 8500/10781 loss 0.0878 lr 2.71e-04 1156s
  ep9 step 9000/10781 loss 0.0878 lr 2.71e-04 1224s
  ep9 step 9500/10781 loss 0.0877 lr 2.71e-04 1291s
  ep9 step 10000/10781 loss 0.0876 lr 2.70e-04 1359s
  ep9 step 10500/10781 loss 0.0876 lr 2.70e-04 1427s
{"ep": 9, "loss": 0.08751, "val_pooled_db": [-10.76, -9.77, -9.04, -8.24], "val_median_db": [-15.4, -14.33, -13.25, -12.53], "val_align_db": [-16.91, -16.15, -15.31, -14.56], "rho": [0.99, 0.988, 0.985, 0.982], "copy_last_db": [-4.45, -1.94, -1.6, -1.16], "lr": 0.00026991641451052517, "sec": 1490.4}
  ep10 step 500/10781 loss 0.0850 lr 2.70e-04 68s
  ep10 step 1000/10781 loss 0.0848 lr 2.69e-04 136s
  ep10 step 1500/10781 loss 0.0848 lr 2.69e-04 204s
  ep10 step 2000/10781 loss 0.0849 lr 2.69e-04 272s
  ep10 step 2500/10781 loss 0.0848 lr 2.68e-04 340s
  ep10 step 3000/10781 loss 0.0847 lr 2.68e-04 408s
  ep10 step 3500/10781 loss 0.0847 lr 2.68e-04 476s
  ep10 step 4000/10781 loss 0.0846 lr 2.67e-04 544s
  ep10 step 4500/10781 loss 0.0845 lr 2.67e-04 612s
  ep10 step 5000/10781 loss 0.0845 lr 2.66e-04 680s
  ep10 step 5500/10781 loss 0.0846 lr 2.66e-04 748s
  ep10 step 6000/10781 loss 0.0845 lr 2.66e-04 816s
  ep10 step 6500/10781 loss 0.0845 lr 2.65e-04 884s
  ep10 step 7000/10781 loss 0.0845 lr 2.65e-04 951s
  ep10 step 7500/10781 loss 0.0844 lr 2.65e-04 1020s
  ep10 step 8000/10781 loss 0.0844 lr 2.64e-04 1088s
  ep10 step 8500/10781 loss 0.0844 lr 2.64e-04 1156s
  ep10 step 9000/10781 loss 0.0843 lr 2.64e-04 1223s
  ep10 step 9500/10781 loss 0.0843 lr 2.63e-04 1291s
  ep10 step 10000/10781 loss 0.0842 lr 2.63e-04 1359s
  ep10 step 10500/10781 loss 0.0842 lr 2.62e-04 1427s
{"ep": 10, "loss": 0.08408, "val_pooled_db": [-10.84, -9.81, -9.08, -8.24], "val_median_db": [-15.42, -14.39, -13.5, -12.63], "val_align_db": [-16.97, -16.33, -15.55, -14.65], "rho": [0.99, 0.988, 0.986, 0.983], "copy_last_db": [-4.45, -1.94, -1.6, -1.16], "lr": 0.00026227661222566516, "sec": 1490.4}
  ep11 step 500/10781 loss 0.1045 lr 2.62e-04 68s
  ep11 step 1000/10781 loss 0.0927 lr 2.62e-04 136s
  ep11 step 1500/10781 loss 0.0889 lr 2.61e-04 204s
  ep11 step 2000/10781 loss 0.0873 lr 2.61e-04 272s
  ep11 step 2500/10781 loss 0.0860 lr 2.60e-04 340s
  ep11 step 3000/10781 loss 0.0852 lr 2.60e-04 408s
  ep11 step 3500/10781 loss 0.0848 lr 2.60e-04 476s
  ep11 step 4000/10781 loss 0.0844 lr 2.59e-04 544s
  ep11 step 4500/10781 loss 0.0841 lr 2.59e-04 612s
  ep11 step 5000/10781 loss 0.0841 lr 2.58e-04 680s
  ep11 step 5500/10781 loss 0.0839 lr 2.58e-04 748s
  ep11 step 6000/10781 loss 0.0837 lr 2.58e-04 816s
  ep11 step 6500/10781 loss 0.0836 lr 2.57e-04 884s
  ep11 step 7000/10781 loss 0.0834 lr 2.57e-04 952s
  ep11 step 7500/10781 loss 0.0832 lr 2.57e-04 1020s
  ep11 step 8000/10781 loss 0.0831 lr 2.56e-04 1088s
  ep11 step 8500/10781 loss 0.0830 lr 2.56e-04 1156s
  ep11 step 9000/10781 loss 0.0829 lr 2.55e-04 1224s
  ep11 step 9500/10781 loss 0.0828 lr 2.55e-04 1292s
  ep11 step 10000/10781 loss 0.0827 lr 2.55e-04 1360s
  ep11 step 10500/10781 loss 0.0826 lr 2.54e-04 1427s
{"ep": 11, "loss": 0.08256, "val_pooled_db": [-10.75, -9.81, -9.13, -8.31], "val_median_db": [-15.38, -14.4, -13.49, -12.64], "val_align_db": [-16.9, -16.24, -15.51, -14.7], "rho": [0.99, 0.988, 0.986, 0.983], "copy_last_db": [-4.45, -1.94, -1.6, -1.16], "lr": 0.0002539086530264399, "sec": 1490.6}
  ep12 step 500/10781 loss 0.0806 lr 2.54e-04 68s
  ep12 step 1000/10781 loss 0.0822 lr 2.53e-04 136s
  ep12 step 1500/10781 loss 0.0815 lr 2.53e-04 204s
  ep12 step 2000/10781 loss 0.0810 lr 2.52e-04 272s
  ep12 step 2500/10781 loss 0.0807 lr 2.52e-04 340s
  ep12 step 3000/10781 loss 0.0804 lr 2.51e-04 408s
  ep12 step 3500/10781 loss 0.0802 lr 2.51e-04 475s
  ep12 step 4000/10781 loss 0.0802 lr 2.51e-04 543s
  ep12 step 4500/10781 loss 0.0800 lr 2.50e-04 611s
  ep12 step 5000/10781 loss 0.0799 lr 2.50e-04 679s
  ep12 step 5500/10781 loss 0.0798 lr 2.49e-04 747s
  ep12 step 6000/10781 loss 0.0797 lr 2.49e-04 815s
  ep12 step 6500/10781 loss 0.0798 lr 2.49e-04 883s
  ep12 step 7000/10781 loss 0.0797 lr 2.48e-04 951s
  ep12 step 7500/10781 loss 0.0797 lr 2.48e-04 1020s
  ep12 step 8000/10781 loss 0.0797 lr 2.47e-04 1087s
  ep12 step 8500/10781 loss 0.0796 lr 2.47e-04 1155s
  ep12 step 9000/10781 loss 0.0797 lr 2.46e-04 1223s
  ep12 step 9500/10781 loss 0.0796 lr 2.46e-04 1291s
  ep12 step 10000/10781 loss 0.0796 lr 2.46e-04 1359s
  ep12 step 10500/10781 loss 0.0795 lr 2.45e-04 1427s
{"ep": 12, "loss": 0.07951, "val_pooled_db": [-10.81, -9.87, -9.13, -8.32], "val_median_db": [-15.62, -14.53, -13.55, -12.62], "val_align_db": [-17.13, -16.38, -15.53, -14.59], "rho": [0.99, 0.988, 0.986, 0.982], "copy_last_db": [-4.45, -1.94, -1.6, -1.16], "lr": 0.0002448668063393066, "sec": 1490.1}
  ep13 step 500/10781 loss 0.0778 lr 2.44e-04 68s
  ep13 step 1000/10781 loss 0.0774 lr 2.44e-04 136s
  ep13 step 1500/10781 loss 0.0776 lr 2.44e-04 204s
  ep13 step 2000/10781 loss 0.0778 lr 2.43e-04 272s
  ep13 step 2500/10781 loss 0.0778 lr 2.43e-04 340s
  ep13 step 3000/10781 loss 0.0775 lr 2.42e-04 408s
  ep13 step 3500/10781 loss 0.0778 lr 2.42e-04 476s
  ep13 step 4000/10781 loss 0.0778 lr 2.41e-04 544s
  ep13 step 4500/10781 loss 0.0777 lr 2.41e-04 612s
  ep13 step 5000/10781 loss 0.0777 lr 2.40e-04 680s
  ep13 step 5500/10781 loss 0.0775 lr 2.40e-04 748s
  ep13 step 6000/10781 loss 0.0775 lr 2.40e-04 816s
  ep13 step 6500/10781 loss 0.0774 lr 2.39e-04 884s
  ep13 step 7000/10781 loss 0.0774 lr 2.39e-04 952s
  ep13 step 7500/10781 loss 0.0774 lr 2.38e-04 1020s
  ep13 step 8000/10781 loss 0.0773 lr 2.38e-04 1088s
  ep13 step 8500/10781 loss 0.0773 lr 2.37e-04 1156s
  ep13 step 9000/10781 loss 0.0773 lr 2.37e-04 1224s
  ep13 step 9500/10781 loss 0.0773 lr 2.36e-04 1292s
  ep13 step 10000/10781 loss 0.0773 lr 2.36e-04 1360s
  ep13 step 10500/10781 loss 0.0772 lr 2.35e-04 1428s
{"ep": 13, "loss": 0.07719, "val_pooled_db": [-10.91, -9.89, -9.08, -8.28], "val_median_db": [-15.78, -14.6, -13.6, -12.62], "val_align_db": [-17.24, -16.43, -15.53, -14.64], "rho": [0.991, 0.989, 0.986, 0.983], "copy_last_db": [-4.45, -1.94, -1.6, -1.16], "lr": 0.00023520971200967334, "sec": 1491.2}
  ep14 step 500/10781 loss 0.0768 lr 2.35e-04 68s
  ep14 step 1000/10781 loss 0.0761 lr 2.34e-04 136s
  ep14 step 1500/10781 loss 0.0758 lr 2.34e-04 204s
  ep14 step 2000/10781 loss 0.0757 lr 2.33e-04 272s
  ep14 step 2500/10781 loss 0.0757 lr 2.33e-04 340s
  ep14 step 3000/10781 loss 0.0757 lr 2.32e-04 408s
  ep14 step 3500/10781 loss 0.0756 lr 2.32e-04 476s
  ep14 step 4000/10781 loss 0.0757 lr 2.31e-04 544s
  ep14 step 4500/10781 loss 0.0756 lr 2.31e-04 612s
  ep14 step 5000/10781 loss 0.0756 lr 2.31e-04 679s
  ep14 step 5500/10781 loss 0.0756 lr 2.30e-04 748s
  ep14 step 6000/10781 loss 0.0756 lr 2.30e-04 815s
  ep14 step 6500/10781 loss 0.0756 lr 2.29e-04 883s
  ep14 step 7000/10781 loss 0.0755 lr 2.29e-04 951s
  ep14 step 7500/10781 loss 0.0755 lr 2.28e-04 1019s
  ep14 step 8000/10781 loss 0.0755 lr 2.28e-04 1087s
  ep14 step 8500/10781 loss 0.0754 lr 2.27e-04 1155s
  ep14 step 9000/10781 loss 0.0754 lr 2.27e-04 1223s
  ep14 step 9500/10781 loss 0.0753 lr 2.26e-04 1291s
  ep14 step 10000/10781 loss 0.0752 lr 2.26e-04 1359s
  ep14 step 10500/10781 loss 0.0752 lr 2.25e-04 1427s
{"ep": 14, "loss": 0.07518, "val_pooled_db": [-10.89, -9.91, -9.19, -8.37], "val_median_db": [-15.68, -14.6, -13.71, -12.78], "val_align_db": [-17.28, -16.47, -15.7, -14.8], "rho": [0.991, 0.989, 0.986, 0.983], "copy_last_db": [-4.45, -1.94, -1.6, -1.16], "lr": 0.000225, "sec": 1490.3}
  ep15 step 500/10781 loss 0.0742 lr 2.25e-04 68s
  ep15 step 1000/10781 loss 0.0740 lr 2.24e-04 136s
  ep15 step 1500/10781 loss 0.0742 lr 2.24e-04 204s
  ep15 step 2000/10781 loss 0.0744 lr 2.23e-04 272s
  ep15 step 2500/10781 loss 0.0742 lr 2.23e-04 340s
  ep15 step 3000/10781 loss 0.0740 lr 2.22e-04 408s
  ep15 step 3500/10781 loss 0.0739 lr 2.22e-04 476s
  ep15 step 4000/10781 loss 0.0738 lr 2.21e-04 544s
  ep15 step 4500/10781 loss 0.0737 lr 2.21e-04 612s
  ep15 step 5000/10781 loss 0.0737 lr 2.20e-04 680s
  ep15 step 5500/10781 loss 0.0736 lr 2.20e-04 748s
  ep15 step 6000/10781 loss 0.0736 lr 2.19e-04 815s
  ep15 step 6500/10781 loss 0.0736 lr 2.19e-04 883s
  ep15 step 7000/10781 loss 0.0735 lr 2.18e-04 951s
  ep15 step 7500/10781 loss 0.0736 lr 2.18e-04 1019s
  ep15 step 8000/10781 loss 0.0735 lr 2.17e-04 1087s
  ep15 step 8500/10781 loss 0.0735 lr 2.17e-04 1155s
  ep15 step 9000/10781 loss 0.0734 lr 2.16e-04 1223s
  ep15 step 9500/10781 loss 0.0734 lr 2.16e-04 1291s
  ep15 step 10000/10781 loss 0.0733 lr 2.15e-04 1359s
  ep15 step 10500/10781 loss 0.0733 lr 2.15e-04 1427s
{"ep": 15, "loss": 0.07333, "val_pooled_db": [-10.82, -9.8, -9.0, -8.24], "val_median_db": [-15.71, -14.6, -13.62, -12.65], "val_align_db": [-17.28, -16.44, -15.54, -14.65], "rho": [0.991, 0.989, 0.986, 0.983], "copy_last_db": [-4.45, -1.94, -1.6, -1.16], "lr": 0.0002143038842104581, "sec": 1490.0}
  ep16 step 500/10781 loss 0.0721 lr 2.14e-04 68s
  ep16 step 1000/10781 loss 0.0717 lr 2.13e-04 136s
  ep16 step 1500/10781 loss 0.0724 lr 2.13e-04 204s
  ep16 step 2000/10781 loss 0.0723 lr 2.12e-04 272s
  ep16 step 2500/10781 loss 0.0722 lr 2.12e-04 340s
  ep16 step 3000/10781 loss 0.0722 lr 2.11e-04 408s
  ep16 step 3500/10781 loss 0.0723 lr 2.11e-04 476s
  ep16 step 4000/10781 loss 0.0722 lr 2.10e-04 544s
  ep16 step 4500/10781 loss 0.0721 lr 2.10e-04 612s
  ep16 step 5000/10781 loss 0.0721 lr 2.09e-04 680s
  ep16 step 5500/10781 loss 0.0721 lr 2.09e-04 748s
  ep16 step 6000/10781 loss 0.0720 lr 2.08e-04 816s
  ep16 step 6500/10781 loss 0.0720 lr 2.08e-04 884s
  ep16 step 7000/10781 loss 0.0720 lr 2.07e-04 952s
  ep16 step 7500/10781 loss 0.0719 lr 2.07e-04 1020s
  ep16 step 8000/10781 loss 0.0719 lr 2.06e-04 1088s
  ep16 step 8500/10781 loss 0.0719 lr 2.06e-04 1155s
  ep16 step 9000/10781 loss 0.0719 lr 2.05e-04 1223s
  ep16 step 9500/10781 loss 0.0719 lr 2.05e-04 1291s
  ep16 step 10000/10781 loss 0.0718 lr 2.04e-04 1366s
  ep16 step 10500/10781 loss 0.0718 lr 2.03e-04 1499s
{"ep": 16, "loss": 0.07177, "val_pooled_db": [-10.77, -9.8, -9.03, -8.27], "val_median_db": [-15.65, -14.62, -13.59, -12.67], "val_align_db": [-17.25, -16.43, -15.57, -14.76], "rho": [0.991, 0.989, 0.986, 0.983], "copy_last_db": [-4.45, -1.94, -1.6, -1.16], "lr": 0.0002031907330563803, "sec": 1624.8}
  ep17 step 500/10781 loss 0.0699 lr 2.03e-04 133s
  ep17 step 1000/10781 loss 0.0703 lr 2.02e-04 253s
  ep17 step 1500/10781 loss 0.0705 lr 2.02e-04 321s
  ep17 step 2000/10781 loss 0.0705 lr 2.01e-04 388s
  ep17 step 2500/10781 loss 0.0705 lr 2.01e-04 456s
  ep17 step 3000/10781 loss 0.0705 lr 2.00e-04 524s
  ep17 step 3500/10781 loss 0.0705 lr 2.00e-04 592s
  ep17 step 4000/10781 loss 0.0705 lr 1.99e-04 660s
  ep17 step 4500/10781 loss 0.0705 lr 1.98e-04 728s
  ep17 step 5000/10781 loss 0.0705 lr 1.98e-04 796s
  ep17 step 5500/10781 loss 0.0705 lr 1.97e-04 864s
  ep17 step 6000/10781 loss 0.0705 lr 1.97e-04 932s
  ep17 step 6500/10781 loss 0.0705 lr 1.96e-04 999s
  ep17 step 7000/10781 loss 0.0705 lr 1.96e-04 1067s
  ep17 step 7500/10781 loss 0.0704 lr 1.95e-04 1135s
  ep17 step 8000/10781 loss 0.0704 lr 1.95e-04 1203s
  ep17 step 8500/10781 loss 0.0704 lr 1.94e-04 1271s
  ep17 step 9000/10781 loss 0.0703 lr 1.94e-04 1339s
  ep17 step 9500/10781 loss 0.0703 lr 1.93e-04 1407s
  ep17 step 10000/10781 loss 0.0703 lr 1.93e-04 1475s
  ep17 step 10500/10781 loss 0.0703 lr 1.92e-04 1543s
{"ep": 17, "loss": 0.07022, "val_pooled_db": [-10.9, -9.91, -9.09, -8.29], "val_median_db": [-15.87, -14.74, -13.69, -12.72], "val_align_db": [-17.45, -16.57, -15.63, -14.74], "rho": [0.991, 0.989, 0.986, 0.983], "copy_last_db": [-4.45, -1.94, -1.6, -1.16], "lr": 0.0001917326195874679, "sec": 1605.5}
  ep18 step 500/10781 loss 0.0692 lr 1.91e-04 68s
  ep18 step 1000/10781 loss 0.0695 lr 1.91e-04 136s
  ep18 step 1500/10781 loss 0.0694 lr 1.90e-04 204s
  ep18 step 2000/10781 loss 0.0694 lr 1.90e-04 272s
  ep18 step 2500/10781 loss 0.0693 lr 1.89e-04 340s
  ep18 step 3000/10781 loss 0.0692 lr 1.88e-04 408s
  ep18 step 3500/10781 loss 0.0692 lr 1.88e-04 476s
  ep18 step 4000/10781 loss 0.0692 lr 1.87e-04 543s
  ep18 step 4500/10781 loss 0.0691 lr 1.87e-04 611s
  ep18 step 5000/10781 loss 0.0691 lr 1.86e-04 679s
  ep18 step 5500/10781 loss 0.0691 lr 1.86e-04 747s
  ep18 step 6000/10781 loss 0.0691 lr 1.85e-04 815s
  ep18 step 6500/10781 loss 0.0691 lr 1.85e-04 883s
  ep18 step 7000/10781 loss 0.0690 lr 1.84e-04 951s
  ep18 step 7500/10781 loss 0.0690 lr 1.84e-04 1019s
  ep18 step 8000/10781 loss 0.0690 lr 1.83e-04 1087s
  ep18 step 8500/10781 loss 0.0690 lr 1.83e-04 1154s
  ep18 step 9000/10781 loss 0.0690 lr 1.82e-04 1222s
  ep18 step 9500/10781 loss 0.0690 lr 1.81e-04 1290s
  ep18 step 10000/10781 loss 0.0690 lr 1.81e-04 1358s
  ep18 step 10500/10781 loss 0.0689 lr 1.80e-04 1426s
{"ep": 18, "loss": 0.06891, "val_pooled_db": [-10.83, -9.8, -9.11, -8.33], "val_median_db": [-15.87, -14.64, -13.7, -12.81], "val_align_db": [-17.45, -16.51, -15.63, -14.76], "rho": [0.991, 0.989, 0.986, 0.983], "copy_last_db": [-4.45, -1.94, -1.6, -1.16], "lr": 0.00018000385406640666, "sec": 1488.7}
  ep19 step 500/10781 loss 0.0676 lr 1.79e-04 68s
  ep19 step 1000/10781 loss 0.0678 lr 1.79e-04 136s
  ep19 step 1500/10781 loss 0.0681 lr 1.78e-04 204s
  ep19 step 2000/10781 loss 0.0681 lr 1.78e-04 271s
  ep19 step 2500/10781 loss 0.0681 lr 1.77e-04 339s
  ep19 step 3000/10781 loss 0.0681 lr 1.77e-04 407s
  ep19 step 3500/10781 loss 0.0680 lr 1.76e-04 475s
  ep19 step 4000/10781 loss 0.0680 lr 1.76e-04 543s
  ep19 step 4500/10781 loss 0.0679 lr 1.75e-04 611s
  ep19 step 5000/10781 loss 0.0680 lr 1.74e-04 679s
  ep19 step 5500/10781 loss 0.0680 lr 1.74e-04 747s
  ep19 step 6000/10781 loss 0.0679 lr 1.73e-04 815s
  ep19 step 6500/10781 loss 0.0679 lr 1.73e-04 882s
  ep19 step 7000/10781 loss 0.0678 lr 1.72e-04 950s
  ep19 step 7500/10781 loss 0.0678 lr 1.72e-04 1018s
  ep19 step 8000/10781 loss 0.0678 lr 1.71e-04 1086s
  ep19 step 8500/10781 loss 0.0678 lr 1.71e-04 1154s
  ep19 step 9000/10781 loss 0.0677 lr 1.70e-04 1222s
  ep19 step 9500/10781 loss 0.0677 lr 1.70e-04 1290s
  ep19 step 10000/10781 loss 0.0677 lr 1.69e-04 1358s
  ep19 step 10500/10781 loss 0.0677 lr 1.68e-04 1425s
{"ep": 19, "loss": 0.0677, "val_pooled_db": [-10.89, -9.95, -9.2, -8.36], "val_median_db": [-15.92, -14.82, -13.88, -12.89], "val_align_db": [-17.54, -16.6, -15.73, -14.93], "rho": [0.991, 0.989, 0.987, 0.984], "copy_last_db": [-4.45, -1.94, -1.6, -1.16], "lr": 0.00016808050203829842, "sec": 1488.3}
  ep20 step 500/10781 loss 0.0671 lr 1.68e-04 68s
  ep20 step 1000/10781 loss 0.0673 lr 1.67e-04 136s
  ep20 step 1500/10781 loss 0.0672 lr 1.66e-04 204s
  ep20 step 2000/10781 loss 0.0670 lr 1.66e-04 272s
  ep20 step 2500/10781 loss 0.0669 lr 1.65e-04 339s
  ep20 step 3000/10781 loss 0.0669 lr 1.65e-04 407s
  ep20 step 3500/10781 loss 0.0668 lr 1.64e-04 475s
  ep20 step 4000/10781 loss 0.0668 lr 1.64e-04 543s
  ep20 step 4500/10781 loss 0.0669 lr 1.63e-04 611s
  ep20 step 5000/10781 loss 0.0668 lr 1.63e-04 679s
  ep20 step 5500/10781 loss 0.0668 lr 1.62e-04 747s
  ep20 step 6000/10781 loss 0.0668 lr 1.61e-04 815s
  ep20 step 6500/10781 loss 0.0668 lr 1.61e-04 883s
  ep20 step 7000/10781 loss 0.0668 lr 1.60e-04 950s
  ep20 step 7500/10781 loss 0.0667 lr 1.60e-04 1018s
  ep20 step 8000/10781 loss 0.0667 lr 1.59e-04 1086s
  ep20 step 8500/10781 loss 0.0667 lr 1.59e-04 1154s
  ep20 step 9000/10781 loss 0.0667 lr 1.58e-04 1222s
  ep20 step 9500/10781 loss 0.0666 lr 1.57e-04 1290s
  ep20 step 10000/10781 loss 0.0666 lr 1.57e-04 1358s
  ep20 step 10500/10781 loss 0.0666 lr 1.56e-04 1426s
{"ep": 20, "loss": 0.0666, "val_pooled_db": [-10.95, -9.89, -9.19, -8.42], "val_median_db": [-16.03, -14.84, -13.85, -12.96], "val_align_db": [-17.58, -16.62, -15.77, -14.99], "rho": [0.991, 0.989, 0.987, 0.984], "copy_last_db": [-4.45, -1.94, -1.6, -1.16], "lr": 0.00015603989101641228, "sec": 1488.4}
  ep21 step 500/10781 loss 0.0657 lr 1.55e-04 68s
  ep21 step 1000/10781 loss 0.0658 lr 1.55e-04 136s
  ep21 step 1500/10781 loss 0.0659 lr 1.54e-04 204s
  ep21 step 2000/10781 loss 0.0660 lr 1.54e-04 272s
  ep21 step 2500/10781 loss 0.0659 lr 1.53e-04 339s
  ep21 step 3000/10781 loss 0.0659 lr 1.53e-04 407s
  ep21 step 3500/10781 loss 0.0658 lr 1.52e-04 475s
  ep21 step 4000/10781 loss 0.0658 lr 1.52e-04 543s
  ep21 step 4500/10781 loss 0.0658 lr 1.51e-04 611s
  ep21 step 5000/10781 loss 0.0658 lr 1.50e-04 679s
  ep21 step 5500/10781 loss 0.0658 lr 1.50e-04 747s
  ep21 step 6000/10781 loss 0.0657 lr 1.49e-04 814s
  ep21 step 6500/10781 loss 0.0657 lr 1.49e-04 882s
  ep21 step 7000/10781 loss 0.0657 lr 1.48e-04 950s
  ep21 step 7500/10781 loss 0.0657 lr 1.48e-04 1018s
  ep21 step 8000/10781 loss 0.0657 lr 1.47e-04 1086s
  ep21 step 8500/10781 loss 0.0657 lr 1.47e-04 1154s
  ep21 step 9000/10781 loss 0.0657 lr 1.46e-04 1222s
  ep21 step 9500/10781 loss 0.0656 lr 1.45e-04 1290s
  ep21 step 10000/10781 loss 0.0656 lr 1.45e-04 1357s
  ep21 step 10500/10781 loss 0.0656 lr 1.44e-04 1425s
{"ep": 21, "loss": 0.06557, "val_pooled_db": [-10.8, -9.82, -9.1, -8.35], "val_median_db": [-15.85, -14.71, -13.73, -12.85], "val_align_db": [-17.4, -16.59, -15.8, -14.95], "rho": [0.991, 0.989, 0.987, 0.984], "copy_last_db": [-4.45, -1.94, -1.6, -1.16], "lr": 0.00014396010898358775, "sec": 1488.1}
  ep22 step 500/10781 loss 0.0648 lr 1.43e-04 68s
  ep22 step 1000/10781 loss 0.0647 lr 1.43e-04 136s
  ep22 step 1500/10781 loss 0.0648 lr 1.42e-04 204s
  ep22 step 2000/10781 loss 0.0648 lr 1.42e-04 272s
  ep22 step 2500/10781 loss 0.0648 lr 1.41e-04 382s
  ep22 step 3000/10781 loss 0.0648 lr 1.41e-04 494s
  ep22 step 3500/10781 loss 0.0647 lr 1.40e-04 562s
  ep22 step 4000/10781 loss 0.0648 lr 1.39e-04 630s
  ep22 step 4500/10781 loss 0.0648 lr 1.39e-04 698s
  ep22 step 5000/10781 loss 0.0647 lr 1.38e-04 766s
  ep22 step 5500/10781 loss 0.0648 lr 1.38e-04 834s
  ep22 step 6000/10781 loss 0.0647 lr 1.37e-04 902s
  ep22 step 6500/10781 loss 0.0647 lr 1.37e-04 970s
  ep22 step 7000/10781 loss 0.0647 lr 1.36e-04 1038s
  ep22 step 7500/10781 loss 0.0647 lr 1.36e-04 1106s
  ep22 step 8000/10781 loss 0.0647 lr 1.35e-04 1174s
  ep22 step 8500/10781 loss 0.0647 lr 1.34e-04 1242s
  ep22 step 9000/10781 loss 0.0647 lr 1.34e-04 1310s
  ep22 step 9500/10781 loss 0.0647 lr 1.33e-04 1378s
  ep22 step 10000/10781 loss 0.0647 lr 1.33e-04 1446s
  ep22 step 10500/10781 loss 0.0647 lr 1.32e-04 1514s
{"ep": 22, "loss": 0.06467, "val_pooled_db": [-10.91, -9.89, -9.14, -8.37], "val_median_db": [-16.07, -14.93, -13.78, -12.88], "val_align_db": [-17.64, -16.71, -15.81, -14.9], "rho": [0.991, 0.989, 0.987, 0.984], "copy_last_db": [-4.45, -1.94, -1.6, -1.16], "lr": 0.00013191949796170156, "sec": 1576.9}
  ep23 step 500/10781 loss 0.0640 lr 1.31e-04 68s
  ep23 step 1000/10781 loss 0.0640 lr 1.31e-04 136s
  ep23 step 1500/10781 loss 0.0641 lr 1.30e-04 204s
  ep23 step 2000/10781 loss 0.0641 lr 1.30e-04 272s
  ep23 step 2500/10781 loss 0.0640 lr 1.29e-04 340s
  ep23 step 3000/10781 loss 0.0640 lr 1.29e-04 408s
  ep23 step 3500/10781 loss 0.0640 lr 1.28e-04 476s
  ep23 step 4000/10781 loss 0.0640 lr 1.27e-04 544s
  ep23 step 4500/10781 loss 0.0640 lr 1.27e-04 612s
  ep23 step 5000/10781 loss 0.0639 lr 1.26e-04 680s
  ep23 step 5500/10781 loss 0.0639 lr 1.26e-04 748s
  ep23 step 6000/10781 loss 0.0639 lr 1.25e-04 816s
  ep23 step 6500/10781 loss 0.0639 lr 1.25e-04 888s
  ep23 step 7000/10781 loss 0.0639 lr 1.24e-04 981s
  ep23 step 7500/10781 loss 0.0639 lr 1.24e-04 1074s
  ep23 step 8000/10781 loss 0.0639 lr 1.23e-04 1142s
  ep23 step 8500/10781 loss 0.0639 lr 1.23e-04 1210s
  ep23 step 9000/10781 loss 0.0639 lr 1.22e-04 1278s
  ep23 step 9500/10781 loss 0.0639 lr 1.21e-04 1346s
  ep23 step 10000/10781 loss 0.0639 lr 1.21e-04 1414s
  ep23 step 10500/10781 loss 0.0639 lr 1.20e-04 1481s
{"ep": 23, "loss": 0.06384, "val_pooled_db": [-10.93, -9.85, -9.13, -8.34], "val_median_db": [-15.92, -14.76, -13.82, -12.88], "val_align_db": [-17.49, -16.6, -15.76, -14.87], "rho": [0.991, 0.989, 0.987, 0.984], "copy_last_db": [-4.45, -1.94, -1.6, -1.16], "lr": 0.00011999614593359334, "sec": 1544.4}
  ep24 step 500/10781 loss 0.0636 lr 1.19e-04 68s
  ep24 step 1000/10781 loss 0.0632 lr 1.19e-04 136s
  ep24 step 1500/10781 loss 0.0632 lr 1.18e-04 204s
  ep24 step 2000/10781 loss 0.0632 lr 1.18e-04 272s
  ep24 step 2500/10781 loss 0.0633 lr 1.17e-04 342s
  ep24 step 3000/10781 loss 0.0632 lr 1.17e-04 410s
  ep24 step 3500/10781 loss 0.0631 lr 1.16e-04 478s
  ep24 step 4000/10781 loss 0.0631 lr 1.16e-04 546s
  ep24 step 4500/10781 loss 0.0631 lr 1.15e-04 614s
  ep24 step 5000/10781 loss 0.0631 lr 1.15e-04 682s
  ep24 step 5500/10781 loss 0.0631 lr 1.14e-04 750s
  ep24 step 6000/10781 loss 0.0631 lr 1.13e-04 818s
  ep24 step 6500/10781 loss 0.0631 lr 1.13e-04 886s
  ep24 step 7000/10781 loss 0.0631 lr 1.12e-04 954s
  ep24 step 7500/10781 loss 0.0631 lr 1.12e-04 1022s
  ep24 step 8000/10781 loss 0.0631 lr 1.11e-04 1089s
  ep24 step 8500/10781 loss 0.0631 lr 1.11e-04 1157s
  ep24 step 9000/10781 loss 0.0631 lr 1.10e-04 1225s
  ep24 step 9500/10781 loss 0.0631 lr 1.10e-04 1293s
  ep24 step 10000/10781 loss 0.0630 lr 1.09e-04 1361s
  ep24 step 10500/10781 loss 0.0630 lr 1.09e-04 1429s
{"ep": 24, "loss": 0.06304, "val_pooled_db": [-10.94, -9.85, -9.09, -8.31], "val_median_db": [-16.15, -14.86, -13.8, -12.79], "val_align_db": [-17.61, -16.68, -15.74, -14.87], "rho": [0.991, 0.989, 0.987, 0.984], "copy_last_db": [-4.45, -1.94, -1.6, -1.16], "lr": 0.0001082673804125321, "sec": 1491.9}
  ep25 step 500/10781 loss 0.0629 lr 1.08e-04 68s
  ep25 step 1000/10781 loss 0.0626 lr 1.07e-04 136s
  ep25 step 1500/10781 loss 0.0626 lr 1.07e-04 204s
  ep25 step 2000/10781 loss 0.0626 lr 1.06e-04 272s
  ep25 step 2500/10781 loss 0.0626 lr 1.06e-04 340s
  ep25 step 3000/10781 loss 0.0626 lr 1.05e-04 408s
  ep25 step 3500/10781 loss 0.0626 lr 1.05e-04 476s
  ep25 step 4000/10781 loss 0.0626 lr 1.04e-04 544s
  ep25 step 4500/10781 loss 0.0626 lr 1.03e-04 611s
  ep25 step 5000/10781 loss 0.0626 lr 1.03e-04 679s
  ep25 step 5500/10781 loss 0.0625 lr 1.02e-04 747s
  ep25 step 6000/10781 loss 0.0625 lr 1.02e-04 815s
  ep25 step 6500/10781 loss 0.0625 lr 1.01e-04 884s
  ep25 step 7000/10781 loss 0.0625 lr 1.01e-04 961s
  ep25 step 7500/10781 loss 0.0625 lr 1.00e-04 1038s
  ep25 step 8000/10781 loss 0.0625 lr 9.97e-05 1115s
  ep25 step 8500/10781 loss 0.0625 lr 9.92e-05 1191s
  ep25 step 9000/10781 loss 0.0625 lr 9.87e-05 1268s
  ep25 step 9500/10781 loss 0.0624 lr 9.82e-05 1345s
  ep25 step 10000/10781 loss 0.0624 lr 9.76e-05 1422s
  ep25 step 10500/10781 loss 0.0624 lr 9.71e-05 1498s
{"ep": 25, "loss": 0.06234, "val_pooled_db": [-10.94, -9.91, -9.15, -8.36], "val_median_db": [-16.09, -14.91, -13.89, -12.91], "val_align_db": [-17.54, -16.69, -15.79, -14.93], "rho": [0.991, 0.989, 0.987, 0.984], "copy_last_db": [-4.45, -1.94, -1.6, -1.16], "lr": 9.680926694361964e-05, "sec": 1570.1}
early stopping at ep 25 (best ep 20, -9.61 dB)
DONE best_ep 20 val_mean_pooled_db -9.61
