[mm] sensors ['radar'] pos_source predicted window_bytes {'radar': 262144} coverage {"radar": {"channel_frames": 53800, "missing": 53800, "examples": ["Town03_5wayroad/cav_1/326234", "Town03_5wayroad/cav_1/326235", "Town03_5wayroad/cav_1/326236", "Town03_5wayroad/cav_1/326237", "Town03_5wayroad/cav_1/326238"], "rsu_frames_cached": 16, "row_bytes": 16384}}
[t1_mm_radar_zerocache] frames 53800 Nr 16 Nt 64 Ksc 64 | split T1: train windows 41090 (x16 = 657440), val windows 2490 (x16 = 39840) | load 0s
model mm:chiron params 22.79M | args {"model": "mm:chiron", "run_id": "t1_mm_radar_zerocache", "setting": "Nt_1_64_Nr_1_16_fc_28GHz", "Ksc": 64, "K_hist": 16, "H_pred": 4, "split": "T1", "seed": 42, "epochs": 40, "patience": 5, "lr": 0.0003, "wd": 0.0001, "batch": 64, "clip": 1.0, "warmup_epochs": 1.0, "D": 512, "L": 6, "heads": 8, "dropout": 0.1, "no_pos_emb": false, "residual": false, "c_hid": 128, "c_enc": 32, "norm": "rms", "patch_h": 4, "patch_w": 16, "lwm11_init": "pretrained", "lwm11_freeze": "none", "in_scale": 1.0, "t_layers": 2, "device": "cuda:0", "workers": 0, "max_train_windows": 0, "eval_every": 1, "out_root": "/mnt/ssd_7t_2/carla-wireless-dataset/mmw_reproduction/outputs_cp", "sensors": "radar", "pos_source": "predicted", "pos_mode": "token", "fuse_layers": 3, "causal_mask": false, "sensor_cache_root": "/mnt/ssd_7t_2/carla-wireless-dataset/mmw_reproduction/derived_cp/sensor_cache_radarzero", "backbone_init": ""}
[mm] param_groups {"backbone_no_head": 9178368, "head": 9978368, "fusion": 3554304, "embeddings": 5120, "enc_radar": 72672, "sensor_encoders": 72672, "total": 22788832}
  ep1 step 500/10273 loss 1.1527 lr 1.46e-05 97s
  ep1 step 1000/10273 loss 1.0839 lr 2.92e-05 194s
  ep1 step 1500/10273 loss 1.0551 lr 4.38e-05 290s
  ep1 step 2000/10273 loss 1.0384 lr 5.84e-05 387s
  ep1 step 2500/10273 loss 1.0266 lr 7.30e-05 483s
  ep1 step 3000/10273 loss 1.0177 lr 8.76e-05 579s
  ep1 step 3500/10273 loss 1.0108 lr 1.02e-04 674s
  ep1 step 4000/10273 loss 1.0049 lr 1.17e-04 770s
  ep1 step 4500/10273 loss 0.9989 lr 1.31e-04 866s
  ep1 step 5000/10273 loss 0.9932 lr 1.46e-04 962s
  ep1 step 5500/10273 loss 0.9871 lr 1.61e-04 1057s
  ep1 step 6000/10273 loss 0.9796 lr 1.75e-04 1152s
  ep1 step 6500/10273 loss 0.9701 lr 1.90e-04 1247s
  ep1 step 7000/10273 loss 0.9582 lr 2.04e-04 1340s
  ep1 step 7500/10273 loss 0.9432 lr 2.19e-04 1433s
  ep1 step 8000/10273 loss 0.9233 lr 2.34e-04 1529s
  ep1 step 8500/10273 loss 0.8968 lr 2.48e-04 1624s
  ep1 step 9000/10273 loss 0.8673 lr 2.63e-04 1722s
  ep1 step 9500/10273 loss 0.8375 lr 2.77e-04 1817s
  ep1 step 10000/10273 loss 0.8088 lr 2.92e-04 1911s
{"ep": 1, "loss": 0.7937, "val_pooled_db": [-6.98, -6.52, -5.97, -5.46], "val_median_db": [-7.56, -7.13, -6.61, -6.23], "val_align_db": [-8.54, -8.28, -7.9, -7.53], "rho": [0.927, 0.923, 0.915, 0.907], "copy_last_db": [-4.46, -2.38, -1.54, -0.84], "lr": 0.0003, "sec": 2008.5}
  ep2 step 500/10273 loss 0.2289 lr 3.00e-04 93s
  ep2 step 1000/10273 loss 0.2203 lr 3.00e-04 187s
  ep2 step 1500/10273 loss 0.2154 lr 3.00e-04 281s
  ep2 step 2000/10273 loss 0.2089 lr 3.00e-04 376s
  ep2 step 2500/10273 loss 0.2043 lr 3.00e-04 471s
  ep2 step 3000/10273 loss 0.2001 lr 3.00e-04 565s
  ep2 step 3500/10273 loss 0.1967 lr 3.00e-04 660s
  ep2 step 4000/10273 loss 0.1936 lr 3.00e-04 755s
  ep2 step 4500/10273 loss 0.1909 lr 3.00e-04 851s
  ep2 step 5000/10273 loss 0.1882 lr 3.00e-04 946s
  ep2 step 5500/10273 loss 0.1854 lr 3.00e-04 1040s
  ep2 step 6000/10273 loss 0.1828 lr 3.00e-04 1136s
  ep2 step 6500/10273 loss 0.1806 lr 3.00e-04 1230s
  ep2 step 7000/10273 loss 0.1785 lr 3.00e-04 1324s
  ep2 step 7500/10273 loss 0.1765 lr 3.00e-04 1420s
  ep2 step 8000/10273 loss 0.1747 lr 3.00e-04 1514s
  ep2 step 8500/10273 loss 0.1731 lr 3.00e-04 1609s
  ep2 step 9000/10273 loss 0.1714 lr 3.00e-04 1704s
  ep2 step 9500/10273 loss 0.1697 lr 3.00e-04 1799s
  ep2 step 10000/10273 loss 0.1683 lr 3.00e-04 1895s
{"ep": 2, "loss": 0.16749, "val_pooled_db": [-9.35, -8.64, -7.76, -7.04], "val_median_db": [-11.27, -10.44, -9.36, -8.59], "val_align_db": [-12.38, -11.73, -10.84, -10.3], "rho": [0.971, 0.966, 0.958, 0.952], "copy_last_db": [-4.46, -2.38, -1.54, -0.84], "lr": 0.0002995135962201315, "sec": 1986.0}
  ep3 step 500/10273 loss 0.1364 lr 2.99e-04 96s
  ep3 step 1000/10273 loss 0.1337 lr 2.99e-04 192s
  ep3 step 1500/10273 loss 0.1337 lr 2.99e-04 287s
  ep3 step 2000/10273 loss 0.1328 lr 2.99e-04 384s
  ep3 step 2500/10273 loss 0.1324 lr 2.99e-04 480s
  ep3 step 3000/10273 loss 0.1323 lr 2.99e-04 575s
  ep3 step 3500/10273 loss 0.1319 lr 2.99e-04 671s
  ep3 step 4000/10273 loss 0.1319 lr 2.99e-04 766s
  ep3 step 4500/10273 loss 0.1313 lr 2.99e-04 862s
  ep3 step 5000/10273 loss 0.1309 lr 2.99e-04 957s
  ep3 step 5500/10273 loss 0.1303 lr 2.99e-04 1052s
  ep3 step 6000/10273 loss 0.1300 lr 2.99e-04 1146s
  ep3 step 6500/10273 loss 0.1297 lr 2.99e-04 1241s
  ep3 step 7000/10273 loss 0.1294 lr 2.99e-04 1335s
  ep3 step 7500/10273 loss 0.1287 lr 2.99e-04 1431s
  ep3 step 8000/10273 loss 0.1284 lr 2.98e-04 1524s
  ep3 step 8500/10273 loss 0.1280 lr 2.98e-04 1619s
  ep3 step 9000/10273 loss 0.1276 lr 2.98e-04 1714s
  ep3 step 9500/10273 loss 0.1272 lr 2.98e-04 1808s
  ep3 step 10000/10273 loss 0.1268 lr 2.98e-04 1904s
{"ep": 3, "loss": 0.12651, "val_pooled_db": [-9.83, -9.11, -8.15, -7.38], "val_median_db": [-12.01, -11.08, -9.99, -9.09], "val_align_db": [-13.11, -12.42, -11.46, -10.85], "rho": [0.975, 0.971, 0.964, 0.958], "copy_last_db": [-4.46, -2.38, -1.54, -0.84], "lr": 0.00029805753939568687, "sec": 1995.3}
  ep4 step 500/10273 loss 0.1167 lr 2.98e-04 95s
  ep4 step 1000/10273 loss 0.1195 lr 2.98e-04 190s
  ep4 step 1500/10273 loss 0.1178 lr 2.98e-04 286s
  ep4 step 2000/10273 loss 0.1168 lr 2.98e-04 381s
  ep4 step 2500/10273 loss 0.1159 lr 2.98e-04 477s
  ep4 step 3000/10273 loss 0.1158 lr 2.97e-04 572s
  ep4 step 3500/10273 loss 0.1153 lr 2.97e-04 667s
  ep4 step 4000/10273 loss 0.1151 lr 2.97e-04 763s
  ep4 step 4500/10273 loss 0.1145 lr 2.97e-04 857s
  ep4 step 5000/10273 loss 0.1139 lr 2.97e-04 951s
  ep4 step 5500/10273 loss 0.1137 lr 2.97e-04 1045s
  ep4 step 6000/10273 loss 0.1134 lr 2.97e-04 1140s
  ep4 step 6500/10273 loss 0.1133 lr 2.97e-04 1236s
  ep4 step 7000/10273 loss 0.1129 lr 2.97e-04 1332s
  ep4 step 7500/10273 loss 0.1126 lr 2.96e-04 1427s
  ep4 step 8000/10273 loss 0.1123 lr 2.96e-04 1525s
  ep4 step 8500/10273 loss 0.1123 lr 2.96e-04 1621s
  ep4 step 9000/10273 loss 0.1120 lr 2.96e-04 1716s
  ep4 step 9500/10273 loss 0.1119 lr 2.96e-04 1810s
  ep4 step 10000/10273 loss 0.1116 lr 2.96e-04 1906s
{"ep": 4, "loss": 0.11145, "val_pooled_db": [-10.05, -9.21, -8.27, -7.36], "val_median_db": [-12.18, -11.32, -10.26, -9.34], "val_align_db": [-13.46, -12.83, -11.85, -11.12], "rho": [0.977, 0.974, 0.967, 0.961], "copy_last_db": [-4.46, -2.38, -1.54, -0.84], "lr": 0.00029564127261390776, "sec": 1998.5}
  ep5 step 500/10273 loss 0.1036 lr 2.95e-04 95s
  ep5 step 1000/10273 loss 0.1055 lr 2.95e-04 191s
  ep5 step 1500/10273 loss 0.1053 lr 2.95e-04 287s
  ep5 step 2000/10273 loss 0.1049 lr 2.95e-04 383s
  ep5 step 2500/10273 loss 0.1043 lr 2.95e-04 478s
  ep5 step 3000/10273 loss 0.1045 lr 2.95e-04 573s
  ep5 step 3500/10273 loss 0.1043 lr 2.95e-04 667s
  ep5 step 4000/10273 loss 0.1042 lr 2.94e-04 762s
  ep5 step 4500/10273 loss 0.1042 lr 2.94e-04 855s
  ep5 step 5000/10273 loss 0.1039 lr 2.94e-04 950s
  ep5 step 5500/10273 loss 0.1040 lr 2.94e-04 1045s
  ep5 step 6000/10273 loss 0.1037 lr 2.94e-04 1139s
  ep5 step 6500/10273 loss 0.1035 lr 2.94e-04 1235s
  ep5 step 7000/10273 loss 0.1035 lr 2.93e-04 1334s
  ep5 step 7500/10273 loss 0.1036 lr 2.93e-04 1429s
  ep5 step 8000/10273 loss 0.1035 lr 2.93e-04 1524s
  ep5 step 8500/10273 loss 0.1033 lr 2.93e-04 1618s
  ep5 step 9000/10273 loss 0.1030 lr 2.93e-04 1713s
  ep5 step 9500/10273 loss 0.1028 lr 2.93e-04 1806s
  ep5 step 10000/10273 loss 0.1026 lr 2.92e-04 1900s
{"ep": 5, "loss": 0.10252, "val_pooled_db": [-10.25, -9.35, -8.36, -7.43], "val_median_db": [-12.73, -11.68, -10.54, -9.58], "val_align_db": [-13.72, -13.02, -11.91, -11.2], "rho": [0.979, 0.975, 0.967, 0.961], "copy_last_db": [-4.46, -2.38, -1.54, -0.84], "lr": 0.00029228046629207175, "sec": 1992.1}
  ep6 step 500/10273 loss 0.0965 lr 2.92e-04 96s
  ep6 step 1000/10273 loss 0.0978 lr 2.92e-04 192s
  ep6 step 1500/10273 loss 0.0976 lr 2.92e-04 286s
  ep6 step 2000/10273 loss 0.0975 lr 2.92e-04 381s
  ep6 step 2500/10273 loss 0.0976 lr 2.91e-04 477s
  ep6 step 3000/10273 loss 0.0972 lr 2.91e-04 572s
  ep6 step 3500/10273 loss 0.0971 lr 2.91e-04 667s
  ep6 step 4000/10273 loss 0.0969 lr 2.91e-04 763s
  ep6 step 4500/10273 loss 0.0967 lr 2.91e-04 859s
  ep6 step 5000/10273 loss 0.0968 lr 2.90e-04 953s
  ep6 step 5500/10273 loss 0.0966 lr 2.90e-04 1048s
  ep6 step 6000/10273 loss 0.0964 lr 2.90e-04 1145s
  ep6 step 6500/10273 loss 0.0963 lr 2.90e-04 1241s
  ep6 step 7000/10273 loss 0.0963 lr 2.89e-04 1337s
  ep6 step 7500/10273 loss 0.0962 lr 2.89e-04 1433s
  ep6 step 8000/10273 loss 0.0961 lr 2.89e-04 1528s
  ep6 step 8500/10273 loss 0.0960 lr 2.89e-04 1623s
  ep6 step 9000/10273 loss 0.0960 lr 2.89e-04 1717s
  ep6 step 9500/10273 loss 0.0960 lr 2.88e-04 1813s
  ep6 step 10000/10273 loss 0.0958 lr 2.88e-04 1908s
{"ep": 6, "loss": 0.09576, "val_pooled_db": [-10.23, -9.29, -8.33, -7.45], "val_median_db": [-12.64, -11.55, -10.47, -9.54], "val_align_db": [-13.65, -12.89, -11.85, -11.16], "rho": [0.978, 0.974, 0.967, 0.961], "copy_last_db": [-4.46, -2.38, -1.54, -0.84], "lr": 0.0002879969165488236, "sec": 2001.8}
  ep7 step 500/10273 loss 0.0914 lr 2.88e-04 95s
  ep7 step 1000/10273 loss 0.0910 lr 2.88e-04 191s
  ep7 step 1500/10273 loss 0.0924 lr 2.87e-04 284s
  ep7 step 2000/10273 loss 0.0917 lr 2.87e-04 381s
  ep7 step 2500/10273 loss 0.0913 lr 2.87e-04 477s
  ep7 step 3000/10273 loss 0.0911 lr 2.87e-04 573s
  ep7 step 3500/10273 loss 0.0911 lr 2.86e-04 668s
  ep7 step 4000/10273 loss 0.0913 lr 2.86e-04 764s
  ep7 step 4500/10273 loss 0.0915 lr 2.86e-04 860s
  ep7 step 5000/10273 loss 0.0912 lr 2.86e-04 954s
  ep7 step 5500/10273 loss 0.0913 lr 2.85e-04 1050s
  ep7 step 6000/10273 loss 0.0912 lr 2.85e-04 1144s
  ep7 step 6500/10273 loss 0.0910 lr 2.85e-04 1238s
  ep7 step 7000/10273 loss 0.0910 lr 2.85e-04 1333s
  ep7 step 7500/10273 loss 0.0909 lr 2.84e-04 1428s
  ep7 step 8000/10273 loss 0.0908 lr 2.84e-04 1522s
  ep7 step 8500/10273 loss 0.0906 lr 2.84e-04 1619s
  ep7 step 9000/10273 loss 0.0906 lr 2.84e-04 1717s
  ep7 step 9500/10273 loss 0.0904 lr 2.83e-04 1814s
  ep7 step 10000/10273 loss 0.0903 lr 2.83e-04 1912s
{"ep": 7, "loss": 0.09021, "val_pooled_db": [-10.34, -9.39, -8.36, -7.55], "val_median_db": [-12.97, -11.8, -10.57, -9.65], "val_align_db": [-13.94, -13.06, -12.0, -11.34], "rho": [0.98, 0.975, 0.968, 0.963], "copy_last_db": [-4.46, -2.38, -1.54, -0.84], "lr": 0.0002828184038479814, "sec": 2010.4}
  ep8 step 500/10273 loss 0.0848 lr 2.83e-04 99s
  ep8 step 1000/10273 loss 0.0854 lr 2.82e-04 198s
  ep8 step 1500/10273 loss 0.0857 lr 2.82e-04 297s
  ep8 step 2000/10273 loss 0.0855 lr 2.82e-04 396s
  ep8 step 2500/10273 loss 0.0856 lr 2.81e-04 494s
  ep8 step 3000/10273 loss 0.0860 lr 2.81e-04 591s
  ep8 step 3500/10273 loss 0.0861 lr 2.81e-04 691s
  ep8 step 4000/10273 loss 0.0860 lr 2.81e-04 807s
  ep8 step 4500/10273 loss 0.0862 lr 2.80e-04 947s
  ep8 step 5000/10273 loss 0.0860 lr 2.80e-04 1194s
  ep8 step 5500/10273 loss 0.0864 lr 2.80e-04 1416s
  ep8 step 6000/10273 loss 0.0865 lr 2.79e-04 1626s
  ep8 step 6500/10273 loss 0.0868 lr 2.79e-04 1782s
  ep8 step 7000/10273 loss 0.0867 lr 2.79e-04 1891s
  ep8 step 7500/10273 loss 0.0865 lr 2.78e-04 1988s
  ep8 step 8000/10273 loss 0.0863 lr 2.78e-04 2083s
  ep8 step 8500/10273 loss 0.0864 lr 2.78e-04 2177s
  ep8 step 9000/10273 loss 0.0863 lr 2.78e-04 2271s
  ep8 step 9500/10273 loss 0.0862 lr 2.77e-04 2366s
  ep8 step 10000/10273 loss 0.0860 lr 2.77e-04 2468s
{"ep": 8, "loss": 0.08595, "val_pooled_db": [-10.34, -9.37, -8.4, -7.52], "val_median_db": [-12.97, -11.85, -10.81, -9.73], "val_align_db": [-13.97, -13.19, -12.18, -11.39], "rho": [0.98, 0.976, 0.969, 0.963], "copy_last_db": [-4.46, -2.38, -1.54, -0.84], "lr": 0.0002767785128315692, "sec": 2579.3}
  ep9 step 500/10273 loss 0.0820 lr 2.76e-04 104s
  ep9 step 1000/10273 loss 0.0835 lr 2.76e-04 209s
  ep9 step 1500/10273 loss 0.0841 lr 2.76e-04 311s
  ep9 step 2000/10273 loss 0.0838 lr 2.76e-04 413s
  ep9 step 2500/10273 loss 0.0836 lr 2.75e-04 521s
  ep9 step 3000/10273 loss 0.0834 lr 2.75e-04 627s
  ep9 step 3500/10273 loss 0.0839 lr 2.75e-04 732s
  ep9 step 4000/10273 loss 0.0840 lr 2.74e-04 852s
  ep9 step 4500/10273 loss 0.0838 lr 2.74e-04 958s
  ep9 step 5000/10273 loss 0.0836 lr 2.74e-04 1066s
  ep9 step 5500/10273 loss 0.0834 lr 2.73e-04 1175s
  ep9 step 6000/10273 loss 0.0833 lr 2.73e-04 1285s
  ep9 step 6500/10273 loss 0.0833 lr 2.73e-04 1394s
  ep9 step 7000/10273 loss 0.0832 lr 2.72e-04 1510s
  ep9 step 7500/10273 loss 0.0831 lr 2.72e-04 1625s
  ep9 step 8000/10273 loss 0.0830 lr 2.72e-04 1744s
  ep9 step 8500/10273 loss 0.0829 lr 2.71e-04 1844s
  ep9 step 9000/10273 loss 0.0828 lr 2.71e-04 1940s
  ep9 step 9500/10273 loss 0.0828 lr 2.70e-04 2037s
  ep9 step 10000/10273 loss 0.0828 lr 2.70e-04 2131s
{"ep": 9, "loss": 0.08271, "val_pooled_db": [-10.34, -9.35, -8.38, -7.51], "val_median_db": [-13.07, -11.87, -10.72, -9.68], "val_align_db": [-14.06, -13.18, -12.17, -11.37], "rho": [0.98, 0.976, 0.969, 0.963], "copy_last_db": [-4.46, -2.38, -1.54, -0.84], "lr": 0.00026991641451052517, "sec": 2231.7}
  ep10 step 500/10273 loss 0.0816 lr 2.70e-04 106s
  ep10 step 1000/10273 loss 0.0823 lr 2.69e-04 212s
  ep10 step 1500/10273 loss 0.0815 lr 2.69e-04 322s
  ep10 step 2000/10273 loss 0.0812 lr 2.68e-04 426s
  ep10 step 2500/10273 loss 0.0813 lr 2.68e-04 533s
  ep10 step 3000/10273 loss 0.0818 lr 2.68e-04 647s
  ep10 step 3500/10273 loss 0.0817 lr 2.67e-04 758s
  ep10 step 4000/10273 loss 0.0814 lr 2.67e-04 867s
  ep10 step 4500/10273 loss 0.0812 lr 2.67e-04 971s
  ep10 step 5000/10273 loss 0.0810 lr 2.66e-04 1081s
  ep10 step 5500/10273 loss 0.0808 lr 2.66e-04 1183s
  ep10 step 6000/10273 loss 0.0808 lr 2.66e-04 1288s
  ep10 step 6500/10273 loss 0.0806 lr 2.65e-04 1390s
  ep10 step 7000/10273 loss 0.0806 lr 2.65e-04 1495s
  ep10 step 7500/10273 loss 0.0805 lr 2.64e-04 1599s
  ep10 step 8000/10273 loss 0.0803 lr 2.64e-04 1705s
  ep10 step 8500/10273 loss 0.0802 lr 2.64e-04 1808s
  ep10 step 9000/10273 loss 0.0801 lr 2.63e-04 1927s
  ep10 step 9500/10273 loss 0.0801 lr 2.63e-04 2040s
  ep10 step 10000/10273 loss 0.0800 lr 2.62e-04 2156s
{"ep": 10, "loss": 0.07996, "val_pooled_db": [-10.41, -9.44, -8.46, -7.59], "val_median_db": [-13.2, -12.05, -10.85, -9.91], "val_align_db": [-14.25, -13.35, -12.27, -11.47], "rho": [0.981, 0.977, 0.97, 0.964], "copy_last_db": [-4.46, -2.38, -1.54, -0.84], "lr": 0.00026227661222566516, "sec": 2273.6}
  ep11 step 500/10273 loss 0.0773 lr 2.62e-04 109s
  ep11 step 1000/10273 loss 0.0774 lr 2.61e-04 205s
  ep11 step 1500/10273 loss 0.0773 lr 2.61e-04 301s
  ep11 step 2000/10273 loss 0.0779 lr 2.61e-04 396s
  ep11 step 2500/10273 loss 0.0781 lr 2.60e-04 493s
  ep11 step 3000/10273 loss 0.0782 lr 2.60e-04 589s
  ep11 step 3500/10273 loss 0.0786 lr 2.60e-04 685s
  ep11 step 4000/10273 loss 0.0786 lr 2.59e-04 789s
  ep11 step 4500/10273 loss 0.0784 lr 2.59e-04 893s
  ep11 step 5000/10273 loss 0.0783 lr 2.58e-04 997s
  ep11 step 5500/10273 loss 0.0782 lr 2.58e-04 1103s
  ep11 step 6000/10273 loss 0.0781 lr 2.57e-04 1205s
  ep11 step 6500/10273 loss 0.0780 lr 2.57e-04 1309s
  ep11 step 7000/10273 loss 0.0780 lr 2.57e-04 1415s
  ep11 step 7500/10273 loss 0.0779 lr 2.56e-04 1521s
  ep11 step 8000/10273 loss 0.0779 lr 2.56e-04 1625s
  ep11 step 8500/10273 loss 0.0781 lr 2.55e-04 1730s
  ep11 step 9000/10273 loss 0.0781 lr 2.55e-04 1834s
  ep11 step 9500/10273 loss 0.0780 lr 2.55e-04 1941s
  ep11 step 10000/10273 loss 0.0779 lr 2.54e-04 2046s
{"ep": 11, "loss": 0.07786, "val_pooled_db": [-10.43, -9.36, -8.38, -7.49], "val_median_db": [-13.28, -11.84, -10.69, -9.69], "val_align_db": [-14.29, -13.2, -12.11, -11.32], "rho": [0.981, 0.976, 0.969, 0.962], "copy_last_db": [-4.46, -2.38, -1.54, -0.84], "lr": 0.0002539086530264399, "sec": 2152.9}
  ep12 step 500/10273 loss 0.0751 lr 2.53e-04 102s
  ep12 step 1000/10273 loss 0.0748 lr 2.53e-04 210s
  ep12 step 1500/10273 loss 0.0756 lr 2.53e-04 337s
  ep12 step 2000/10273 loss 0.0756 lr 2.52e-04 433s
  ep12 step 2500/10273 loss 0.0756 lr 2.52e-04 536s
  ep12 step 3000/10273 loss 0.0755 lr 2.51e-04 639s
  ep12 step 3500/10273 loss 0.0759 lr 2.51e-04 741s
  ep12 step 4000/10273 loss 0.0758 lr 2.50e-04 842s
  ep12 step 4500/10273 loss 0.0764 lr 2.50e-04 936s
  ep12 step 5000/10273 loss 0.0762 lr 2.50e-04 1029s
  ep12 step 5500/10273 loss 0.0760 lr 2.49e-04 1122s
  ep12 step 6000/10273 loss 0.0761 lr 2.49e-04 1213s
  ep12 step 6500/10273 loss 0.0763 lr 2.48e-04 1304s
  ep12 step 7000/10273 loss 0.0763 lr 2.48e-04 1395s
  ep12 step 7500/10273 loss 0.0762 lr 2.47e-04 1486s
  ep12 step 8000/10273 loss 0.0761 lr 2.47e-04 1577s
  ep12 step 8500/10273 loss 0.0760 lr 2.46e-04 1668s
  ep12 step 9000/10273 loss 0.0759 lr 2.46e-04 1758s
  ep12 step 9500/10273 loss 0.0759 lr 2.46e-04 1849s
  ep12 step 10000/10273 loss 0.0759 lr 2.45e-04 1940s
{"ep": 12, "loss": 0.07585, "val_pooled_db": [-10.43, -9.44, -8.46, -7.58], "val_median_db": [-13.31, -12.11, -10.87, -9.86], "val_align_db": [-14.35, -13.45, -12.37, -11.49], "rho": [0.981, 0.977, 0.971, 0.964], "copy_last_db": [-4.46, -2.38, -1.54, -0.84], "lr": 0.0002448668063393066, "sec": 2027.4}
  ep13 step 500/10273 loss 0.0734 lr 2.44e-04 91s
  ep13 step 1000/10273 loss 0.0732 lr 2.44e-04 182s
  ep13 step 1500/10273 loss 0.0741 lr 2.43e-04 273s
  ep13 step 2000/10273 loss 0.0739 lr 2.43e-04 364s
  ep13 step 2500/10273 loss 0.0741 lr 2.43e-04 455s
  ep13 step 3000/10273 loss 0.0740 lr 2.42e-04 546s
  ep13 step 3500/10273 loss 0.0739 lr 2.42e-04 637s
  ep13 step 4000/10273 loss 0.0737 lr 2.41e-04 728s
  ep13 step 4500/10273 loss 0.0737 lr 2.41e-04 819s
  ep13 step 5000/10273 loss 0.0736 lr 2.40e-04 910s
  ep13 step 5500/10273 loss 0.0736 lr 2.40e-04 1001s
  ep13 step 6000/10273 loss 0.0738 lr 2.39e-04 1092s
  ep13 step 6500/10273 loss 0.0740 lr 2.39e-04 1183s
  ep13 step 7000/10273 loss 0.0741 lr 2.38e-04 1273s
  ep13 step 7500/10273 loss 0.0741 lr 2.38e-04 1364s
  ep13 step 8000/10273 loss 0.0741 lr 2.37e-04 1455s
  ep13 step 8500/10273 loss 0.0740 lr 2.37e-04 1546s
  ep13 step 9000/10273 loss 0.0739 lr 2.36e-04 1637s
  ep13 step 9500/10273 loss 0.0741 lr 2.36e-04 1728s
  ep13 step 10000/10273 loss 0.0740 lr 2.35e-04 1818s
{"ep": 13, "loss": 0.07397, "val_pooled_db": [-10.42, -9.45, -8.48, -7.59], "val_median_db": [-13.3, -12.1, -10.74, -9.8], "val_align_db": [-14.29, -13.38, -12.3, -11.41], "rho": [0.981, 0.977, 0.97, 0.963], "copy_last_db": [-4.46, -2.38, -1.54, -0.84], "lr": 0.00023520971200967334, "sec": 1906.0}
  ep14 step 500/10273 loss 0.0721 lr 2.35e-04 91s
  ep14 step 1000/10273 loss 0.0721 lr 2.34e-04 181s
  ep14 step 1500/10273 loss 0.0721 lr 2.34e-04 272s
  ep14 step 2000/10273 loss 0.0723 lr 2.33e-04 363s
  ep14 step 2500/10273 loss 0.0730 lr 2.33e-04 454s
  ep14 step 3000/10273 loss 0.0729 lr 2.32e-04 546s
  ep14 step 3500/10273 loss 0.0727 lr 2.32e-04 637s
  ep14 step 4000/10273 loss 0.0727 lr 2.31e-04 728s
  ep14 step 4500/10273 loss 0.0728 lr 2.31e-04 819s
  ep14 step 5000/10273 loss 0.0727 lr 2.30e-04 910s
  ep14 step 5500/10273 loss 0.0728 lr 2.30e-04 1001s
  ep14 step 6000/10273 loss 0.0727 lr 2.29e-04 1092s
  ep14 step 6500/10273 loss 0.0726 lr 2.29e-04 1183s
  ep14 step 7000/10273 loss 0.0728 lr 2.28e-04 1274s
  ep14 step 7500/10273 loss 0.0727 lr 2.28e-04 1365s
  ep14 step 8000/10273 loss 0.0726 lr 2.27e-04 1456s
  ep14 step 8500/10273 loss 0.0725 lr 2.27e-04 1547s
  ep14 step 9000/10273 loss 0.0724 lr 2.26e-04 1638s
  ep14 step 9500/10273 loss 0.0723 lr 2.26e-04 1728s
  ep14 step 10000/10273 loss 0.0723 lr 2.25e-04 1819s
{"ep": 14, "loss": 0.07225, "val_pooled_db": [-10.45, -9.42, -8.37, -7.48], "val_median_db": [-13.41, -12.0, -10.62, -9.59], "val_align_db": [-14.4, -13.41, -12.21, -11.35], "rho": [0.982, 0.977, 0.969, 0.963], "copy_last_db": [-4.46, -2.38, -1.54, -0.84], "lr": 0.000225, "sec": 1905.8}
  ep15 step 500/10273 loss 0.0711 lr 2.24e-04 91s
  ep15 step 1000/10273 loss 0.0705 lr 2.24e-04 182s
  ep15 step 1500/10273 loss 0.0714 lr 2.23e-04 273s
  ep15 step 2000/10273 loss 0.0718 lr 2.23e-04 364s
  ep15 step 2500/10273 loss 0.0717 lr 2.22e-04 454s
  ep15 step 3000/10273 loss 0.0715 lr 2.22e-04 545s
  ep15 step 3500/10273 loss 0.0713 lr 2.21e-04 636s
  ep15 step 4000/10273 loss 0.0711 lr 2.21e-04 726s
  ep15 step 4500/10273 loss 0.0709 lr 2.20e-04 817s
  ep15 step 5000/10273 loss 0.0710 lr 2.20e-04 908s
  ep15 step 5500/10273 loss 0.0709 lr 2.19e-04 999s
  ep15 step 6000/10273 loss 0.0709 lr 2.19e-04 1090s
  ep15 step 6500/10273 loss 0.0709 lr 2.18e-04 1181s
  ep15 step 7000/10273 loss 0.0710 lr 2.18e-04 1272s
  ep15 step 7500/10273 loss 0.0709 lr 2.17e-04 1363s
  ep15 step 8000/10273 loss 0.0708 lr 2.17e-04 1454s
  ep15 step 8500/10273 loss 0.0708 lr 2.16e-04 1546s
  ep15 step 9000/10273 loss 0.0707 lr 2.16e-04 1637s
  ep15 step 9500/10273 loss 0.0707 lr 2.15e-04 1728s
  ep15 step 10000/10273 loss 0.0708 lr 2.15e-04 1819s
{"ep": 15, "loss": 0.0708, "val_pooled_db": [-10.39, -9.35, -8.28, -7.4], "val_median_db": [-13.29, -12.02, -10.73, -9.62], "val_align_db": [-14.31, -13.3, -12.13, -11.26], "rho": [0.981, 0.976, 0.969, 0.962], "copy_last_db": [-4.46, -2.38, -1.54, -0.84], "lr": 0.0002143038842104581, "sec": 1906.2}
  ep16 step 500/10273 loss 0.0680 lr 2.14e-04 91s
  ep16 step 1000/10273 loss 0.0684 lr 2.13e-04 181s
  ep16 step 1500/10273 loss 0.0686 lr 2.13e-04 271s
  ep16 step 2000/10273 loss 0.0685 lr 2.12e-04 362s
  ep16 step 2500/10273 loss 0.0688 lr 2.12e-04 452s
  ep16 step 3000/10273 loss 0.0689 lr 2.11e-04 543s
  ep16 step 3500/10273 loss 0.0689 lr 2.11e-04 633s
  ep16 step 4000/10273 loss 0.0689 lr 2.10e-04 724s
  ep16 step 4500/10273 loss 0.0688 lr 2.09e-04 814s
  ep16 step 5000/10273 loss 0.0688 lr 2.09e-04 905s
  ep16 step 5500/10273 loss 0.0691 lr 2.08e-04 996s
  ep16 step 6000/10273 loss 0.0691 lr 2.08e-04 1086s
  ep16 step 6500/10273 loss 0.0691 lr 2.07e-04 1177s
  ep16 step 7000/10273 loss 0.0692 lr 2.07e-04 1267s
  ep16 step 7500/10273 loss 0.0691 lr 2.06e-04 1358s
  ep16 step 8000/10273 loss 0.0693 lr 2.06e-04 1448s
  ep16 step 8500/10273 loss 0.0692 lr 2.05e-04 1539s
  ep16 step 9000/10273 loss 0.0693 lr 2.05e-04 1630s
  ep16 step 9500/10273 loss 0.0694 lr 2.04e-04 1720s
  ep16 step 10000/10273 loss 0.0694 lr 2.03e-04 1811s
{"ep": 16, "loss": 0.06937, "val_pooled_db": [-10.42, -9.39, -8.34, -7.45], "val_median_db": [-13.33, -12.03, -10.8, -9.66], "val_align_db": [-14.35, -13.33, -12.18, -11.31], "rho": [0.981, 0.976, 0.969, 0.962], "copy_last_db": [-4.46, -2.38, -1.54, -0.84], "lr": 0.0002031907330563803, "sec": 1897.8}
  ep17 step 500/10273 loss 0.0675 lr 2.03e-04 91s
  ep17 step 1000/10273 loss 0.0678 lr 2.02e-04 181s
  ep17 step 1500/10273 loss 0.0677 lr 2.02e-04 272s
  ep17 step 2000/10273 loss 0.0682 lr 2.01e-04 362s
  ep17 step 2500/10273 loss 0.0687 lr 2.00e-04 453s
  ep17 step 3000/10273 loss 0.0687 lr 2.00e-04 543s
  ep17 step 3500/10273 loss 0.0685 lr 1.99e-04 634s
  ep17 step 4000/10273 loss 0.0683 lr 1.99e-04 725s
  ep17 step 4500/10273 loss 0.0682 lr 1.98e-04 816s
  ep17 step 5000/10273 loss 0.0682 lr 1.98e-04 906s
  ep17 step 5500/10273 loss 0.0682 lr 1.97e-04 997s
  ep17 step 6000/10273 loss 0.0681 lr 1.97e-04 1088s
  ep17 step 6500/10273 loss 0.0681 lr 1.96e-04 1178s
  ep17 step 7000/10273 loss 0.0681 lr 1.95e-04 1269s
  ep17 step 7500/10273 loss 0.0681 lr 1.95e-04 1360s
  ep17 step 8000/10273 loss 0.0681 lr 1.94e-04 1451s
  ep17 step 8500/10273 loss 0.0681 lr 1.94e-04 1541s
  ep17 step 9000/10273 loss 0.0680 lr 1.93e-04 1632s
  ep17 step 9500/10273 loss 0.0681 lr 1.93e-04 1723s
  ep17 step 10000/10273 loss 0.0681 lr 1.92e-04 1813s
{"ep": 17, "loss": 0.06802, "val_pooled_db": [-10.43, -9.44, -8.43, -7.5], "val_median_db": [-13.53, -12.14, -10.83, -9.73], "val_align_db": [-14.51, -13.52, -12.39, -11.44], "rho": [0.982, 0.978, 0.971, 0.963], "copy_last_db": [-4.46, -2.38, -1.54, -0.84], "lr": 0.0001917326195874679, "sec": 1900.1}
  ep18 step 500/10273 loss 0.0662 lr 1.91e-04 91s
  ep18 step 1000/10273 loss 0.0670 lr 1.91e-04 181s
  ep18 step 1500/10273 loss 0.0667 lr 1.90e-04 272s
  ep18 step 2000/10273 loss 0.0665 lr 1.89e-04 362s
  ep18 step 2500/10273 loss 0.0666 lr 1.89e-04 453s
  ep18 step 3000/10273 loss 0.0667 lr 1.88e-04 543s
  ep18 step 3500/10273 loss 0.0667 lr 1.88e-04 634s
  ep18 step 4000/10273 loss 0.0668 lr 1.87e-04 724s
  ep18 step 4500/10273 loss 0.0669 lr 1.87e-04 815s
  ep18 step 5000/10273 loss 0.0668 lr 1.86e-04 905s
  ep18 step 5500/10273 loss 0.0670 lr 1.85e-04 996s
  ep18 step 6000/10273 loss 0.0670 lr 1.85e-04 1086s
  ep18 step 6500/10273 loss 0.0669 lr 1.84e-04 1177s
  ep18 step 7000/10273 loss 0.0668 lr 1.84e-04 1267s
  ep18 step 7500/10273 loss 0.0669 lr 1.83e-04 1358s
  ep18 step 8000/10273 loss 0.0668 lr 1.83e-04 1449s
  ep18 step 8500/10273 loss 0.0669 lr 1.82e-04 1540s
  ep18 step 9000/10273 loss 0.0669 lr 1.81e-04 1631s
  ep18 step 9500/10273 loss 0.0669 lr 1.81e-04 1722s
  ep18 step 10000/10273 loss 0.0668 lr 1.80e-04 1813s
{"ep": 18, "loss": 0.06683, "val_pooled_db": [-10.38, -9.36, -8.35, -7.43], "val_median_db": [-13.31, -12.07, -10.78, -9.54], "val_align_db": [-14.38, -13.44, -12.38, -11.5], "rho": [0.982, 0.977, 0.971, 0.964], "copy_last_db": [-4.46, -2.38, -1.54, -0.84], "lr": 0.00018000385406640666, "sec": 1900.5}
early stopping at ep 18 (best ep 13, -8.98 dB)
DONE best_ep 13 val_mean_pooled_db -8.98
