[s1_chiron_lr3e-4] frames 53800 Nr 16 Nt 64 Ksc 64 | split B1: train windows 43121 (x16 = 689936), val windows 2439 (x16 = 39024) | load 0s
model repo:chiron params 19.16M | args {"model": "repo:chiron", "run_id": "s1_chiron_lr3e-4", "setting": "Nt_1_64_Nr_1_16_fc_28GHz", "Ksc": 64, "K_hist": 16, "H_pred": 4, "split": "B1", "seed": 42, "epochs": 40, "patience": 5, "lr": 0.0003, "wd": 0.0001, "batch": 64, "clip": 1.0, "warmup_epochs": 1.0, "D": 256, "L": 6, "heads": 8, "dropout": 0.1, "no_pos_emb": false, "residual": false, "c_hid": 128, "c_enc": 32, "norm": "rms", "device": "cuda:0", "workers": 0, "max_train_windows": 0, "eval_every": 1, "out_root": "/mnt/ssd_7t_2/carla-wireless-dataset/mmw_reproduction/outputs_cp"}
  ep1 step 500/10781 loss 1.1831 lr 1.39e-05 72s
  ep1 step 1000/10781 loss 1.1006 lr 2.79e-05 143s
  ep1 step 1500/10781 loss 1.0677 lr 4.18e-05 213s
  ep1 step 2000/10781 loss 1.0489 lr 5.57e-05 284s
  ep1 step 2500/10781 loss 1.0360 lr 6.96e-05 354s
  ep1 step 3000/10781 loss 1.0270 lr 8.35e-05 424s
  ep1 step 3500/10781 loss 1.0197 lr 9.74e-05 493s
  ep1 step 4000/10781 loss 1.0135 lr 1.11e-04 563s
  ep1 step 4500/10781 loss 1.0076 lr 1.25e-04 633s
  ep1 step 5000/10781 loss 1.0018 lr 1.39e-04 703s
  ep1 step 5500/10781 loss 0.9957 lr 1.53e-04 774s
  ep1 step 6000/10781 loss 0.9890 lr 1.67e-04 844s
  ep1 step 6500/10781 loss 0.9811 lr 1.81e-04 914s
  ep1 step 7000/10781 loss 0.9722 lr 1.95e-04 983s
  ep1 step 7500/10781 loss 0.9618 lr 2.09e-04 1053s
  ep1 step 8000/10781 loss 0.9485 lr 2.23e-04 1123s
  ep1 step 8500/10781 loss 0.9326 lr 2.37e-04 1193s
  ep1 step 9000/10781 loss 0.9129 lr 2.50e-04 1263s
  ep1 step 9500/10781 loss 0.8898 lr 2.64e-04 1332s
  ep1 step 10000/10781 loss 0.8658 lr 2.78e-04 1403s
  ep1 step 10500/10781 loss 0.8403 lr 2.92e-04 1472s
{"ep": 1, "loss": 0.82608, "val_pooled_db": [-6.9, -6.32, -5.91, -5.41], "val_median_db": [-8.43, -7.93, -7.15, -6.65], "val_align_db": [-9.79, -9.39, -8.82, -8.31], "rho": [0.946, 0.941, 0.932, 0.923], "copy_last_db": [-4.45, -1.94, -1.6, -1.16], "lr": 0.0003, "sec": 1541.6}
  ep2 step 500/10781 loss 0.2805 lr 3.00e-04 69s
  ep2 step 1000/10781 loss 0.2599 lr 3.00e-04 140s
  ep2 step 1500/10781 loss 0.2551 lr 3.00e-04 210s
  ep2 step 2000/10781 loss 0.2480 lr 3.00e-04 279s
  ep2 step 2500/10781 loss 0.2422 lr 3.00e-04 349s
  ep2 step 3000/10781 loss 0.2354 lr 3.00e-04 418s
  ep2 step 3500/10781 loss 0.2307 lr 3.00e-04 487s
  ep2 step 4000/10781 loss 0.2260 lr 3.00e-04 557s
  ep2 step 4500/10781 loss 0.2223 lr 3.00e-04 626s
  ep2 step 5000/10781 loss 0.2185 lr 3.00e-04 696s
  ep2 step 5500/10781 loss 0.2150 lr 3.00e-04 766s
  ep2 step 6000/10781 loss 0.2113 lr 3.00e-04 835s
  ep2 step 6500/10781 loss 0.2083 lr 3.00e-04 906s
  ep2 step 7000/10781 loss 0.2058 lr 3.00e-04 975s
  ep2 step 7500/10781 loss 0.2029 lr 3.00e-04 1044s
  ep2 step 8000/10781 loss 0.2006 lr 3.00e-04 1113s
  ep2 step 8500/10781 loss 0.1984 lr 3.00e-04 1183s
  ep2 step 9000/10781 loss 0.1961 lr 3.00e-04 1252s
  ep2 step 9500/10781 loss 0.1941 lr 3.00e-04 1322s
  ep2 step 10000/10781 loss 0.1925 lr 3.00e-04 1391s
  ep2 step 10500/10781 loss 0.1906 lr 3.00e-04 1460s
{"ep": 2, "loss": 0.18954, "val_pooled_db": [-10.58, -9.67, -9.0, -8.4], "val_median_db": [-13.56, -12.76, -11.94, -11.32], "val_align_db": [-15.07, -14.44, -13.75, -13.18], "rho": [0.984, 0.982, 0.979, 0.976], "copy_last_db": [-4.45, -1.94, -1.6, -1.16], "lr": 0.0002995135962201315, "sec": 1527.3}
  ep3 step 500/10781 loss 0.1528 lr 2.99e-04 70s
  ep3 step 1000/10781 loss 0.1517 lr 2.99e-04 139s
  ep3 step 1500/10781 loss 0.1490 lr 2.99e-04 208s
  ep3 step 2000/10781 loss 0.1472 lr 2.99e-04 278s
  ep3 step 2500/10781 loss 0.1466 lr 2.99e-04 348s
  ep3 step 3000/10781 loss 0.1468 lr 2.99e-04 418s
  ep3 step 3500/10781 loss 0.1462 lr 2.99e-04 487s
  ep3 step 4000/10781 loss 0.1451 lr 2.99e-04 557s
  ep3 step 4500/10781 loss 0.1444 lr 2.99e-04 627s
  ep3 step 5000/10781 loss 0.1435 lr 2.99e-04 696s
  ep3 step 5500/10781 loss 0.1429 lr 2.99e-04 767s
  ep3 step 6000/10781 loss 0.1425 lr 2.99e-04 836s
  ep3 step 6500/10781 loss 0.1419 lr 2.99e-04 905s
  ep3 step 7000/10781 loss 0.1411 lr 2.99e-04 975s
  ep3 step 7500/10781 loss 0.1411 lr 2.99e-04 1045s
  ep3 step 8000/10781 loss 0.1405 lr 2.99e-04 1114s
  ep3 step 8500/10781 loss 0.1399 lr 2.98e-04 1184s
  ep3 step 9000/10781 loss 0.1395 lr 2.98e-04 1253s
  ep3 step 9500/10781 loss 0.1390 lr 2.98e-04 1323s
  ep3 step 10000/10781 loss 0.1384 lr 2.98e-04 1392s
  ep3 step 10500/10781 loss 0.1379 lr 2.98e-04 1461s
{"ep": 3, "loss": 0.13812, "val_pooled_db": [-11.04, -10.07, -9.37, -8.74], "val_median_db": [-14.52, -13.61, -12.87, -12.31], "val_align_db": [-16.12, -15.49, -14.82, -14.16], "rho": [0.988, 0.986, 0.983, 0.981], "copy_last_db": [-4.45, -1.94, -1.6, -1.16], "lr": 0.00029805753939568687, "sec": 1528.5}
  ep4 step 500/10781 loss 0.1263 lr 2.98e-04 70s
  ep4 step 1000/10781 loss 0.1258 lr 2.98e-04 140s
  ep4 step 1500/10781 loss 0.1243 lr 2.98e-04 211s
  ep4 step 2000/10781 loss 0.1242 lr 2.98e-04 281s
  ep4 step 2500/10781 loss 0.1258 lr 2.98e-04 350s
  ep4 step 3000/10781 loss 0.1252 lr 2.97e-04 420s
  ep4 step 3500/10781 loss 0.1247 lr 2.97e-04 489s
  ep4 step 4000/10781 loss 0.1251 lr 2.97e-04 559s
  ep4 step 4500/10781 loss 0.1246 lr 2.97e-04 629s
  ep4 step 5000/10781 loss 0.1245 lr 2.97e-04 698s
  ep4 step 5500/10781 loss 0.1241 lr 2.97e-04 768s
  ep4 step 6000/10781 loss 0.1237 lr 2.97e-04 838s
  ep4 step 6500/10781 loss 0.1232 lr 2.97e-04 908s
  ep4 step 7000/10781 loss 0.1229 lr 2.97e-04 977s
  ep4 step 7500/10781 loss 0.1228 lr 2.96e-04 1047s
  ep4 step 8000/10781 loss 0.1224 lr 2.96e-04 1116s
  ep4 step 8500/10781 loss 0.1219 lr 2.96e-04 1186s
  ep4 step 9000/10781 loss 0.1216 lr 2.96e-04 1256s
  ep4 step 9500/10781 loss 0.1212 lr 2.96e-04 1326s
  ep4 step 10000/10781 loss 0.1208 lr 2.96e-04 1395s
  ep4 step 10500/10781 loss 0.1205 lr 2.96e-04 1464s
{"ep": 4, "loss": 0.12036, "val_pooled_db": [-11.3, -10.33, -9.54, -8.8], "val_median_db": [-15.05, -14.18, -13.21, -12.49], "val_align_db": [-16.51, -15.97, -15.12, -14.34], "rho": [0.989, 0.987, 0.985, 0.981], "copy_last_db": [-4.45, -1.94, -1.6, -1.16], "lr": 0.00029564127261390776, "sec": 1530.8}
  ep5 step 500/10781 loss 0.1139 lr 2.96e-04 70s
  ep5 step 1000/10781 loss 0.1119 lr 2.95e-04 139s
  ep5 step 1500/10781 loss 0.1118 lr 2.95e-04 209s
  ep5 step 2000/10781 loss 0.1118 lr 2.95e-04 279s
  ep5 step 2500/10781 loss 0.1113 lr 2.95e-04 348s
  ep5 step 3000/10781 loss 0.1111 lr 2.95e-04 418s
  ep5 step 3500/10781 loss 0.1106 lr 2.95e-04 487s
  ep5 step 4000/10781 loss 0.1104 lr 2.95e-04 557s
  ep5 step 4500/10781 loss 0.1102 lr 2.94e-04 626s
  ep5 step 5000/10781 loss 0.1101 lr 2.94e-04 696s
  ep5 step 5500/10781 loss 0.1100 lr 2.94e-04 765s
  ep5 step 6000/10781 loss 0.1097 lr 2.94e-04 835s
  ep5 step 6500/10781 loss 0.1100 lr 2.94e-04 904s
  ep5 step 7000/10781 loss 0.1097 lr 2.94e-04 973s
  ep5 step 7500/10781 loss 0.1094 lr 2.93e-04 1043s
  ep5 step 8000/10781 loss 0.1090 lr 2.93e-04 1113s
  ep5 step 8500/10781 loss 0.1088 lr 2.93e-04 1182s
  ep5 step 9000/10781 loss 0.1086 lr 2.93e-04 1252s
  ep5 step 9500/10781 loss 0.1085 lr 2.93e-04 1322s
  ep5 step 10000/10781 loss 0.1083 lr 2.93e-04 1392s
  ep5 step 10500/10781 loss 0.1081 lr 2.92e-04 1461s
{"ep": 5, "loss": 0.10796, "val_pooled_db": [-11.4, -10.41, -9.68, -8.98], "val_median_db": [-15.53, -14.55, -13.52, -12.69], "val_align_db": [-16.93, -16.24, -15.42, -14.51], "rho": [0.99, 0.988, 0.986, 0.982], "copy_last_db": [-4.45, -1.94, -1.6, -1.16], "lr": 0.00029228046629207175, "sec": 1528.6}
  ep6 step 500/10781 loss 0.1030 lr 2.92e-04 69s
  ep6 step 1000/10781 loss 0.1019 lr 2.92e-04 139s
  ep6 step 1500/10781 loss 0.1024 lr 2.92e-04 209s
  ep6 step 2000/10781 loss 0.1022 lr 2.92e-04 279s
  ep6 step 2500/10781 loss 0.1018 lr 2.91e-04 348s
  ep6 step 3000/10781 loss 0.1019 lr 2.91e-04 417s
  ep6 step 3500/10781 loss 0.1017 lr 2.91e-04 487s
  ep6 step 4000/10781 loss 0.1015 lr 2.91e-04 558s
  ep6 step 4500/10781 loss 0.1016 lr 2.91e-04 628s
  ep6 step 5000/10781 loss 0.1016 lr 2.90e-04 697s
  ep6 step 5500/10781 loss 0.1015 lr 2.90e-04 766s
  ep6 step 6000/10781 loss 0.1014 lr 2.90e-04 835s
  ep6 step 6500/10781 loss 0.1013 lr 2.90e-04 905s
  ep6 step 7000/10781 loss 0.1011 lr 2.90e-04 974s
  ep6 step 7500/10781 loss 0.1010 lr 2.89e-04 1044s
  ep6 step 8000/10781 loss 0.1009 lr 2.89e-04 1113s
  ep6 step 8500/10781 loss 0.1008 lr 2.89e-04 1183s
  ep6 step 9000/10781 loss 0.1006 lr 2.89e-04 1253s
  ep6 step 9500/10781 loss 0.1005 lr 2.89e-04 1349s
  ep6 step 10000/10781 loss 0.1003 lr 2.88e-04 1473s
  ep6 step 10500/10781 loss 0.1003 lr 2.88e-04 1543s
{"ep": 6, "loss": 0.10031, "val_pooled_db": [-11.4, -10.41, -9.55, -8.84], "val_median_db": [-15.71, -14.62, -13.53, -12.73], "val_align_db": [-17.17, -16.34, -15.38, -14.57], "rho": [0.99, 0.988, 0.985, 0.982], "copy_last_db": [-4.45, -1.94, -1.6, -1.16], "lr": 0.0002879969165488236, "sec": 1612.2}
  ep7 step 500/10781 loss 0.0957 lr 2.88e-04 70s
  ep7 step 1000/10781 loss 0.0957 lr 2.88e-04 140s
  ep7 step 1500/10781 loss 0.0957 lr 2.87e-04 210s
  ep7 step 2000/10781 loss 0.0958 lr 2.87e-04 280s
  ep7 step 2500/10781 loss 0.0961 lr 2.87e-04 351s
  ep7 step 3000/10781 loss 0.0961 lr 2.87e-04 421s
  ep7 step 3500/10781 loss 0.0959 lr 2.86e-04 493s
  ep7 step 4000/10781 loss 0.0957 lr 2.86e-04 566s
  ep7 step 4500/10781 loss 0.0957 lr 2.86e-04 636s
  ep7 step 5000/10781 loss 0.0956 lr 2.86e-04 707s
  ep7 step 5500/10781 loss 0.0956 lr 2.85e-04 778s
  ep7 step 6000/10781 loss 0.0954 lr 2.85e-04 850s
  ep7 step 6500/10781 loss 0.0953 lr 2.85e-04 922s
  ep7 step 7000/10781 loss 0.0951 lr 2.85e-04 992s
  ep7 step 7500/10781 loss 0.0950 lr 2.84e-04 1062s
  ep7 step 8000/10781 loss 0.0951 lr 2.84e-04 1133s
  ep7 step 8500/10781 loss 0.0949 lr 2.84e-04 1206s
  ep7 step 9000/10781 loss 0.0948 lr 2.84e-04 1277s
  ep7 step 9500/10781 loss 0.0947 lr 2.83e-04 1348s
  ep7 step 10000/10781 loss 0.0947 lr 2.83e-04 1418s
  ep7 step 10500/10781 loss 0.0945 lr 2.83e-04 1490s
{"ep": 7, "loss": 0.09468, "val_pooled_db": [-11.49, -10.41, -9.49, -8.81], "val_median_db": [-15.6, -14.41, -13.33, -12.53], "val_align_db": [-17.11, -16.28, -15.3, -14.42], "rho": [0.99, 0.988, 0.985, 0.982], "copy_last_db": [-4.45, -1.94, -1.6, -1.16], "lr": 0.0002828184038479814, "sec": 1558.9}
  ep8 step 500/10781 loss 0.0916 lr 2.83e-04 71s
  ep8 step 1000/10781 loss 0.0914 lr 2.82e-04 150s
  ep8 step 1500/10781 loss 0.0909 lr 2.82e-04 222s
  ep8 step 2000/10781 loss 0.0908 lr 2.82e-04 292s
  ep8 step 2500/10781 loss 0.0906 lr 2.81e-04 362s
  ep8 step 3000/10781 loss 0.0911 lr 2.81e-04 432s
  ep8 step 3500/10781 loss 0.0912 lr 2.81e-04 503s
  ep8 step 4000/10781 loss 0.0910 lr 2.81e-04 574s
  ep8 step 4500/10781 loss 0.0909 lr 2.80e-04 645s
  ep8 step 5000/10781 loss 0.0908 lr 2.80e-04 715s
  ep8 step 5500/10781 loss 0.0907 lr 2.80e-04 787s
  ep8 step 6000/10781 loss 0.0906 lr 2.80e-04 858s
  ep8 step 6500/10781 loss 0.0905 lr 2.79e-04 929s
  ep8 step 7000/10781 loss 0.0905 lr 2.79e-04 999s
  ep8 step 7500/10781 loss 0.0904 lr 2.79e-04 1071s
  ep8 step 8000/10781 loss 0.0903 lr 2.78e-04 1141s
  ep8 step 8500/10781 loss 0.0902 lr 2.78e-04 1213s
  ep8 step 9000/10781 loss 0.0902 lr 2.78e-04 1283s
  ep8 step 9500/10781 loss 0.0902 lr 2.78e-04 1354s
  ep8 step 10000/10781 loss 0.0901 lr 2.77e-04 1425s
  ep8 step 10500/10781 loss 0.0901 lr 2.77e-04 1496s
{"ep": 8, "loss": 0.08999, "val_pooled_db": [-11.59, -10.5, -9.7, -9.0], "val_median_db": [-16.16, -14.96, -13.79, -12.96], "val_align_db": [-17.59, -16.76, -15.77, -14.91], "rho": [0.991, 0.989, 0.987, 0.984], "copy_last_db": [-4.45, -1.94, -1.6, -1.16], "lr": 0.0002767785128315692, "sec": 1567.8}
  ep9 step 500/10781 loss 0.0889 lr 2.76e-04 72s
  ep9 step 1000/10781 loss 0.0885 lr 2.76e-04 144s
  ep9 step 1500/10781 loss 0.0880 lr 2.76e-04 214s
  ep9 step 2000/10781 loss 0.0877 lr 2.76e-04 284s
  ep9 step 2500/10781 loss 0.0876 lr 2.75e-04 356s
  ep9 step 3000/10781 loss 0.0874 lr 2.75e-04 436s
  ep9 step 3500/10781 loss 0.0873 lr 2.75e-04 507s
  ep9 step 4000/10781 loss 0.0871 lr 2.74e-04 579s
  ep9 step 4500/10781 loss 0.0870 lr 2.74e-04 650s
  ep9 step 5000/10781 loss 0.0872 lr 2.74e-04 721s
  ep9 step 5500/10781 loss 0.0871 lr 2.73e-04 792s
  ep9 step 6000/10781 loss 0.0870 lr 2.73e-04 863s
  ep9 step 6500/10781 loss 0.0869 lr 2.73e-04 935s
  ep9 step 7000/10781 loss 0.0868 lr 2.72e-04 1009s
  ep9 step 7500/10781 loss 0.0868 lr 2.72e-04 1082s
  ep9 step 8000/10781 loss 0.0867 lr 2.72e-04 1157s
  ep9 step 8500/10781 loss 0.0866 lr 2.71e-04 1229s
  ep9 step 9000/10781 loss 0.0865 lr 2.71e-04 1304s
  ep9 step 9500/10781 loss 0.0865 lr 2.71e-04 1378s
  ep9 step 10000/10781 loss 0.0864 lr 2.70e-04 1451s
  ep9 step 10500/10781 loss 0.0864 lr 2.70e-04 1526s
{"ep": 9, "loss": 0.08636, "val_pooled_db": [-11.56, -10.52, -9.66, -8.98], "val_median_db": [-15.97, -14.88, -13.77, -13.0], "val_align_db": [-17.47, -16.61, -15.72, -14.9], "rho": [0.991, 0.989, 0.987, 0.984], "copy_last_db": [-4.45, -1.94, -1.6, -1.16], "lr": 0.00026991641451052517, "sec": 1598.5}
  ep10 step 500/10781 loss 0.0837 lr 2.70e-04 74s
  ep10 step 1000/10781 loss 0.0835 lr 2.69e-04 148s
  ep10 step 1500/10781 loss 0.0835 lr 2.69e-04 222s
  ep10 step 2000/10781 loss 0.0836 lr 2.69e-04 294s
  ep10 step 2500/10781 loss 0.0835 lr 2.68e-04 367s
  ep10 step 3000/10781 loss 0.0839 lr 2.68e-04 442s
  ep10 step 3500/10781 loss 0.0838 lr 2.68e-04 516s
  ep10 step 4000/10781 loss 0.0837 lr 2.67e-04 592s
  ep10 step 4500/10781 loss 0.0836 lr 2.67e-04 665s
  ep10 step 5000/10781 loss 0.0839 lr 2.66e-04 739s
  ep10 step 5500/10781 loss 0.0837 lr 2.66e-04 812s
  ep10 step 6000/10781 loss 0.0838 lr 2.66e-04 884s
  ep10 step 6500/10781 loss 0.0838 lr 2.65e-04 957s
  ep10 step 7000/10781 loss 0.0837 lr 2.65e-04 1030s
  ep10 step 7500/10781 loss 0.0837 lr 2.65e-04 1103s
  ep10 step 8000/10781 loss 0.0836 lr 2.64e-04 1175s
  ep10 step 8500/10781 loss 0.0836 lr 2.64e-04 1249s
  ep10 step 9000/10781 loss 0.0836 lr 2.64e-04 1322s
  ep10 step 9500/10781 loss 0.0835 lr 2.63e-04 1397s
  ep10 step 10000/10781 loss 0.0835 lr 2.63e-04 1469s
  ep10 step 10500/10781 loss 0.0835 lr 2.62e-04 1543s
{"ep": 10, "loss": 0.08342, "val_pooled_db": [-11.59, -10.52, -9.65, -8.95], "val_median_db": [-15.96, -14.87, -13.7, -13.0], "val_align_db": [-17.59, -16.71, -15.74, -14.98], "rho": [0.991, 0.989, 0.987, 0.984], "copy_last_db": [-4.45, -1.94, -1.6, -1.16], "lr": 0.00026227661222566516, "sec": 1616.9}
  ep11 step 500/10781 loss 0.0811 lr 2.62e-04 74s
  ep11 step 1000/10781 loss 0.0812 lr 2.62e-04 146s
  ep11 step 1500/10781 loss 0.0812 lr 2.61e-04 218s
  ep11 step 2000/10781 loss 0.0811 lr 2.61e-04 292s
  ep11 step 2500/10781 loss 0.0812 lr 2.60e-04 364s
  ep11 step 3000/10781 loss 0.0821 lr 2.60e-04 437s
  ep11 step 3500/10781 loss 0.0821 lr 2.60e-04 509s
  ep11 step 4000/10781 loss 0.0820 lr 2.59e-04 577s
  ep11 step 4500/10781 loss 0.0819 lr 2.59e-04 646s
  ep11 step 5000/10781 loss 0.0818 lr 2.58e-04 715s
  ep11 step 5500/10781 loss 0.0818 lr 2.58e-04 783s
  ep11 step 6000/10781 loss 0.0817 lr 2.58e-04 852s
  ep11 step 6500/10781 loss 0.0815 lr 2.57e-04 920s
  ep11 step 7000/10781 loss 0.0814 lr 2.57e-04 989s
  ep11 step 7500/10781 loss 0.0814 lr 2.57e-04 1057s
  ep11 step 8000/10781 loss 0.0813 lr 2.56e-04 1126s
  ep11 step 8500/10781 loss 0.0812 lr 2.56e-04 1195s
  ep11 step 9000/10781 loss 0.0812 lr 2.55e-04 1264s
  ep11 step 9500/10781 loss 0.0811 lr 2.55e-04 1332s
  ep11 step 10000/10781 loss 0.0811 lr 2.55e-04 1401s
  ep11 step 10500/10781 loss 0.0810 lr 2.54e-04 1469s
{"ep": 11, "loss": 0.08097, "val_pooled_db": [-11.63, -10.5, -9.65, -8.91], "val_median_db": [-16.05, -14.99, -13.92, -13.1], "val_align_db": [-17.58, -16.75, -15.85, -15.03], "rho": [0.991, 0.989, 0.987, 0.984], "copy_last_db": [-4.45, -1.94, -1.6, -1.16], "lr": 0.0002539086530264399, "sec": 1533.7}
  ep12 step 500/10781 loss 0.0794 lr 2.54e-04 69s
  ep12 step 1000/10781 loss 0.0795 lr 2.53e-04 137s
  ep12 step 1500/10781 loss 0.0790 lr 2.53e-04 206s
  ep12 step 2000/10781 loss 0.0789 lr 2.52e-04 274s
  ep12 step 2500/10781 loss 0.0791 lr 2.52e-04 343s
  ep12 step 3000/10781 loss 0.0791 lr 2.51e-04 411s
  ep12 step 3500/10781 loss 0.0790 lr 2.51e-04 480s
  ep12 step 4000/10781 loss 0.0790 lr 2.51e-04 548s
  ep12 step 4500/10781 loss 0.0791 lr 2.50e-04 617s
  ep12 step 5000/10781 loss 0.0790 lr 2.50e-04 685s
  ep12 step 5500/10781 loss 0.0792 lr 2.49e-04 753s
  ep12 step 6000/10781 loss 0.0791 lr 2.49e-04 822s
  ep12 step 6500/10781 loss 0.0790 lr 2.49e-04 891s
  ep12 step 7000/10781 loss 0.0789 lr 2.48e-04 959s
  ep12 step 7500/10781 loss 0.0788 lr 2.48e-04 1028s
  ep12 step 8000/10781 loss 0.0788 lr 2.47e-04 1096s
  ep12 step 8500/10781 loss 0.0788 lr 2.47e-04 1165s
  ep12 step 9000/10781 loss 0.0787 lr 2.46e-04 1233s
  ep12 step 9500/10781 loss 0.0787 lr 2.46e-04 1302s
  ep12 step 10000/10781 loss 0.0787 lr 2.46e-04 1370s
  ep12 step 10500/10781 loss 0.0786 lr 2.45e-04 1439s
{"ep": 12, "loss": 0.07859, "val_pooled_db": [-11.34, -10.2, -9.32, -8.65], "val_median_db": [-15.95, -14.79, -13.64, -12.84], "val_align_db": [-17.44, -16.53, -15.55, -14.73], "rho": [0.991, 0.989, 0.986, 0.983], "copy_last_db": [-4.45, -1.94, -1.6, -1.16], "lr": 0.0002448668063393066, "sec": 1503.8}
  ep13 step 500/10781 loss 0.0822 lr 2.44e-04 68s
  ep13 step 1000/10781 loss 0.0799 lr 2.44e-04 137s
  ep13 step 1500/10781 loss 0.0789 lr 2.44e-04 205s
  ep13 step 2000/10781 loss 0.0783 lr 2.43e-04 274s
  ep13 step 2500/10781 loss 0.0779 lr 2.43e-04 343s
  ep13 step 3000/10781 loss 0.0777 lr 2.42e-04 411s
  ep13 step 3500/10781 loss 0.0777 lr 2.42e-04 480s
  ep13 step 4000/10781 loss 0.0776 lr 2.41e-04 548s
  ep13 step 4500/10781 loss 0.0776 lr 2.41e-04 617s
  ep13 step 5000/10781 loss 0.0775 lr 2.40e-04 686s
  ep13 step 5500/10781 loss 0.0774 lr 2.40e-04 754s
  ep13 step 6000/10781 loss 0.0773 lr 2.40e-04 823s
  ep13 step 6500/10781 loss 0.0772 lr 2.39e-04 891s
  ep13 step 7000/10781 loss 0.0771 lr 2.39e-04 960s
  ep13 step 7500/10781 loss 0.0771 lr 2.38e-04 1028s
  ep13 step 8000/10781 loss 0.0770 lr 2.38e-04 1097s
  ep13 step 8500/10781 loss 0.0770 lr 2.37e-04 1166s
  ep13 step 9000/10781 loss 0.0769 lr 2.37e-04 1234s
  ep13 step 9500/10781 loss 0.0769 lr 2.36e-04 1303s
  ep13 step 10000/10781 loss 0.0769 lr 2.36e-04 1372s
  ep13 step 10500/10781 loss 0.0768 lr 2.35e-04 1441s
{"ep": 13, "loss": 0.07678, "val_pooled_db": [-11.67, -10.47, -9.53, -8.83], "val_median_db": [-16.41, -15.13, -13.89, -13.02], "val_align_db": [-17.92, -16.83, -15.82, -14.93], "rho": [0.992, 0.99, 0.987, 0.984], "copy_last_db": [-4.45, -1.94, -1.6, -1.16], "lr": 0.00023520971200967334, "sec": 1505.0}
early stopping at ep 13 (best ep 8, -10.20 dB)
DONE best_ep 8 val_mean_pooled_db -10.20
