[s2_chiron_lr3e-4_s0] frames 53800 Nr 16 Nt 64 Ksc 64 | split B1: train windows 43121 (x16 = 689936), val windows 2439 (x16 = 39024) | load 0s
model repo:chiron params 19.16M | args {"model": "repo:chiron", "run_id": "s2_chiron_lr3e-4_s0", "setting": "Nt_1_64_Nr_1_16_fc_28GHz", "Ksc": 64, "K_hist": 16, "H_pred": 4, "split": "B1", "seed": 0, "epochs": 40, "patience": 5, "lr": 0.0003, "wd": 0.0001, "batch": 64, "clip": 1.0, "warmup_epochs": 1.0, "D": 256, "L": 6, "heads": 8, "dropout": 0.1, "no_pos_emb": false, "residual": false, "c_hid": 128, "c_enc": 32, "norm": "rms", "patch_h": 4, "patch_w": 16, "lwm11_init": "pretrained", "lwm11_freeze": "none", "in_scale": 1.0, "t_layers": 2, "device": "cuda:0", "workers": 0, "max_train_windows": 0, "eval_every": 1, "out_root": "/mnt/ssd_7t_2/carla-wireless-dataset/mmw_reproduction/outputs_cp", "sensors": "", "pos_source": "predicted", "pos_mode": "token", "fuse_layers": 3, "causal_mask": false, "sensor_cache_root": "", "backbone_init": ""}
  ep1 step 500/10781 loss 1.1872 lr 1.39e-05 116s
  ep1 step 1000/10781 loss 1.1027 lr 2.79e-05 186s
  ep1 step 1500/10781 loss 1.0695 lr 4.18e-05 255s
  ep1 step 2000/10781 loss 1.0500 lr 5.57e-05 323s
  ep1 step 2500/10781 loss 1.0369 lr 6.96e-05 391s
  ep1 step 3000/10781 loss 1.0274 lr 8.35e-05 459s
  ep1 step 3500/10781 loss 1.0196 lr 9.74e-05 527s
  ep1 step 4000/10781 loss 1.0129 lr 1.11e-04 595s
  ep1 step 4500/10781 loss 1.0064 lr 1.25e-04 663s
  ep1 step 5000/10781 loss 1.0004 lr 1.39e-04 762s
  ep1 step 5500/10781 loss 0.9940 lr 1.53e-04 868s
  ep1 step 6000/10781 loss 0.9866 lr 1.67e-04 936s
  ep1 step 6500/10781 loss 0.9780 lr 1.81e-04 1004s
  ep1 step 7000/10781 loss 0.9672 lr 1.95e-04 1072s
  ep1 step 7500/10781 loss 0.9544 lr 2.09e-04 1140s
  ep1 step 8000/10781 loss 0.9372 lr 2.23e-04 1208s
  ep1 step 8500/10781 loss 0.9153 lr 2.37e-04 1276s
  ep1 step 9000/10781 loss 0.8888 lr 2.50e-04 1344s
  ep1 step 9500/10781 loss 0.8605 lr 2.64e-04 1412s
  ep1 step 10000/10781 loss 0.8326 lr 2.78e-04 1481s
  ep1 step 10500/10781 loss 0.8060 lr 2.92e-04 1549s
{"ep": 1, "loss": 0.79147, "val_pooled_db": [-7.93, -7.25, -6.69, -6.15], "val_median_db": [-10.02, -9.57, -8.7, -8.11], "val_align_db": [-11.23, -10.94, -10.36, -9.82], "rho": [0.962, 0.959, 0.953, 0.946], "copy_last_db": [-4.45, -1.94, -1.6, -1.16], "lr": 0.0003, "sec": 1612.6}
  ep2 step 500/10781 loss 0.2383 lr 3.00e-04 68s
  ep2 step 1000/10781 loss 0.2398 lr 3.00e-04 135s
  ep2 step 1500/10781 loss 0.2324 lr 3.00e-04 203s
  ep2 step 2000/10781 loss 0.2258 lr 3.00e-04 270s
  ep2 step 2500/10781 loss 0.2203 lr 3.00e-04 338s
  ep2 step 3000/10781 loss 0.2193 lr 3.00e-04 406s
  ep2 step 3500/10781 loss 0.2149 lr 3.00e-04 473s
  ep2 step 4000/10781 loss 0.2114 lr 3.00e-04 541s
  ep2 step 4500/10781 loss 0.2078 lr 3.00e-04 609s
  ep2 step 5000/10781 loss 0.2053 lr 3.00e-04 676s
  ep2 step 5500/10781 loss 0.2027 lr 3.00e-04 744s
  ep2 step 6000/10781 loss 0.1999 lr 3.00e-04 811s
  ep2 step 6500/10781 loss 0.1978 lr 3.00e-04 879s
  ep2 step 7000/10781 loss 0.1954 lr 3.00e-04 947s
  ep2 step 7500/10781 loss 0.1931 lr 3.00e-04 1014s
  ep2 step 8000/10781 loss 0.1915 lr 3.00e-04 1082s
  ep2 step 8500/10781 loss 0.1898 lr 3.00e-04 1150s
  ep2 step 9000/10781 loss 0.1880 lr 3.00e-04 1217s
  ep2 step 9500/10781 loss 0.1863 lr 3.00e-04 1285s
  ep2 step 10000/10781 loss 0.1847 lr 3.00e-04 1352s
  ep2 step 10500/10781 loss 0.1831 lr 3.00e-04 1420s
{"ep": 2, "loss": 0.1821, "val_pooled_db": [-10.5, -9.68, -8.98, -8.31], "val_median_db": [-13.61, -13.02, -12.17, -11.56], "val_align_db": [-15.12, -14.54, -13.81, -13.21], "rho": [0.984, 0.982, 0.979, 0.976], "copy_last_db": [-4.45, -1.94, -1.6, -1.16], "lr": 0.0002995135962201315, "sec": 1482.7}
  ep3 step 500/10781 loss 0.1441 lr 2.99e-04 68s
  ep3 step 1000/10781 loss 0.1460 lr 2.99e-04 135s
  ep3 step 1500/10781 loss 0.1462 lr 2.99e-04 203s
  ep3 step 2000/10781 loss 0.1456 lr 2.99e-04 271s
  ep3 step 2500/10781 loss 0.1463 lr 2.99e-04 338s
  ep3 step 3000/10781 loss 0.1453 lr 2.99e-04 406s
  ep3 step 3500/10781 loss 0.1446 lr 2.99e-04 474s
  ep3 step 4000/10781 loss 0.1441 lr 2.99e-04 541s
  ep3 step 4500/10781 loss 0.1442 lr 2.99e-04 609s
  ep3 step 5000/10781 loss 0.1435 lr 2.99e-04 676s
  ep3 step 5500/10781 loss 0.1429 lr 2.99e-04 744s
  ep3 step 6000/10781 loss 0.1423 lr 2.99e-04 812s
  ep3 step 6500/10781 loss 0.1416 lr 2.99e-04 879s
  ep3 step 7000/10781 loss 0.1410 lr 2.99e-04 947s
  ep3 step 7500/10781 loss 0.1407 lr 2.99e-04 1015s
  ep3 step 8000/10781 loss 0.1400 lr 2.99e-04 1082s
  ep3 step 8500/10781 loss 0.1394 lr 2.98e-04 1150s
  ep3 step 9000/10781 loss 0.1389 lr 2.98e-04 1218s
  ep3 step 9500/10781 loss 0.1389 lr 2.98e-04 1285s
  ep3 step 10000/10781 loss 0.1384 lr 2.98e-04 1353s
  ep3 step 10500/10781 loss 0.1379 lr 2.98e-04 1421s
{"ep": 3, "loss": 0.13769, "val_pooled_db": [-10.75, -9.87, -9.07, -8.29], "val_median_db": [-14.08, -13.45, -12.46, -11.72], "val_align_db": [-15.59, -15.02, -14.2, -13.53], "rho": [0.986, 0.984, 0.981, 0.978], "copy_last_db": [-4.45, -1.94, -1.6, -1.16], "lr": 0.00029805753939568687, "sec": 1483.5}
  ep4 step 500/10781 loss 0.1236 lr 2.98e-04 68s
  ep4 step 1000/10781 loss 0.1259 lr 2.98e-04 135s
  ep4 step 1500/10781 loss 0.1255 lr 2.98e-04 203s
  ep4 step 2000/10781 loss 0.1249 lr 2.98e-04 271s
  ep4 step 2500/10781 loss 0.1246 lr 2.98e-04 338s
  ep4 step 3000/10781 loss 0.1247 lr 2.97e-04 406s
  ep4 step 3500/10781 loss 0.1239 lr 2.97e-04 474s
  ep4 step 4000/10781 loss 0.1239 lr 2.97e-04 541s
  ep4 step 4500/10781 loss 0.1232 lr 2.97e-04 609s
  ep4 step 5000/10781 loss 0.1230 lr 2.97e-04 677s
  ep4 step 5500/10781 loss 0.1235 lr 2.97e-04 744s
  ep4 step 6000/10781 loss 0.1231 lr 2.97e-04 812s
  ep4 step 6500/10781 loss 0.1226 lr 2.97e-04 879s
  ep4 step 7000/10781 loss 0.1223 lr 2.97e-04 947s
  ep4 step 7500/10781 loss 0.1222 lr 2.96e-04 1015s
  ep4 step 8000/10781 loss 0.1219 lr 2.96e-04 1082s
  ep4 step 8500/10781 loss 0.1216 lr 2.96e-04 1150s
  ep4 step 9000/10781 loss 0.1213 lr 2.96e-04 1218s
  ep4 step 9500/10781 loss 0.1210 lr 2.96e-04 1285s
  ep4 step 10000/10781 loss 0.1210 lr 2.96e-04 1353s
  ep4 step 10500/10781 loss 0.1206 lr 2.96e-04 1420s
{"ep": 4, "loss": 0.12042, "val_pooled_db": [-11.05, -10.09, -9.3, -8.53], "val_median_db": [-14.37, -13.63, -12.78, -12.1], "val_align_db": [-16.04, -15.38, -14.49, -13.91], "rho": [0.987, 0.985, 0.982, 0.979], "copy_last_db": [-4.45, -1.94, -1.6, -1.16], "lr": 0.00029564127261390776, "sec": 1483.2}
  ep5 step 500/10781 loss 0.1123 lr 2.96e-04 68s
  ep5 step 1000/10781 loss 0.1131 lr 2.95e-04 135s
  ep5 step 1500/10781 loss 0.1129 lr 2.95e-04 203s
  ep5 step 2000/10781 loss 0.1124 lr 2.95e-04 271s
  ep5 step 2500/10781 loss 0.1120 lr 2.95e-04 338s
  ep5 step 3000/10781 loss 0.1121 lr 2.95e-04 406s
  ep5 step 3500/10781 loss 0.1141 lr 2.95e-04 474s
  ep5 step 4000/10781 loss 0.1138 lr 2.95e-04 541s
  ep5 step 4500/10781 loss 0.1134 lr 2.94e-04 609s
  ep5 step 5000/10781 loss 0.1129 lr 2.94e-04 677s
  ep5 step 5500/10781 loss 0.1124 lr 2.94e-04 744s
  ep5 step 6000/10781 loss 0.1121 lr 2.94e-04 812s
  ep5 step 6500/10781 loss 0.1122 lr 2.94e-04 880s
  ep5 step 7000/10781 loss 0.1121 lr 2.94e-04 947s
  ep5 step 7500/10781 loss 0.1118 lr 2.93e-04 1015s
  ep5 step 8000/10781 loss 0.1116 lr 2.93e-04 1083s
  ep5 step 8500/10781 loss 0.1113 lr 2.93e-04 1150s
  ep5 step 9000/10781 loss 0.1110 lr 2.93e-04 1218s
  ep5 step 9500/10781 loss 0.1107 lr 2.93e-04 1286s
  ep5 step 10000/10781 loss 0.1105 lr 2.93e-04 1353s
  ep5 step 10500/10781 loss 0.1104 lr 2.92e-04 1421s
{"ep": 5, "loss": 0.11026, "val_pooled_db": [-11.24, -10.28, -9.45, -8.65], "val_median_db": [-14.97, -14.02, -13.03, -12.33], "val_align_db": [-16.64, -15.87, -14.9, -14.25], "rho": [0.989, 0.987, 0.984, 0.981], "copy_last_db": [-4.45, -1.94, -1.6, -1.16], "lr": 0.00029228046629207175, "sec": 1484.0}
  ep6 step 500/10781 loss 0.1026 lr 2.92e-04 68s
  ep6 step 1000/10781 loss 0.1035 lr 2.92e-04 135s
  ep6 step 1500/10781 loss 0.1050 lr 2.92e-04 203s
  ep6 step 2000/10781 loss 0.1043 lr 2.92e-04 271s
  ep6 step 2500/10781 loss 0.1041 lr 2.91e-04 338s
  ep6 step 3000/10781 loss 0.1039 lr 2.91e-04 406s
  ep6 step 3500/10781 loss 0.1037 lr 2.91e-04 474s
  ep6 step 4000/10781 loss 0.1033 lr 2.91e-04 541s
  ep6 step 4500/10781 loss 0.1031 lr 2.91e-04 609s
  ep6 step 5000/10781 loss 0.1030 lr 2.90e-04 676s
  ep6 step 5500/10781 loss 0.1027 lr 2.90e-04 744s
  ep6 step 6000/10781 loss 0.1038 lr 2.90e-04 812s
  ep6 step 6500/10781 loss 0.1035 lr 2.90e-04 879s
  ep6 step 7000/10781 loss 0.1033 lr 2.90e-04 947s
  ep6 step 7500/10781 loss 0.1033 lr 2.89e-04 1015s
  ep6 step 8000/10781 loss 0.1031 lr 2.89e-04 1082s
  ep6 step 8500/10781 loss 0.1028 lr 2.89e-04 1150s
  ep6 step 9000/10781 loss 0.1026 lr 2.89e-04 1218s
  ep6 step 9500/10781 loss 0.1024 lr 2.89e-04 1285s
  ep6 step 10000/10781 loss 0.1022 lr 2.88e-04 1353s
  ep6 step 10500/10781 loss 0.1020 lr 2.88e-04 1421s
{"ep": 6, "loss": 0.10188, "val_pooled_db": [-11.35, -10.29, -9.45, -8.61], "val_median_db": [-15.4, -14.17, -13.18, -12.5], "val_align_db": [-17.03, -16.14, -15.21, -14.44], "rho": [0.99, 0.988, 0.985, 0.982], "copy_last_db": [-4.45, -1.94, -1.6, -1.16], "lr": 0.0002879969165488236, "sec": 1483.6}
  ep7 step 500/10781 loss 0.0973 lr 2.88e-04 68s
  ep7 step 1000/10781 loss 0.0976 lr 2.88e-04 136s
  ep7 step 1500/10781 loss 0.0981 lr 2.87e-04 203s
  ep7 step 2000/10781 loss 0.0982 lr 2.87e-04 271s
  ep7 step 2500/10781 loss 0.0982 lr 2.87e-04 339s
  ep7 step 3000/10781 loss 0.0976 lr 2.87e-04 406s
  ep7 step 3500/10781 loss 0.0973 lr 2.86e-04 474s
  ep7 step 4000/10781 loss 0.0972 lr 2.86e-04 541s
  ep7 step 4500/10781 loss 0.0985 lr 2.86e-04 609s
  ep7 step 5000/10781 loss 0.0981 lr 2.86e-04 677s
  ep7 step 5500/10781 loss 0.0979 lr 2.85e-04 744s
  ep7 step 6000/10781 loss 0.0976 lr 2.85e-04 812s
  ep7 step 6500/10781 loss 0.0973 lr 2.85e-04 879s
  ep7 step 7000/10781 loss 0.0971 lr 2.85e-04 947s
  ep7 step 7500/10781 loss 0.0970 lr 2.84e-04 1015s
  ep7 step 8000/10781 loss 0.0968 lr 2.84e-04 1082s
  ep7 step 8500/10781 loss 0.0967 lr 2.84e-04 1150s
  ep7 step 9000/10781 loss 0.0966 lr 2.84e-04 1218s
  ep7 step 9500/10781 loss 0.0964 lr 2.83e-04 1285s
  ep7 step 10000/10781 loss 0.0962 lr 2.83e-04 1353s
  ep7 step 10500/10781 loss 0.0961 lr 2.83e-04 1420s
{"ep": 7, "loss": 0.09599, "val_pooled_db": [-11.45, -10.41, -9.5, -8.67], "val_median_db": [-15.7, -14.54, -13.44, -12.65], "val_align_db": [-17.11, -16.23, -15.19, -14.43], "rho": [0.99, 0.988, 0.985, 0.982], "copy_last_db": [-4.45, -1.94, -1.6, -1.16], "lr": 0.0002828184038479814, "sec": 1483.3}
  ep8 step 500/10781 loss 0.0928 lr 2.83e-04 68s
  ep8 step 1000/10781 loss 0.0918 lr 2.82e-04 135s
  ep8 step 1500/10781 loss 0.0918 lr 2.82e-04 203s
  ep8 step 2000/10781 loss 0.0918 lr 2.82e-04 271s
  ep8 step 2500/10781 loss 0.0917 lr 2.81e-04 338s
  ep8 step 3000/10781 loss 0.0915 lr 2.81e-04 406s
  ep8 step 3500/10781 loss 0.0916 lr 2.81e-04 474s
  ep8 step 4000/10781 loss 0.0916 lr 2.81e-04 541s
  ep8 step 4500/10781 loss 0.0915 lr 2.80e-04 609s
  ep8 step 5000/10781 loss 0.0914 lr 2.80e-04 677s
  ep8 step 5500/10781 loss 0.0912 lr 2.80e-04 744s
  ep8 step 6000/10781 loss 0.0912 lr 2.80e-04 812s
  ep8 step 6500/10781 loss 0.0911 lr 2.79e-04 880s
  ep8 step 7000/10781 loss 0.0909 lr 2.79e-04 947s
  ep8 step 7500/10781 loss 0.0909 lr 2.79e-04 1015s
  ep8 step 8000/10781 loss 0.0909 lr 2.78e-04 1083s
  ep8 step 8500/10781 loss 0.0908 lr 2.78e-04 1150s
  ep8 step 9000/10781 loss 0.0909 lr 2.78e-04 1218s
  ep8 step 9500/10781 loss 0.0908 lr 2.78e-04 1285s
  ep8 step 10000/10781 loss 0.0908 lr 2.77e-04 1353s
  ep8 step 10500/10781 loss 0.0906 lr 2.77e-04 1421s
{"ep": 8, "loss": 0.09058, "val_pooled_db": [-11.37, -10.32, -9.46, -8.6], "val_median_db": [-15.7, -14.49, -13.49, -12.66], "val_align_db": [-17.19, -16.32, -15.36, -14.51], "rho": [0.99, 0.988, 0.985, 0.982], "copy_last_db": [-4.45, -1.94, -1.6, -1.16], "lr": 0.0002767785128315692, "sec": 1483.7}
  ep9 step 500/10781 loss 0.0876 lr 2.76e-04 68s
  ep9 step 1000/10781 loss 0.0874 lr 2.76e-04 135s
  ep9 step 1500/10781 loss 0.0872 lr 2.76e-04 203s
  ep9 step 2000/10781 loss 0.0872 lr 2.76e-04 270s
  ep9 step 2500/10781 loss 0.0873 lr 2.75e-04 338s
  ep9 step 3000/10781 loss 0.0873 lr 2.75e-04 406s
  ep9 step 3500/10781 loss 0.0872 lr 2.75e-04 473s
  ep9 step 4000/10781 loss 0.0872 lr 2.74e-04 541s
  ep9 step 4500/10781 loss 0.0871 lr 2.74e-04 609s
  ep9 step 5000/10781 loss 0.0870 lr 2.74e-04 676s
  ep9 step 5500/10781 loss 0.0871 lr 2.73e-04 744s
  ep9 step 6000/10781 loss 0.0870 lr 2.73e-04 812s
  ep9 step 6500/10781 loss 0.0869 lr 2.73e-04 879s
  ep9 step 7000/10781 loss 0.0869 lr 2.72e-04 947s
  ep9 step 7500/10781 loss 0.0869 lr 2.72e-04 1014s
  ep9 step 8000/10781 loss 0.0868 lr 2.72e-04 1082s
  ep9 step 8500/10781 loss 0.0867 lr 2.71e-04 1150s
  ep9 step 9000/10781 loss 0.0867 lr 2.71e-04 1217s
  ep9 step 9500/10781 loss 0.0866 lr 2.71e-04 1285s
  ep9 step 10000/10781 loss 0.0866 lr 2.70e-04 1353s
  ep9 step 10500/10781 loss 0.0865 lr 2.70e-04 1420s
{"ep": 9, "loss": 0.08649, "val_pooled_db": [-11.51, -10.43, -9.59, -8.66], "val_median_db": [-15.9, -14.76, -13.68, -12.81], "val_align_db": [-17.46, -16.64, -15.6, -14.71], "rho": [0.991, 0.989, 0.986, 0.983], "copy_last_db": [-4.45, -1.94, -1.6, -1.16], "lr": 0.00026991641451052517, "sec": 1483.3}
  ep10 step 500/10781 loss 0.0846 lr 2.70e-04 68s
  ep10 step 1000/10781 loss 0.0841 lr 2.69e-04 135s
  ep10 step 1500/10781 loss 0.0844 lr 2.69e-04 203s
  ep10 step 2000/10781 loss 0.0842 lr 2.69e-04 271s
  ep10 step 2500/10781 loss 0.0843 lr 2.68e-04 338s
  ep10 step 3000/10781 loss 0.0843 lr 2.68e-04 406s
  ep10 step 3500/10781 loss 0.0842 lr 2.68e-04 474s
  ep10 step 4000/10781 loss 0.0843 lr 2.67e-04 541s
  ep10 step 4500/10781 loss 0.0841 lr 2.67e-04 609s
  ep10 step 5000/10781 loss 0.0841 lr 2.66e-04 677s
  ep10 step 5500/10781 loss 0.0840 lr 2.66e-04 744s
  ep10 step 6000/10781 loss 0.0840 lr 2.66e-04 812s
  ep10 step 6500/10781 loss 0.0839 lr 2.65e-04 880s
  ep10 step 7000/10781 loss 0.0838 lr 2.65e-04 947s
  ep10 step 7500/10781 loss 0.0838 lr 2.65e-04 1015s
  ep10 step 8000/10781 loss 0.0837 lr 2.64e-04 1082s
  ep10 step 8500/10781 loss 0.0837 lr 2.64e-04 1158s
  ep10 step 9000/10781 loss 0.0837 lr 2.64e-04 1225s
  ep10 step 9500/10781 loss 0.0836 lr 2.63e-04 1293s
  ep10 step 10000/10781 loss 0.0835 lr 2.63e-04 1361s
  ep10 step 10500/10781 loss 0.0835 lr 2.62e-04 1429s
{"ep": 10, "loss": 0.08342, "val_pooled_db": [-11.51, -10.4, -9.57, -8.7], "val_median_db": [-15.84, -14.66, -13.65, -12.83], "val_align_db": [-17.25, -16.35, -15.44, -14.69], "rho": [0.991, 0.988, 0.986, 0.983], "copy_last_db": [-4.45, -1.94, -1.6, -1.16], "lr": 0.00026227661222566516, "sec": 1491.4}
  ep11 step 500/10781 loss 0.0812 lr 2.62e-04 68s
  ep11 step 1000/10781 loss 0.0809 lr 2.62e-04 135s
  ep11 step 1500/10781 loss 0.0811 lr 2.61e-04 203s
  ep11 step 2000/10781 loss 0.0811 lr 2.61e-04 271s
  ep11 step 2500/10781 loss 0.0823 lr 2.60e-04 339s
  ep11 step 3000/10781 loss 0.0824 lr 2.60e-04 406s
  ep11 step 3500/10781 loss 0.0821 lr 2.60e-04 484s
  ep11 step 4000/10781 loss 0.0820 lr 2.59e-04 552s
  ep11 step 4500/10781 loss 0.0818 lr 2.59e-04 619s
  ep11 step 5000/10781 loss 0.0818 lr 2.58e-04 695s
  ep11 step 5500/10781 loss 0.0817 lr 2.58e-04 763s
  ep11 step 6000/10781 loss 0.0817 lr 2.58e-04 837s
  ep11 step 6500/10781 loss 0.0816 lr 2.57e-04 905s
  ep11 step 7000/10781 loss 0.0815 lr 2.57e-04 973s
  ep11 step 7500/10781 loss 0.0815 lr 2.57e-04 1041s
  ep11 step 8000/10781 loss 0.0814 lr 2.56e-04 1108s
  ep11 step 8500/10781 loss 0.0813 lr 2.56e-04 1176s
  ep11 step 9000/10781 loss 0.0812 lr 2.55e-04 1252s
  ep11 step 9500/10781 loss 0.0812 lr 2.55e-04 1320s
  ep11 step 10000/10781 loss 0.0811 lr 2.55e-04 1387s
  ep11 step 10500/10781 loss 0.0811 lr 2.54e-04 1455s
{"ep": 11, "loss": 0.08107, "val_pooled_db": [-11.47, -10.33, -9.55, -8.66], "val_median_db": [-15.66, -14.42, -13.44, -12.53], "val_align_db": [-17.36, -16.32, -15.44, -14.53], "rho": [0.991, 0.988, 0.986, 0.982], "copy_last_db": [-4.45, -1.94, -1.6, -1.16], "lr": 0.0002539086530264399, "sec": 1517.7}
  ep12 step 500/10781 loss 0.0790 lr 2.54e-04 68s
  ep12 step 1000/10781 loss 0.0790 lr 2.53e-04 135s
  ep12 step 1500/10781 loss 0.0790 lr 2.53e-04 203s
  ep12 step 2000/10781 loss 0.0787 lr 2.52e-04 270s
  ep12 step 2500/10781 loss 0.0787 lr 2.52e-04 338s
  ep12 step 3000/10781 loss 0.0787 lr 2.51e-04 416s
  ep12 step 3500/10781 loss 0.0787 lr 2.51e-04 493s
  ep12 step 4000/10781 loss 0.0788 lr 2.51e-04 560s
  ep12 step 4500/10781 loss 0.0790 lr 2.50e-04 639s
  ep12 step 5000/10781 loss 0.0790 lr 2.50e-04 707s
  ep12 step 5500/10781 loss 0.0790 lr 2.49e-04 774s
  ep12 step 6000/10781 loss 0.0790 lr 2.49e-04 842s
  ep12 step 6500/10781 loss 0.0789 lr 2.49e-04 910s
  ep12 step 7000/10781 loss 0.0789 lr 2.48e-04 977s
  ep12 step 7500/10781 loss 0.0792 lr 2.48e-04 1045s
  ep12 step 8000/10781 loss 0.0792 lr 2.47e-04 1113s
  ep12 step 8500/10781 loss 0.0790 lr 2.47e-04 1180s
  ep12 step 9000/10781 loss 0.0790 lr 2.46e-04 1248s
  ep12 step 9500/10781 loss 0.0790 lr 2.46e-04 1315s
  ep12 step 10000/10781 loss 0.0790 lr 2.46e-04 1383s
  ep12 step 10500/10781 loss 0.0789 lr 2.45e-04 1451s
{"ep": 12, "loss": 0.0789, "val_pooled_db": [-11.57, -10.32, -9.47, -8.59], "val_median_db": [-15.96, -14.64, -13.8, -12.81], "val_align_db": [-17.4, -16.43, -15.53, -14.66], "rho": [0.991, 0.989, 0.986, 0.983], "copy_last_db": [-4.45, -1.94, -1.6, -1.16], "lr": 0.0002448668063393066, "sec": 1513.3}
  ep13 step 500/10781 loss 0.0771 lr 2.44e-04 68s
  ep13 step 1000/10781 loss 0.0770 lr 2.44e-04 135s
  ep13 step 1500/10781 loss 0.0773 lr 2.44e-04 203s
  ep13 step 2000/10781 loss 0.0775 lr 2.43e-04 271s
  ep13 step 2500/10781 loss 0.0773 lr 2.43e-04 338s
  ep13 step 3000/10781 loss 0.0772 lr 2.42e-04 406s
  ep13 step 3500/10781 loss 0.0772 lr 2.42e-04 474s
  ep13 step 4000/10781 loss 0.0773 lr 2.41e-04 541s
  ep13 step 4500/10781 loss 0.0773 lr 2.41e-04 609s
  ep13 step 5000/10781 loss 0.0772 lr 2.40e-04 676s
  ep13 step 5500/10781 loss 0.0771 lr 2.40e-04 744s
  ep13 step 6000/10781 loss 0.0771 lr 2.40e-04 812s
  ep13 step 6500/10781 loss 0.0770 lr 2.39e-04 879s
  ep13 step 7000/10781 loss 0.0771 lr 2.39e-04 947s
  ep13 step 7500/10781 loss 0.0770 lr 2.38e-04 1015s
  ep13 step 8000/10781 loss 0.0770 lr 2.38e-04 1082s
  ep13 step 8500/10781 loss 0.0770 lr 2.37e-04 1150s
  ep13 step 9000/10781 loss 0.0769 lr 2.37e-04 1217s
  ep13 step 9500/10781 loss 0.0769 lr 2.36e-04 1285s
  ep13 step 10000/10781 loss 0.0768 lr 2.36e-04 1353s
  ep13 step 10500/10781 loss 0.0768 lr 2.35e-04 1420s
{"ep": 13, "loss": 0.07679, "val_pooled_db": [-11.63, -10.37, -9.48, -8.62], "val_median_db": [-16.2, -14.9, -13.8, -12.8], "val_align_db": [-17.69, -16.69, -15.64, -14.63], "rho": [0.991, 0.989, 0.986, 0.983], "copy_last_db": [-4.45, -1.94, -1.6, -1.16], "lr": 0.00023520971200967334, "sec": 1483.3}
  ep14 step 500/10781 loss 0.0751 lr 2.35e-04 68s
  ep14 step 1000/10781 loss 0.0751 lr 2.34e-04 135s
  ep14 step 1500/10781 loss 0.0751 lr 2.34e-04 203s
  ep14 step 2000/10781 loss 0.0766 lr 2.33e-04 271s
  ep14 step 2500/10781 loss 0.0764 lr 2.33e-04 338s
  ep14 step 3000/10781 loss 0.0762 lr 2.32e-04 406s
  ep14 step 3500/10781 loss 0.0760 lr 2.32e-04 473s
  ep14 step 4000/10781 loss 0.0759 lr 2.31e-04 541s
  ep14 step 4500/10781 loss 0.0758 lr 2.31e-04 608s
  ep14 step 5000/10781 loss 0.0758 lr 2.31e-04 676s
  ep14 step 5500/10781 loss 0.0758 lr 2.30e-04 744s
  ep14 step 6000/10781 loss 0.0757 lr 2.30e-04 811s
  ep14 step 6500/10781 loss 0.0756 lr 2.29e-04 879s
  ep14 step 7000/10781 loss 0.0755 lr 2.29e-04 947s
  ep14 step 7500/10781 loss 0.0755 lr 2.28e-04 1014s
  ep14 step 8000/10781 loss 0.0754 lr 2.28e-04 1082s
  ep14 step 8500/10781 loss 0.0754 lr 2.27e-04 1150s
  ep14 step 9000/10781 loss 0.0753 lr 2.27e-04 1217s
  ep14 step 9500/10781 loss 0.0753 lr 2.26e-04 1285s
  ep14 step 10000/10781 loss 0.0752 lr 2.26e-04 1352s
  ep14 step 10500/10781 loss 0.0752 lr 2.25e-04 1420s
{"ep": 14, "loss": 0.07516, "val_pooled_db": [-11.59, -10.34, -9.49, -8.62], "val_median_db": [-16.27, -15.04, -13.97, -13.02], "val_align_db": [-17.73, -16.76, -15.79, -14.84], "rho": [0.992, 0.989, 0.987, 0.983], "copy_last_db": [-4.45, -1.94, -1.6, -1.16], "lr": 0.000225, "sec": 1482.9}
early stopping at ep 14 (best ep 9, -10.05 dB)
DONE best_ep 9 val_mean_pooled_db -10.05
