[t1_chiron_s0] frames 53800 Nr 16 Nt 64 Ksc 64 | split T1: train windows 41090 (x16 = 657440), val windows 2490 (x16 = 39840) | load 0s
model repo:chiron params 19.16M | args {"model": "repo:chiron", "run_id": "t1_chiron_s0", "setting": "Nt_1_64_Nr_1_16_fc_28GHz", "Ksc": 64, "K_hist": 16, "H_pred": 4, "split": "T1", "seed": 0, "epochs": 40, "patience": 5, "lr": 0.0003, "wd": 0.0001, "batch": 64, "clip": 1.0, "warmup_epochs": 1.0, "D": 256, "L": 6, "heads": 8, "dropout": 0.1, "no_pos_emb": false, "residual": false, "c_hid": 128, "c_enc": 32, "norm": "rms", "patch_h": 4, "patch_w": 16, "lwm11_init": "pretrained", "lwm11_freeze": "none", "in_scale": 1.0, "t_layers": 2, "device": "cuda:0", "workers": 0, "max_train_windows": 0, "eval_every": 1, "out_root": "/mnt/ssd_7t_2/carla-wireless-dataset/mmw_reproduction/outputs_cp", "sensors": "", "pos_source": "predicted", "pos_mode": "token", "fuse_layers": 3, "causal_mask": false, "sensor_cache_root": "", "backbone_init": ""}
  ep1 step 500/10273 loss 1.1586 lr 1.46e-05 69s
  ep1 step 1000/10273 loss 1.0863 lr 2.92e-05 137s
  ep1 step 1500/10273 loss 1.0562 lr 4.38e-05 205s
  ep1 step 2000/10273 loss 1.0385 lr 5.84e-05 272s
  ep1 step 2500/10273 loss 1.0266 lr 7.30e-05 340s
  ep1 step 3000/10273 loss 1.0176 lr 8.76e-05 408s
  ep1 step 3500/10273 loss 1.0100 lr 1.02e-04 475s
  ep1 step 4000/10273 loss 1.0031 lr 1.17e-04 544s
  ep1 step 4500/10273 loss 0.9962 lr 1.31e-04 612s
  ep1 step 5000/10273 loss 0.9898 lr 1.46e-04 680s
  ep1 step 5500/10273 loss 0.9835 lr 1.61e-04 748s
  ep1 step 6000/10273 loss 0.9753 lr 1.75e-04 816s
  ep1 step 6500/10273 loss 0.9647 lr 1.90e-04 884s
  ep1 step 7000/10273 loss 0.9520 lr 2.04e-04 952s
  ep1 step 7500/10273 loss 0.9358 lr 2.19e-04 1020s
  ep1 step 8000/10273 loss 0.9141 lr 2.34e-04 1089s
  ep1 step 8500/10273 loss 0.8871 lr 2.48e-04 1158s
  ep1 step 9000/10273 loss 0.8572 lr 2.63e-04 1227s
  ep1 step 9500/10273 loss 0.8273 lr 2.77e-04 1296s
  ep1 step 10000/10273 loss 0.7986 lr 2.92e-04 1364s
{"ep": 1, "loss": 0.7837, "val_pooled_db": [-7.36, -6.77, -6.18, -5.56], "val_median_db": [-8.05, -7.39, -6.76, -6.27], "val_align_db": [-9.15, -8.73, -8.17, -7.68], "rho": [0.937, 0.931, 0.921, 0.911], "copy_last_db": [-4.46, -2.38, -1.54, -0.84], "lr": 0.0003, "sec": 1429.2}
  ep2 step 500/10273 loss 0.2213 lr 3.00e-04 67s
  ep2 step 1000/10273 loss 0.2128 lr 3.00e-04 135s
  ep2 step 1500/10273 loss 0.2075 lr 3.00e-04 202s
  ep2 step 2000/10273 loss 0.2029 lr 3.00e-04 269s
  ep2 step 2500/10273 loss 0.1986 lr 3.00e-04 337s
  ep2 step 3000/10273 loss 0.1948 lr 3.00e-04 404s
  ep2 step 3500/10273 loss 0.1914 lr 3.00e-04 471s
  ep2 step 4000/10273 loss 0.1882 lr 3.00e-04 539s
  ep2 step 4500/10273 loss 0.1852 lr 3.00e-04 606s
  ep2 step 5000/10273 loss 0.1827 lr 3.00e-04 673s
  ep2 step 5500/10273 loss 0.1803 lr 3.00e-04 741s
  ep2 step 6000/10273 loss 0.1783 lr 3.00e-04 808s
  ep2 step 6500/10273 loss 0.1760 lr 3.00e-04 875s
  ep2 step 7000/10273 loss 0.1741 lr 3.00e-04 943s
  ep2 step 7500/10273 loss 0.1725 lr 3.00e-04 1010s
  ep2 step 8000/10273 loss 0.1706 lr 3.00e-04 1077s
  ep2 step 8500/10273 loss 0.1691 lr 3.00e-04 1145s
  ep2 step 9000/10273 loss 0.1676 lr 3.00e-04 1212s
  ep2 step 9500/10273 loss 0.1661 lr 3.00e-04 1279s
  ep2 step 10000/10273 loss 0.1645 lr 3.00e-04 1346s
{"ep": 2, "loss": 0.1639, "val_pooled_db": [-9.3, -8.6, -7.71, -6.97], "val_median_db": [-11.06, -10.3, -9.39, -8.63], "val_align_db": [-12.17, -11.55, -10.82, -10.24], "rho": [0.969, 0.964, 0.958, 0.952], "copy_last_db": [-4.46, -2.38, -1.54, -0.84], "lr": 0.0002995135962201315, "sec": 1410.7}
  ep3 step 500/10273 loss 0.1321 lr 2.99e-04 68s
  ep3 step 1000/10273 loss 0.1315 lr 2.99e-04 135s
  ep3 step 1500/10273 loss 0.1317 lr 2.99e-04 202s
  ep3 step 2000/10273 loss 0.1312 lr 2.99e-04 269s
  ep3 step 2500/10273 loss 0.1307 lr 2.99e-04 337s
  ep3 step 3000/10273 loss 0.1303 lr 2.99e-04 404s
  ep3 step 3500/10273 loss 0.1304 lr 2.99e-04 471s
  ep3 step 4000/10273 loss 0.1303 lr 2.99e-04 538s
  ep3 step 4500/10273 loss 0.1298 lr 2.99e-04 605s
  ep3 step 5000/10273 loss 0.1298 lr 2.99e-04 673s
  ep3 step 5500/10273 loss 0.1290 lr 2.99e-04 740s
  ep3 step 6000/10273 loss 0.1283 lr 2.99e-04 807s
  ep3 step 6500/10273 loss 0.1280 lr 2.99e-04 874s
  ep3 step 7000/10273 loss 0.1274 lr 2.99e-04 941s
  ep3 step 7500/10273 loss 0.1269 lr 2.99e-04 1009s
  ep3 step 8000/10273 loss 0.1266 lr 2.98e-04 1076s
  ep3 step 8500/10273 loss 0.1261 lr 2.98e-04 1145s
  ep3 step 9000/10273 loss 0.1256 lr 2.98e-04 1212s
  ep3 step 9500/10273 loss 0.1251 lr 2.98e-04 1279s
  ep3 step 10000/10273 loss 0.1246 lr 2.98e-04 1347s
{"ep": 3, "loss": 0.12443, "val_pooled_db": [-9.89, -9.08, -8.16, -7.26], "val_median_db": [-12.05, -11.09, -10.16, -9.14], "val_align_db": [-13.09, -12.38, -11.5, -10.83], "rho": [0.975, 0.971, 0.964, 0.958], "copy_last_db": [-4.46, -2.38, -1.54, -0.84], "lr": 0.00029805753939568687, "sec": 1411.1}
  ep4 step 500/10273 loss 0.1159 lr 2.98e-04 68s
  ep4 step 1000/10273 loss 0.1137 lr 2.98e-04 135s
  ep4 step 1500/10273 loss 0.1128 lr 2.98e-04 202s
  ep4 step 2000/10273 loss 0.1126 lr 2.98e-04 270s
  ep4 step 2500/10273 loss 0.1132 lr 2.98e-04 337s
  ep4 step 3000/10273 loss 0.1126 lr 2.97e-04 405s
  ep4 step 3500/10273 loss 0.1122 lr 2.97e-04 472s
  ep4 step 4000/10273 loss 0.1121 lr 2.97e-04 539s
  ep4 step 4500/10273 loss 0.1117 lr 2.97e-04 606s
  ep4 step 5000/10273 loss 0.1115 lr 2.97e-04 674s
  ep4 step 5500/10273 loss 0.1112 lr 2.97e-04 741s
  ep4 step 6000/10273 loss 0.1110 lr 2.97e-04 808s
  ep4 step 6500/10273 loss 0.1108 lr 2.97e-04 875s
  ep4 step 7000/10273 loss 0.1107 lr 2.97e-04 942s
  ep4 step 7500/10273 loss 0.1104 lr 2.96e-04 1010s
  ep4 step 8000/10273 loss 0.1101 lr 2.96e-04 1077s
  ep4 step 8500/10273 loss 0.1100 lr 2.96e-04 1144s
  ep4 step 9000/10273 loss 0.1097 lr 2.96e-04 1212s
  ep4 step 9500/10273 loss 0.1096 lr 2.96e-04 1279s
  ep4 step 10000/10273 loss 0.1094 lr 2.96e-04 1347s
{"ep": 4, "loss": 0.10927, "val_pooled_db": [-10.1, -9.19, -8.21, -7.31], "val_median_db": [-12.42, -11.35, -10.24, -9.32], "val_align_db": [-13.52, -12.79, -11.76, -11.04], "rho": [0.978, 0.973, 0.966, 0.96], "copy_last_db": [-4.46, -2.38, -1.54, -0.84], "lr": 0.00029564127261390776, "sec": 1411.2}
  ep5 step 500/10273 loss 0.1015 lr 2.95e-04 68s
  ep5 step 1000/10273 loss 0.1014 lr 2.95e-04 135s
  ep5 step 1500/10273 loss 0.1013 lr 2.95e-04 203s
  ep5 step 2000/10273 loss 0.1017 lr 2.95e-04 270s
  ep5 step 2500/10273 loss 0.1014 lr 2.95e-04 338s
  ep5 step 3000/10273 loss 0.1013 lr 2.95e-04 405s
  ep5 step 3500/10273 loss 0.1013 lr 2.95e-04 472s
  ep5 step 4000/10273 loss 0.1019 lr 2.94e-04 540s
  ep5 step 4500/10273 loss 0.1016 lr 2.94e-04 607s
  ep5 step 5000/10273 loss 0.1015 lr 2.94e-04 675s
  ep5 step 5500/10273 loss 0.1015 lr 2.94e-04 742s
  ep5 step 6000/10273 loss 0.1013 lr 2.94e-04 810s
  ep5 step 6500/10273 loss 0.1013 lr 2.94e-04 877s
  ep5 step 7000/10273 loss 0.1011 lr 2.93e-04 944s
  ep5 step 7500/10273 loss 0.1011 lr 2.93e-04 1012s
  ep5 step 8000/10273 loss 0.1009 lr 2.93e-04 1080s
  ep5 step 8500/10273 loss 0.1007 lr 2.93e-04 1148s
  ep5 step 9000/10273 loss 0.1006 lr 2.93e-04 1216s
  ep5 step 9500/10273 loss 0.1005 lr 2.93e-04 1283s
  ep5 step 10000/10273 loss 0.1004 lr 2.92e-04 1350s
{"ep": 5, "loss": 0.10021, "val_pooled_db": [-10.24, -9.33, -8.37, -7.43], "val_median_db": [-12.59, -11.56, -10.51, -9.5], "val_align_db": [-13.63, -12.96, -11.91, -11.18], "rho": [0.978, 0.974, 0.967, 0.961], "copy_last_db": [-4.46, -2.38, -1.54, -0.84], "lr": 0.00029228046629207175, "sec": 1415.0}
  ep6 step 500/10273 loss 0.0943 lr 2.92e-04 67s
  ep6 step 1000/10273 loss 0.0943 lr 2.92e-04 134s
  ep6 step 1500/10273 loss 0.0948 lr 2.92e-04 202s
  ep6 step 2000/10273 loss 0.0949 lr 2.92e-04 269s
  ep6 step 2500/10273 loss 0.0952 lr 2.91e-04 336s
  ep6 step 3000/10273 loss 0.0953 lr 2.91e-04 404s
  ep6 step 3500/10273 loss 0.0952 lr 2.91e-04 471s
  ep6 step 4000/10273 loss 0.0953 lr 2.91e-04 539s
  ep6 step 4500/10273 loss 0.0951 lr 2.91e-04 606s
  ep6 step 5000/10273 loss 0.0948 lr 2.90e-04 673s
  ep6 step 5500/10273 loss 0.0947 lr 2.90e-04 741s
  ep6 step 6000/10273 loss 0.0947 lr 2.90e-04 808s
  ep6 step 6500/10273 loss 0.0948 lr 2.90e-04 875s
  ep6 step 7000/10273 loss 0.0947 lr 2.89e-04 942s
  ep6 step 7500/10273 loss 0.0945 lr 2.89e-04 1010s
  ep6 step 8000/10273 loss 0.0946 lr 2.89e-04 1077s
  ep6 step 8500/10273 loss 0.0944 lr 2.89e-04 1144s
  ep6 step 9000/10273 loss 0.0943 lr 2.89e-04 1211s
  ep6 step 9500/10273 loss 0.0942 lr 2.88e-04 1279s
  ep6 step 10000/10273 loss 0.0940 lr 2.88e-04 1346s
{"ep": 6, "loss": 0.09395, "val_pooled_db": [-10.3, -9.39, -8.43, -7.53], "val_median_db": [-12.82, -11.72, -10.61, -9.63], "val_align_db": [-13.92, -13.12, -12.05, -11.3], "rho": [0.98, 0.975, 0.968, 0.962], "copy_last_db": [-4.46, -2.38, -1.54, -0.84], "lr": 0.0002879969165488236, "sec": 1410.7}
  ep7 step 500/10273 loss 0.0908 lr 2.88e-04 68s
  ep7 step 1000/10273 loss 0.0901 lr 2.88e-04 135s
  ep7 step 1500/10273 loss 0.0908 lr 2.87e-04 202s
  ep7 step 2000/10273 loss 0.0902 lr 2.87e-04 269s
  ep7 step 2500/10273 loss 0.0902 lr 2.87e-04 337s
  ep7 step 3000/10273 loss 0.0899 lr 2.87e-04 404s
  ep7 step 3500/10273 loss 0.0897 lr 2.86e-04 472s
  ep7 step 4000/10273 loss 0.0896 lr 2.86e-04 539s
  ep7 step 4500/10273 loss 0.0896 lr 2.86e-04 606s
  ep7 step 5000/10273 loss 0.0895 lr 2.86e-04 674s
  ep7 step 5500/10273 loss 0.0894 lr 2.85e-04 741s
  ep7 step 6000/10273 loss 0.0894 lr 2.85e-04 808s
  ep7 step 6500/10273 loss 0.0897 lr 2.85e-04 876s
  ep7 step 7000/10273 loss 0.0897 lr 2.85e-04 943s
  ep7 step 7500/10273 loss 0.0895 lr 2.84e-04 1010s
  ep7 step 8000/10273 loss 0.0894 lr 2.84e-04 1078s
  ep7 step 8500/10273 loss 0.0892 lr 2.84e-04 1146s
  ep7 step 9000/10273 loss 0.0892 lr 2.84e-04 1214s
  ep7 step 9500/10273 loss 0.0893 lr 2.83e-04 1281s
  ep7 step 10000/10273 loss 0.0892 lr 2.83e-04 1348s
{"ep": 7, "loss": 0.08911, "val_pooled_db": [-10.38, -9.4, -8.44, -7.5], "val_median_db": [-13.01, -11.8, -10.68, -9.6], "val_align_db": [-14.04, -13.26, -12.18, -11.41], "rho": [0.98, 0.976, 0.969, 0.963], "copy_last_db": [-4.46, -2.38, -1.54, -0.84], "lr": 0.0002828184038479814, "sec": 1413.2}
  ep8 step 500/10273 loss 0.0876 lr 2.83e-04 68s
  ep8 step 1000/10273 loss 0.0863 lr 2.82e-04 135s
  ep8 step 1500/10273 loss 0.0857 lr 2.82e-04 202s
  ep8 step 2000/10273 loss 0.0855 lr 2.82e-04 269s
  ep8 step 2500/10273 loss 0.0858 lr 2.81e-04 337s
  ep8 step 3000/10273 loss 0.0858 lr 2.81e-04 404s
  ep8 step 3500/10273 loss 0.0855 lr 2.81e-04 471s
  ep8 step 4000/10273 loss 0.0854 lr 2.81e-04 539s
  ep8 step 4500/10273 loss 0.0852 lr 2.80e-04 606s
  ep8 step 5000/10273 loss 0.0853 lr 2.80e-04 674s
  ep8 step 5500/10273 loss 0.0853 lr 2.80e-04 742s
  ep8 step 6000/10273 loss 0.0852 lr 2.79e-04 810s
  ep8 step 6500/10273 loss 0.0854 lr 2.79e-04 877s
  ep8 step 7000/10273 loss 0.0853 lr 2.79e-04 945s
  ep8 step 7500/10273 loss 0.0852 lr 2.78e-04 1013s
  ep8 step 8000/10273 loss 0.0850 lr 2.78e-04 1081s
  ep8 step 8500/10273 loss 0.0851 lr 2.78e-04 1149s
  ep8 step 9000/10273 loss 0.0851 lr 2.78e-04 1216s
  ep8 step 9500/10273 loss 0.0851 lr 2.77e-04 1284s
  ep8 step 10000/10273 loss 0.0850 lr 2.77e-04 1352s
{"ep": 8, "loss": 0.08507, "val_pooled_db": [-10.39, -9.4, -8.46, -7.52], "val_median_db": [-13.01, -11.87, -10.66, -9.54], "val_align_db": [-14.08, -13.31, -12.14, -11.31], "rho": [0.98, 0.976, 0.969, 0.962], "copy_last_db": [-4.46, -2.38, -1.54, -0.84], "lr": 0.0002767785128315692, "sec": 1416.1}
  ep9 step 500/10273 loss 0.0847 lr 2.76e-04 68s
  ep9 step 1000/10273 loss 0.0833 lr 2.76e-04 135s
  ep9 step 1500/10273 loss 0.0827 lr 2.76e-04 203s
  ep9 step 2000/10273 loss 0.0825 lr 2.76e-04 270s
  ep9 step 2500/10273 loss 0.0830 lr 2.75e-04 338s
  ep9 step 3000/10273 loss 0.0828 lr 2.75e-04 406s
  ep9 step 3500/10273 loss 0.0825 lr 2.75e-04 473s
  ep9 step 4000/10273 loss 0.0828 lr 2.74e-04 541s
  ep9 step 4500/10273 loss 0.0827 lr 2.74e-04 608s
  ep9 step 5000/10273 loss 0.0826 lr 2.74e-04 676s
  ep9 step 5500/10273 loss 0.0824 lr 2.73e-04 743s
  ep9 step 6000/10273 loss 0.0823 lr 2.73e-04 811s
  ep9 step 6500/10273 loss 0.0823 lr 2.73e-04 878s
  ep9 step 7000/10273 loss 0.0821 lr 2.72e-04 946s
  ep9 step 7500/10273 loss 0.0820 lr 2.72e-04 1013s
  ep9 step 8000/10273 loss 0.0821 lr 2.72e-04 1081s
  ep9 step 8500/10273 loss 0.0820 lr 2.71e-04 1150s
  ep9 step 9000/10273 loss 0.0818 lr 2.71e-04 1218s
  ep9 step 9500/10273 loss 0.0818 lr 2.70e-04 1286s
  ep9 step 10000/10273 loss 0.0819 lr 2.70e-04 1353s
{"ep": 9, "loss": 0.08188, "val_pooled_db": [-10.33, -9.33, -8.38, -7.42], "val_median_db": [-13.09, -11.83, -10.72, -9.67], "val_align_db": [-14.14, -13.32, -12.22, -11.4], "rho": [0.981, 0.976, 0.97, 0.963], "copy_last_db": [-4.46, -2.38, -1.54, -0.84], "lr": 0.00026991641451052517, "sec": 1417.7}
  ep10 step 500/10273 loss 0.0779 lr 2.70e-04 68s
  ep10 step 1000/10273 loss 0.0785 lr 2.69e-04 136s
  ep10 step 1500/10273 loss 0.0793 lr 2.69e-04 204s
  ep10 step 2000/10273 loss 0.0793 lr 2.68e-04 272s
  ep10 step 2500/10273 loss 0.0796 lr 2.68e-04 339s
  ep10 step 3000/10273 loss 0.0796 lr 2.68e-04 407s
  ep10 step 3500/10273 loss 0.0795 lr 2.67e-04 475s
  ep10 step 4000/10273 loss 0.0794 lr 2.67e-04 543s
  ep10 step 4500/10273 loss 0.0796 lr 2.67e-04 611s
  ep10 step 5000/10273 loss 0.0796 lr 2.66e-04 679s
  ep10 step 5500/10273 loss 0.0796 lr 2.66e-04 747s
  ep10 step 6000/10273 loss 0.0794 lr 2.66e-04 815s
  ep10 step 6500/10273 loss 0.0794 lr 2.65e-04 882s
  ep10 step 7000/10273 loss 0.0793 lr 2.65e-04 950s
  ep10 step 7500/10273 loss 0.0792 lr 2.64e-04 1018s
  ep10 step 8000/10273 loss 0.0792 lr 2.64e-04 1086s
  ep10 step 8500/10273 loss 0.0793 lr 2.64e-04 1154s
  ep10 step 9000/10273 loss 0.0793 lr 2.63e-04 1222s
  ep10 step 9500/10273 loss 0.0792 lr 2.63e-04 1290s
  ep10 step 10000/10273 loss 0.0793 lr 2.62e-04 1358s
{"ep": 10, "loss": 0.07926, "val_pooled_db": [-10.46, -9.48, -8.48, -7.48], "val_median_db": [-13.29, -12.04, -10.85, -9.7], "val_align_db": [-14.31, -13.42, -12.26, -11.38], "rho": [0.981, 0.977, 0.97, 0.963], "copy_last_db": [-4.46, -2.38, -1.54, -0.84], "lr": 0.00026227661222566516, "sec": 1422.6}
  ep11 step 500/10273 loss 0.0791 lr 2.62e-04 68s
  ep11 step 1000/10273 loss 0.0780 lr 2.61e-04 135s
  ep11 step 1500/10273 loss 0.0778 lr 2.61e-04 203s
  ep11 step 2000/10273 loss 0.0773 lr 2.61e-04 271s
  ep11 step 2500/10273 loss 0.0771 lr 2.60e-04 339s
  ep11 step 3000/10273 loss 0.0771 lr 2.60e-04 407s
  ep11 step 3500/10273 loss 0.0775 lr 2.60e-04 475s
  ep11 step 4000/10273 loss 0.0774 lr 2.59e-04 543s
  ep11 step 4500/10273 loss 0.0775 lr 2.59e-04 611s
  ep11 step 5000/10273 loss 0.0774 lr 2.58e-04 679s
  ep11 step 5500/10273 loss 0.0772 lr 2.58e-04 746s
  ep11 step 6000/10273 loss 0.0774 lr 2.57e-04 814s
  ep11 step 6500/10273 loss 0.0773 lr 2.57e-04 882s
  ep11 step 7000/10273 loss 0.0773 lr 2.57e-04 950s
  ep11 step 7500/10273 loss 0.0772 lr 2.56e-04 1017s
  ep11 step 8000/10273 loss 0.0771 lr 2.56e-04 1085s
  ep11 step 8500/10273 loss 0.0770 lr 2.55e-04 1154s
  ep11 step 9000/10273 loss 0.0770 lr 2.55e-04 1222s
  ep11 step 9500/10273 loss 0.0769 lr 2.55e-04 1290s
  ep11 step 10000/10273 loss 0.0771 lr 2.54e-04 1357s
{"ep": 11, "loss": 0.07702, "val_pooled_db": [-10.43, -9.43, -8.49, -7.49], "val_median_db": [-13.2, -11.91, -10.81, -9.68], "val_align_db": [-14.32, -13.34, -12.28, -11.41], "rho": [0.981, 0.977, 0.97, 0.963], "copy_last_db": [-4.46, -2.38, -1.54, -0.84], "lr": 0.0002539086530264399, "sec": 1421.8}
  ep12 step 500/10273 loss 0.0738 lr 2.53e-04 68s
  ep12 step 1000/10273 loss 0.0745 lr 2.53e-04 135s
  ep12 step 1500/10273 loss 0.0745 lr 2.53e-04 203s
  ep12 step 2000/10273 loss 0.0747 lr 2.52e-04 271s
  ep12 step 2500/10273 loss 0.0747 lr 2.52e-04 338s
  ep12 step 3000/10273 loss 0.0749 lr 2.51e-04 406s
  ep12 step 3500/10273 loss 0.0749 lr 2.51e-04 474s
  ep12 step 4000/10273 loss 0.0749 lr 2.50e-04 541s
  ep12 step 4500/10273 loss 0.0748 lr 2.50e-04 609s
  ep12 step 5000/10273 loss 0.0748 lr 2.50e-04 677s
  ep12 step 5500/10273 loss 0.0749 lr 2.49e-04 745s
  ep12 step 6000/10273 loss 0.0749 lr 2.49e-04 812s
  ep12 step 6500/10273 loss 0.0749 lr 2.48e-04 880s
  ep12 step 7000/10273 loss 0.0748 lr 2.48e-04 948s
  ep12 step 7500/10273 loss 0.0747 lr 2.47e-04 1016s
  ep12 step 8000/10273 loss 0.0746 lr 2.47e-04 1083s
  ep12 step 8500/10273 loss 0.0747 lr 2.46e-04 1151s
  ep12 step 9000/10273 loss 0.0749 lr 2.46e-04 1219s
  ep12 step 9500/10273 loss 0.0750 lr 2.46e-04 1287s
  ep12 step 10000/10273 loss 0.0750 lr 2.45e-04 1355s
{"ep": 12, "loss": 0.07493, "val_pooled_db": [-10.48, -9.44, -8.47, -7.47], "val_median_db": [-13.25, -12.04, -10.91, -9.87], "val_align_db": [-14.36, -13.53, -12.45, -11.57], "rho": [0.981, 0.978, 0.971, 0.965], "copy_last_db": [-4.46, -2.38, -1.54, -0.84], "lr": 0.0002448668063393066, "sec": 1419.5}
  ep13 step 500/10273 loss 0.0735 lr 2.44e-04 67s
  ep13 step 1000/10273 loss 0.0732 lr 2.44e-04 135s
  ep13 step 1500/10273 loss 0.0728 lr 2.43e-04 202s
  ep13 step 2000/10273 loss 0.0728 lr 2.43e-04 270s
  ep13 step 2500/10273 loss 0.0734 lr 2.43e-04 337s
  ep13 step 3000/10273 loss 0.0734 lr 2.42e-04 404s
  ep13 step 3500/10273 loss 0.0733 lr 2.42e-04 472s
  ep13 step 4000/10273 loss 0.0732 lr 2.41e-04 539s
  ep13 step 4500/10273 loss 0.0732 lr 2.41e-04 607s
  ep13 step 5000/10273 loss 0.0733 lr 2.40e-04 674s
  ep13 step 5500/10273 loss 0.0733 lr 2.40e-04 742s
  ep13 step 6000/10273 loss 0.0732 lr 2.39e-04 809s
  ep13 step 6500/10273 loss 0.0734 lr 2.39e-04 876s
  ep13 step 7000/10273 loss 0.0733 lr 2.38e-04 944s
  ep13 step 7500/10273 loss 0.0734 lr 2.38e-04 1011s
  ep13 step 8000/10273 loss 0.0733 lr 2.37e-04 1080s
  ep13 step 8500/10273 loss 0.0735 lr 2.37e-04 1148s
  ep13 step 9000/10273 loss 0.0734 lr 2.36e-04 1216s
  ep13 step 9500/10273 loss 0.0734 lr 2.36e-04 1283s
  ep13 step 10000/10273 loss 0.0733 lr 2.35e-04 1351s
{"ep": 13, "loss": 0.07325, "val_pooled_db": [-10.37, -9.42, -8.45, -7.44], "val_median_db": [-13.16, -11.96, -10.6, -9.41], "val_align_db": [-14.26, -13.41, -12.28, -11.3], "rho": [0.981, 0.977, 0.97, 0.962], "copy_last_db": [-4.46, -2.38, -1.54, -0.84], "lr": 0.00023520971200967334, "sec": 1415.1}
  ep14 step 500/10273 loss 0.0749 lr 2.35e-04 68s
  ep14 step 1000/10273 loss 0.0731 lr 2.34e-04 137s
  ep14 step 1500/10273 loss 0.0724 lr 2.34e-04 205s
  ep14 step 2000/10273 loss 0.0722 lr 2.33e-04 273s
  ep14 step 2500/10273 loss 0.0731 lr 2.33e-04 341s
  ep14 step 3000/10273 loss 0.0727 lr 2.32e-04 409s
  ep14 step 3500/10273 loss 0.0725 lr 2.32e-04 477s
  ep14 step 4000/10273 loss 0.0722 lr 2.31e-04 545s
  ep14 step 4500/10273 loss 0.0721 lr 2.31e-04 613s
  ep14 step 5000/10273 loss 0.0722 lr 2.30e-04 680s
  ep14 step 5500/10273 loss 0.0722 lr 2.30e-04 748s
  ep14 step 6000/10273 loss 0.0721 lr 2.29e-04 816s
  ep14 step 6500/10273 loss 0.0722 lr 2.29e-04 884s
  ep14 step 7000/10273 loss 0.0721 lr 2.28e-04 952s
  ep14 step 7500/10273 loss 0.0719 lr 2.28e-04 1020s
  ep14 step 8000/10273 loss 0.0719 lr 2.27e-04 1088s
  ep14 step 8500/10273 loss 0.0718 lr 2.27e-04 1156s
  ep14 step 9000/10273 loss 0.0718 lr 2.26e-04 1224s
  ep14 step 9500/10273 loss 0.0717 lr 2.26e-04 1292s
  ep14 step 10000/10273 loss 0.0716 lr 2.25e-04 1360s
{"ep": 14, "loss": 0.07174, "val_pooled_db": [-10.12, -9.16, -8.27, -7.35], "val_median_db": [-12.84, -11.64, -10.43, -9.31], "val_align_db": [-13.95, -13.15, -12.03, -11.17], "rho": [0.98, 0.975, 0.968, 0.961], "copy_last_db": [-4.46, -2.38, -1.54, -0.84], "lr": 0.000225, "sec": 1424.4}
  ep15 step 500/10273 loss 0.0706 lr 2.24e-04 67s
  ep15 step 1000/10273 loss 0.0711 lr 2.24e-04 134s
  ep15 step 1500/10273 loss 0.0706 lr 2.23e-04 201s
  ep15 step 2000/10273 loss 0.0714 lr 2.23e-04 268s
  ep15 step 2500/10273 loss 0.0710 lr 2.22e-04 336s
  ep15 step 3000/10273 loss 0.0709 lr 2.22e-04 403s
  ep15 step 3500/10273 loss 0.0706 lr 2.21e-04 470s
  ep15 step 4000/10273 loss 0.0705 lr 2.21e-04 537s
  ep15 step 4500/10273 loss 0.0707 lr 2.20e-04 604s
  ep15 step 5000/10273 loss 0.0709 lr 2.20e-04 671s
  ep15 step 5500/10273 loss 0.0707 lr 2.19e-04 739s
  ep15 step 6000/10273 loss 0.0706 lr 2.19e-04 806s
  ep15 step 6500/10273 loss 0.0706 lr 2.18e-04 873s
  ep15 step 7000/10273 loss 0.0705 lr 2.18e-04 940s
  ep15 step 7500/10273 loss 0.0705 lr 2.17e-04 1008s
  ep15 step 8000/10273 loss 0.0704 lr 2.17e-04 1076s
  ep15 step 8500/10273 loss 0.0704 lr 2.16e-04 1144s
  ep15 step 9000/10273 loss 0.0704 lr 2.16e-04 1211s
  ep15 step 9500/10273 loss 0.0705 lr 2.15e-04 1278s
  ep15 step 10000/10273 loss 0.0704 lr 2.15e-04 1345s
{"ep": 15, "loss": 0.0704, "val_pooled_db": [-10.47, -9.48, -8.56, -7.53], "val_median_db": [-13.35, -12.15, -10.76, -9.5], "val_align_db": [-14.5, -13.64, -12.45, -11.49], "rho": [0.982, 0.978, 0.971, 0.964], "copy_last_db": [-4.46, -2.38, -1.54, -0.84], "lr": 0.0002143038842104581, "sec": 1409.0}
  ep16 step 500/10273 loss 0.0714 lr 2.14e-04 67s
  ep16 step 1000/10273 loss 0.0699 lr 2.13e-04 135s
  ep16 step 1500/10273 loss 0.0693 lr 2.13e-04 202s
  ep16 step 2000/10273 loss 0.0691 lr 2.12e-04 270s
  ep16 step 2500/10273 loss 0.0690 lr 2.12e-04 337s
  ep16 step 3000/10273 loss 0.0691 lr 2.11e-04 405s
  ep16 step 3500/10273 loss 0.0693 lr 2.11e-04 472s
  ep16 step 4000/10273 loss 0.0693 lr 2.10e-04 540s
  ep16 step 4500/10273 loss 0.0692 lr 2.09e-04 607s
  ep16 step 5000/10273 loss 0.0694 lr 2.09e-04 674s
  ep16 step 5500/10273 loss 0.0694 lr 2.08e-04 742s
  ep16 step 6000/10273 loss 0.0693 lr 2.08e-04 809s
  ep16 step 6500/10273 loss 0.0693 lr 2.07e-04 876s
  ep16 step 7000/10273 loss 0.0692 lr 2.07e-04 944s
  ep16 step 7500/10273 loss 0.0690 lr 2.06e-04 1011s
  ep16 step 8000/10273 loss 0.0690 lr 2.06e-04 1079s
  ep16 step 8500/10273 loss 0.0692 lr 2.05e-04 1146s
  ep16 step 9000/10273 loss 0.0692 lr 2.05e-04 1213s
  ep16 step 9500/10273 loss 0.0691 lr 2.04e-04 1281s
  ep16 step 10000/10273 loss 0.0690 lr 2.03e-04 1348s
{"ep": 16, "loss": 0.069, "val_pooled_db": [-10.46, -9.48, -8.54, -7.56], "val_median_db": [-13.31, -12.16, -11.03, -9.98], "val_align_db": [-14.43, -13.61, -12.48, -11.61], "rho": [0.982, 0.978, 0.971, 0.965], "copy_last_db": [-4.46, -2.38, -1.54, -0.84], "lr": 0.0002031907330563803, "sec": 1412.4}
  ep17 step 500/10273 loss 0.0699 lr 2.03e-04 68s
  ep17 step 1000/10273 loss 0.0684 lr 2.02e-04 135s
  ep17 step 1500/10273 loss 0.0683 lr 2.02e-04 203s
  ep17 step 2000/10273 loss 0.0686 lr 2.01e-04 271s
  ep17 step 2500/10273 loss 0.0689 lr 2.00e-04 338s
  ep17 step 3000/10273 loss 0.0685 lr 2.00e-04 406s
  ep17 step 3500/10273 loss 0.0684 lr 1.99e-04 473s
  ep17 step 4000/10273 loss 0.0682 lr 1.99e-04 540s
  ep17 step 4500/10273 loss 0.0681 lr 1.98e-04 608s
  ep17 step 5000/10273 loss 0.0683 lr 1.98e-04 675s
  ep17 step 5500/10273 loss 0.0682 lr 1.97e-04 743s
  ep17 step 6000/10273 loss 0.0682 lr 1.97e-04 811s
  ep17 step 6500/10273 loss 0.0681 lr 1.96e-04 878s
  ep17 step 7000/10273 loss 0.0681 lr 1.95e-04 945s
  ep17 step 7500/10273 loss 0.0681 lr 1.95e-04 1013s
  ep17 step 8000/10273 loss 0.0680 lr 1.94e-04 1081s
  ep17 step 8500/10273 loss 0.0679 lr 1.94e-04 1149s
  ep17 step 9000/10273 loss 0.0679 lr 1.93e-04 1217s
  ep17 step 9500/10273 loss 0.0678 lr 1.93e-04 1284s
  ep17 step 10000/10273 loss 0.0680 lr 1.92e-04 1352s
{"ep": 17, "loss": 0.06792, "val_pooled_db": [-10.48, -9.5, -8.56, -7.53], "val_median_db": [-13.43, -12.19, -10.95, -9.8], "val_align_db": [-14.58, -13.61, -12.54, -11.6], "rho": [0.982, 0.978, 0.972, 0.965], "copy_last_db": [-4.46, -2.38, -1.54, -0.84], "lr": 0.0001917326195874679, "sec": 1415.8}
  ep18 step 500/10273 loss 0.0660 lr 1.91e-04 68s
  ep18 step 1000/10273 loss 0.0680 lr 1.91e-04 136s
  ep18 step 1500/10273 loss 0.0674 lr 1.90e-04 204s
  ep18 step 2000/10273 loss 0.0678 lr 1.89e-04 272s
  ep18 step 2500/10273 loss 0.0678 lr 1.89e-04 340s
  ep18 step 3000/10273 loss 0.0676 lr 1.88e-04 408s
  ep18 step 3500/10273 loss 0.0674 lr 1.88e-04 475s
  ep18 step 4000/10273 loss 0.0672 lr 1.87e-04 543s
  ep18 step 4500/10273 loss 0.0673 lr 1.87e-04 611s
  ep18 step 5000/10273 loss 0.0671 lr 1.86e-04 679s
  ep18 step 5500/10273 loss 0.0671 lr 1.85e-04 747s
  ep18 step 6000/10273 loss 0.0671 lr 1.85e-04 815s
  ep18 step 6500/10273 loss 0.0670 lr 1.84e-04 883s
  ep18 step 7000/10273 loss 0.0669 lr 1.84e-04 951s
  ep18 step 7500/10273 loss 0.0669 lr 1.83e-04 1019s
  ep18 step 8000/10273 loss 0.0668 lr 1.83e-04 1087s
  ep18 step 8500/10273 loss 0.0669 lr 1.82e-04 1155s
  ep18 step 9000/10273 loss 0.0668 lr 1.81e-04 1223s
  ep18 step 9500/10273 loss 0.0667 lr 1.81e-04 1290s
  ep18 step 10000/10273 loss 0.0667 lr 1.80e-04 1358s
{"ep": 18, "loss": 0.06672, "val_pooled_db": [-10.46, -9.45, -8.52, -7.52], "val_median_db": [-13.47, -12.17, -10.92, -9.76], "val_align_db": [-14.52, -13.65, -12.52, -11.58], "rho": [0.982, 0.978, 0.972, 0.965], "copy_last_db": [-4.46, -2.38, -1.54, -0.84], "lr": 0.00018000385406640666, "sec": 1422.7}
  ep19 step 500/10273 loss 0.0654 lr 1.79e-04 67s
  ep19 step 1000/10273 loss 0.0652 lr 1.79e-04 134s
  ep19 step 1500/10273 loss 0.0656 lr 1.78e-04 202s
  ep19 step 2000/10273 loss 0.0654 lr 1.78e-04 269s
  ep19 step 2500/10273 loss 0.0655 lr 1.77e-04 336s
  ep19 step 3000/10273 loss 0.0653 lr 1.77e-04 404s
  ep19 step 3500/10273 loss 0.0654 lr 1.76e-04 471s
  ep19 step 4000/10273 loss 0.0654 lr 1.75e-04 539s
  ep19 step 4500/10273 loss 0.0654 lr 1.75e-04 607s
  ep19 step 5000/10273 loss 0.0653 lr 1.74e-04 675s
  ep19 step 5500/10273 loss 0.0653 lr 1.74e-04 743s
  ep19 step 6000/10273 loss 0.0653 lr 1.73e-04 810s
  ep19 step 6500/10273 loss 0.0654 lr 1.72e-04 878s
  ep19 step 7000/10273 loss 0.0656 lr 1.72e-04 947s
  ep19 step 7500/10273 loss 0.0656 lr 1.71e-04 1014s
  ep19 step 8000/10273 loss 0.0655 lr 1.71e-04 1083s
  ep19 step 8500/10273 loss 0.0655 lr 1.70e-04 1152s
  ep19 step 9000/10273 loss 0.0657 lr 1.70e-04 1221s
  ep19 step 9500/10273 loss 0.0657 lr 1.69e-04 1291s
  ep19 step 10000/10273 loss 0.0657 lr 1.68e-04 1363s
{"ep": 19, "loss": 0.06573, "val_pooled_db": [-10.5, -9.46, -8.46, -7.44], "val_median_db": [-13.47, -12.17, -10.94, -9.77], "val_align_db": [-14.6, -13.64, -12.43, -11.55], "rho": [0.983, 0.978, 0.971, 0.964], "copy_last_db": [-4.46, -2.38, -1.54, -0.84], "lr": 0.00016808050203829842, "sec": 1444.1}
  ep20 step 500/10273 loss 0.0646 lr 1.67e-04 79s
  ep20 step 1000/10273 loss 0.0647 lr 1.67e-04 156s
  ep20 step 1500/10273 loss 0.0648 lr 1.66e-04 229s
  ep20 step 2000/10273 loss 0.0647 lr 1.66e-04 299s
  ep20 step 2500/10273 loss 0.0647 lr 1.65e-04 369s
  ep20 step 3000/10273 loss 0.0653 lr 1.65e-04 440s
  ep20 step 3500/10273 loss 0.0653 lr 1.64e-04 510s
  ep20 step 4000/10273 loss 0.0652 lr 1.63e-04 580s
  ep20 step 4500/10273 loss 0.0651 lr 1.63e-04 650s
  ep20 step 5000/10273 loss 0.0650 lr 1.62e-04 719s
  ep20 step 5500/10273 loss 0.0649 lr 1.62e-04 788s
  ep20 step 6000/10273 loss 0.0649 lr 1.61e-04 856s
  ep20 step 6500/10273 loss 0.0648 lr 1.60e-04 923s
  ep20 step 7000/10273 loss 0.0647 lr 1.60e-04 991s
  ep20 step 7500/10273 loss 0.0647 lr 1.59e-04 1059s
  ep20 step 8000/10273 loss 0.0646 lr 1.59e-04 1126s
  ep20 step 8500/10273 loss 0.0648 lr 1.58e-04 1194s
  ep20 step 9000/10273 loss 0.0648 lr 1.58e-04 1261s
  ep20 step 9500/10273 loss 0.0648 lr 1.57e-04 1329s
  ep20 step 10000/10273 loss 0.0648 lr 1.56e-04 1397s
{"ep": 20, "loss": 0.06483, "val_pooled_db": [-10.48, -9.45, -8.48, -7.51], "val_median_db": [-13.52, -12.25, -11.0, -9.84], "val_align_db": [-14.63, -13.73, -12.5, -11.62], "rho": [0.983, 0.979, 0.971, 0.965], "copy_last_db": [-4.46, -2.38, -1.54, -0.84], "lr": 0.00015603989101641228, "sec": 1460.8}
  ep21 step 500/10273 loss 0.0631 lr 1.55e-04 68s
  ep21 step 1000/10273 loss 0.0635 lr 1.55e-04 135s
  ep21 step 1500/10273 loss 0.0636 lr 1.54e-04 203s
  ep21 step 2000/10273 loss 0.0639 lr 1.54e-04 271s
  ep21 step 2500/10273 loss 0.0645 lr 1.53e-04 338s
  ep21 step 3000/10273 loss 0.0644 lr 1.53e-04 406s
  ep21 step 3500/10273 loss 0.0642 lr 1.52e-04 473s
  ep21 step 4000/10273 loss 0.0643 lr 1.51e-04 541s
  ep21 step 4500/10273 loss 0.0645 lr 1.51e-04 609s
  ep21 step 5000/10273 loss 0.0644 lr 1.50e-04 676s
  ep21 step 5500/10273 loss 0.0643 lr 1.50e-04 744s
  ep21 step 6000/10273 loss 0.0642 lr 1.49e-04 811s
  ep21 step 6500/10273 loss 0.0643 lr 1.48e-04 879s
  ep21 step 7000/10273 loss 0.0642 lr 1.48e-04 947s
  ep21 step 7500/10273 loss 0.0642 lr 1.47e-04 1014s
  ep21 step 8000/10273 loss 0.0641 lr 1.47e-04 1082s
  ep21 step 8500/10273 loss 0.0641 lr 1.46e-04 1149s
  ep21 step 9000/10273 loss 0.0641 lr 1.45e-04 1217s
  ep21 step 9500/10273 loss 0.0640 lr 1.45e-04 1284s
  ep21 step 10000/10273 loss 0.0639 lr 1.44e-04 1352s
{"ep": 21, "loss": 0.06392, "val_pooled_db": [-10.49, -9.46, -8.48, -7.49], "val_median_db": [-13.49, -12.19, -10.91, -9.83], "val_align_db": [-14.63, -13.71, -12.46, -11.57], "rho": [0.983, 0.978, 0.971, 0.965], "copy_last_db": [-4.46, -2.38, -1.54, -0.84], "lr": 0.00014396010898358775, "sec": 1415.0}
  ep22 step 500/10273 loss 0.0629 lr 1.43e-04 68s
  ep22 step 1000/10273 loss 0.0629 lr 1.43e-04 135s
  ep22 step 1500/10273 loss 0.0626 lr 1.42e-04 203s
  ep22 step 2000/10273 loss 0.0627 lr 1.42e-04 270s
  ep22 step 2500/10273 loss 0.0632 lr 1.41e-04 338s
  ep22 step 3000/10273 loss 0.0631 lr 1.40e-04 406s
  ep22 step 3500/10273 loss 0.0630 lr 1.40e-04 473s
  ep22 step 4000/10273 loss 0.0630 lr 1.39e-04 541s
  ep22 step 4500/10273 loss 0.0632 lr 1.39e-04 608s
  ep22 step 5000/10273 loss 0.0631 lr 1.38e-04 676s
  ep22 step 5500/10273 loss 0.0631 lr 1.38e-04 743s
  ep22 step 6000/10273 loss 0.0631 lr 1.37e-04 811s
  ep22 step 6500/10273 loss 0.0632 lr 1.36e-04 878s
  ep22 step 7000/10273 loss 0.0632 lr 1.36e-04 946s
  ep22 step 7500/10273 loss 0.0631 lr 1.35e-04 1014s
  ep22 step 8000/10273 loss 0.0632 lr 1.35e-04 1082s
  ep22 step 8500/10273 loss 0.0633 lr 1.34e-04 1149s
  ep22 step 9000/10273 loss 0.0632 lr 1.33e-04 1216s
  ep22 step 9500/10273 loss 0.0633 lr 1.33e-04 1284s
  ep22 step 10000/10273 loss 0.0633 lr 1.32e-04 1352s
{"ep": 22, "loss": 0.06323, "val_pooled_db": [-10.44, -9.4, -8.45, -7.49], "val_median_db": [-13.45, -12.21, -10.92, -9.79], "val_align_db": [-14.59, -13.73, -12.47, -11.56], "rho": [0.982, 0.979, 0.971, 0.964], "copy_last_db": [-4.46, -2.38, -1.54, -0.84], "lr": 0.00013191949796170156, "sec": 1414.6}
early stopping at ep 22 (best ep 17, -9.02 dB)
DONE best_ep 17 val_mean_pooled_db -9.02
