[mm] sensors ['pos'] pos_source true window_bytes {'pos': 640} coverage {"pos": {"source": "true", "nan_rows": 0, "missing_yaml": 0, "examples": [], "n": 53800}}
[mm_pos_true_bc] frames 53800 Nr 16 Nt 64 Ksc 64 | split B1: train windows 43121 (x16 = 689936), val windows 2439 (x16 = 39024) | load 0s
model mm:chiron params 19.23M | args {"model": "mm:chiron", "run_id": "mm_pos_true_bc", "setting": "Nt_1_64_Nr_1_16_fc_28GHz", "Ksc": 64, "K_hist": 16, "H_pred": 4, "split": "B1", "seed": 42, "epochs": 40, "patience": 5, "lr": 0.0003, "wd": 0.0001, "batch": 64, "clip": 1.0, "warmup_epochs": 1.0, "D": 512, "L": 6, "heads": 8, "dropout": 0.1, "no_pos_emb": false, "residual": false, "c_hid": 128, "c_enc": 32, "norm": "rms", "patch_h": 4, "patch_w": 16, "lwm11_init": "pretrained", "lwm11_freeze": "none", "in_scale": 1.0, "t_layers": 2, "device": "cuda:0", "workers": 0, "max_train_windows": 0, "eval_every": 1, "out_root": "/mnt/ssd_7t_2/carla-wireless-dataset/mmw_reproduction/outputs_cp", "sensors": "pos", "pos_source": "true", "pos_mode": "broadcast", "fuse_layers": 3, "causal_mask": false, "sensor_cache_root": "", "backbone_init": ""}
[mm] param_groups {"backbone_no_head": 9178368, "head": 9978368, "fusion": 0, "embeddings": 5120, "enc_pos": 68608, "sensor_encoders": 68608, "total": 19230464}
  ep1 step 500/10781 loss 1.1703 lr 1.39e-05 69s
  ep1 step 1000/10781 loss 1.0942 lr 2.79e-05 137s
  ep1 step 1500/10781 loss 1.0635 lr 4.18e-05 206s
  ep1 step 2000/10781 loss 1.0451 lr 5.57e-05 274s
  ep1 step 2500/10781 loss 1.0330 lr 6.96e-05 343s
  ep1 step 3000/10781 loss 1.0240 lr 8.35e-05 411s
  ep1 step 3500/10781 loss 1.0167 lr 9.74e-05 479s
  ep1 step 4000/10781 loss 1.0100 lr 1.11e-04 547s
  ep1 step 4500/10781 loss 1.0036 lr 1.25e-04 616s
  ep1 step 5000/10781 loss 0.9972 lr 1.39e-04 684s
  ep1 step 5500/10781 loss 0.9896 lr 1.53e-04 753s
  ep1 step 6000/10781 loss 0.9812 lr 1.67e-04 821s
  ep1 step 6500/10781 loss 0.9713 lr 1.81e-04 889s
  ep1 step 7000/10781 loss 0.9587 lr 1.95e-04 958s
  ep1 step 7500/10781 loss 0.9436 lr 2.09e-04 1026s
  ep1 step 8000/10781 loss 0.9249 lr 2.23e-04 1094s
  ep1 step 8500/10781 loss 0.9016 lr 2.37e-04 1163s
  ep1 step 9000/10781 loss 0.8764 lr 2.50e-04 1231s
  ep1 step 9500/10781 loss 0.8492 lr 2.64e-04 1300s
  ep1 step 10000/10781 loss 0.8221 lr 2.78e-04 1370s
  ep1 step 10500/10781 loss 0.7965 lr 2.92e-04 1441s
{"ep": 1, "loss": 0.78282, "val_pooled_db": [-7.9, -7.39, -6.88, -6.42], "val_median_db": [-9.84, -9.51, -8.78, -8.28], "val_align_db": [-11.08, -10.81, -10.32, -10.02], "rho": [0.96, 0.958, 0.952, 0.949], "copy_last_db": [-4.45, -1.94, -1.6, -1.16], "lr": 0.0003, "sec": 1505.9}
  ep2 step 500/10781 loss 0.2364 lr 3.00e-04 68s
  ep2 step 1000/10781 loss 0.2322 lr 3.00e-04 137s
  ep2 step 1500/10781 loss 0.2235 lr 3.00e-04 205s
  ep2 step 2000/10781 loss 0.2227 lr 3.00e-04 273s
  ep2 step 2500/10781 loss 0.2164 lr 3.00e-04 341s
  ep2 step 3000/10781 loss 0.2114 lr 3.00e-04 409s
  ep2 step 3500/10781 loss 0.2085 lr 3.00e-04 477s
  ep2 step 4000/10781 loss 0.2048 lr 3.00e-04 545s
  ep2 step 4500/10781 loss 0.2013 lr 3.00e-04 613s
  ep2 step 5000/10781 loss 0.1981 lr 3.00e-04 681s
  ep2 step 5500/10781 loss 0.1955 lr 3.00e-04 750s
  ep2 step 6000/10781 loss 0.1930 lr 3.00e-04 818s
  ep2 step 6500/10781 loss 0.1906 lr 3.00e-04 886s
  ep2 step 7000/10781 loss 0.1885 lr 3.00e-04 954s
  ep2 step 7500/10781 loss 0.1863 lr 3.00e-04 1022s
  ep2 step 8000/10781 loss 0.1844 lr 3.00e-04 1090s
  ep2 step 8500/10781 loss 0.1830 lr 3.00e-04 1158s
  ep2 step 9000/10781 loss 0.1813 lr 3.00e-04 1226s
  ep2 step 9500/10781 loss 0.1796 lr 3.00e-04 1294s
  ep2 step 10000/10781 loss 0.1780 lr 3.00e-04 1362s
  ep2 step 10500/10781 loss 0.1765 lr 3.00e-04 1430s
{"ep": 2, "loss": 0.17582, "val_pooled_db": [-10.5, -9.63, -8.85, -8.17], "val_median_db": [-13.49, -12.76, -11.73, -11.09], "val_align_db": [-15.13, -14.56, -13.68, -13.19], "rho": [0.985, 0.982, 0.978, 0.976], "copy_last_db": [-4.45, -1.94, -1.6, -1.16], "lr": 0.0002995135962201315, "sec": 1493.6}
  ep3 step 500/10781 loss 0.1411 lr 2.99e-04 68s
  ep3 step 1000/10781 loss 0.1407 lr 2.99e-04 136s
  ep3 step 1500/10781 loss 0.1417 lr 2.99e-04 204s
  ep3 step 2000/10781 loss 0.1401 lr 2.99e-04 272s
  ep3 step 2500/10781 loss 0.1393 lr 2.99e-04 340s
  ep3 step 3000/10781 loss 0.1387 lr 2.99e-04 408s
  ep3 step 3500/10781 loss 0.1385 lr 2.99e-04 476s
  ep3 step 4000/10781 loss 0.1382 lr 2.99e-04 544s
  ep3 step 4500/10781 loss 0.1379 lr 2.99e-04 613s
  ep3 step 5000/10781 loss 0.1372 lr 2.99e-04 681s
  ep3 step 5500/10781 loss 0.1367 lr 2.99e-04 749s
  ep3 step 6000/10781 loss 0.1362 lr 2.99e-04 817s
  ep3 step 6500/10781 loss 0.1354 lr 2.99e-04 885s
  ep3 step 7000/10781 loss 0.1350 lr 2.99e-04 953s
  ep3 step 7500/10781 loss 0.1343 lr 2.99e-04 1021s
  ep3 step 8000/10781 loss 0.1341 lr 2.99e-04 1089s
  ep3 step 8500/10781 loss 0.1335 lr 2.98e-04 1157s
  ep3 step 9000/10781 loss 0.1333 lr 2.98e-04 1225s
  ep3 step 9500/10781 loss 0.1329 lr 2.98e-04 1293s
  ep3 step 10000/10781 loss 0.1325 lr 2.98e-04 1361s
  ep3 step 10500/10781 loss 0.1319 lr 2.98e-04 1430s
{"ep": 3, "loss": 0.13157, "val_pooled_db": [-11.04, -10.15, -9.39, -8.66], "val_median_db": [-14.55, -13.76, -12.93, -12.17], "val_align_db": [-16.19, -15.65, -14.92, -14.25], "rho": [0.988, 0.986, 0.984, 0.981], "copy_last_db": [-4.45, -1.94, -1.6, -1.16], "lr": 0.00029805753939568687, "sec": 1493.0}
  ep4 step 500/10781 loss 0.1179 lr 2.98e-04 68s
  ep4 step 1000/10781 loss 0.1176 lr 2.98e-04 136s
  ep4 step 1500/10781 loss 0.1177 lr 2.98e-04 204s
  ep4 step 2000/10781 loss 0.1187 lr 2.98e-04 272s
  ep4 step 2500/10781 loss 0.1185 lr 2.98e-04 340s
  ep4 step 3000/10781 loss 0.1179 lr 2.97e-04 408s
  ep4 step 3500/10781 loss 0.1175 lr 2.97e-04 477s
  ep4 step 4000/10781 loss 0.1171 lr 2.97e-04 545s
  ep4 step 4500/10781 loss 0.1171 lr 2.97e-04 613s
  ep4 step 5000/10781 loss 0.1171 lr 2.97e-04 681s
  ep4 step 5500/10781 loss 0.1167 lr 2.97e-04 749s
  ep4 step 6000/10781 loss 0.1164 lr 2.97e-04 817s
  ep4 step 6500/10781 loss 0.1161 lr 2.97e-04 885s
  ep4 step 7000/10781 loss 0.1157 lr 2.97e-04 953s
  ep4 step 7500/10781 loss 0.1155 lr 2.96e-04 1021s
  ep4 step 8000/10781 loss 0.1152 lr 2.96e-04 1089s
  ep4 step 8500/10781 loss 0.1148 lr 2.96e-04 1157s
  ep4 step 9000/10781 loss 0.1146 lr 2.96e-04 1225s
  ep4 step 9500/10781 loss 0.1143 lr 2.96e-04 1293s
  ep4 step 10000/10781 loss 0.1140 lr 2.96e-04 1361s
  ep4 step 10500/10781 loss 0.1138 lr 2.96e-04 1430s
{"ep": 4, "loss": 0.11368, "val_pooled_db": [-11.28, -10.25, -9.42, -8.62], "val_median_db": [-14.87, -13.93, -12.88, -12.22], "val_align_db": [-16.63, -15.92, -15.01, -14.31], "rho": [0.989, 0.987, 0.984, 0.981], "copy_last_db": [-4.45, -1.94, -1.6, -1.16], "lr": 0.00029564127261390776, "sec": 1493.0}
  ep5 step 500/10781 loss 0.1048 lr 2.96e-04 68s
  ep5 step 1000/10781 loss 0.1063 lr 2.95e-04 136s
  ep5 step 1500/10781 loss 0.1062 lr 2.95e-04 204s
  ep5 step 2000/10781 loss 0.1059 lr 2.95e-04 272s
  ep5 step 2500/10781 loss 0.1062 lr 2.95e-04 340s
  ep5 step 3000/10781 loss 0.1061 lr 2.95e-04 408s
  ep5 step 3500/10781 loss 0.1058 lr 2.95e-04 476s
  ep5 step 4000/10781 loss 0.1054 lr 2.95e-04 544s
  ep5 step 4500/10781 loss 0.1053 lr 2.94e-04 612s
  ep5 step 5000/10781 loss 0.1051 lr 2.94e-04 680s
  ep5 step 5500/10781 loss 0.1048 lr 2.94e-04 748s
  ep5 step 6000/10781 loss 0.1045 lr 2.94e-04 816s
  ep5 step 6500/10781 loss 0.1044 lr 2.94e-04 884s
  ep5 step 7000/10781 loss 0.1044 lr 2.94e-04 952s
  ep5 step 7500/10781 loss 0.1042 lr 2.93e-04 1020s
  ep5 step 8000/10781 loss 0.1040 lr 2.93e-04 1088s
  ep5 step 8500/10781 loss 0.1038 lr 2.93e-04 1156s
  ep5 step 9000/10781 loss 0.1036 lr 2.93e-04 1224s
  ep5 step 9500/10781 loss 0.1034 lr 2.93e-04 1292s
  ep5 step 10000/10781 loss 0.1033 lr 2.93e-04 1360s
  ep5 step 10500/10781 loss 0.1031 lr 2.92e-04 1429s
{"ep": 5, "loss": 0.103, "val_pooled_db": [-11.19, -10.23, -9.37, -8.56], "val_median_db": [-14.97, -14.14, -13.25, -12.52], "val_align_db": [-16.43, -15.84, -15.08, -14.46], "rho": [0.989, 0.987, 0.984, 0.982], "copy_last_db": [-4.45, -1.94, -1.6, -1.16], "lr": 0.00029228046629207175, "sec": 1491.7}
  ep6 step 500/10781 loss 0.0986 lr 2.92e-04 68s
  ep6 step 1000/10781 loss 0.0985 lr 2.92e-04 136s
  ep6 step 1500/10781 loss 0.0978 lr 2.92e-04 204s
  ep6 step 2000/10781 loss 0.0975 lr 2.92e-04 272s
  ep6 step 2500/10781 loss 0.0977 lr 2.91e-04 340s
  ep6 step 3000/10781 loss 0.0975 lr 2.91e-04 408s
  ep6 step 3500/10781 loss 0.0973 lr 2.91e-04 476s
  ep6 step 4000/10781 loss 0.0972 lr 2.91e-04 544s
  ep6 step 4500/10781 loss 0.0972 lr 2.91e-04 612s
  ep6 step 5000/10781 loss 0.0970 lr 2.90e-04 680s
  ep6 step 5500/10781 loss 0.0971 lr 2.90e-04 748s
  ep6 step 6000/10781 loss 0.0971 lr 2.90e-04 816s
  ep6 step 6500/10781 loss 0.0970 lr 2.90e-04 884s
  ep6 step 7000/10781 loss 0.0968 lr 2.90e-04 953s
  ep6 step 7500/10781 loss 0.0969 lr 2.89e-04 1021s
  ep6 step 8000/10781 loss 0.0967 lr 2.89e-04 1089s
  ep6 step 8500/10781 loss 0.0967 lr 2.89e-04 1157s
  ep6 step 9000/10781 loss 0.0966 lr 2.89e-04 1225s
  ep6 step 9500/10781 loss 0.0968 lr 2.89e-04 1293s
  ep6 step 10000/10781 loss 0.0966 lr 2.88e-04 1361s
  ep6 step 10500/10781 loss 0.0965 lr 2.88e-04 1429s
{"ep": 6, "loss": 0.09643, "val_pooled_db": [-11.37, -10.31, -9.4, -8.61], "val_median_db": [-15.35, -14.39, -13.54, -12.83], "val_align_db": [-17.0, -16.2, -15.4, -14.86], "rho": [0.99, 0.988, 0.985, 0.984], "copy_last_db": [-4.45, -1.94, -1.6, -1.16], "lr": 0.0002879969165488236, "sec": 1492.0}
  ep7 step 500/10781 loss 0.0935 lr 2.88e-04 68s
  ep7 step 1000/10781 loss 0.0923 lr 2.88e-04 136s
  ep7 step 1500/10781 loss 0.0925 lr 2.87e-04 204s
  ep7 step 2000/10781 loss 0.0923 lr 2.87e-04 272s
  ep7 step 2500/10781 loss 0.0924 lr 2.87e-04 340s
  ep7 step 3000/10781 loss 0.0923 lr 2.87e-04 408s
  ep7 step 3500/10781 loss 0.0922 lr 2.86e-04 476s
  ep7 step 4000/10781 loss 0.0921 lr 2.86e-04 544s
  ep7 step 4500/10781 loss 0.0919 lr 2.86e-04 612s
  ep7 step 5000/10781 loss 0.0918 lr 2.86e-04 680s
  ep7 step 5500/10781 loss 0.0918 lr 2.85e-04 748s
  ep7 step 6000/10781 loss 0.0917 lr 2.85e-04 816s
  ep7 step 6500/10781 loss 0.0916 lr 2.85e-04 885s
  ep7 step 7000/10781 loss 0.0915 lr 2.85e-04 953s
  ep7 step 7500/10781 loss 0.0913 lr 2.84e-04 1021s
  ep7 step 8000/10781 loss 0.0913 lr 2.84e-04 1089s
  ep7 step 8500/10781 loss 0.0912 lr 2.84e-04 1157s
  ep7 step 9000/10781 loss 0.0911 lr 2.84e-04 1225s
  ep7 step 9500/10781 loss 0.0910 lr 2.83e-04 1293s
  ep7 step 10000/10781 loss 0.0909 lr 2.83e-04 1361s
  ep7 step 10500/10781 loss 0.0908 lr 2.83e-04 1429s
{"ep": 7, "loss": 0.09074, "val_pooled_db": [-11.53, -10.36, -9.49, -8.65], "val_median_db": [-15.44, -14.5, -13.7, -12.98], "val_align_db": [-17.09, -16.29, -15.65, -14.86], "rho": [0.99, 0.988, 0.986, 0.984], "copy_last_db": [-4.45, -1.94, -1.6, -1.16], "lr": 0.0002828184038479814, "sec": 1492.7}
  ep8 step 500/10781 loss 0.0882 lr 2.83e-04 68s
  ep8 step 1000/10781 loss 0.0876 lr 2.82e-04 136s
  ep8 step 1500/10781 loss 0.0876 lr 2.82e-04 204s
  ep8 step 2000/10781 loss 0.0877 lr 2.82e-04 272s
  ep8 step 2500/10781 loss 0.0874 lr 2.81e-04 340s
  ep8 step 3000/10781 loss 0.0873 lr 2.81e-04 408s
  ep8 step 3500/10781 loss 0.0872 lr 2.81e-04 476s
  ep8 step 4000/10781 loss 0.0880 lr 2.81e-04 544s
  ep8 step 4500/10781 loss 0.0879 lr 2.80e-04 612s
  ep8 step 5000/10781 loss 0.0878 lr 2.80e-04 680s
  ep8 step 5500/10781 loss 0.0877 lr 2.80e-04 748s
  ep8 step 6000/10781 loss 0.0875 lr 2.80e-04 816s
  ep8 step 6500/10781 loss 0.0875 lr 2.79e-04 884s
  ep8 step 7000/10781 loss 0.0873 lr 2.79e-04 952s
  ep8 step 7500/10781 loss 0.0873 lr 2.79e-04 1020s
  ep8 step 8000/10781 loss 0.0872 lr 2.78e-04 1088s
  ep8 step 8500/10781 loss 0.0870 lr 2.78e-04 1156s
  ep8 step 9000/10781 loss 0.0870 lr 2.78e-04 1224s
  ep8 step 9500/10781 loss 0.0869 lr 2.78e-04 1292s
  ep8 step 10000/10781 loss 0.0868 lr 2.77e-04 1360s
  ep8 step 10500/10781 loss 0.0868 lr 2.77e-04 1428s
{"ep": 8, "loss": 0.08677, "val_pooled_db": [-11.68, -10.57, -9.59, -8.76], "val_median_db": [-15.92, -14.96, -13.99, -13.31], "val_align_db": [-17.52, -16.87, -16.03, -15.37], "rho": [0.991, 0.99, 0.987, 0.985], "copy_last_db": [-4.45, -1.94, -1.6, -1.16], "lr": 0.0002767785128315692, "sec": 1491.7}
  ep9 step 500/10781 loss 0.0835 lr 2.76e-04 68s
  ep9 step 1000/10781 loss 0.0839 lr 2.76e-04 136s
  ep9 step 1500/10781 loss 0.0839 lr 2.76e-04 204s
  ep9 step 2000/10781 loss 0.0838 lr 2.76e-04 272s
  ep9 step 2500/10781 loss 0.0837 lr 2.75e-04 340s
  ep9 step 3000/10781 loss 0.0838 lr 2.75e-04 408s
  ep9 step 3500/10781 loss 0.0838 lr 2.75e-04 476s
  ep9 step 4000/10781 loss 0.0837 lr 2.74e-04 544s
  ep9 step 4500/10781 loss 0.0837 lr 2.74e-04 612s
  ep9 step 5000/10781 loss 0.0836 lr 2.74e-04 680s
  ep9 step 5500/10781 loss 0.0835 lr 2.73e-04 749s
  ep9 step 6000/10781 loss 0.0834 lr 2.73e-04 817s
  ep9 step 6500/10781 loss 0.0835 lr 2.73e-04 885s
  ep9 step 7000/10781 loss 0.0834 lr 2.72e-04 953s
  ep9 step 7500/10781 loss 0.0834 lr 2.72e-04 1021s
  ep9 step 8000/10781 loss 0.0834 lr 2.72e-04 1089s
  ep9 step 8500/10781 loss 0.0833 lr 2.71e-04 1157s
  ep9 step 9000/10781 loss 0.0833 lr 2.71e-04 1225s
  ep9 step 9500/10781 loss 0.0832 lr 2.71e-04 1293s
  ep9 step 10000/10781 loss 0.0831 lr 2.70e-04 1361s
  ep9 step 10500/10781 loss 0.0831 lr 2.70e-04 1429s
{"ep": 9, "loss": 0.08304, "val_pooled_db": [-11.69, -10.5, -9.54, -8.71], "val_median_db": [-16.12, -15.1, -14.15, -13.4], "val_align_db": [-17.59, -16.76, -16.09, -15.46], "rho": [0.991, 0.989, 0.988, 0.986], "copy_last_db": [-4.45, -1.94, -1.6, -1.16], "lr": 0.00026991641451052517, "sec": 1493.0}
  ep10 step 500/10781 loss 0.0820 lr 2.70e-04 68s
  ep10 step 1000/10781 loss 0.0815 lr 2.69e-04 137s
  ep10 step 1500/10781 loss 0.0809 lr 2.69e-04 205s
  ep10 step 2000/10781 loss 0.0807 lr 2.69e-04 273s
  ep10 step 2500/10781 loss 0.0807 lr 2.68e-04 341s
  ep10 step 3000/10781 loss 0.0807 lr 2.68e-04 410s
  ep10 step 3500/10781 loss 0.0808 lr 2.68e-04 478s
  ep10 step 4000/10781 loss 0.0808 lr 2.67e-04 546s
  ep10 step 4500/10781 loss 0.0807 lr 2.67e-04 615s
  ep10 step 5000/10781 loss 0.0807 lr 2.66e-04 683s
  ep10 step 5500/10781 loss 0.0807 lr 2.66e-04 751s
  ep10 step 6000/10781 loss 0.0807 lr 2.66e-04 820s
  ep10 step 6500/10781 loss 0.0807 lr 2.65e-04 888s
  ep10 step 7000/10781 loss 0.0807 lr 2.65e-04 956s
  ep10 step 7500/10781 loss 0.0806 lr 2.65e-04 1024s
  ep10 step 8000/10781 loss 0.0806 lr 2.64e-04 1093s
  ep10 step 8500/10781 loss 0.0805 lr 2.64e-04 1161s
  ep10 step 9000/10781 loss 0.0805 lr 2.64e-04 1229s
  ep10 step 9500/10781 loss 0.0804 lr 2.63e-04 1297s
  ep10 step 10000/10781 loss 0.0803 lr 2.63e-04 1366s
  ep10 step 10500/10781 loss 0.0803 lr 2.62e-04 1434s
{"ep": 10, "loss": 0.08028, "val_pooled_db": [-11.58, -10.38, -9.46, -8.67], "val_median_db": [-16.2, -15.19, -14.18, -13.35], "val_align_db": [-17.62, -16.93, -16.13, -15.4], "rho": [0.991, 0.99, 0.988, 0.985], "copy_last_db": [-4.45, -1.94, -1.6, -1.16], "lr": 0.00026227661222566516, "sec": 1497.7}
  ep11 step 500/10781 loss 0.0789 lr 2.62e-04 68s
  ep11 step 1000/10781 loss 0.0784 lr 2.62e-04 136s
  ep11 step 1500/10781 loss 0.0797 lr 2.61e-04 204s
  ep11 step 2000/10781 loss 0.0794 lr 2.61e-04 272s
  ep11 step 2500/10781 loss 0.0791 lr 2.60e-04 340s
  ep11 step 3000/10781 loss 0.0789 lr 2.60e-04 408s
  ep11 step 3500/10781 loss 0.0788 lr 2.60e-04 476s
  ep11 step 4000/10781 loss 0.0788 lr 2.59e-04 544s
  ep11 step 4500/10781 loss 0.0787 lr 2.59e-04 612s
  ep11 step 5000/10781 loss 0.0786 lr 2.58e-04 680s
  ep11 step 5500/10781 loss 0.0786 lr 2.58e-04 748s
  ep11 step 6000/10781 loss 0.0785 lr 2.58e-04 816s
  ep11 step 6500/10781 loss 0.0784 lr 2.57e-04 884s
  ep11 step 7000/10781 loss 0.0784 lr 2.57e-04 953s
  ep11 step 7500/10781 loss 0.0784 lr 2.57e-04 1020s
  ep11 step 8000/10781 loss 0.0784 lr 2.56e-04 1088s
  ep11 step 8500/10781 loss 0.0783 lr 2.56e-04 1156s
  ep11 step 9000/10781 loss 0.0782 lr 2.55e-04 1224s
  ep11 step 9500/10781 loss 0.0781 lr 2.55e-04 1293s
  ep11 step 10000/10781 loss 0.0781 lr 2.55e-04 1361s
  ep11 step 10500/10781 loss 0.0781 lr 2.54e-04 1429s
{"ep": 11, "loss": 0.07801, "val_pooled_db": [-11.56, -10.36, -9.44, -8.65], "val_median_db": [-16.23, -15.24, -14.21, -13.45], "val_align_db": [-17.62, -16.93, -16.2, -15.55], "rho": [0.991, 0.99, 0.988, 0.986], "copy_last_db": [-4.45, -1.94, -1.6, -1.16], "lr": 0.0002539086530264399, "sec": 1492.4}
  ep12 step 500/10781 loss 0.0765 lr 2.54e-04 68s
  ep12 step 1000/10781 loss 0.0762 lr 2.53e-04 136s
  ep12 step 1500/10781 loss 0.0761 lr 2.53e-04 204s
  ep12 step 2000/10781 loss 0.0760 lr 2.52e-04 272s
  ep12 step 2500/10781 loss 0.0760 lr 2.52e-04 340s
  ep12 step 3000/10781 loss 0.0759 lr 2.51e-04 408s
  ep12 step 3500/10781 loss 0.0759 lr 2.51e-04 476s
  ep12 step 4000/10781 loss 0.0760 lr 2.51e-04 544s
  ep12 step 4500/10781 loss 0.0760 lr 2.50e-04 612s
  ep12 step 5000/10781 loss 0.0760 lr 2.50e-04 680s
  ep12 step 5500/10781 loss 0.0760 lr 2.49e-04 748s
  ep12 step 6000/10781 loss 0.0759 lr 2.49e-04 816s
  ep12 step 6500/10781 loss 0.0759 lr 2.49e-04 884s
  ep12 step 7000/10781 loss 0.0758 lr 2.48e-04 952s
  ep12 step 7500/10781 loss 0.0758 lr 2.48e-04 1020s
  ep12 step 8000/10781 loss 0.0759 lr 2.47e-04 1088s
  ep12 step 8500/10781 loss 0.0759 lr 2.47e-04 1156s
  ep12 step 9000/10781 loss 0.0758 lr 2.46e-04 1224s
  ep12 step 9500/10781 loss 0.0758 lr 2.46e-04 1292s
  ep12 step 10000/10781 loss 0.0758 lr 2.46e-04 1360s
  ep12 step 10500/10781 loss 0.0758 lr 2.45e-04 1429s
{"ep": 12, "loss": 0.07574, "val_pooled_db": [-11.54, -10.36, -9.41, -8.69], "val_median_db": [-16.4, -15.36, -14.24, -13.44], "val_align_db": [-17.78, -16.97, -16.24, -15.55], "rho": [0.992, 0.99, 0.988, 0.986], "copy_last_db": [-4.45, -1.94, -1.6, -1.16], "lr": 0.0002448668063393066, "sec": 1492.1}
  ep13 step 500/10781 loss 0.0742 lr 2.44e-04 68s
  ep13 step 1000/10781 loss 0.0744 lr 2.44e-04 136s
  ep13 step 1500/10781 loss 0.0745 lr 2.44e-04 204s
  ep13 step 2000/10781 loss 0.0744 lr 2.43e-04 272s
  ep13 step 2500/10781 loss 0.0744 lr 2.43e-04 340s
  ep13 step 3000/10781 loss 0.0742 lr 2.42e-04 408s
  ep13 step 3500/10781 loss 0.0743 lr 2.42e-04 476s
  ep13 step 4000/10781 loss 0.0743 lr 2.41e-04 544s
  ep13 step 4500/10781 loss 0.0743 lr 2.41e-04 612s
  ep13 step 5000/10781 loss 0.0742 lr 2.40e-04 680s
  ep13 step 5500/10781 loss 0.0743 lr 2.40e-04 748s
  ep13 step 6000/10781 loss 0.0742 lr 2.40e-04 816s
  ep13 step 6500/10781 loss 0.0742 lr 2.39e-04 884s
  ep13 step 7000/10781 loss 0.0742 lr 2.39e-04 952s
  ep13 step 7500/10781 loss 0.0740 lr 2.38e-04 1020s
  ep13 step 8000/10781 loss 0.0740 lr 2.38e-04 1088s
  ep13 step 8500/10781 loss 0.0740 lr 2.37e-04 1156s
  ep13 step 9000/10781 loss 0.0739 lr 2.37e-04 1225s
  ep13 step 9500/10781 loss 0.0739 lr 2.36e-04 1293s
  ep13 step 10000/10781 loss 0.0739 lr 2.36e-04 1361s
  ep13 step 10500/10781 loss 0.0739 lr 2.35e-04 1429s
{"ep": 13, "loss": 0.07384, "val_pooled_db": [-11.64, -10.41, -9.41, -8.64], "val_median_db": [-16.55, -15.4, -14.27, -13.45], "val_align_db": [-17.92, -17.1, -16.39, -15.67], "rho": [0.992, 0.99, 0.988, 0.986], "copy_last_db": [-4.45, -1.94, -1.6, -1.16], "lr": 0.00023520971200967334, "sec": 1492.1}
early stopping at ep 13 (best ep 8, -10.15 dB)
DONE best_ep 8 val_mean_pooled_db -10.15
