[mm] sensors ['cam'] pos_source predicted window_bytes {'cam': 4816896} coverage {"cam": {"channel_frames": 53800, "missing": 0, "examples": [], "rsu_frames_cached": 17200, "row_bytes": 301056}}
[mm_cam] frames 53800 Nr 16 Nt 64 Ksc 64 | split B1: train windows 43121 (x16 = 689936), val windows 2439 (x16 = 39024) | load 0s
model mm:chiron params 23.18M | args {"model": "mm:chiron", "run_id": "mm_cam", "setting": "Nt_1_64_Nr_1_16_fc_28GHz", "Ksc": 64, "K_hist": 16, "H_pred": 4, "split": "B1", "seed": 42, "epochs": 40, "patience": 5, "lr": 0.0003, "wd": 0.0001, "batch": 64, "clip": 1.0, "warmup_epochs": 1.0, "D": 512, "L": 6, "heads": 8, "dropout": 0.1, "no_pos_emb": false, "residual": false, "c_hid": 128, "c_enc": 32, "norm": "rms", "patch_h": 4, "patch_w": 16, "lwm11_init": "pretrained", "lwm11_freeze": "none", "in_scale": 1.0, "t_layers": 2, "device": "cuda:0", "workers": 0, "max_train_windows": 0, "eval_every": 1, "out_root": "/mnt/ssd_7t_2/carla-wireless-dataset/mmw_reproduction/outputs_cp", "sensors": "cam", "pos_source": "predicted", "pos_mode": "token", "fuse_layers": 3, "causal_mask": false, "sensor_cache_root": "", "backbone_init": ""}
[mm] param_groups {"backbone_no_head": 9178368, "head": 9978368, "fusion": 3554304, "embeddings": 5120, "enc_cam": 460800, "sensor_encoders": 460800, "total": 23176960}
  ep1 step 500/10781 loss 1.1716 lr 1.39e-05 151s
  ep1 step 1000/10781 loss 1.0945 lr 2.79e-05 286s
  ep1 step 1500/10781 loss 1.0637 lr 4.18e-05 504s
  ep1 step 2000/10781 loss 1.0456 lr 5.57e-05 754s
  ep1 step 2500/10781 loss 1.0336 lr 6.96e-05 988s
  ep1 step 3000/10781 loss 1.0248 lr 8.35e-05 1223s
  ep1 step 3500/10781 loss 1.0173 lr 9.74e-05 1458s
  ep1 step 4000/10781 loss 1.0106 lr 1.11e-04 1698s
  ep1 step 4500/10781 loss 1.0043 lr 1.25e-04 1838s
  ep1 step 5000/10781 loss 0.9981 lr 1.39e-04 1973s
  ep1 step 5500/10781 loss 0.9920 lr 1.53e-04 2109s
  ep1 step 6000/10781 loss 0.9845 lr 1.67e-04 2244s
  ep1 step 6500/10781 loss 0.9768 lr 1.81e-04 2381s
  ep1 step 7000/10781 loss 0.9676 lr 1.95e-04 2516s
  ep1 step 7500/10781 loss 0.9567 lr 2.09e-04 2652s
  ep1 step 8000/10781 loss 0.9414 lr 2.23e-04 2787s
  ep1 step 8500/10781 loss 0.9212 lr 2.37e-04 2922s
  ep1 step 9000/10781 loss 0.8958 lr 2.50e-04 3058s
  ep1 step 9500/10781 loss 0.8684 lr 2.64e-04 3195s
  ep1 step 10000/10781 loss 0.8399 lr 2.78e-04 3331s
  ep1 step 10500/10781 loss 0.8124 lr 2.92e-04 3466s
{"ep": 1, "loss": 0.79784, "val_pooled_db": [-8.34, -7.68, -7.1, -6.52], "val_median_db": [-10.3, -9.81, -9.08, -8.5], "val_align_db": [-11.45, -11.15, -10.62, -10.15], "rho": [0.964, 0.961, 0.956, 0.95], "copy_last_db": [-4.45, -1.94, -1.6, -1.16], "lr": 0.0003, "sec": 3618.3}
  ep2 step 500/10781 loss 0.2303 lr 3.00e-04 134s
  ep2 step 1000/10781 loss 0.2233 lr 3.00e-04 268s
  ep2 step 1500/10781 loss 0.2185 lr 3.00e-04 403s
  ep2 step 2000/10781 loss 0.2137 lr 3.00e-04 538s
  ep2 step 2500/10781 loss 0.2089 lr 3.00e-04 674s
  ep2 step 3000/10781 loss 0.2049 lr 3.00e-04 810s
  ep2 step 3500/10781 loss 0.2023 lr 3.00e-04 945s
  ep2 step 4000/10781 loss 0.1999 lr 3.00e-04 1081s
  ep2 step 4500/10781 loss 0.1975 lr 3.00e-04 1216s
  ep2 step 5000/10781 loss 0.1946 lr 3.00e-04 1352s
  ep2 step 5500/10781 loss 0.1921 lr 3.00e-04 1487s
  ep2 step 6000/10781 loss 0.1897 lr 3.00e-04 1623s
  ep2 step 6500/10781 loss 0.1880 lr 3.00e-04 1758s
  ep2 step 7000/10781 loss 0.1859 lr 3.00e-04 1893s
  ep2 step 7500/10781 loss 0.1836 lr 3.00e-04 2029s
  ep2 step 8000/10781 loss 0.1821 lr 3.00e-04 2164s
  ep2 step 8500/10781 loss 0.1807 lr 3.00e-04 2299s
  ep2 step 9000/10781 loss 0.1789 lr 3.00e-04 2433s
  ep2 step 9500/10781 loss 0.1771 lr 3.00e-04 2568s
  ep2 step 10000/10781 loss 0.1756 lr 3.00e-04 2703s
  ep2 step 10500/10781 loss 0.1741 lr 3.00e-04 2839s
{"ep": 2, "loss": 0.17326, "val_pooled_db": [-10.84, -10.01, -9.28, -8.54], "val_median_db": [-13.95, -13.27, -12.43, -11.7], "val_align_db": [-15.62, -15.08, -14.44, -13.77], "rho": [0.986, 0.984, 0.982, 0.979], "copy_last_db": [-4.45, -1.94, -1.6, -1.16], "lr": 0.0002995135962201315, "sec": 2988.4}
  ep3 step 500/10781 loss 0.1386 lr 2.99e-04 135s
  ep3 step 1000/10781 loss 0.1411 lr 2.99e-04 271s
  ep3 step 1500/10781 loss 0.1404 lr 2.99e-04 406s
  ep3 step 2000/10781 loss 0.1403 lr 2.99e-04 542s
  ep3 step 2500/10781 loss 0.1409 lr 2.99e-04 678s
  ep3 step 3000/10781 loss 0.1397 lr 2.99e-04 813s
  ep3 step 3500/10781 loss 0.1388 lr 2.99e-04 948s
  ep3 step 4000/10781 loss 0.1380 lr 2.99e-04 1083s
  ep3 step 4500/10781 loss 0.1374 lr 2.99e-04 1218s
  ep3 step 5000/10781 loss 0.1370 lr 2.99e-04 1353s
  ep3 step 5500/10781 loss 0.1364 lr 2.99e-04 1488s
  ep3 step 6000/10781 loss 0.1358 lr 2.99e-04 1623s
  ep3 step 6500/10781 loss 0.1360 lr 2.99e-04 1759s
  ep3 step 7000/10781 loss 0.1356 lr 2.99e-04 1901s
  ep3 step 7500/10781 loss 0.1350 lr 2.99e-04 2038s
  ep3 step 8000/10781 loss 0.1345 lr 2.99e-04 2173s
  ep3 step 8500/10781 loss 0.1339 lr 2.98e-04 2306s
  ep3 step 9000/10781 loss 0.1334 lr 2.98e-04 2438s
  ep3 step 9500/10781 loss 0.1328 lr 2.98e-04 2570s
  ep3 step 10000/10781 loss 0.1326 lr 2.98e-04 2703s
  ep3 step 10500/10781 loss 0.1324 lr 2.98e-04 2836s
{"ep": 3, "loss": 0.13216, "val_pooled_db": [-11.32, -10.36, -9.56, -8.78], "val_median_db": [-14.84, -13.89, -13.05, -12.26], "val_align_db": [-16.51, -15.78, -14.97, -14.18], "rho": [0.989, 0.987, 0.984, 0.981], "copy_last_db": [-4.45, -1.94, -1.6, -1.16], "lr": 0.00029805753939568687, "sec": 2984.1}
  ep4 step 500/10781 loss 0.1208 lr 2.98e-04 132s
  ep4 step 1000/10781 loss 0.1194 lr 2.98e-04 263s
  ep4 step 1500/10781 loss 0.1192 lr 2.98e-04 395s
  ep4 step 2000/10781 loss 0.1186 lr 2.98e-04 526s
  ep4 step 2500/10781 loss 0.1183 lr 2.98e-04 658s
  ep4 step 3000/10781 loss 0.1180 lr 2.97e-04 790s
  ep4 step 3500/10781 loss 0.1177 lr 2.97e-04 922s
  ep4 step 4000/10781 loss 0.1180 lr 2.97e-04 1054s
  ep4 step 4500/10781 loss 0.1177 lr 2.97e-04 1186s
  ep4 step 5000/10781 loss 0.1172 lr 2.97e-04 1318s
  ep4 step 5500/10781 loss 0.1168 lr 2.97e-04 1450s
  ep4 step 6000/10781 loss 0.1164 lr 2.97e-04 1581s
  ep4 step 6500/10781 loss 0.1163 lr 2.97e-04 1713s
  ep4 step 7000/10781 loss 0.1160 lr 2.97e-04 1844s
  ep4 step 7500/10781 loss 0.1159 lr 2.96e-04 1976s
  ep4 step 8000/10781 loss 0.1155 lr 2.96e-04 2108s
  ep4 step 8500/10781 loss 0.1151 lr 2.96e-04 2239s
  ep4 step 9000/10781 loss 0.1148 lr 2.96e-04 2371s
  ep4 step 9500/10781 loss 0.1146 lr 2.96e-04 2503s
  ep4 step 10000/10781 loss 0.1142 lr 2.96e-04 2634s
  ep4 step 10500/10781 loss 0.1140 lr 2.96e-04 2765s
{"ep": 4, "loss": 0.1139, "val_pooled_db": [-11.56, -10.59, -9.81, -8.98], "val_median_db": [-15.48, -14.57, -13.56, -12.7], "val_align_db": [-17.01, -16.23, -15.39, -14.64], "rho": [0.99, 0.988, 0.985, 0.983], "copy_last_db": [-4.45, -1.94, -1.6, -1.16], "lr": 0.00029564127261390776, "sec": 2908.3}
  ep5 step 500/10781 loss 0.1051 lr 2.96e-04 131s
  ep5 step 1000/10781 loss 0.1056 lr 2.95e-04 263s
  ep5 step 1500/10781 loss 0.1051 lr 2.95e-04 395s
  ep5 step 2000/10781 loss 0.1046 lr 2.95e-04 526s
  ep5 step 2500/10781 loss 0.1044 lr 2.95e-04 657s
  ep5 step 3000/10781 loss 0.1043 lr 2.95e-04 788s
  ep5 step 3500/10781 loss 0.1044 lr 2.95e-04 920s
  ep5 step 4000/10781 loss 0.1042 lr 2.95e-04 1053s
  ep5 step 4500/10781 loss 0.1041 lr 2.94e-04 1186s
  ep5 step 5000/10781 loss 0.1040 lr 2.94e-04 1318s
  ep5 step 5500/10781 loss 0.1037 lr 2.94e-04 1450s
  ep5 step 6000/10781 loss 0.1044 lr 2.94e-04 1583s
  ep5 step 6500/10781 loss 0.1040 lr 2.94e-04 1716s
  ep5 step 7000/10781 loss 0.1039 lr 2.94e-04 1848s
  ep5 step 7500/10781 loss 0.1036 lr 2.93e-04 1989s
  ep5 step 8000/10781 loss 0.1034 lr 2.93e-04 2133s
  ep5 step 8500/10781 loss 0.1032 lr 2.93e-04 2272s
  ep5 step 9000/10781 loss 0.1030 lr 2.93e-04 2411s
  ep5 step 9500/10781 loss 0.1029 lr 2.93e-04 2548s
  ep5 step 10000/10781 loss 0.1027 lr 2.93e-04 2682s
  ep5 step 10500/10781 loss 0.1025 lr 2.92e-04 2816s
{"ep": 5, "loss": 0.1024, "val_pooled_db": [-11.32, -10.36, -9.59, -8.71], "val_median_db": [-15.0, -14.0, -13.05, -12.3], "val_align_db": [-16.47, -15.65, -14.75, -14.01], "rho": [0.989, 0.986, 0.983, 0.98], "copy_last_db": [-4.45, -1.94, -1.6, -1.16], "lr": 0.00029228046629207175, "sec": 2973.4}
  ep6 step 500/10781 loss 0.0970 lr 2.92e-04 134s
  ep6 step 1000/10781 loss 0.0967 lr 2.92e-04 268s
  ep6 step 1500/10781 loss 0.0961 lr 2.92e-04 403s
  ep6 step 2000/10781 loss 0.0962 lr 2.92e-04 538s
  ep6 step 2500/10781 loss 0.0962 lr 2.91e-04 672s
  ep6 step 3000/10781 loss 0.0967 lr 2.91e-04 807s
  ep6 step 3500/10781 loss 0.0965 lr 2.91e-04 941s
  ep6 step 4000/10781 loss 0.0963 lr 2.91e-04 1076s
  ep6 step 4500/10781 loss 0.0962 lr 2.91e-04 1212s
  ep6 step 5000/10781 loss 0.0960 lr 2.90e-04 1346s
  ep6 step 5500/10781 loss 0.0957 lr 2.90e-04 1480s
  ep6 step 6000/10781 loss 0.0956 lr 2.90e-04 1615s
  ep6 step 6500/10781 loss 0.0955 lr 2.90e-04 1749s
  ep6 step 7000/10781 loss 0.0954 lr 2.90e-04 1883s
  ep6 step 7500/10781 loss 0.0953 lr 2.89e-04 2017s
  ep6 step 8000/10781 loss 0.0951 lr 2.89e-04 2152s
  ep6 step 8500/10781 loss 0.0952 lr 2.89e-04 2286s
  ep6 step 9000/10781 loss 0.0951 lr 2.89e-04 2419s
  ep6 step 9500/10781 loss 0.0950 lr 2.89e-04 2553s
  ep6 step 10000/10781 loss 0.0948 lr 2.88e-04 2686s
  ep6 step 10500/10781 loss 0.0947 lr 2.88e-04 2820s
{"ep": 6, "loss": 0.09466, "val_pooled_db": [-11.44, -10.44, -9.57, -8.78], "val_median_db": [-15.62, -14.57, -13.62, -12.85], "val_align_db": [-17.13, -16.33, -15.5, -14.7], "rho": [0.99, 0.988, 0.986, 0.983], "copy_last_db": [-4.45, -1.94, -1.6, -1.16], "lr": 0.0002879969165488236, "sec": 2967.0}
  ep7 step 500/10781 loss 0.0910 lr 2.88e-04 134s
  ep7 step 1000/10781 loss 0.0903 lr 2.88e-04 268s
  ep7 step 1500/10781 loss 0.0902 lr 2.87e-04 401s
  ep7 step 2000/10781 loss 0.0902 lr 2.87e-04 534s
  ep7 step 2500/10781 loss 0.0900 lr 2.87e-04 667s
  ep7 step 3000/10781 loss 0.0900 lr 2.87e-04 801s
  ep7 step 3500/10781 loss 0.0901 lr 2.86e-04 934s
  ep7 step 4000/10781 loss 0.0899 lr 2.86e-04 1068s
  ep7 step 4500/10781 loss 0.0897 lr 2.86e-04 1202s
  ep7 step 5000/10781 loss 0.0897 lr 2.86e-04 1337s
  ep7 step 5500/10781 loss 0.0897 lr 2.85e-04 1472s
  ep7 step 6000/10781 loss 0.0896 lr 2.85e-04 1606s
  ep7 step 6500/10781 loss 0.0895 lr 2.85e-04 1740s
  ep7 step 7000/10781 loss 0.0894 lr 2.85e-04 1874s
  ep7 step 7500/10781 loss 0.0893 lr 2.84e-04 2009s
  ep7 step 8000/10781 loss 0.0891 lr 2.84e-04 2143s
  ep7 step 8500/10781 loss 0.0890 lr 2.84e-04 2278s
  ep7 step 9000/10781 loss 0.0890 lr 2.84e-04 2414s
  ep7 step 9500/10781 loss 0.0889 lr 2.83e-04 2549s
  ep7 step 10000/10781 loss 0.0888 lr 2.83e-04 2683s
  ep7 step 10500/10781 loss 0.0887 lr 2.83e-04 2818s
{"ep": 7, "loss": 0.08863, "val_pooled_db": [-11.67, -10.63, -9.78, -8.97], "val_median_db": [-16.15, -15.14, -14.02, -13.27], "val_align_db": [-17.55, -16.59, -15.87, -15.04], "rho": [0.991, 0.989, 0.987, 0.984], "copy_last_db": [-4.45, -1.94, -1.6, -1.16], "lr": 0.0002828184038479814, "sec": 2966.6}
  ep8 step 500/10781 loss 0.0856 lr 2.83e-04 134s
  ep8 step 1000/10781 loss 0.0852 lr 2.82e-04 268s
  ep8 step 1500/10781 loss 0.0852 lr 2.82e-04 402s
  ep8 step 2000/10781 loss 0.0849 lr 2.82e-04 537s
  ep8 step 2500/10781 loss 0.0847 lr 2.81e-04 672s
  ep8 step 3000/10781 loss 0.0849 lr 2.81e-04 807s
  ep8 step 3500/10781 loss 0.0849 lr 2.81e-04 942s
  ep8 step 4000/10781 loss 0.0849 lr 2.81e-04 1077s
  ep8 step 4500/10781 loss 0.0850 lr 2.80e-04 1212s
  ep8 step 5000/10781 loss 0.0848 lr 2.80e-04 1348s
  ep8 step 5500/10781 loss 0.0847 lr 2.80e-04 1483s
  ep8 step 6000/10781 loss 0.0847 lr 2.80e-04 1618s
  ep8 step 6500/10781 loss 0.0848 lr 2.79e-04 1753s
  ep8 step 7000/10781 loss 0.0847 lr 2.79e-04 1887s
  ep8 step 7500/10781 loss 0.0847 lr 2.79e-04 2021s
  ep8 step 8000/10781 loss 0.0846 lr 2.78e-04 2155s
  ep8 step 8500/10781 loss 0.0846 lr 2.78e-04 2291s
  ep8 step 9000/10781 loss 0.0846 lr 2.78e-04 2425s
  ep8 step 9500/10781 loss 0.0846 lr 2.78e-04 2559s
  ep8 step 10000/10781 loss 0.0846 lr 2.77e-04 2693s
  ep8 step 10500/10781 loss 0.0845 lr 2.77e-04 2827s
{"ep": 8, "loss": 0.08446, "val_pooled_db": [-11.68, -10.68, -9.82, -9.02], "val_median_db": [-16.28, -15.25, -14.1, -13.25], "val_align_db": [-17.79, -16.95, -16.09, -15.17], "rho": [0.992, 0.99, 0.988, 0.985], "copy_last_db": [-4.45, -1.94, -1.6, -1.16], "lr": 0.0002767785128315692, "sec": 2975.0}
  ep9 step 500/10781 loss 0.0822 lr 2.76e-04 134s
  ep9 step 1000/10781 loss 0.0822 lr 2.76e-04 268s
  ep9 step 1500/10781 loss 0.0820 lr 2.76e-04 403s
  ep9 step 2000/10781 loss 0.0818 lr 2.76e-04 538s
  ep9 step 2500/10781 loss 0.0816 lr 2.75e-04 672s
  ep9 step 3000/10781 loss 0.0818 lr 2.75e-04 806s
  ep9 step 3500/10781 loss 0.0818 lr 2.75e-04 940s
  ep9 step 4000/10781 loss 0.0818 lr 2.74e-04 1073s
  ep9 step 4500/10781 loss 0.0817 lr 2.74e-04 1206s
  ep9 step 5000/10781 loss 0.0817 lr 2.74e-04 1340s
  ep9 step 5500/10781 loss 0.0819 lr 2.73e-04 1472s
  ep9 step 6000/10781 loss 0.0817 lr 2.73e-04 1605s
  ep9 step 6500/10781 loss 0.0816 lr 2.73e-04 1739s
  ep9 step 7000/10781 loss 0.0815 lr 2.72e-04 1872s
  ep9 step 7500/10781 loss 0.0814 lr 2.72e-04 2005s
  ep9 step 8000/10781 loss 0.0814 lr 2.72e-04 2138s
  ep9 step 8500/10781 loss 0.0814 lr 2.71e-04 2271s
  ep9 step 9000/10781 loss 0.0813 lr 2.71e-04 2404s
  ep9 step 9500/10781 loss 0.0812 lr 2.71e-04 2539s
  ep9 step 10000/10781 loss 0.0811 lr 2.70e-04 2672s
  ep9 step 10500/10781 loss 0.0810 lr 2.70e-04 2806s
{"ep": 9, "loss": 0.081, "val_pooled_db": [-11.66, -10.62, -9.76, -8.99], "val_median_db": [-16.18, -15.24, -14.21, -13.39], "val_align_db": [-17.7, -16.84, -16.13, -15.2], "rho": [0.991, 0.99, 0.988, 0.985], "copy_last_db": [-4.45, -1.94, -1.6, -1.16], "lr": 0.00026991641451052517, "sec": 2953.0}
  ep10 step 500/10781 loss 0.0792 lr 2.70e-04 133s
  ep10 step 1000/10781 loss 0.0794 lr 2.69e-04 267s
  ep10 step 1500/10781 loss 0.0802 lr 2.69e-04 401s
  ep10 step 2000/10781 loss 0.0797 lr 2.69e-04 534s
  ep10 step 2500/10781 loss 0.0793 lr 2.68e-04 668s
  ep10 step 3000/10781 loss 0.0793 lr 2.68e-04 801s
  ep10 step 3500/10781 loss 0.0791 lr 2.68e-04 935s
  ep10 step 4000/10781 loss 0.0790 lr 2.67e-04 1068s
  ep10 step 4500/10781 loss 0.0788 lr 2.67e-04 1201s
  ep10 step 5000/10781 loss 0.0788 lr 2.66e-04 1334s
  ep10 step 5500/10781 loss 0.0787 lr 2.66e-04 1467s
  ep10 step 6000/10781 loss 0.0786 lr 2.66e-04 1601s
  ep10 step 6500/10781 loss 0.0786 lr 2.65e-04 1736s
  ep10 step 7000/10781 loss 0.0786 lr 2.65e-04 1871s
  ep10 step 7500/10781 loss 0.0785 lr 2.65e-04 2018s
  ep10 step 8000/10781 loss 0.0785 lr 2.64e-04 2165s
  ep10 step 8500/10781 loss 0.0784 lr 2.64e-04 2313s
  ep10 step 9000/10781 loss 0.0783 lr 2.64e-04 2463s
  ep10 step 9500/10781 loss 0.0783 lr 2.63e-04 2611s
  ep10 step 10000/10781 loss 0.0782 lr 2.63e-04 2751s
  ep10 step 10500/10781 loss 0.0781 lr 2.62e-04 2886s
{"ep": 10, "loss": 0.07804, "val_pooled_db": [-11.72, -10.79, -9.95, -9.14], "val_median_db": [-16.46, -15.46, -14.26, -13.44], "val_align_db": [-17.92, -17.0, -16.19, -15.39], "rho": [0.992, 0.99, 0.988, 0.985], "copy_last_db": [-4.45, -1.94, -1.6, -1.16], "lr": 0.00026227661222566516, "sec": 3035.8}
  ep11 step 500/10781 loss 0.0762 lr 2.62e-04 135s
  ep11 step 1000/10781 loss 0.0763 lr 2.62e-04 271s
  ep11 step 1500/10781 loss 0.0763 lr 2.61e-04 406s
  ep11 step 2000/10781 loss 0.0763 lr 2.61e-04 542s
  ep11 step 2500/10781 loss 0.0762 lr 2.60e-04 677s
  ep11 step 3000/10781 loss 0.0761 lr 2.60e-04 812s
  ep11 step 3500/10781 loss 0.0760 lr 2.60e-04 948s
  ep11 step 4000/10781 loss 0.0758 lr 2.59e-04 1083s
  ep11 step 4500/10781 loss 0.0758 lr 2.59e-04 1219s
  ep11 step 5000/10781 loss 0.0759 lr 2.58e-04 1353s
  ep11 step 5500/10781 loss 0.0763 lr 2.58e-04 1487s
  ep11 step 6000/10781 loss 0.0763 lr 2.58e-04 1622s
  ep11 step 6500/10781 loss 0.0765 lr 2.57e-04 1756s
  ep11 step 7000/10781 loss 0.0763 lr 2.57e-04 1890s
  ep11 step 7500/10781 loss 0.0762 lr 2.57e-04 2024s
  ep11 step 8000/10781 loss 0.0762 lr 2.56e-04 2158s
  ep11 step 8500/10781 loss 0.0761 lr 2.56e-04 2293s
  ep11 step 9000/10781 loss 0.0760 lr 2.55e-04 2427s
  ep11 step 9500/10781 loss 0.0760 lr 2.55e-04 2562s
  ep11 step 10000/10781 loss 0.0760 lr 2.55e-04 2696s
  ep11 step 10500/10781 loss 0.0759 lr 2.54e-04 2830s
{"ep": 11, "loss": 0.07589, "val_pooled_db": [-11.75, -10.83, -10.04, -9.28], "val_median_db": [-16.64, -15.65, -14.54, -13.68], "val_align_db": [-17.93, -17.11, -16.34, -15.51], "rho": [0.992, 0.99, 0.988, 0.986], "copy_last_db": [-4.45, -1.94, -1.6, -1.16], "lr": 0.0002539086530264399, "sec": 2979.1}
  ep12 step 500/10781 loss 0.0733 lr 2.54e-04 135s
  ep12 step 1000/10781 loss 0.0732 lr 2.53e-04 269s
  ep12 step 1500/10781 loss 0.0734 lr 2.53e-04 404s
  ep12 step 2000/10781 loss 0.0736 lr 2.52e-04 538s
  ep12 step 2500/10781 loss 0.0737 lr 2.52e-04 673s
  ep12 step 3000/10781 loss 0.0737 lr 2.51e-04 805s
  ep12 step 3500/10781 loss 0.0736 lr 2.51e-04 937s
  ep12 step 4000/10781 loss 0.0737 lr 2.51e-04 1069s
  ep12 step 4500/10781 loss 0.0737 lr 2.50e-04 1201s
  ep12 step 5000/10781 loss 0.0737 lr 2.50e-04 1334s
  ep12 step 5500/10781 loss 0.0736 lr 2.49e-04 1466s
  ep12 step 6000/10781 loss 0.0736 lr 2.49e-04 1598s
  ep12 step 6500/10781 loss 0.0737 lr 2.49e-04 1731s
  ep12 step 7000/10781 loss 0.0736 lr 2.48e-04 1863s
  ep12 step 7500/10781 loss 0.0736 lr 2.48e-04 1995s
  ep12 step 8000/10781 loss 0.0736 lr 2.47e-04 2128s
  ep12 step 8500/10781 loss 0.0736 lr 2.47e-04 2260s
  ep12 step 9000/10781 loss 0.0737 lr 2.46e-04 2392s
  ep12 step 9500/10781 loss 0.0737 lr 2.46e-04 2525s
  ep12 step 10000/10781 loss 0.0736 lr 2.46e-04 2658s
  ep12 step 10500/10781 loss 0.0736 lr 2.45e-04 2791s
{"ep": 12, "loss": 0.07356, "val_pooled_db": [-11.85, -10.83, -9.95, -9.14], "val_median_db": [-16.75, -15.8, -14.62, -13.66], "val_align_db": [-18.06, -17.25, -16.45, -15.51], "rho": [0.992, 0.991, 0.989, 0.986], "copy_last_db": [-4.45, -1.94, -1.6, -1.16], "lr": 0.0002448668063393066, "sec": 2938.1}
  ep13 step 500/10781 loss 0.0728 lr 2.44e-04 137s
  ep13 step 1000/10781 loss 0.0723 lr 2.44e-04 273s
  ep13 step 1500/10781 loss 0.0721 lr 2.44e-04 410s
  ep13 step 2000/10781 loss 0.0721 lr 2.43e-04 547s
  ep13 step 2500/10781 loss 0.0722 lr 2.43e-04 683s
  ep13 step 3000/10781 loss 0.0722 lr 2.42e-04 819s
  ep13 step 3500/10781 loss 0.0722 lr 2.42e-04 954s
  ep13 step 4000/10781 loss 0.0721 lr 2.41e-04 1090s
  ep13 step 4500/10781 loss 0.0721 lr 2.41e-04 1226s
  ep13 step 5000/10781 loss 0.0720 lr 2.40e-04 1362s
  ep13 step 5500/10781 loss 0.0720 lr 2.40e-04 1497s
  ep13 step 6000/10781 loss 0.0720 lr 2.40e-04 1632s
  ep13 step 6500/10781 loss 0.0719 lr 2.39e-04 1767s
  ep13 step 7000/10781 loss 0.0719 lr 2.39e-04 1902s
  ep13 step 7500/10781 loss 0.0718 lr 2.38e-04 2036s
  ep13 step 8000/10781 loss 0.0718 lr 2.38e-04 2171s
  ep13 step 8500/10781 loss 0.0717 lr 2.37e-04 2304s
  ep13 step 9000/10781 loss 0.0717 lr 2.37e-04 2437s
  ep13 step 9500/10781 loss 0.0717 lr 2.36e-04 2569s
  ep13 step 10000/10781 loss 0.0716 lr 2.36e-04 2702s
  ep13 step 10500/10781 loss 0.0716 lr 2.35e-04 2835s
{"ep": 13, "loss": 0.07163, "val_pooled_db": [-11.81, -10.87, -10.01, -9.2], "val_median_db": [-16.74, -15.6, -14.56, -13.71], "val_align_db": [-18.11, -17.16, -16.45, -15.54], "rho": [0.992, 0.99, 0.989, 0.986], "copy_last_db": [-4.45, -1.94, -1.6, -1.16], "lr": 0.00023520971200967334, "sec": 2981.8}
  ep14 step 500/10781 loss 0.0698 lr 2.35e-04 133s
  ep14 step 1000/10781 loss 0.0699 lr 2.34e-04 266s
  ep14 step 1500/10781 loss 0.0701 lr 2.34e-04 399s
  ep14 step 2000/10781 loss 0.0702 lr 2.33e-04 532s
  ep14 step 2500/10781 loss 0.0704 lr 2.33e-04 665s
  ep14 step 3000/10781 loss 0.0703 lr 2.32e-04 798s
  ep14 step 3500/10781 loss 0.0702 lr 2.32e-04 933s
  ep14 step 4000/10781 loss 0.0702 lr 2.31e-04 1068s
  ep14 step 4500/10781 loss 0.0703 lr 2.31e-04 1203s
  ep14 step 5000/10781 loss 0.0703 lr 2.31e-04 1338s
  ep14 step 5500/10781 loss 0.0702 lr 2.30e-04 1474s
  ep14 step 6000/10781 loss 0.0702 lr 2.30e-04 1609s
  ep14 step 6500/10781 loss 0.0702 lr 2.29e-04 1743s
  ep14 step 7000/10781 loss 0.0701 lr 2.29e-04 1877s
  ep14 step 7500/10781 loss 0.0701 lr 2.28e-04 2011s
  ep14 step 8000/10781 loss 0.0701 lr 2.28e-04 2146s
  ep14 step 8500/10781 loss 0.0701 lr 2.27e-04 2280s
  ep14 step 9000/10781 loss 0.0701 lr 2.27e-04 2414s
  ep14 step 9500/10781 loss 0.0701 lr 2.26e-04 2549s
  ep14 step 10000/10781 loss 0.0701 lr 2.26e-04 2684s
  ep14 step 10500/10781 loss 0.0700 lr 2.25e-04 2820s
{"ep": 14, "loss": 0.07005, "val_pooled_db": [-11.8, -10.85, -9.93, -9.25], "val_median_db": [-16.94, -15.79, -14.6, -13.76], "val_align_db": [-18.27, -17.3, -16.47, -15.62], "rho": [0.993, 0.991, 0.989, 0.986], "copy_last_db": [-4.45, -1.94, -1.6, -1.16], "lr": 0.000225, "sec": 2971.8}
  ep15 step 500/10781 loss 0.0685 lr 2.25e-04 137s
  ep15 step 1000/10781 loss 0.0689 lr 2.24e-04 272s
  ep15 step 1500/10781 loss 0.0688 lr 2.24e-04 407s
  ep15 step 2000/10781 loss 0.0688 lr 2.23e-04 547s
  ep15 step 2500/10781 loss 0.0688 lr 2.23e-04 710s
  ep15 step 3000/10781 loss 0.0690 lr 2.22e-04 882s
  ep15 step 3500/10781 loss 0.0689 lr 2.22e-04 1058s
  ep15 step 4000/10781 loss 0.0689 lr 2.21e-04 1231s
  ep15 step 4500/10781 loss 0.0689 lr 2.21e-04 1410s
  ep15 step 5000/10781 loss 0.0689 lr 2.20e-04 1597s
  ep15 step 5500/10781 loss 0.0688 lr 2.20e-04 1786s
  ep15 step 6000/10781 loss 0.0688 lr 2.19e-04 1974s
  ep15 step 6500/10781 loss 0.0689 lr 2.19e-04 2139s
  ep15 step 7000/10781 loss 0.0689 lr 2.18e-04 2282s
  ep15 step 7500/10781 loss 0.0688 lr 2.18e-04 2425s
  ep15 step 8000/10781 loss 0.0689 lr 2.17e-04 2568s
  ep15 step 8500/10781 loss 0.0688 lr 2.17e-04 2711s
  ep15 step 9000/10781 loss 0.0687 lr 2.16e-04 2854s
  ep15 step 9500/10781 loss 0.0688 lr 2.16e-04 2995s
  ep15 step 10000/10781 loss 0.0687 lr 2.15e-04 3135s
  ep15 step 10500/10781 loss 0.0687 lr 2.15e-04 3274s
{"ep": 15, "loss": 0.06869, "val_pooled_db": [-11.87, -10.93, -10.0, -9.31], "val_median_db": [-16.86, -15.78, -14.64, -13.88], "val_align_db": [-18.23, -17.31, -16.51, -15.75], "rho": [0.992, 0.991, 0.989, 0.987], "copy_last_db": [-4.45, -1.94, -1.6, -1.16], "lr": 0.0002143038842104581, "sec": 3428.2}
  ep16 step 500/10781 loss 0.0677 lr 2.14e-04 141s
  ep16 step 1000/10781 loss 0.0677 lr 2.13e-04 281s
  ep16 step 1500/10781 loss 0.0676 lr 2.13e-04 420s
  ep16 step 2000/10781 loss 0.0679 lr 2.12e-04 560s
  ep16 step 2500/10781 loss 0.0678 lr 2.12e-04 699s
  ep16 step 3000/10781 loss 0.0678 lr 2.11e-04 839s
  ep16 step 3500/10781 loss 0.0678 lr 2.11e-04 979s
  ep16 step 4000/10781 loss 0.0678 lr 2.10e-04 1118s
  ep16 step 4500/10781 loss 0.0677 lr 2.10e-04 1257s
  ep16 step 5000/10781 loss 0.0677 lr 2.09e-04 1397s
  ep16 step 5500/10781 loss 0.0676 lr 2.09e-04 1537s
  ep16 step 6000/10781 loss 0.0676 lr 2.08e-04 1677s
  ep16 step 6500/10781 loss 0.0675 lr 2.08e-04 1815s
  ep16 step 7000/10781 loss 0.0675 lr 2.07e-04 1954s
  ep16 step 7500/10781 loss 0.0675 lr 2.07e-04 2093s
  ep16 step 8000/10781 loss 0.0675 lr 2.06e-04 2231s
  ep16 step 8500/10781 loss 0.0675 lr 2.06e-04 2370s
  ep16 step 9000/10781 loss 0.0675 lr 2.05e-04 2508s
  ep16 step 9500/10781 loss 0.0674 lr 2.05e-04 2649s
  ep16 step 10000/10781 loss 0.0674 lr 2.04e-04 2824s
  ep16 step 10500/10781 loss 0.0674 lr 2.03e-04 3009s
{"ep": 16, "loss": 0.06737, "val_pooled_db": [-11.9, -10.87, -9.96, -9.27], "val_median_db": [-17.0, -15.94, -14.74, -13.93], "val_align_db": [-18.31, -17.38, -16.53, -15.75], "rho": [0.993, 0.991, 0.989, 0.987], "copy_last_db": [-4.45, -1.94, -1.6, -1.16], "lr": 0.0002031907330563803, "sec": 3211.3}
  ep17 step 500/10781 loss 0.0660 lr 2.03e-04 184s
  ep17 step 1000/10781 loss 0.0663 lr 2.02e-04 369s
  ep17 step 1500/10781 loss 0.0663 lr 2.02e-04 552s
  ep17 step 2000/10781 loss 0.0663 lr 2.01e-04 758s
  ep17 step 2500/10781 loss 0.0664 lr 2.01e-04 964s
  ep17 step 3000/10781 loss 0.0664 lr 2.00e-04 1119s
  ep17 step 3500/10781 loss 0.0664 lr 2.00e-04 1281s
  ep17 step 4000/10781 loss 0.0665 lr 1.99e-04 1459s
  ep17 step 4500/10781 loss 0.0664 lr 1.98e-04 1632s
  ep17 step 5000/10781 loss 0.0664 lr 1.98e-04 1794s
  ep17 step 5500/10781 loss 0.0664 lr 1.97e-04 1955s
  ep17 step 6000/10781 loss 0.0664 lr 1.97e-04 2126s
  ep17 step 6500/10781 loss 0.0664 lr 1.96e-04 2307s
  ep17 step 7000/10781 loss 0.0664 lr 1.96e-04 2475s
  ep17 step 7500/10781 loss 0.0664 lr 1.95e-04 2644s
  ep17 step 8000/10781 loss 0.0663 lr 1.95e-04 2815s
  ep17 step 8500/10781 loss 0.0663 lr 1.94e-04 2985s
  ep17 step 9000/10781 loss 0.0663 lr 1.94e-04 3154s
  ep17 step 9500/10781 loss 0.0663 lr 1.93e-04 3322s
  ep17 step 10000/10781 loss 0.0662 lr 1.93e-04 3491s
  ep17 step 10500/10781 loss 0.0662 lr 1.92e-04 3661s
{"ep": 17, "loss": 0.06621, "val_pooled_db": [-11.84, -10.95, -9.98, -9.25], "val_median_db": [-16.98, -15.91, -14.66, -13.88], "val_align_db": [-18.35, -17.47, -16.52, -15.79], "rho": [0.993, 0.991, 0.989, 0.987], "copy_last_db": [-4.45, -1.94, -1.6, -1.16], "lr": 0.0001917326195874679, "sec": 3849.9}
  ep18 step 500/10781 loss 0.0654 lr 1.91e-04 169s
  ep18 step 1000/10781 loss 0.0651 lr 1.91e-04 340s
  ep18 step 1500/10781 loss 0.0652 lr 1.90e-04 508s
  ep18 step 2000/10781 loss 0.0650 lr 1.90e-04 678s
  ep18 step 2500/10781 loss 0.0650 lr 1.89e-04 848s
  ep18 step 3000/10781 loss 0.0651 lr 1.88e-04 1016s
  ep18 step 3500/10781 loss 0.0652 lr 1.88e-04 1195s
  ep18 step 4000/10781 loss 0.0651 lr 1.87e-04 1365s
  ep18 step 4500/10781 loss 0.0651 lr 1.87e-04 1534s
  ep18 step 5000/10781 loss 0.0651 lr 1.86e-04 1704s
  ep18 step 5500/10781 loss 0.0651 lr 1.86e-04 1872s
  ep18 step 6000/10781 loss 0.0651 lr 1.85e-04 2043s
  ep18 step 6500/10781 loss 0.0650 lr 1.85e-04 2213s
  ep18 step 7000/10781 loss 0.0651 lr 1.84e-04 2384s
  ep18 step 7500/10781 loss 0.0651 lr 1.84e-04 2599s
  ep18 step 8000/10781 loss 0.0651 lr 1.83e-04 2812s
  ep18 step 8500/10781 loss 0.0651 lr 1.83e-04 3019s
  ep18 step 9000/10781 loss 0.0652 lr 1.82e-04 3198s
  ep18 step 9500/10781 loss 0.0652 lr 1.81e-04 3378s
  ep18 step 10000/10781 loss 0.0652 lr 1.81e-04 3557s
  ep18 step 10500/10781 loss 0.0651 lr 1.80e-04 3736s
{"ep": 18, "loss": 0.06511, "val_pooled_db": [-11.86, -10.85, -9.95, -9.26], "val_median_db": [-16.98, -15.81, -14.66, -13.85], "val_align_db": [-18.38, -17.39, -16.6, -15.77], "rho": [0.993, 0.991, 0.989, 0.987], "copy_last_db": [-4.45, -1.94, -1.6, -1.16], "lr": 0.00018000385406640666, "sec": 3939.7}
  ep19 step 500/10781 loss 0.0633 lr 1.79e-04 311s
  ep19 step 1000/10781 loss 0.0647 lr 1.79e-04 591s
  ep19 step 1500/10781 loss 0.0642 lr 1.78e-04 817s
  ep19 step 2000/10781 loss 0.0641 lr 1.78e-04 998s
  ep19 step 2500/10781 loss 0.0640 lr 1.77e-04 1208s
  ep19 step 3000/10781 loss 0.0639 lr 1.77e-04 1418s
  ep19 step 3500/10781 loss 0.0640 lr 1.76e-04 1631s
  ep19 step 4000/10781 loss 0.0639 lr 1.76e-04 1813s
  ep19 step 4500/10781 loss 0.0640 lr 1.75e-04 1990s
  ep19 step 5000/10781 loss 0.0640 lr 1.74e-04 2170s
  ep19 step 5500/10781 loss 0.0640 lr 1.74e-04 2348s
  ep19 step 6000/10781 loss 0.0641 lr 1.73e-04 2554s
  ep19 step 6500/10781 loss 0.0641 lr 1.73e-04 2764s
  ep19 step 7000/10781 loss 0.0640 lr 1.72e-04 2962s
  ep19 step 7500/10781 loss 0.0640 lr 1.72e-04 3149s
  ep19 step 8000/10781 loss 0.0641 lr 1.71e-04 3376s
  ep19 step 8500/10781 loss 0.0641 lr 1.71e-04 3619s
  ep19 step 9000/10781 loss 0.0640 lr 1.70e-04 3812s
  ep19 step 9500/10781 loss 0.0640 lr 1.70e-04 3971s
  ep19 step 10000/10781 loss 0.0639 lr 1.69e-04 4130s
  ep19 step 10500/10781 loss 0.0639 lr 1.68e-04 4281s
{"ep": 19, "loss": 0.06389, "val_pooled_db": [-11.8, -10.74, -9.87, -9.18], "val_median_db": [-16.96, -15.81, -14.56, -13.72], "val_align_db": [-18.26, -17.3, -16.42, -15.7], "rho": [0.993, 0.991, 0.989, 0.986], "copy_last_db": [-4.45, -1.94, -1.6, -1.16], "lr": 0.00016808050203829842, "sec": 4453.1}
  ep20 step 500/10781 loss 0.0624 lr 1.68e-04 154s
  ep20 step 1000/10781 loss 0.0627 lr 1.67e-04 307s
  ep20 step 1500/10781 loss 0.0629 lr 1.66e-04 462s
  ep20 step 2000/10781 loss 0.0630 lr 1.66e-04 616s
  ep20 step 2500/10781 loss 0.0630 lr 1.65e-04 772s
  ep20 step 3000/10781 loss 0.0630 lr 1.65e-04 926s
  ep20 step 3500/10781 loss 0.0630 lr 1.64e-04 1071s
  ep20 step 4000/10781 loss 0.0630 lr 1.64e-04 1213s
  ep20 step 4500/10781 loss 0.0630 lr 1.63e-04 1356s
  ep20 step 5000/10781 loss 0.0630 lr 1.63e-04 1499s
  ep20 step 5500/10781 loss 0.0630 lr 1.62e-04 1642s
  ep20 step 6000/10781 loss 0.0629 lr 1.61e-04 1785s
  ep20 step 6500/10781 loss 0.0630 lr 1.61e-04 1928s
  ep20 step 7000/10781 loss 0.0630 lr 1.60e-04 2071s
  ep20 step 7500/10781 loss 0.0630 lr 1.60e-04 2212s
  ep20 step 8000/10781 loss 0.0630 lr 1.59e-04 2355s
  ep20 step 8500/10781 loss 0.0630 lr 1.59e-04 2497s
  ep20 step 9000/10781 loss 0.0629 lr 1.58e-04 2639s
  ep20 step 9500/10781 loss 0.0629 lr 1.57e-04 2781s
  ep20 step 10000/10781 loss 0.0629 lr 1.57e-04 2921s
  ep20 step 10500/10781 loss 0.0629 lr 1.56e-04 3063s
{"ep": 20, "loss": 0.06288, "val_pooled_db": [-11.91, -10.86, -10.0, -9.27], "val_median_db": [-17.08, -15.93, -14.66, -13.92], "val_align_db": [-18.4, -17.48, -16.6, -15.85], "rho": [0.993, 0.991, 0.989, 0.987], "copy_last_db": [-4.45, -1.94, -1.6, -1.16], "lr": 0.00015603989101641228, "sec": 3219.4}
early stopping at ep 20 (best ep 15, -10.52 dB)
DONE best_ep 15 val_mean_pooled_db -10.52
