[mm] sensors ['pos'] pos_source true window_bytes {'pos': 640} coverage {"pos": {"source": "true", "nan_rows": 0, "missing_yaml": 0, "examples": [], "n": 53800}}
[mm_pos_true_bc_s0] frames 53800 Nr 16 Nt 64 Ksc 64 | split B1: train windows 43121 (x16 = 689936), val windows 2439 (x16 = 39024) | load 0s
model mm:chiron params 19.23M | args {"model": "mm:chiron", "run_id": "mm_pos_true_bc_s0", "setting": "Nt_1_64_Nr_1_16_fc_28GHz", "Ksc": 64, "K_hist": 16, "H_pred": 4, "split": "B1", "seed": 0, "epochs": 40, "patience": 5, "lr": 0.0003, "wd": 0.0001, "batch": 64, "clip": 1.0, "warmup_epochs": 1.0, "D": 512, "L": 6, "heads": 8, "dropout": 0.1, "no_pos_emb": false, "residual": false, "c_hid": 128, "c_enc": 32, "norm": "rms", "patch_h": 4, "patch_w": 16, "lwm11_init": "pretrained", "lwm11_freeze": "none", "in_scale": 1.0, "t_layers": 2, "device": "cuda:0", "workers": 0, "max_train_windows": 0, "eval_every": 1, "out_root": "/mnt/ssd_7t_2/carla-wireless-dataset/mmw_reproduction/outputs_cp", "sensors": "pos", "pos_source": "true", "pos_mode": "broadcast", "fuse_layers": 3, "causal_mask": false, "sensor_cache_root": "", "backbone_init": ""}
[mm] param_groups {"backbone_no_head": 9178368, "head": 9978368, "fusion": 0, "embeddings": 5120, "enc_pos": 68608, "sensor_encoders": 68608, "total": 19230464}
  ep1 step 500/10781 loss 1.1702 lr 1.39e-05 73s
  ep1 step 1000/10781 loss 1.0932 lr 2.79e-05 145s
  ep1 step 1500/10781 loss 1.0626 lr 4.18e-05 218s
  ep1 step 2000/10781 loss 1.0447 lr 5.57e-05 290s
  ep1 step 2500/10781 loss 1.0327 lr 6.96e-05 363s
  ep1 step 3000/10781 loss 1.0240 lr 8.35e-05 435s
  ep1 step 3500/10781 loss 1.0166 lr 9.74e-05 507s
  ep1 step 4000/10781 loss 1.0103 lr 1.11e-04 580s
  ep1 step 4500/10781 loss 1.0042 lr 1.25e-04 652s
  ep1 step 5000/10781 loss 0.9978 lr 1.39e-04 725s
  ep1 step 5500/10781 loss 0.9900 lr 1.53e-04 797s
  ep1 step 6000/10781 loss 0.9807 lr 1.67e-04 869s
  ep1 step 6500/10781 loss 0.9694 lr 1.81e-04 942s
  ep1 step 7000/10781 loss 0.9552 lr 1.95e-04 1015s
  ep1 step 7500/10781 loss 0.9375 lr 2.09e-04 1087s
  ep1 step 8000/10781 loss 0.9150 lr 2.23e-04 1160s
  ep1 step 8500/10781 loss 0.8893 lr 2.37e-04 1233s
  ep1 step 9000/10781 loss 0.8628 lr 2.50e-04 1306s
  ep1 step 9500/10781 loss 0.8345 lr 2.64e-04 1381s
  ep1 step 10000/10781 loss 0.8082 lr 2.78e-04 1454s
  ep1 step 10500/10781 loss 0.7828 lr 2.92e-04 1527s
{"ep": 1, "loss": 0.76907, "val_pooled_db": [-7.56, -6.98, -6.53, -6.03], "val_median_db": [-9.56, -9.03, -8.43, -7.94], "val_align_db": [-10.81, -10.51, -10.02, -9.6], "rho": [0.958, 0.954, 0.949, 0.944], "copy_last_db": [-4.45, -1.94, -1.6, -1.16], "lr": 0.0003, "sec": 1596.9}
  ep2 step 500/10781 loss 0.2471 lr 3.00e-04 72s
  ep2 step 1000/10781 loss 0.2352 lr 3.00e-04 145s
  ep2 step 1500/10781 loss 0.2280 lr 3.00e-04 218s
  ep2 step 2000/10781 loss 0.2223 lr 3.00e-04 293s
  ep2 step 2500/10781 loss 0.2195 lr 3.00e-04 366s
  ep2 step 3000/10781 loss 0.2154 lr 3.00e-04 438s
  ep2 step 3500/10781 loss 0.2130 lr 3.00e-04 511s
  ep2 step 4000/10781 loss 0.2097 lr 3.00e-04 583s
  ep2 step 4500/10781 loss 0.2062 lr 3.00e-04 654s
  ep2 step 5000/10781 loss 0.2037 lr 3.00e-04 727s
  ep2 step 5500/10781 loss 0.2010 lr 3.00e-04 800s
  ep2 step 6000/10781 loss 0.1983 lr 3.00e-04 873s
  ep2 step 6500/10781 loss 0.1958 lr 3.00e-04 946s
  ep2 step 7000/10781 loss 0.1938 lr 3.00e-04 1020s
  ep2 step 7500/10781 loss 0.1915 lr 3.00e-04 1094s
  ep2 step 8000/10781 loss 0.1896 lr 3.00e-04 1168s
  ep2 step 8500/10781 loss 0.1877 lr 3.00e-04 1241s
  ep2 step 9000/10781 loss 0.1858 lr 3.00e-04 1314s
  ep2 step 9500/10781 loss 0.1840 lr 3.00e-04 1386s
  ep2 step 10000/10781 loss 0.1823 lr 3.00e-04 1456s
  ep2 step 10500/10781 loss 0.1809 lr 3.00e-04 1526s
{"ep": 2, "loss": 0.18005, "val_pooled_db": [-10.21, -9.42, -8.78, -8.12], "val_median_db": [-13.16, -12.6, -11.7, -11.12], "val_align_db": [-14.65, -14.3, -13.63, -13.18], "rho": [0.983, 0.981, 0.978, 0.976], "copy_last_db": [-4.45, -1.94, -1.6, -1.16], "lr": 0.0002995135962201315, "sec": 1589.9}
  ep3 step 500/10781 loss 0.1490 lr 2.99e-04 71s
  ep3 step 1000/10781 loss 0.1462 lr 2.99e-04 146s
  ep3 step 1500/10781 loss 0.1447 lr 2.99e-04 214s
  ep3 step 2000/10781 loss 0.1438 lr 2.99e-04 285s
  ep3 step 2500/10781 loss 0.1452 lr 2.99e-04 453s
  ep3 step 3000/10781 loss 0.1441 lr 2.99e-04 524s
  ep3 step 3500/10781 loss 0.1434 lr 2.99e-04 598s
  ep3 step 4000/10781 loss 0.1429 lr 2.99e-04 669s
  ep3 step 4500/10781 loss 0.1426 lr 2.99e-04 740s
  ep3 step 5000/10781 loss 0.1416 lr 2.99e-04 811s
  ep3 step 5500/10781 loss 0.1410 lr 2.99e-04 881s
  ep3 step 6000/10781 loss 0.1407 lr 2.99e-04 951s
  ep3 step 6500/10781 loss 0.1402 lr 2.99e-04 1022s
  ep3 step 7000/10781 loss 0.1396 lr 2.99e-04 1095s
  ep3 step 7500/10781 loss 0.1389 lr 2.99e-04 1177s
  ep3 step 8000/10781 loss 0.1384 lr 2.99e-04 1503s
  ep3 step 8500/10781 loss 0.1378 lr 2.98e-04 1760s
  ep3 step 9000/10781 loss 0.1373 lr 2.98e-04 1844s
  ep3 step 9500/10781 loss 0.1367 lr 2.98e-04 1995s
  ep3 step 10000/10781 loss 0.1363 lr 2.98e-04 2151s
  ep3 step 10500/10781 loss 0.1359 lr 2.98e-04 2222s
{"ep": 3, "loss": 0.13573, "val_pooled_db": [-10.65, -9.72, -9.04, -8.31], "val_median_db": [-14.12, -13.42, -12.6, -11.89], "val_align_db": [-15.62, -15.14, -14.42, -13.82], "rho": [0.986, 0.985, 0.982, 0.979], "copy_last_db": [-4.45, -1.94, -1.6, -1.16], "lr": 0.00029805753939568687, "sec": 2398.4}
  ep4 step 500/10781 loss 0.1227 lr 2.98e-04 97s
  ep4 step 1000/10781 loss 0.1223 lr 2.98e-04 166s
  ep4 step 1500/10781 loss 0.1221 lr 2.98e-04 234s
  ep4 step 2000/10781 loss 0.1214 lr 2.98e-04 302s
  ep4 step 2500/10781 loss 0.1213 lr 2.98e-04 369s
  ep4 step 3000/10781 loss 0.1209 lr 2.97e-04 437s
  ep4 step 3500/10781 loss 0.1205 lr 2.97e-04 505s
  ep4 step 4000/10781 loss 0.1204 lr 2.97e-04 573s
  ep4 step 4500/10781 loss 0.1203 lr 2.97e-04 641s
  ep4 step 5000/10781 loss 0.1199 lr 2.97e-04 709s
  ep4 step 5500/10781 loss 0.1196 lr 2.97e-04 777s
  ep4 step 6000/10781 loss 0.1194 lr 2.97e-04 845s
  ep4 step 6500/10781 loss 0.1192 lr 2.97e-04 931s
  ep4 step 7000/10781 loss 0.1189 lr 2.97e-04 1004s
  ep4 step 7500/10781 loss 0.1186 lr 2.96e-04 1084s
  ep4 step 8000/10781 loss 0.1185 lr 2.96e-04 1152s
  ep4 step 8500/10781 loss 0.1181 lr 2.96e-04 1220s
  ep4 step 9000/10781 loss 0.1178 lr 2.96e-04 1288s
  ep4 step 9500/10781 loss 0.1175 lr 2.96e-04 1356s
  ep4 step 10000/10781 loss 0.1173 lr 2.96e-04 1424s
  ep4 step 10500/10781 loss 0.1170 lr 2.96e-04 1492s
{"ep": 4, "loss": 0.11684, "val_pooled_db": [-10.73, -9.81, -9.0, -8.19], "val_median_db": [-14.09, -13.37, -12.45, -11.71], "val_align_db": [-15.86, -15.34, -14.46, -13.76], "rho": [0.987, 0.985, 0.982, 0.979], "copy_last_db": [-4.45, -1.94, -1.6, -1.16], "lr": 0.00029564127261390776, "sec": 1554.7}
  ep5 step 500/10781 loss 0.1081 lr 2.96e-04 68s
  ep5 step 1000/10781 loss 0.1080 lr 2.95e-04 136s
  ep5 step 1500/10781 loss 0.1090 lr 2.95e-04 204s
  ep5 step 2000/10781 loss 0.1091 lr 2.95e-04 272s
  ep5 step 2500/10781 loss 0.1091 lr 2.95e-04 340s
  ep5 step 3000/10781 loss 0.1087 lr 2.95e-04 407s
  ep5 step 3500/10781 loss 0.1086 lr 2.95e-04 475s
  ep5 step 4000/10781 loss 0.1083 lr 2.95e-04 543s
  ep5 step 4500/10781 loss 0.1084 lr 2.94e-04 611s
  ep5 step 5000/10781 loss 0.1082 lr 2.94e-04 679s
  ep5 step 5500/10781 loss 0.1080 lr 2.94e-04 747s
  ep5 step 6000/10781 loss 0.1078 lr 2.94e-04 815s
  ep5 step 6500/10781 loss 0.1076 lr 2.94e-04 883s
  ep5 step 7000/10781 loss 0.1074 lr 2.94e-04 953s
  ep5 step 7500/10781 loss 0.1072 lr 2.93e-04 1021s
  ep5 step 8000/10781 loss 0.1070 lr 2.93e-04 1089s
  ep5 step 8500/10781 loss 0.1069 lr 2.93e-04 1157s
  ep5 step 9000/10781 loss 0.1067 lr 2.93e-04 1228s
  ep5 step 9500/10781 loss 0.1066 lr 2.93e-04 1312s
  ep5 step 10000/10781 loss 0.1064 lr 2.93e-04 1386s
  ep5 step 10500/10781 loss 0.1062 lr 2.92e-04 1457s
{"ep": 5, "loss": 0.10612, "val_pooled_db": [-11.11, -10.14, -9.3, -8.48], "val_median_db": [-14.89, -14.04, -13.06, -12.29], "val_align_db": [-16.52, -15.9, -15.12, -14.43], "rho": [0.989, 0.987, 0.984, 0.982], "copy_last_db": [-4.45, -1.94, -1.6, -1.16], "lr": 0.00029228046629207175, "sec": 1520.1}
  ep6 step 500/10781 loss 0.1036 lr 2.92e-04 86s
  ep6 step 1000/10781 loss 0.1015 lr 2.92e-04 158s
  ep6 step 1500/10781 loss 0.1015 lr 2.92e-04 226s
  ep6 step 2000/10781 loss 0.1012 lr 2.92e-04 293s
  ep6 step 2500/10781 loss 0.1008 lr 2.91e-04 361s
  ep6 step 3000/10781 loss 0.1010 lr 2.91e-04 438s
  ep6 step 3500/10781 loss 0.1008 lr 2.91e-04 506s
  ep6 step 4000/10781 loss 0.1006 lr 2.91e-04 573s
  ep6 step 4500/10781 loss 0.1007 lr 2.91e-04 641s
  ep6 step 5000/10781 loss 0.1004 lr 2.90e-04 709s
  ep6 step 5500/10781 loss 0.1001 lr 2.90e-04 778s
  ep6 step 6000/10781 loss 0.0999 lr 2.90e-04 846s
  ep6 step 6500/10781 loss 0.0997 lr 2.90e-04 914s
  ep6 step 7000/10781 loss 0.0995 lr 2.90e-04 982s
  ep6 step 7500/10781 loss 0.0993 lr 2.89e-04 1050s
  ep6 step 8000/10781 loss 0.0992 lr 2.89e-04 1117s
  ep6 step 8500/10781 loss 0.0991 lr 2.89e-04 1185s
  ep6 step 9000/10781 loss 0.0990 lr 2.89e-04 1253s
  ep6 step 9500/10781 loss 0.0989 lr 2.89e-04 1321s
  ep6 step 10000/10781 loss 0.0987 lr 2.88e-04 1389s
  ep6 step 10500/10781 loss 0.0988 lr 2.88e-04 1464s
{"ep": 6, "loss": 0.09873, "val_pooled_db": [-10.88, -9.95, -9.07, -8.17], "val_median_db": [-14.73, -13.91, -13.03, -12.18], "val_align_db": [-16.61, -15.96, -15.21, -14.36], "rho": [0.989, 0.987, 0.985, 0.981], "copy_last_db": [-4.45, -1.94, -1.6, -1.16], "lr": 0.0002879969165488236, "sec": 1537.9}
  ep7 step 500/10781 loss 0.0953 lr 2.88e-04 90s
  ep7 step 1000/10781 loss 0.0941 lr 2.88e-04 162s
  ep7 step 1500/10781 loss 0.0938 lr 2.87e-04 257s
  ep7 step 2000/10781 loss 0.0942 lr 2.87e-04 333s
  ep7 step 2500/10781 loss 0.0943 lr 2.87e-04 414s
  ep7 step 3000/10781 loss 0.0945 lr 2.87e-04 482s
  ep7 step 3500/10781 loss 0.0943 lr 2.86e-04 549s
  ep7 step 4000/10781 loss 0.0944 lr 2.86e-04 617s
  ep7 step 4500/10781 loss 0.0943 lr 2.86e-04 685s
  ep7 step 5000/10781 loss 0.0941 lr 2.86e-04 753s
  ep7 step 5500/10781 loss 0.0940 lr 2.85e-04 821s
  ep7 step 6000/10781 loss 0.0939 lr 2.85e-04 889s
  ep7 step 6500/10781 loss 0.0937 lr 2.85e-04 956s
  ep7 step 7000/10781 loss 0.0937 lr 2.85e-04 1024s
  ep7 step 7500/10781 loss 0.0937 lr 2.84e-04 1092s
  ep7 step 8000/10781 loss 0.0936 lr 2.84e-04 1160s
  ep7 step 8500/10781 loss 0.0935 lr 2.84e-04 1228s
  ep7 step 9000/10781 loss 0.0934 lr 2.84e-04 1296s
  ep7 step 9500/10781 loss 0.0932 lr 2.83e-04 1364s
  ep7 step 10000/10781 loss 0.0931 lr 2.83e-04 1432s
  ep7 step 10500/10781 loss 0.0930 lr 2.83e-04 1499s
{"ep": 7, "loss": 0.09294, "val_pooled_db": [-11.08, -10.09, -9.11, -8.18], "val_median_db": [-15.34, -14.31, -13.26, -12.38], "val_align_db": [-17.05, -16.35, -15.31, -14.56], "rho": [0.99, 0.988, 0.985, 0.982], "copy_last_db": [-4.45, -1.94, -1.6, -1.16], "lr": 0.0002828184038479814, "sec": 1562.5}
  ep8 step 500/10781 loss 0.0891 lr 2.83e-04 68s
  ep8 step 1000/10781 loss 0.0893 lr 2.82e-04 136s
  ep8 step 1500/10781 loss 0.0895 lr 2.82e-04 204s
  ep8 step 2000/10781 loss 0.0897 lr 2.82e-04 272s
  ep8 step 2500/10781 loss 0.0900 lr 2.81e-04 339s
  ep8 step 3000/10781 loss 0.0898 lr 2.81e-04 407s
  ep8 step 3500/10781 loss 0.0896 lr 2.81e-04 475s
  ep8 step 4000/10781 loss 0.0895 lr 2.81e-04 543s
  ep8 step 4500/10781 loss 0.0893 lr 2.80e-04 611s
  ep8 step 5000/10781 loss 0.0894 lr 2.80e-04 679s
  ep8 step 5500/10781 loss 0.0893 lr 2.80e-04 747s
  ep8 step 6000/10781 loss 0.0892 lr 2.80e-04 815s
  ep8 step 6500/10781 loss 0.0892 lr 2.79e-04 883s
  ep8 step 7000/10781 loss 0.0892 lr 2.79e-04 950s
  ep8 step 7500/10781 loss 0.0891 lr 2.79e-04 1018s
  ep8 step 8000/10781 loss 0.0891 lr 2.78e-04 1086s
  ep8 step 8500/10781 loss 0.0892 lr 2.78e-04 1154s
  ep8 step 9000/10781 loss 0.0892 lr 2.78e-04 1222s
  ep8 step 9500/10781 loss 0.0891 lr 2.78e-04 1290s
  ep8 step 10000/10781 loss 0.0889 lr 2.77e-04 1358s
  ep8 step 10500/10781 loss 0.0889 lr 2.77e-04 1426s
{"ep": 8, "loss": 0.08884, "val_pooled_db": [-11.15, -10.18, -9.25, -8.4], "val_median_db": [-15.43, -14.44, -13.47, -12.71], "val_align_db": [-17.05, -16.33, -15.49, -14.77], "rho": [0.99, 0.988, 0.986, 0.983], "copy_last_db": [-4.45, -1.94, -1.6, -1.16], "lr": 0.0002767785128315692, "sec": 1489.0}
  ep9 step 500/10781 loss 0.0869 lr 2.76e-04 68s
  ep9 step 1000/10781 loss 0.0863 lr 2.76e-04 136s
  ep9 step 1500/10781 loss 0.0863 lr 2.76e-04 204s
  ep9 step 2000/10781 loss 0.0859 lr 2.76e-04 272s
  ep9 step 2500/10781 loss 0.0860 lr 2.75e-04 340s
  ep9 step 3000/10781 loss 0.0859 lr 2.75e-04 407s
  ep9 step 3500/10781 loss 0.0857 lr 2.75e-04 475s
  ep9 step 4000/10781 loss 0.0856 lr 2.74e-04 543s
  ep9 step 4500/10781 loss 0.0859 lr 2.74e-04 611s
  ep9 step 5000/10781 loss 0.0859 lr 2.74e-04 679s
  ep9 step 5500/10781 loss 0.0858 lr 2.73e-04 747s
  ep9 step 6000/10781 loss 0.0858 lr 2.73e-04 815s
  ep9 step 6500/10781 loss 0.0857 lr 2.73e-04 883s
  ep9 step 7000/10781 loss 0.0857 lr 2.72e-04 951s
  ep9 step 7500/10781 loss 0.0857 lr 2.72e-04 1019s
  ep9 step 8000/10781 loss 0.0856 lr 2.72e-04 1087s
  ep9 step 8500/10781 loss 0.0855 lr 2.71e-04 1155s
  ep9 step 9000/10781 loss 0.0855 lr 2.71e-04 1222s
  ep9 step 9500/10781 loss 0.0854 lr 2.71e-04 1290s
  ep9 step 10000/10781 loss 0.0854 lr 2.70e-04 1358s
  ep9 step 10500/10781 loss 0.0853 lr 2.70e-04 1426s
{"ep": 9, "loss": 0.08527, "val_pooled_db": [-11.18, -10.08, -9.14, -8.21], "val_median_db": [-15.51, -14.44, -13.49, -12.75], "val_align_db": [-17.13, -16.37, -15.61, -14.86], "rho": [0.99, 0.988, 0.986, 0.984], "copy_last_db": [-4.45, -1.94, -1.6, -1.16], "lr": 0.00026991641451052517, "sec": 1489.3}
  ep10 step 500/10781 loss 0.0836 lr 2.70e-04 68s
  ep10 step 1000/10781 loss 0.0834 lr 2.69e-04 136s
  ep10 step 1500/10781 loss 0.0832 lr 2.69e-04 204s
  ep10 step 2000/10781 loss 0.0832 lr 2.69e-04 272s
  ep10 step 2500/10781 loss 0.0831 lr 2.68e-04 340s
  ep10 step 3000/10781 loss 0.0830 lr 2.68e-04 407s
  ep10 step 3500/10781 loss 0.0830 lr 2.68e-04 475s
  ep10 step 4000/10781 loss 0.0829 lr 2.67e-04 543s
  ep10 step 4500/10781 loss 0.0828 lr 2.67e-04 611s
  ep10 step 5000/10781 loss 0.0828 lr 2.66e-04 679s
  ep10 step 5500/10781 loss 0.0828 lr 2.66e-04 747s
  ep10 step 6000/10781 loss 0.0829 lr 2.66e-04 815s
  ep10 step 6500/10781 loss 0.0829 lr 2.65e-04 883s
  ep10 step 7000/10781 loss 0.0829 lr 2.65e-04 951s
  ep10 step 7500/10781 loss 0.0828 lr 2.65e-04 1019s
  ep10 step 8000/10781 loss 0.0827 lr 2.64e-04 1087s
  ep10 step 8500/10781 loss 0.0827 lr 2.64e-04 1155s
  ep10 step 9000/10781 loss 0.0826 lr 2.64e-04 1223s
  ep10 step 9500/10781 loss 0.0826 lr 2.63e-04 1291s
  ep10 step 10000/10781 loss 0.0825 lr 2.63e-04 1359s
  ep10 step 10500/10781 loss 0.0825 lr 2.62e-04 1427s
{"ep": 10, "loss": 0.08241, "val_pooled_db": [-11.26, -10.22, -9.24, -8.32], "val_median_db": [-15.61, -14.55, -13.59, -12.81], "val_align_db": [-17.17, -16.47, -15.67, -14.89], "rho": [0.99, 0.989, 0.986, 0.984], "copy_last_db": [-4.45, -1.94, -1.6, -1.16], "lr": 0.00026227661222566516, "sec": 1490.1}
  ep11 step 500/10781 loss 0.0960 lr 2.62e-04 68s
  ep11 step 1000/10781 loss 0.0877 lr 2.62e-04 136s
  ep11 step 1500/10781 loss 0.0853 lr 2.61e-04 204s
  ep11 step 2000/10781 loss 0.0843 lr 2.61e-04 272s
  ep11 step 2500/10781 loss 0.0832 lr 2.60e-04 340s
  ep11 step 3000/10781 loss 0.0826 lr 2.60e-04 408s
  ep11 step 3500/10781 loss 0.0823 lr 2.60e-04 476s
  ep11 step 4000/10781 loss 0.0820 lr 2.59e-04 544s
  ep11 step 4500/10781 loss 0.0819 lr 2.59e-04 612s
  ep11 step 5000/10781 loss 0.0817 lr 2.58e-04 680s
  ep11 step 5500/10781 loss 0.0815 lr 2.58e-04 748s
  ep11 step 6000/10781 loss 0.0814 lr 2.58e-04 816s
  ep11 step 6500/10781 loss 0.0813 lr 2.57e-04 883s
  ep11 step 7000/10781 loss 0.0812 lr 2.57e-04 951s
  ep11 step 7500/10781 loss 0.0811 lr 2.57e-04 1019s
  ep11 step 8000/10781 loss 0.0810 lr 2.56e-04 1087s
  ep11 step 8500/10781 loss 0.0809 lr 2.56e-04 1155s
  ep11 step 9000/10781 loss 0.0809 lr 2.55e-04 1223s
  ep11 step 9500/10781 loss 0.0808 lr 2.55e-04 1291s
  ep11 step 10000/10781 loss 0.0807 lr 2.55e-04 1359s
  ep11 step 10500/10781 loss 0.0806 lr 2.54e-04 1427s
{"ep": 11, "loss": 0.08061, "val_pooled_db": [-11.19, -10.18, -9.23, -8.3], "val_median_db": [-15.44, -14.41, -13.58, -12.7], "val_align_db": [-17.05, -16.37, -15.56, -14.75], "rho": [0.99, 0.988, 0.986, 0.983], "copy_last_db": [-4.45, -1.94, -1.6, -1.16], "lr": 0.0002539086530264399, "sec": 1490.2}
  ep12 step 500/10781 loss 0.0787 lr 2.54e-04 68s
  ep12 step 1000/10781 loss 0.0790 lr 2.53e-04 136s
  ep12 step 1500/10781 loss 0.0788 lr 2.53e-04 204s
  ep12 step 2000/10781 loss 0.0787 lr 2.52e-04 272s
  ep12 step 2500/10781 loss 0.0786 lr 2.52e-04 340s
  ep12 step 3000/10781 loss 0.0784 lr 2.51e-04 408s
  ep12 step 3500/10781 loss 0.0783 lr 2.51e-04 476s
  ep12 step 4000/10781 loss 0.0783 lr 2.51e-04 543s
  ep12 step 4500/10781 loss 0.0781 lr 2.50e-04 611s
  ep12 step 5000/10781 loss 0.0781 lr 2.50e-04 679s
  ep12 step 5500/10781 loss 0.0780 lr 2.49e-04 747s
  ep12 step 6000/10781 loss 0.0779 lr 2.49e-04 815s
  ep12 step 6500/10781 loss 0.0782 lr 2.49e-04 883s
  ep12 step 7000/10781 loss 0.0782 lr 2.48e-04 951s
  ep12 step 7500/10781 loss 0.0781 lr 2.48e-04 1019s
  ep12 step 8000/10781 loss 0.0781 lr 2.47e-04 1087s
  ep12 step 8500/10781 loss 0.0780 lr 2.47e-04 1155s
  ep12 step 9000/10781 loss 0.0780 lr 2.46e-04 1223s
  ep12 step 9500/10781 loss 0.0779 lr 2.46e-04 1291s
  ep12 step 10000/10781 loss 0.0779 lr 2.46e-04 1359s
  ep12 step 10500/10781 loss 0.0778 lr 2.45e-04 1427s
{"ep": 12, "loss": 0.07783, "val_pooled_db": [-11.19, -10.19, -9.26, -8.32], "val_median_db": [-15.68, -14.75, -13.71, -12.74], "val_align_db": [-17.29, -16.57, -15.74, -14.92], "rho": [0.991, 0.989, 0.987, 0.984], "copy_last_db": [-4.45, -1.94, -1.6, -1.16], "lr": 0.0002448668063393066, "sec": 1489.7}
  ep13 step 500/10781 loss 0.0766 lr 2.44e-04 68s
  ep13 step 1000/10781 loss 0.0761 lr 2.44e-04 136s
  ep13 step 1500/10781 loss 0.0764 lr 2.44e-04 204s
  ep13 step 2000/10781 loss 0.0764 lr 2.43e-04 272s
  ep13 step 2500/10781 loss 0.0764 lr 2.43e-04 340s
  ep13 step 3000/10781 loss 0.0762 lr 2.42e-04 408s
  ep13 step 3500/10781 loss 0.0764 lr 2.42e-04 476s
  ep13 step 4000/10781 loss 0.0764 lr 2.41e-04 544s
  ep13 step 4500/10781 loss 0.0764 lr 2.41e-04 612s
  ep13 step 5000/10781 loss 0.0764 lr 2.40e-04 680s
  ep13 step 5500/10781 loss 0.0762 lr 2.40e-04 748s
  ep13 step 6000/10781 loss 0.0762 lr 2.40e-04 816s
  ep13 step 6500/10781 loss 0.0761 lr 2.39e-04 884s
  ep13 step 7000/10781 loss 0.0761 lr 2.39e-04 952s
  ep13 step 7500/10781 loss 0.0761 lr 2.38e-04 1019s
  ep13 step 8000/10781 loss 0.0761 lr 2.38e-04 1087s
  ep13 step 8500/10781 loss 0.0761 lr 2.37e-04 1155s
  ep13 step 9000/10781 loss 0.0761 lr 2.37e-04 1223s
  ep13 step 9500/10781 loss 0.0760 lr 2.36e-04 1291s
  ep13 step 10000/10781 loss 0.0760 lr 2.36e-04 1359s
  ep13 step 10500/10781 loss 0.0759 lr 2.35e-04 1427s
{"ep": 13, "loss": 0.07593, "val_pooled_db": [-11.37, -10.3, -9.34, -8.44], "val_median_db": [-15.96, -14.89, -13.87, -12.89], "val_align_db": [-17.53, -16.85, -16.0, -15.17], "rho": [0.991, 0.99, 0.987, 0.985], "copy_last_db": [-4.45, -1.94, -1.6, -1.16], "lr": 0.00023520971200967334, "sec": 1490.4}
  ep14 step 500/10781 loss 0.0759 lr 2.35e-04 68s
  ep14 step 1000/10781 loss 0.0749 lr 2.34e-04 136s
  ep14 step 1500/10781 loss 0.0746 lr 2.34e-04 204s
  ep14 step 2000/10781 loss 0.0745 lr 2.33e-04 272s
  ep14 step 2500/10781 loss 0.0745 lr 2.33e-04 340s
  ep14 step 3000/10781 loss 0.0745 lr 2.32e-04 408s
  ep14 step 3500/10781 loss 0.0744 lr 2.32e-04 476s
  ep14 step 4000/10781 loss 0.0744 lr 2.31e-04 544s
  ep14 step 4500/10781 loss 0.0744 lr 2.31e-04 612s
  ep14 step 5000/10781 loss 0.0744 lr 2.31e-04 679s
  ep14 step 5500/10781 loss 0.0744 lr 2.30e-04 747s
  ep14 step 6000/10781 loss 0.0744 lr 2.30e-04 815s
  ep14 step 6500/10781 loss 0.0743 lr 2.29e-04 883s
  ep14 step 7000/10781 loss 0.0743 lr 2.29e-04 951s
  ep14 step 7500/10781 loss 0.0743 lr 2.28e-04 1019s
  ep14 step 8000/10781 loss 0.0743 lr 2.28e-04 1087s
  ep14 step 8500/10781 loss 0.0742 lr 2.27e-04 1155s
  ep14 step 9000/10781 loss 0.0742 lr 2.27e-04 1223s
  ep14 step 9500/10781 loss 0.0741 lr 2.26e-04 1291s
  ep14 step 10000/10781 loss 0.0741 lr 2.26e-04 1358s
  ep14 step 10500/10781 loss 0.0740 lr 2.25e-04 1426s
{"ep": 14, "loss": 0.07399, "val_pooled_db": [-11.33, -10.23, -9.3, -8.44], "val_median_db": [-16.09, -15.06, -13.92, -13.09], "val_align_db": [-17.59, -16.8, -15.97, -15.16], "rho": [0.991, 0.989, 0.987, 0.985], "copy_last_db": [-4.45, -1.94, -1.6, -1.16], "lr": 0.000225, "sec": 1489.5}
  ep15 step 500/10781 loss 0.0731 lr 2.25e-04 68s
  ep15 step 1000/10781 loss 0.0729 lr 2.24e-04 136s
  ep15 step 1500/10781 loss 0.0731 lr 2.24e-04 204s
  ep15 step 2000/10781 loss 0.0732 lr 2.23e-04 272s
  ep15 step 2500/10781 loss 0.0730 lr 2.23e-04 340s
  ep15 step 3000/10781 loss 0.0730 lr 2.22e-04 408s
  ep15 step 3500/10781 loss 0.0729 lr 2.22e-04 476s
  ep15 step 4000/10781 loss 0.0728 lr 2.21e-04 543s
  ep15 step 4500/10781 loss 0.0727 lr 2.21e-04 611s
  ep15 step 5000/10781 loss 0.0730 lr 2.20e-04 679s
  ep15 step 5500/10781 loss 0.0729 lr 2.20e-04 747s
  ep15 step 6000/10781 loss 0.0729 lr 2.19e-04 815s
  ep15 step 6500/10781 loss 0.0728 lr 2.19e-04 883s
  ep15 step 7000/10781 loss 0.0729 lr 2.18e-04 951s
  ep15 step 7500/10781 loss 0.0729 lr 2.18e-04 1019s
  ep15 step 8000/10781 loss 0.0728 lr 2.17e-04 1087s
  ep15 step 8500/10781 loss 0.0727 lr 2.17e-04 1155s
  ep15 step 9000/10781 loss 0.0727 lr 2.16e-04 1223s
  ep15 step 9500/10781 loss 0.0727 lr 2.16e-04 1291s
  ep15 step 10000/10781 loss 0.0726 lr 2.15e-04 1359s
  ep15 step 10500/10781 loss 0.0726 lr 2.15e-04 1427s
{"ep": 15, "loss": 0.07257, "val_pooled_db": [-11.25, -10.17, -9.2, -8.33], "val_median_db": [-16.08, -15.02, -13.73, -12.99], "val_align_db": [-17.52, -16.78, -15.94, -15.2], "rho": [0.991, 0.989, 0.987, 0.985], "copy_last_db": [-4.45, -1.94, -1.6, -1.16], "lr": 0.0002143038842104581, "sec": 1490.3}
  ep16 step 500/10781 loss 0.0712 lr 2.14e-04 68s
  ep16 step 1000/10781 loss 0.0708 lr 2.13e-04 136s
  ep16 step 1500/10781 loss 0.0713 lr 2.13e-04 204s
  ep16 step 2000/10781 loss 0.0712 lr 2.12e-04 272s
  ep16 step 2500/10781 loss 0.0712 lr 2.12e-04 340s
  ep16 step 3000/10781 loss 0.0713 lr 2.11e-04 408s
  ep16 step 3500/10781 loss 0.0713 lr 2.11e-04 476s
  ep16 step 4000/10781 loss 0.0713 lr 2.10e-04 544s
  ep16 step 4500/10781 loss 0.0712 lr 2.10e-04 612s
  ep16 step 5000/10781 loss 0.0711 lr 2.09e-04 680s
  ep16 step 5500/10781 loss 0.0712 lr 2.09e-04 748s
  ep16 step 6000/10781 loss 0.0711 lr 2.08e-04 816s
  ep16 step 6500/10781 loss 0.0711 lr 2.08e-04 884s
  ep16 step 7000/10781 loss 0.0711 lr 2.07e-04 951s
  ep16 step 7500/10781 loss 0.0710 lr 2.07e-04 1019s
  ep16 step 8000/10781 loss 0.0710 lr 2.06e-04 1087s
  ep16 step 8500/10781 loss 0.0710 lr 2.06e-04 1155s
  ep16 step 9000/10781 loss 0.0710 lr 2.05e-04 1223s
  ep16 step 9500/10781 loss 0.0710 lr 2.05e-04 1291s
  ep16 step 10000/10781 loss 0.0709 lr 2.04e-04 1359s
  ep16 step 10500/10781 loss 0.0709 lr 2.03e-04 1427s
{"ep": 16, "loss": 0.07087, "val_pooled_db": [-11.26, -10.16, -9.21, -8.36], "val_median_db": [-16.01, -14.92, -13.88, -12.9], "val_align_db": [-17.5, -16.79, -15.98, -15.03], "rho": [0.991, 0.989, 0.987, 0.984], "copy_last_db": [-4.45, -1.94, -1.6, -1.16], "lr": 0.0002031907330563803, "sec": 1490.2}
  ep17 step 500/10781 loss 0.0691 lr 2.03e-04 68s
  ep17 step 1000/10781 loss 0.0694 lr 2.02e-04 136s
  ep17 step 1500/10781 loss 0.0698 lr 2.02e-04 204s
  ep17 step 2000/10781 loss 0.0698 lr 2.01e-04 272s
  ep17 step 2500/10781 loss 0.0698 lr 2.01e-04 340s
  ep17 step 3000/10781 loss 0.0697 lr 2.00e-04 408s
  ep17 step 3500/10781 loss 0.0696 lr 2.00e-04 476s
  ep17 step 4000/10781 loss 0.0696 lr 1.99e-04 543s
  ep17 step 4500/10781 loss 0.0697 lr 1.98e-04 611s
  ep17 step 5000/10781 loss 0.0697 lr 1.98e-04 679s
  ep17 step 5500/10781 loss 0.0697 lr 1.97e-04 747s
  ep17 step 6000/10781 loss 0.0697 lr 1.97e-04 815s
  ep17 step 6500/10781 loss 0.0697 lr 1.96e-04 883s
  ep17 step 7000/10781 loss 0.0697 lr 1.96e-04 951s
  ep17 step 7500/10781 loss 0.0696 lr 1.95e-04 1019s
  ep17 step 8000/10781 loss 0.0696 lr 1.95e-04 1087s
  ep17 step 8500/10781 loss 0.0696 lr 1.94e-04 1155s
  ep17 step 9000/10781 loss 0.0696 lr 1.94e-04 1222s
  ep17 step 9500/10781 loss 0.0696 lr 1.93e-04 1290s
  ep17 step 10000/10781 loss 0.0695 lr 1.93e-04 1358s
  ep17 step 10500/10781 loss 0.0695 lr 1.92e-04 1426s
{"ep": 17, "loss": 0.06946, "val_pooled_db": [-11.28, -10.19, -9.23, -8.36], "val_median_db": [-16.08, -15.04, -13.99, -13.08], "val_align_db": [-17.71, -16.92, -16.07, -15.29], "rho": [0.991, 0.99, 0.988, 0.985], "copy_last_db": [-4.45, -1.94, -1.6, -1.16], "lr": 0.0001917326195874679, "sec": 1489.4}
  ep18 step 500/10781 loss 0.0688 lr 1.91e-04 68s
  ep18 step 1000/10781 loss 0.0687 lr 1.91e-04 136s
  ep18 step 1500/10781 loss 0.0686 lr 1.90e-04 204s
  ep18 step 2000/10781 loss 0.0687 lr 1.90e-04 272s
  ep18 step 2500/10781 loss 0.0686 lr 1.89e-04 340s
  ep18 step 3000/10781 loss 0.0685 lr 1.88e-04 408s
  ep18 step 3500/10781 loss 0.0684 lr 1.88e-04 475s
  ep18 step 4000/10781 loss 0.0684 lr 1.87e-04 543s
  ep18 step 4500/10781 loss 0.0684 lr 1.87e-04 611s
  ep18 step 5000/10781 loss 0.0684 lr 1.86e-04 679s
  ep18 step 5500/10781 loss 0.0685 lr 1.86e-04 747s
  ep18 step 6000/10781 loss 0.0685 lr 1.85e-04 815s
  ep18 step 6500/10781 loss 0.0684 lr 1.85e-04 883s
  ep18 step 7000/10781 loss 0.0684 lr 1.84e-04 951s
  ep18 step 7500/10781 loss 0.0684 lr 1.84e-04 1019s
  ep18 step 8000/10781 loss 0.0683 lr 1.83e-04 1087s
  ep18 step 8500/10781 loss 0.0683 lr 1.83e-04 1155s
  ep18 step 9000/10781 loss 0.0683 lr 1.82e-04 1223s
  ep18 step 9500/10781 loss 0.0683 lr 1.81e-04 1291s
  ep18 step 10000/10781 loss 0.0683 lr 1.81e-04 1359s
  ep18 step 10500/10781 loss 0.0683 lr 1.80e-04 1427s
{"ep": 18, "loss": 0.06831, "val_pooled_db": [-11.23, -10.1, -9.14, -8.3], "val_median_db": [-16.09, -14.91, -13.91, -13.04], "val_align_db": [-17.76, -16.75, -15.97, -15.18], "rho": [0.992, 0.989, 0.987, 0.985], "copy_last_db": [-4.45, -1.94, -1.6, -1.16], "lr": 0.00018000385406640666, "sec": 1489.9}
early stopping at ep 18 (best ep 13, -9.86 dB)
DONE best_ep 13 val_mean_pooled_db -9.86
