[mm] sensors ['cam', 'lidar'] pos_source predicted window_bytes {'cam': 4816896, 'lidar': 786432} coverage {"cam": {"channel_frames": 53800, "missing": 0, "examples": [], "rsu_frames_cached": 17200, "row_bytes": 301056}, "lidar": {"channel_frames": 53800, "missing": 0, "examples": [], "rsu_frames_cached": 17200, "row_bytes": 49152}}
[mm_cam_lidar_s0] frames 53800 Nr 16 Nt 64 Ksc 64 | split B1: train windows 43121 (x16 = 689936), val windows 2439 (x16 = 39024) | load 0s
model mm:chiron params 23.54M | args {"model": "mm:chiron", "run_id": "mm_cam_lidar_s0", "setting": "Nt_1_64_Nr_1_16_fc_28GHz", "Ksc": 64, "K_hist": 16, "H_pred": 4, "split": "B1", "seed": 0, "epochs": 40, "patience": 5, "lr": 0.0003, "wd": 0.0001, "batch": 64, "clip": 1.0, "warmup_epochs": 1.0, "D": 512, "L": 6, "heads": 8, "dropout": 0.1, "no_pos_emb": false, "residual": false, "c_hid": 128, "c_enc": 32, "norm": "rms", "patch_h": 4, "patch_w": 16, "lwm11_init": "pretrained", "lwm11_freeze": "none", "in_scale": 1.0, "t_layers": 2, "device": "cuda:0", "workers": 0, "max_train_windows": 0, "eval_every": 1, "out_root": "/mnt/ssd_7t_2/carla-wireless-dataset/mmw_reproduction/outputs_cp", "sensors": "cam,lidar", "pos_source": "predicted", "pos_mode": "token", "fuse_layers": 3, "causal_mask": false, "sensor_cache_root": "", "backbone_init": ""}
[mm] param_groups {"backbone_no_head": 9178368, "head": 9978368, "fusion": 3554304, "embeddings": 5120, "enc_cam": 460800, "enc_lidar": 366336, "sensor_encoders": 827136, "total": 23543296}
  ep1 step 500/10781 loss 1.1821 lr 1.39e-05 167s
  ep1 step 1000/10781 loss 1.1000 lr 2.79e-05 400s
  ep1 step 1500/10781 loss 1.0673 lr 4.18e-05 684s
  ep1 step 2000/10781 loss 1.0483 lr 5.57e-05 973s
  ep1 step 2500/10781 loss 1.0355 lr 6.96e-05 1251s
  ep1 step 3000/10781 loss 1.0258 lr 8.35e-05 1439s
  ep1 step 3500/10781 loss 1.0179 lr 9.74e-05 1592s
  ep1 step 4000/10781 loss 1.0106 lr 1.11e-04 1745s
  ep1 step 4500/10781 loss 1.0039 lr 1.25e-04 1898s
  ep1 step 5000/10781 loss 0.9978 lr 1.39e-04 2051s
  ep1 step 5500/10781 loss 0.9909 lr 1.53e-04 2205s
  ep1 step 6000/10781 loss 0.9827 lr 1.67e-04 2358s
  ep1 step 6500/10781 loss 0.9740 lr 1.81e-04 2512s
  ep1 step 7000/10781 loss 0.9633 lr 1.95e-04 2666s
  ep1 step 7500/10781 loss 0.9502 lr 2.09e-04 2821s
  ep1 step 8000/10781 loss 0.9341 lr 2.23e-04 2975s
  ep1 step 8500/10781 loss 0.9118 lr 2.37e-04 3128s
  ep1 step 9000/10781 loss 0.8847 lr 2.50e-04 3281s
  ep1 step 9500/10781 loss 0.8576 lr 2.64e-04 3434s
  ep1 step 10000/10781 loss 0.8298 lr 2.78e-04 3587s
  ep1 step 10500/10781 loss 0.8031 lr 2.92e-04 3740s
{"ep": 1, "loss": 0.78853, "val_pooled_db": [-8.08, -7.44, -6.87, -6.35], "val_median_db": [-10.17, -9.6, -8.85, -8.4], "val_align_db": [-11.34, -11.03, -10.5, -10.07], "rho": [0.963, 0.96, 0.954, 0.95], "copy_last_db": [-4.45, -1.94, -1.6, -1.16], "lr": 0.0003, "sec": 3909.8}
  ep2 step 500/10781 loss 0.2338 lr 3.00e-04 152s
  ep2 step 1000/10781 loss 0.2340 lr 3.00e-04 304s
  ep2 step 1500/10781 loss 0.2264 lr 3.00e-04 456s
  ep2 step 2000/10781 loss 0.2208 lr 3.00e-04 608s
  ep2 step 2500/10781 loss 0.2157 lr 3.00e-04 760s
  ep2 step 3000/10781 loss 0.2108 lr 3.00e-04 912s
  ep2 step 3500/10781 loss 0.2074 lr 3.00e-04 1065s
  ep2 step 4000/10781 loss 0.2053 lr 3.00e-04 1217s
  ep2 step 4500/10781 loss 0.2034 lr 3.00e-04 1369s
  ep2 step 5000/10781 loss 0.1999 lr 3.00e-04 1521s
  ep2 step 5500/10781 loss 0.1971 lr 3.00e-04 1673s
  ep2 step 6000/10781 loss 0.1947 lr 3.00e-04 1825s
  ep2 step 6500/10781 loss 0.1925 lr 3.00e-04 1977s
  ep2 step 7000/10781 loss 0.1900 lr 3.00e-04 2129s
  ep2 step 7500/10781 loss 0.1879 lr 3.00e-04 2281s
  ep2 step 8000/10781 loss 0.1859 lr 3.00e-04 2433s
  ep2 step 8500/10781 loss 0.1839 lr 3.00e-04 2585s
  ep2 step 9000/10781 loss 0.1820 lr 3.00e-04 2737s
  ep2 step 9500/10781 loss 0.1805 lr 3.00e-04 2889s
  ep2 step 10000/10781 loss 0.1792 lr 3.00e-04 3041s
  ep2 step 10500/10781 loss 0.1776 lr 3.00e-04 3192s
{"ep": 2, "loss": 0.17683, "val_pooled_db": [-10.48, -9.66, -8.98, -8.23], "val_median_db": [-13.48, -12.82, -12.03, -11.27], "val_align_db": [-15.04, -14.45, -13.78, -13.04], "rho": [0.984, 0.982, 0.979, 0.975], "copy_last_db": [-4.45, -1.94, -1.6, -1.16], "lr": 0.0002995135962201315, "sec": 3361.7}
  ep3 step 500/10781 loss 0.1414 lr 2.99e-04 152s
  ep3 step 1000/10781 loss 0.1398 lr 2.99e-04 304s
  ep3 step 1500/10781 loss 0.1412 lr 2.99e-04 456s
  ep3 step 2000/10781 loss 0.1412 lr 2.99e-04 608s
  ep3 step 2500/10781 loss 0.1407 lr 2.99e-04 760s
  ep3 step 3000/10781 loss 0.1400 lr 2.99e-04 911s
  ep3 step 3500/10781 loss 0.1392 lr 2.99e-04 1063s
  ep3 step 4000/10781 loss 0.1392 lr 2.99e-04 1215s
  ep3 step 4500/10781 loss 0.1388 lr 2.99e-04 1367s
  ep3 step 5000/10781 loss 0.1380 lr 2.99e-04 1519s
  ep3 step 5500/10781 loss 0.1374 lr 2.99e-04 1671s
  ep3 step 6000/10781 loss 0.1369 lr 2.99e-04 1822s
  ep3 step 6500/10781 loss 0.1363 lr 2.99e-04 1974s
  ep3 step 7000/10781 loss 0.1361 lr 2.99e-04 2126s
  ep3 step 7500/10781 loss 0.1359 lr 2.99e-04 2280s
  ep3 step 8000/10781 loss 0.1352 lr 2.99e-04 2432s
  ep3 step 8500/10781 loss 0.1350 lr 2.98e-04 2583s
  ep3 step 9000/10781 loss 0.1345 lr 2.98e-04 2735s
  ep3 step 9500/10781 loss 0.1341 lr 2.98e-04 2887s
  ep3 step 10000/10781 loss 0.1337 lr 2.98e-04 3039s
  ep3 step 10500/10781 loss 0.1332 lr 2.98e-04 3191s
{"ep": 3, "loss": 0.13286, "val_pooled_db": [-11.22, -10.2, -9.44, -8.72], "val_median_db": [-14.62, -13.63, -12.64, -11.97], "val_align_db": [-16.27, -15.53, -14.71, -14.09], "rho": [0.988, 0.986, 0.983, 0.98], "copy_last_db": [-4.45, -1.94, -1.6, -1.16], "lr": 0.00029805753939568687, "sec": 3358.0}
  ep4 step 500/10781 loss 0.1200 lr 2.98e-04 152s
  ep4 step 1000/10781 loss 0.1199 lr 2.98e-04 304s
  ep4 step 1500/10781 loss 0.1197 lr 2.98e-04 456s
  ep4 step 2000/10781 loss 0.1193 lr 2.98e-04 608s
  ep4 step 2500/10781 loss 0.1191 lr 2.98e-04 760s
  ep4 step 3000/10781 loss 0.1194 lr 2.97e-04 912s
  ep4 step 3500/10781 loss 0.1192 lr 2.97e-04 1065s
  ep4 step 4000/10781 loss 0.1189 lr 2.97e-04 1217s
  ep4 step 4500/10781 loss 0.1188 lr 2.97e-04 1369s
  ep4 step 5000/10781 loss 0.1184 lr 2.97e-04 1521s
  ep4 step 5500/10781 loss 0.1180 lr 2.97e-04 1673s
  ep4 step 6000/10781 loss 0.1175 lr 2.97e-04 1825s
  ep4 step 6500/10781 loss 0.1172 lr 2.97e-04 1977s
  ep4 step 7000/10781 loss 0.1170 lr 2.97e-04 2128s
  ep4 step 7500/10781 loss 0.1167 lr 2.96e-04 2280s
  ep4 step 8000/10781 loss 0.1163 lr 2.96e-04 2432s
  ep4 step 8500/10781 loss 0.1159 lr 2.96e-04 2584s
  ep4 step 9000/10781 loss 0.1157 lr 2.96e-04 2736s
  ep4 step 9500/10781 loss 0.1154 lr 2.96e-04 2888s
  ep4 step 10000/10781 loss 0.1151 lr 2.96e-04 3041s
  ep4 step 10500/10781 loss 0.1148 lr 2.96e-04 3193s
{"ep": 4, "loss": 0.11462, "val_pooled_db": [-11.28, -10.2, -9.36, -8.67], "val_median_db": [-14.79, -13.58, -12.67, -11.94], "val_align_db": [-16.56, -15.64, -14.87, -14.18], "rho": [0.989, 0.986, 0.984, 0.981], "copy_last_db": [-4.45, -1.94, -1.6, -1.16], "lr": 0.00029564127261390776, "sec": 3364.8}
  ep5 step 500/10781 loss 0.1053 lr 2.96e-04 153s
  ep5 step 1000/10781 loss 0.1055 lr 2.95e-04 306s
  ep5 step 1500/10781 loss 0.1055 lr 2.95e-04 458s
  ep5 step 2000/10781 loss 0.1060 lr 2.95e-04 611s
  ep5 step 2500/10781 loss 0.1057 lr 2.95e-04 763s
  ep5 step 3000/10781 loss 0.1053 lr 2.95e-04 916s
  ep5 step 3500/10781 loss 0.1053 lr 2.95e-04 1068s
  ep5 step 4000/10781 loss 0.1050 lr 2.95e-04 1220s
  ep5 step 4500/10781 loss 0.1050 lr 2.94e-04 1373s
  ep5 step 5000/10781 loss 0.1050 lr 2.94e-04 1525s
  ep5 step 5500/10781 loss 0.1048 lr 2.94e-04 1677s
  ep5 step 6000/10781 loss 0.1047 lr 2.94e-04 1830s
  ep5 step 6500/10781 loss 0.1045 lr 2.94e-04 1982s
  ep5 step 7000/10781 loss 0.1043 lr 2.94e-04 2134s
  ep5 step 7500/10781 loss 0.1042 lr 2.93e-04 2288s
  ep5 step 8000/10781 loss 0.1040 lr 2.93e-04 2440s
  ep5 step 8500/10781 loss 0.1038 lr 2.93e-04 2592s
  ep5 step 9000/10781 loss 0.1036 lr 2.93e-04 2744s
  ep5 step 9500/10781 loss 0.1035 lr 2.93e-04 2896s
  ep5 step 10000/10781 loss 0.1033 lr 2.93e-04 3048s
  ep5 step 10500/10781 loss 0.1031 lr 2.92e-04 3200s
{"ep": 5, "loss": 0.10309, "val_pooled_db": [-11.43, -10.33, -9.47, -8.68], "val_median_db": [-15.16, -13.9, -12.84, -12.01], "val_align_db": [-16.72, -15.74, -14.84, -14.15], "rho": [0.989, 0.987, 0.983, 0.981], "copy_last_db": [-4.45, -1.94, -1.6, -1.16], "lr": 0.00029228046629207175, "sec": 3369.7}
  ep6 step 500/10781 loss 0.0970 lr 2.92e-04 152s
  ep6 step 1000/10781 loss 0.0978 lr 2.92e-04 304s
  ep6 step 1500/10781 loss 0.0979 lr 2.92e-04 455s
  ep6 step 2000/10781 loss 0.0978 lr 2.92e-04 607s
  ep6 step 2500/10781 loss 0.0976 lr 2.91e-04 760s
  ep6 step 3000/10781 loss 0.0973 lr 2.91e-04 915s
  ep6 step 3500/10781 loss 0.0972 lr 2.91e-04 1076s
  ep6 step 4000/10781 loss 0.0971 lr 2.91e-04 1234s
  ep6 step 4500/10781 loss 0.0971 lr 2.91e-04 1407s
  ep6 step 5000/10781 loss 0.0969 lr 2.90e-04 1689s
  ep6 step 5500/10781 loss 0.0967 lr 2.90e-04 1976s
  ep6 step 6000/10781 loss 0.0967 lr 2.90e-04 2182s
  ep6 step 6500/10781 loss 0.0972 lr 2.90e-04 2337s
  ep6 step 7000/10781 loss 0.0970 lr 2.90e-04 2492s
  ep6 step 7500/10781 loss 0.0968 lr 2.89e-04 2647s
  ep6 step 8000/10781 loss 0.0966 lr 2.89e-04 2801s
  ep6 step 8500/10781 loss 0.0964 lr 2.89e-04 2955s
  ep6 step 9000/10781 loss 0.0964 lr 2.89e-04 3110s
  ep6 step 9500/10781 loss 0.0962 lr 2.89e-04 3264s
  ep6 step 10000/10781 loss 0.0964 lr 2.88e-04 3418s
  ep6 step 10500/10781 loss 0.0963 lr 2.88e-04 3574s
{"ep": 6, "loss": 0.09617, "val_pooled_db": [-11.52, -10.35, -9.5, -8.76], "val_median_db": [-15.24, -13.89, -12.88, -12.13], "val_align_db": [-17.32, -16.05, -15.08, -14.46], "rho": [0.991, 0.988, 0.984, 0.982], "copy_last_db": [-4.45, -1.94, -1.6, -1.16], "lr": 0.0002879969165488236, "sec": 3746.0}
  ep7 step 500/10781 loss 0.0932 lr 2.88e-04 155s
  ep7 step 1000/10781 loss 0.0936 lr 2.88e-04 310s
  ep7 step 1500/10781 loss 0.0928 lr 2.87e-04 465s
  ep7 step 2000/10781 loss 0.0924 lr 2.87e-04 620s
  ep7 step 2500/10781 loss 0.0921 lr 2.87e-04 774s
  ep7 step 3000/10781 loss 0.0919 lr 2.87e-04 929s
  ep7 step 3500/10781 loss 0.0917 lr 2.86e-04 1083s
  ep7 step 4000/10781 loss 0.0916 lr 2.86e-04 1238s
  ep7 step 4500/10781 loss 0.0916 lr 2.86e-04 1392s
  ep7 step 5000/10781 loss 0.0915 lr 2.86e-04 1546s
  ep7 step 5500/10781 loss 0.0915 lr 2.85e-04 1701s
  ep7 step 6000/10781 loss 0.0914 lr 2.85e-04 1855s
  ep7 step 6500/10781 loss 0.0914 lr 2.85e-04 2009s
  ep7 step 7000/10781 loss 0.0912 lr 2.85e-04 2164s
  ep7 step 7500/10781 loss 0.0911 lr 2.84e-04 2318s
  ep7 step 8000/10781 loss 0.0910 lr 2.84e-04 2473s
  ep7 step 8500/10781 loss 0.0910 lr 2.84e-04 2627s
  ep7 step 9000/10781 loss 0.0909 lr 2.84e-04 2782s
  ep7 step 9500/10781 loss 0.0908 lr 2.83e-04 2936s
  ep7 step 10000/10781 loss 0.0907 lr 2.83e-04 3090s
  ep7 step 10500/10781 loss 0.0906 lr 2.83e-04 3245s
{"ep": 7, "loss": 0.09057, "val_pooled_db": [-11.36, -10.35, -9.47, -8.71], "val_median_db": [-15.51, -14.12, -12.94, -12.09], "val_align_db": [-17.32, -16.09, -14.95, -14.19], "rho": [0.991, 0.988, 0.984, 0.981], "copy_last_db": [-4.45, -1.94, -1.6, -1.16], "lr": 0.0002828184038479814, "sec": 3416.1}
  ep8 step 500/10781 loss 0.0877 lr 2.83e-04 154s
  ep8 step 1000/10781 loss 0.0879 lr 2.82e-04 309s
  ep8 step 1500/10781 loss 0.0882 lr 2.82e-04 464s
  ep8 step 2000/10781 loss 0.0879 lr 2.82e-04 618s
  ep8 step 2500/10781 loss 0.0877 lr 2.81e-04 773s
  ep8 step 3000/10781 loss 0.0875 lr 2.81e-04 928s
  ep8 step 3500/10781 loss 0.0874 lr 2.81e-04 1082s
  ep8 step 4000/10781 loss 0.0876 lr 2.81e-04 1237s
  ep8 step 4500/10781 loss 0.0875 lr 2.80e-04 1391s
  ep8 step 5000/10781 loss 0.0874 lr 2.80e-04 1546s
  ep8 step 5500/10781 loss 0.0874 lr 2.80e-04 1701s
  ep8 step 6000/10781 loss 0.0872 lr 2.80e-04 1856s
  ep8 step 6500/10781 loss 0.0871 lr 2.79e-04 2011s
  ep8 step 7000/10781 loss 0.0870 lr 2.79e-04 2166s
  ep8 step 7500/10781 loss 0.0870 lr 2.79e-04 2320s
  ep8 step 8000/10781 loss 0.0869 lr 2.78e-04 2475s
  ep8 step 8500/10781 loss 0.0868 lr 2.78e-04 2630s
  ep8 step 9000/10781 loss 0.0867 lr 2.78e-04 2785s
  ep8 step 9500/10781 loss 0.0866 lr 2.78e-04 2940s
  ep8 step 10000/10781 loss 0.0866 lr 2.77e-04 3095s
  ep8 step 10500/10781 loss 0.0865 lr 2.77e-04 3250s
{"ep": 8, "loss": 0.08644, "val_pooled_db": [-11.41, -10.3, -9.5, -8.76], "val_median_db": [-15.55, -14.26, -13.26, -12.35], "val_align_db": [-17.35, -16.25, -15.27, -14.49], "rho": [0.991, 0.988, 0.985, 0.982], "copy_last_db": [-4.45, -1.94, -1.6, -1.16], "lr": 0.0002767785128315692, "sec": 3420.6}
  ep9 step 500/10781 loss 0.0849 lr 2.76e-04 155s
  ep9 step 1000/10781 loss 0.0845 lr 2.76e-04 312s
  ep9 step 1500/10781 loss 0.0843 lr 2.76e-04 467s
  ep9 step 2000/10781 loss 0.0843 lr 2.76e-04 622s
  ep9 step 2500/10781 loss 0.0841 lr 2.75e-04 777s
  ep9 step 3000/10781 loss 0.0844 lr 2.75e-04 932s
  ep9 step 3500/10781 loss 0.0841 lr 2.75e-04 1086s
  ep9 step 4000/10781 loss 0.0840 lr 2.74e-04 1241s
  ep9 step 4500/10781 loss 0.0839 lr 2.74e-04 1396s
  ep9 step 5000/10781 loss 0.0839 lr 2.74e-04 1551s
  ep9 step 5500/10781 loss 0.0838 lr 2.73e-04 1706s
  ep9 step 6000/10781 loss 0.0836 lr 2.73e-04 1861s
  ep9 step 6500/10781 loss 0.0837 lr 2.73e-04 2016s
  ep9 step 7000/10781 loss 0.0840 lr 2.72e-04 2171s
  ep9 step 7500/10781 loss 0.0839 lr 2.72e-04 2326s
  ep9 step 8000/10781 loss 0.0838 lr 2.72e-04 2481s
  ep9 step 8500/10781 loss 0.0837 lr 2.71e-04 2635s
  ep9 step 9000/10781 loss 0.0836 lr 2.71e-04 2790s
  ep9 step 9500/10781 loss 0.0835 lr 2.71e-04 2946s
  ep9 step 10000/10781 loss 0.0834 lr 2.70e-04 3100s
  ep9 step 10500/10781 loss 0.0834 lr 2.70e-04 3255s
{"ep": 9, "loss": 0.08339, "val_pooled_db": [-11.64, -10.39, -9.48, -8.73], "val_median_db": [-16.15, -14.71, -13.56, -12.57], "val_align_db": [-17.62, -16.45, -15.38, -14.43], "rho": [0.991, 0.989, 0.985, 0.982], "copy_last_db": [-4.45, -1.94, -1.6, -1.16], "lr": 0.00026991641451052517, "sec": 3427.3}
  ep10 step 500/10781 loss 0.0818 lr 2.70e-04 154s
  ep10 step 1000/10781 loss 0.0819 lr 2.69e-04 309s
  ep10 step 1500/10781 loss 0.0815 lr 2.69e-04 464s
  ep10 step 2000/10781 loss 0.0813 lr 2.69e-04 619s
  ep10 step 2500/10781 loss 0.0811 lr 2.68e-04 773s
  ep10 step 3000/10781 loss 0.0806 lr 2.68e-04 928s
  ep10 step 3500/10781 loss 0.0808 lr 2.68e-04 1083s
  ep10 step 4000/10781 loss 0.0807 lr 2.67e-04 1238s
  ep10 step 4500/10781 loss 0.0807 lr 2.67e-04 1393s
  ep10 step 5000/10781 loss 0.0806 lr 2.66e-04 1547s
  ep10 step 5500/10781 loss 0.0806 lr 2.66e-04 1703s
  ep10 step 6000/10781 loss 0.0807 lr 2.66e-04 1858s
  ep10 step 6500/10781 loss 0.0806 lr 2.65e-04 2013s
  ep10 step 7000/10781 loss 0.0806 lr 2.65e-04 2168s
  ep10 step 7500/10781 loss 0.0805 lr 2.65e-04 2323s
  ep10 step 8000/10781 loss 0.0805 lr 2.64e-04 2479s
  ep10 step 8500/10781 loss 0.0804 lr 2.64e-04 2634s
  ep10 step 9000/10781 loss 0.0803 lr 2.64e-04 2789s
  ep10 step 9500/10781 loss 0.0803 lr 2.63e-04 2944s
  ep10 step 10000/10781 loss 0.0803 lr 2.63e-04 3099s
  ep10 step 10500/10781 loss 0.0802 lr 2.62e-04 3253s
{"ep": 10, "loss": 0.08018, "val_pooled_db": [-11.76, -10.67, -9.77, -8.98], "val_median_db": [-16.2, -14.9, -13.65, -12.69], "val_align_db": [-17.72, -16.7, -15.69, -14.71], "rho": [0.992, 0.989, 0.986, 0.983], "copy_last_db": [-4.45, -1.94, -1.6, -1.16], "lr": 0.00026227661222566516, "sec": 3422.4}
  ep11 step 500/10781 loss 0.0775 lr 2.62e-04 154s
  ep11 step 1000/10781 loss 0.0774 lr 2.62e-04 308s
  ep11 step 1500/10781 loss 0.0778 lr 2.61e-04 463s
  ep11 step 2000/10781 loss 0.0781 lr 2.61e-04 617s
  ep11 step 2500/10781 loss 0.0781 lr 2.60e-04 772s
  ep11 step 3000/10781 loss 0.0782 lr 2.60e-04 926s
  ep11 step 3500/10781 loss 0.0781 lr 2.60e-04 1080s
  ep11 step 4000/10781 loss 0.0781 lr 2.59e-04 1235s
  ep11 step 4500/10781 loss 0.0781 lr 2.59e-04 1389s
  ep11 step 5000/10781 loss 0.0781 lr 2.58e-04 1544s
  ep11 step 5500/10781 loss 0.0782 lr 2.58e-04 1699s
  ep11 step 6000/10781 loss 0.0781 lr 2.58e-04 1854s
  ep11 step 6500/10781 loss 0.0781 lr 2.57e-04 2009s
  ep11 step 7000/10781 loss 0.0781 lr 2.57e-04 2163s
  ep11 step 7500/10781 loss 0.0780 lr 2.57e-04 2317s
  ep11 step 8000/10781 loss 0.0780 lr 2.56e-04 2472s
  ep11 step 8500/10781 loss 0.0780 lr 2.56e-04 2627s
  ep11 step 9000/10781 loss 0.0780 lr 2.55e-04 2781s
  ep11 step 9500/10781 loss 0.0779 lr 2.55e-04 2936s
  ep11 step 10000/10781 loss 0.0779 lr 2.55e-04 3091s
  ep11 step 10500/10781 loss 0.0778 lr 2.54e-04 3244s
{"ep": 11, "loss": 0.07778, "val_pooled_db": [-11.73, -10.56, -9.72, -8.95], "val_median_db": [-16.25, -14.91, -13.75, -12.67], "val_align_db": [-17.78, -16.8, -15.73, -14.65], "rho": [0.992, 0.99, 0.987, 0.983], "copy_last_db": [-4.45, -1.94, -1.6, -1.16], "lr": 0.0002539086530264399, "sec": 3411.8}
  ep12 step 500/10781 loss 0.0761 lr 2.54e-04 153s
  ep12 step 1000/10781 loss 0.0762 lr 2.53e-04 306s
  ep12 step 1500/10781 loss 0.0762 lr 2.53e-04 458s
  ep12 step 2000/10781 loss 0.0758 lr 2.52e-04 612s
  ep12 step 2500/10781 loss 0.0759 lr 2.52e-04 765s
  ep12 step 3000/10781 loss 0.0768 lr 2.51e-04 918s
  ep12 step 3500/10781 loss 0.0766 lr 2.51e-04 1072s
  ep12 step 4000/10781 loss 0.0764 lr 2.51e-04 1228s
  ep12 step 4500/10781 loss 0.0763 lr 2.50e-04 1381s
  ep12 step 5000/10781 loss 0.0763 lr 2.50e-04 1535s
  ep12 step 5500/10781 loss 0.0762 lr 2.49e-04 1689s
  ep12 step 6000/10781 loss 0.0761 lr 2.49e-04 1844s
  ep12 step 6500/10781 loss 0.0761 lr 2.49e-04 1998s
  ep12 step 7000/10781 loss 0.0761 lr 2.48e-04 2151s
  ep12 step 7500/10781 loss 0.0760 lr 2.48e-04 2304s
  ep12 step 8000/10781 loss 0.0759 lr 2.47e-04 2458s
  ep12 step 8500/10781 loss 0.0759 lr 2.47e-04 2612s
  ep12 step 9000/10781 loss 0.0759 lr 2.46e-04 2766s
  ep12 step 9500/10781 loss 0.0758 lr 2.46e-04 2921s
  ep12 step 10000/10781 loss 0.0758 lr 2.46e-04 3075s
  ep12 step 10500/10781 loss 0.0757 lr 2.45e-04 3229s
{"ep": 12, "loss": 0.07573, "val_pooled_db": [-11.77, -10.46, -9.68, -8.93], "val_median_db": [-16.38, -15.06, -13.86, -12.77], "val_align_db": [-17.76, -16.73, -15.73, -14.74], "rho": [0.992, 0.989, 0.987, 0.983], "copy_last_db": [-4.45, -1.94, -1.6, -1.16], "lr": 0.0002448668063393066, "sec": 3398.9}
  ep13 step 500/10781 loss 0.0739 lr 2.44e-04 154s
  ep13 step 1000/10781 loss 0.0743 lr 2.44e-04 308s
  ep13 step 1500/10781 loss 0.0797 lr 2.44e-04 462s
  ep13 step 2000/10781 loss 0.0782 lr 2.43e-04 617s
  ep13 step 2500/10781 loss 0.0772 lr 2.43e-04 770s
  ep13 step 3000/10781 loss 0.0767 lr 2.42e-04 924s
  ep13 step 3500/10781 loss 0.0761 lr 2.42e-04 1078s
  ep13 step 4000/10781 loss 0.0758 lr 2.41e-04 1232s
  ep13 step 4500/10781 loss 0.0756 lr 2.41e-04 1385s
  ep13 step 5000/10781 loss 0.0755 lr 2.40e-04 1539s
  ep13 step 5500/10781 loss 0.0753 lr 2.40e-04 1693s
  ep13 step 6000/10781 loss 0.0752 lr 2.40e-04 1846s
  ep13 step 6500/10781 loss 0.0750 lr 2.39e-04 2000s
  ep13 step 7000/10781 loss 0.0749 lr 2.39e-04 2153s
  ep13 step 7500/10781 loss 0.0748 lr 2.38e-04 2307s
  ep13 step 8000/10781 loss 0.0747 lr 2.38e-04 2461s
  ep13 step 8500/10781 loss 0.0746 lr 2.37e-04 2615s
  ep13 step 9000/10781 loss 0.0745 lr 2.37e-04 2768s
  ep13 step 9500/10781 loss 0.0744 lr 2.36e-04 2922s
  ep13 step 10000/10781 loss 0.0744 lr 2.36e-04 3076s
  ep13 step 10500/10781 loss 0.0743 lr 2.35e-04 3229s
{"ep": 13, "loss": 0.07428, "val_pooled_db": [-11.57, -10.47, -9.63, -8.82], "val_median_db": [-16.22, -14.79, -13.61, -12.48], "val_align_db": [-17.74, -16.71, -15.56, -14.53], "rho": [0.992, 0.989, 0.986, 0.982], "copy_last_db": [-4.45, -1.94, -1.6, -1.16], "lr": 0.00023520971200967334, "sec": 3398.4}
  ep14 step 500/10781 loss 0.0729 lr 2.35e-04 154s
  ep14 step 1000/10781 loss 0.0726 lr 2.34e-04 308s
  ep14 step 1500/10781 loss 0.0723 lr 2.34e-04 461s
  ep14 step 2000/10781 loss 0.0723 lr 2.33e-04 614s
  ep14 step 2500/10781 loss 0.0722 lr 2.33e-04 768s
  ep14 step 3000/10781 loss 0.0721 lr 2.32e-04 920s
  ep14 step 3500/10781 loss 0.0720 lr 2.32e-04 1073s
  ep14 step 4000/10781 loss 0.0720 lr 2.31e-04 1226s
  ep14 step 4500/10781 loss 0.0720 lr 2.31e-04 1379s
  ep14 step 5000/10781 loss 0.0721 lr 2.31e-04 1533s
  ep14 step 5500/10781 loss 0.0720 lr 2.30e-04 1687s
  ep14 step 6000/10781 loss 0.0720 lr 2.30e-04 1840s
  ep14 step 6500/10781 loss 0.0720 lr 2.29e-04 1992s
  ep14 step 7000/10781 loss 0.0720 lr 2.29e-04 2146s
  ep14 step 7500/10781 loss 0.0721 lr 2.28e-04 2301s
  ep14 step 8000/10781 loss 0.0721 lr 2.28e-04 2455s
  ep14 step 8500/10781 loss 0.0721 lr 2.27e-04 2610s
  ep14 step 9000/10781 loss 0.0720 lr 2.27e-04 2764s
  ep14 step 9500/10781 loss 0.0720 lr 2.26e-04 2918s
  ep14 step 10000/10781 loss 0.0720 lr 2.26e-04 3073s
  ep14 step 10500/10781 loss 0.0719 lr 2.25e-04 3227s
{"ep": 14, "loss": 0.07193, "val_pooled_db": [-11.71, -10.52, -9.61, -8.83], "val_median_db": [-16.42, -15.03, -13.76, -12.64], "val_align_db": [-17.92, -16.83, -15.71, -14.65], "rho": [0.992, 0.99, 0.986, 0.983], "copy_last_db": [-4.45, -1.94, -1.6, -1.16], "lr": 0.000225, "sec": 3399.0}
  ep15 step 500/10781 loss 0.0700 lr 2.25e-04 162s
  ep15 step 1000/10781 loss 0.0705 lr 2.24e-04 317s
  ep15 step 1500/10781 loss 0.0707 lr 2.24e-04 474s
  ep15 step 2000/10781 loss 0.0708 lr 2.23e-04 633s
  ep15 step 2500/10781 loss 0.0708 lr 2.23e-04 793s
  ep15 step 3000/10781 loss 0.0708 lr 2.22e-04 951s
  ep15 step 3500/10781 loss 0.0707 lr 2.22e-04 1139s
  ep15 step 4000/10781 loss 0.0707 lr 2.21e-04 1401s
  ep15 step 4500/10781 loss 0.0707 lr 2.21e-04 1599s
  ep15 step 5000/10781 loss 0.0706 lr 2.20e-04 1755s
  ep15 step 5500/10781 loss 0.0706 lr 2.20e-04 1911s
  ep15 step 6000/10781 loss 0.0706 lr 2.19e-04 2066s
  ep15 step 6500/10781 loss 0.0706 lr 2.19e-04 2219s
  ep15 step 7000/10781 loss 0.0705 lr 2.18e-04 2374s
  ep15 step 7500/10781 loss 0.0704 lr 2.18e-04 2528s
  ep15 step 8000/10781 loss 0.0705 lr 2.17e-04 2682s
  ep15 step 8500/10781 loss 0.0705 lr 2.17e-04 2837s
  ep15 step 9000/10781 loss 0.0704 lr 2.16e-04 2991s
  ep15 step 9500/10781 loss 0.0704 lr 2.16e-04 3146s
  ep15 step 10000/10781 loss 0.0704 lr 2.15e-04 3300s
  ep15 step 10500/10781 loss 0.0704 lr 2.15e-04 3455s
{"ep": 15, "loss": 0.07034, "val_pooled_db": [-11.75, -10.53, -9.66, -8.9], "val_median_db": [-16.58, -15.06, -13.76, -12.9], "val_align_db": [-17.99, -16.8, -15.72, -14.81], "rho": [0.992, 0.99, 0.987, 0.983], "copy_last_db": [-4.45, -1.94, -1.6, -1.16], "lr": 0.0002143038842104581, "sec": 3627.9}
early stopping at ep 15 (best ep 10, -10.30 dB)
DONE best_ep 10 val_mean_pooled_db -10.30
