[mm] sensors ['pos'] pos_source predicted window_bytes {'pos': 640} coverage {"pos": {"source": "predicted", "nan_rows": 0, "missing_yaml": 0, "examples": [], "n": 53800}}
[mm_pos_pred_token_s0] frames 53800 Nr 16 Nt 64 Ksc 64 | split B1: train windows 43121 (x16 = 689936), val windows 2439 (x16 = 39024) | load 0s
model mm:chiron params 22.78M | args {"model": "mm:chiron", "run_id": "mm_pos_pred_token_s0", "setting": "Nt_1_64_Nr_1_16_fc_28GHz", "Ksc": 64, "K_hist": 16, "H_pred": 4, "split": "B1", "seed": 0, "epochs": 40, "patience": 5, "lr": 0.0003, "wd": 0.0001, "batch": 64, "clip": 1.0, "warmup_epochs": 1.0, "D": 512, "L": 6, "heads": 8, "dropout": 0.1, "no_pos_emb": false, "residual": false, "c_hid": 128, "c_enc": 32, "norm": "rms", "patch_h": 4, "patch_w": 16, "lwm11_init": "pretrained", "lwm11_freeze": "none", "in_scale": 1.0, "t_layers": 2, "device": "cuda:0", "workers": 0, "max_train_windows": 0, "eval_every": 1, "out_root": "/mnt/ssd_7t_2/carla-wireless-dataset/mmw_reproduction/outputs_cp", "sensors": "pos", "pos_source": "predicted", "pos_mode": "token", "fuse_layers": 3, "causal_mask": false, "sensor_cache_root": "", "backbone_init": ""}
[mm] param_groups {"backbone_no_head": 9178368, "head": 9978368, "fusion": 3554304, "embeddings": 5120, "enc_pos": 68608, "sensor_encoders": 68608, "total": 22784768}
  ep1 step 500/10781 loss 1.1736 lr 1.39e-05 88s
  ep1 step 1000/10781 loss 1.0957 lr 2.79e-05 176s
  ep1 step 1500/10781 loss 1.0643 lr 4.18e-05 265s
  ep1 step 2000/10781 loss 1.0461 lr 5.57e-05 356s
  ep1 step 2500/10781 loss 1.0336 lr 6.96e-05 447s
  ep1 step 3000/10781 loss 1.0243 lr 8.35e-05 535s
  ep1 step 3500/10781 loss 1.0162 lr 9.74e-05 624s
  ep1 step 4000/10781 loss 1.0090 lr 1.11e-04 714s
  ep1 step 4500/10781 loss 1.0022 lr 1.25e-04 802s
  ep1 step 5000/10781 loss 0.9954 lr 1.39e-04 891s
  ep1 step 5500/10781 loss 0.9876 lr 1.53e-04 980s
  ep1 step 6000/10781 loss 0.9786 lr 1.67e-04 1068s
  ep1 step 6500/10781 loss 0.9687 lr 1.81e-04 1156s
  ep1 step 7000/10781 loss 0.9562 lr 1.95e-04 1246s
  ep1 step 7500/10781 loss 0.9396 lr 2.09e-04 1333s
  ep1 step 8000/10781 loss 0.9160 lr 2.23e-04 1422s
  ep1 step 8500/10781 loss 0.8884 lr 2.37e-04 1511s
  ep1 step 9000/10781 loss 0.8580 lr 2.50e-04 1602s
  ep1 step 9500/10781 loss 0.8281 lr 2.64e-04 1691s
  ep1 step 10000/10781 loss 0.8001 lr 2.78e-04 1780s
  ep1 step 10500/10781 loss 0.7732 lr 2.92e-04 1868s
{"ep": 1, "loss": 0.75871, "val_pooled_db": [-9.12, -8.46, -7.85, -7.33], "val_median_db": [-11.22, -10.78, -10.12, -9.74], "val_align_db": [-12.42, -12.07, -11.61, -11.36], "rho": [0.971, 0.968, 0.965, 0.963], "copy_last_db": [-4.45, -1.94, -1.6, -1.16], "lr": 0.0003, "sec": 1950.3}
  ep2 step 500/10781 loss 0.2133 lr 3.00e-04 88s
  ep2 step 1000/10781 loss 0.2144 lr 3.00e-04 175s
  ep2 step 1500/10781 loss 0.2067 lr 3.00e-04 264s
  ep2 step 2000/10781 loss 0.2046 lr 3.00e-04 351s
  ep2 step 2500/10781 loss 0.1995 lr 3.00e-04 439s
  ep2 step 3000/10781 loss 0.1960 lr 3.00e-04 527s
  ep2 step 3500/10781 loss 0.1948 lr 3.00e-04 615s
  ep2 step 4000/10781 loss 0.1911 lr 3.00e-04 703s
  ep2 step 4500/10781 loss 0.1888 lr 3.00e-04 790s
  ep2 step 5000/10781 loss 0.1863 lr 3.00e-04 878s
  ep2 step 5500/10781 loss 0.1838 lr 3.00e-04 966s
  ep2 step 6000/10781 loss 0.1812 lr 3.00e-04 1053s
  ep2 step 6500/10781 loss 0.1789 lr 3.00e-04 1141s
  ep2 step 7000/10781 loss 0.1776 lr 3.00e-04 1229s
  ep2 step 7500/10781 loss 0.1756 lr 3.00e-04 1317s
  ep2 step 8000/10781 loss 0.1739 lr 3.00e-04 1404s
  ep2 step 8500/10781 loss 0.1731 lr 3.00e-04 1492s
  ep2 step 9000/10781 loss 0.1717 lr 3.00e-04 1580s
  ep2 step 9500/10781 loss 0.1702 lr 3.00e-04 1668s
  ep2 step 10000/10781 loss 0.1687 lr 3.00e-04 1756s
  ep2 step 10500/10781 loss 0.1676 lr 3.00e-04 1844s
{"ep": 2, "loss": 0.16673, "val_pooled_db": [-11.12, -10.27, -9.56, -8.9], "val_median_db": [-14.24, -13.88, -13.14, -12.41], "val_align_db": [-15.82, -15.45, -14.82, -14.17], "rho": [0.987, 0.986, 0.983, 0.981], "copy_last_db": [-4.45, -1.94, -1.6, -1.16], "lr": 0.0002995135962201315, "sec": 1926.6}
  ep3 step 500/10781 loss 0.1443 lr 2.99e-04 88s
  ep3 step 1000/10781 loss 0.1406 lr 2.99e-04 177s
  ep3 step 1500/10781 loss 0.1394 lr 2.99e-04 265s
  ep3 step 2000/10781 loss 0.1402 lr 2.99e-04 353s
  ep3 step 2500/10781 loss 0.1389 lr 2.99e-04 441s
  ep3 step 3000/10781 loss 0.1373 lr 2.99e-04 529s
  ep3 step 3500/10781 loss 0.1360 lr 2.99e-04 616s
  ep3 step 4000/10781 loss 0.1355 lr 2.99e-04 704s
  ep3 step 4500/10781 loss 0.1345 lr 2.99e-04 793s
  ep3 step 5000/10781 loss 0.1346 lr 2.99e-04 881s
  ep3 step 5500/10781 loss 0.1339 lr 2.99e-04 969s
  ep3 step 6000/10781 loss 0.1334 lr 2.99e-04 1057s
  ep3 step 6500/10781 loss 0.1328 lr 2.99e-04 1144s
  ep3 step 7000/10781 loss 0.1325 lr 2.99e-04 1232s
  ep3 step 7500/10781 loss 0.1321 lr 2.99e-04 1321s
  ep3 step 8000/10781 loss 0.1316 lr 2.99e-04 1409s
  ep3 step 8500/10781 loss 0.1313 lr 2.98e-04 1497s
  ep3 step 9000/10781 loss 0.1307 lr 2.98e-04 1585s
  ep3 step 9500/10781 loss 0.1303 lr 2.98e-04 1673s
  ep3 step 10000/10781 loss 0.1297 lr 2.98e-04 1761s
  ep3 step 10500/10781 loss 0.1291 lr 2.98e-04 1849s
{"ep": 3, "loss": 0.12888, "val_pooled_db": [-11.48, -10.51, -9.76, -9.03], "val_median_db": [-14.97, -14.33, -13.46, -12.64], "val_align_db": [-16.52, -16.0, -15.34, -14.56], "rho": [0.989, 0.987, 0.985, 0.982], "copy_last_db": [-4.45, -1.94, -1.6, -1.16], "lr": 0.00029805753939568687, "sec": 1932.1}
  ep4 step 500/10781 loss 0.1185 lr 2.98e-04 88s
  ep4 step 1000/10781 loss 0.1226 lr 2.98e-04 176s
  ep4 step 1500/10781 loss 0.1208 lr 2.98e-04 264s
  ep4 step 2000/10781 loss 0.1200 lr 2.98e-04 353s
  ep4 step 2500/10781 loss 0.1188 lr 2.98e-04 441s
  ep4 step 3000/10781 loss 0.1185 lr 2.97e-04 529s
  ep4 step 3500/10781 loss 0.1179 lr 2.97e-04 617s
  ep4 step 4000/10781 loss 0.1171 lr 2.97e-04 704s
  ep4 step 4500/10781 loss 0.1171 lr 2.97e-04 792s
  ep4 step 5000/10781 loss 0.1168 lr 2.97e-04 880s
  ep4 step 5500/10781 loss 0.1167 lr 2.97e-04 968s
  ep4 step 6000/10781 loss 0.1163 lr 2.97e-04 1055s
  ep4 step 6500/10781 loss 0.1160 lr 2.97e-04 1144s
  ep4 step 7000/10781 loss 0.1155 lr 2.97e-04 1232s
  ep4 step 7500/10781 loss 0.1150 lr 2.96e-04 1320s
  ep4 step 8000/10781 loss 0.1147 lr 2.96e-04 1408s
  ep4 step 8500/10781 loss 0.1144 lr 2.96e-04 1497s
  ep4 step 9000/10781 loss 0.1142 lr 2.96e-04 1585s
  ep4 step 9500/10781 loss 0.1138 lr 2.96e-04 1672s
  ep4 step 10000/10781 loss 0.1135 lr 2.96e-04 1760s
  ep4 step 10500/10781 loss 0.1131 lr 2.96e-04 1848s
{"ep": 4, "loss": 0.11308, "val_pooled_db": [-11.42, -10.5, -9.8, -9.05], "val_median_db": [-14.96, -14.12, -13.33, -12.71], "val_align_db": [-16.66, -16.12, -15.26, -14.64], "rho": [0.989, 0.988, 0.985, 0.983], "copy_last_db": [-4.45, -1.94, -1.6, -1.16], "lr": 0.00029564127261390776, "sec": 1929.5}
  ep5 step 500/10781 loss 0.1038 lr 2.96e-04 88s
  ep5 step 1000/10781 loss 0.1046 lr 2.95e-04 176s
  ep5 step 1500/10781 loss 0.1040 lr 2.95e-04 263s
  ep5 step 2000/10781 loss 0.1037 lr 2.95e-04 351s
  ep5 step 2500/10781 loss 0.1036 lr 2.95e-04 439s
  ep5 step 3000/10781 loss 0.1035 lr 2.95e-04 527s
  ep5 step 3500/10781 loss 0.1036 lr 2.95e-04 616s
  ep5 step 4000/10781 loss 0.1034 lr 2.95e-04 703s
  ep5 step 4500/10781 loss 0.1033 lr 2.94e-04 791s
  ep5 step 5000/10781 loss 0.1030 lr 2.94e-04 880s
  ep5 step 5500/10781 loss 0.1028 lr 2.94e-04 968s
  ep5 step 6000/10781 loss 0.1025 lr 2.94e-04 1056s
  ep5 step 6500/10781 loss 0.1023 lr 2.94e-04 1144s
  ep5 step 7000/10781 loss 0.1022 lr 2.94e-04 1232s
  ep5 step 7500/10781 loss 0.1020 lr 2.93e-04 1320s
  ep5 step 8000/10781 loss 0.1017 lr 2.93e-04 1409s
  ep5 step 8500/10781 loss 0.1023 lr 2.93e-04 1497s
  ep5 step 9000/10781 loss 0.1020 lr 2.93e-04 1586s
  ep5 step 9500/10781 loss 0.1019 lr 2.93e-04 1674s
  ep5 step 10000/10781 loss 0.1017 lr 2.93e-04 1763s
  ep5 step 10500/10781 loss 0.1016 lr 2.92e-04 1850s
{"ep": 5, "loss": 0.10173, "val_pooled_db": [-11.7, -10.67, -9.84, -9.2], "val_median_db": [-15.71, -14.94, -14.0, -13.22], "val_align_db": [-17.25, -16.62, -15.87, -15.12], "rho": [0.991, 0.989, 0.987, 0.984], "copy_last_db": [-4.45, -1.94, -1.6, -1.16], "lr": 0.00029228046629207175, "sec": 1932.8}
  ep6 step 500/10781 loss 0.0971 lr 2.92e-04 88s
  ep6 step 1000/10781 loss 0.0963 lr 2.92e-04 177s
  ep6 step 1500/10781 loss 0.0959 lr 2.92e-04 265s
  ep6 step 2000/10781 loss 0.0959 lr 2.92e-04 354s
  ep6 step 2500/10781 loss 0.0957 lr 2.91e-04 442s
  ep6 step 3000/10781 loss 0.0957 lr 2.91e-04 530s
  ep6 step 3500/10781 loss 0.0957 lr 2.91e-04 619s
  ep6 step 4000/10781 loss 0.0955 lr 2.91e-04 707s
  ep6 step 4500/10781 loss 0.0955 lr 2.91e-04 795s
  ep6 step 5000/10781 loss 0.0953 lr 2.90e-04 883s
  ep6 step 5500/10781 loss 0.0953 lr 2.90e-04 971s
  ep6 step 6000/10781 loss 0.0952 lr 2.90e-04 1059s
  ep6 step 6500/10781 loss 0.0950 lr 2.90e-04 1148s
  ep6 step 7000/10781 loss 0.0950 lr 2.90e-04 1236s
  ep6 step 7500/10781 loss 0.0949 lr 2.89e-04 1324s
  ep6 step 8000/10781 loss 0.0947 lr 2.89e-04 1412s
  ep6 step 8500/10781 loss 0.0948 lr 2.89e-04 1500s
  ep6 step 9000/10781 loss 0.0949 lr 2.89e-04 1588s
  ep6 step 9500/10781 loss 0.0946 lr 2.89e-04 1676s
  ep6 step 10000/10781 loss 0.0945 lr 2.88e-04 1764s
  ep6 step 10500/10781 loss 0.0944 lr 2.88e-04 1852s
{"ep": 6, "loss": 0.09436, "val_pooled_db": [-11.83, -10.8, -9.97, -9.24], "val_median_db": [-16.08, -15.2, -14.17, -13.41], "val_align_db": [-17.68, -17.03, -16.22, -15.5], "rho": [0.991, 0.99, 0.988, 0.986], "copy_last_db": [-4.45, -1.94, -1.6, -1.16], "lr": 0.0002879969165488236, "sec": 1934.8}
  ep7 step 500/10781 loss 0.0915 lr 2.88e-04 89s
  ep7 step 1000/10781 loss 0.0921 lr 2.88e-04 177s
  ep7 step 1500/10781 loss 0.0913 lr 2.87e-04 265s
  ep7 step 2000/10781 loss 0.0909 lr 2.87e-04 353s
  ep7 step 2500/10781 loss 0.0908 lr 2.87e-04 441s
  ep7 step 3000/10781 loss 0.0908 lr 2.87e-04 529s
  ep7 step 3500/10781 loss 0.0907 lr 2.86e-04 617s
  ep7 step 4000/10781 loss 0.0907 lr 2.86e-04 705s
  ep7 step 4500/10781 loss 0.0906 lr 2.86e-04 793s
  ep7 step 5000/10781 loss 0.0904 lr 2.86e-04 881s
  ep7 step 5500/10781 loss 0.0904 lr 2.85e-04 968s
  ep7 step 6000/10781 loss 0.0909 lr 2.85e-04 1056s
  ep7 step 6500/10781 loss 0.0909 lr 2.85e-04 1144s
  ep7 step 7000/10781 loss 0.0908 lr 2.85e-04 1231s
  ep7 step 7500/10781 loss 0.0906 lr 2.84e-04 1319s
  ep7 step 8000/10781 loss 0.0905 lr 2.84e-04 1406s
  ep7 step 8500/10781 loss 0.0903 lr 2.84e-04 1494s
  ep7 step 9000/10781 loss 0.0902 lr 2.84e-04 1582s
  ep7 step 9500/10781 loss 0.0902 lr 2.83e-04 1670s
  ep7 step 10000/10781 loss 0.0900 lr 2.83e-04 1757s
  ep7 step 10500/10781 loss 0.0899 lr 2.83e-04 1845s
{"ep": 7, "loss": 0.08985, "val_pooled_db": [-11.79, -10.8, -9.95, -9.24], "val_median_db": [-16.33, -15.32, -14.3, -13.56], "val_align_db": [-17.86, -17.03, -16.32, -15.55], "rho": [0.992, 0.99, 0.988, 0.986], "copy_last_db": [-4.45, -1.94, -1.6, -1.16], "lr": 0.0002828184038479814, "sec": 1928.1}
  ep8 step 500/10781 loss 0.0869 lr 2.83e-04 88s
  ep8 step 1000/10781 loss 0.0864 lr 2.82e-04 176s
  ep8 step 1500/10781 loss 0.0868 lr 2.82e-04 264s
  ep8 step 2000/10781 loss 0.0870 lr 2.82e-04 351s
  ep8 step 2500/10781 loss 0.0872 lr 2.81e-04 439s
  ep8 step 3000/10781 loss 0.0870 lr 2.81e-04 528s
  ep8 step 3500/10781 loss 0.0869 lr 2.81e-04 616s
  ep8 step 4000/10781 loss 0.0868 lr 2.81e-04 704s
  ep8 step 4500/10781 loss 0.0870 lr 2.80e-04 792s
  ep8 step 5000/10781 loss 0.0868 lr 2.80e-04 879s
  ep8 step 5500/10781 loss 0.0866 lr 2.80e-04 968s
  ep8 step 6000/10781 loss 0.0864 lr 2.80e-04 1056s
  ep8 step 6500/10781 loss 0.0863 lr 2.79e-04 1143s
  ep8 step 7000/10781 loss 0.0862 lr 2.79e-04 1231s
  ep8 step 7500/10781 loss 0.0862 lr 2.79e-04 1319s
  ep8 step 8000/10781 loss 0.0860 lr 2.78e-04 1407s
  ep8 step 8500/10781 loss 0.0860 lr 2.78e-04 1495s
  ep8 step 9000/10781 loss 0.0859 lr 2.78e-04 1583s
  ep8 step 9500/10781 loss 0.0858 lr 2.78e-04 1671s
  ep8 step 10000/10781 loss 0.0857 lr 2.77e-04 1759s
  ep8 step 10500/10781 loss 0.0856 lr 2.77e-04 1847s
{"ep": 8, "loss": 0.08552, "val_pooled_db": [-11.78, -10.79, -9.89, -9.21], "val_median_db": [-16.46, -15.53, -14.48, -13.67], "val_align_db": [-17.94, -17.28, -16.43, -15.59], "rho": [0.992, 0.991, 0.989, 0.986], "copy_last_db": [-4.45, -1.94, -1.6, -1.16], "lr": 0.0002767785128315692, "sec": 1930.5}
  ep9 step 500/10781 loss 0.0822 lr 2.76e-04 88s
  ep9 step 1000/10781 loss 0.0824 lr 2.76e-04 176s
  ep9 step 1500/10781 loss 0.0826 lr 2.76e-04 264s
  ep9 step 2000/10781 loss 0.0828 lr 2.76e-04 352s
  ep9 step 2500/10781 loss 0.0828 lr 2.75e-04 440s
  ep9 step 3000/10781 loss 0.0830 lr 2.75e-04 528s
  ep9 step 3500/10781 loss 0.0828 lr 2.75e-04 616s
  ep9 step 4000/10781 loss 0.0827 lr 2.74e-04 704s
  ep9 step 4500/10781 loss 0.0827 lr 2.74e-04 793s
  ep9 step 5000/10781 loss 0.0827 lr 2.74e-04 881s
  ep9 step 5500/10781 loss 0.0827 lr 2.73e-04 969s
  ep9 step 6000/10781 loss 0.0826 lr 2.73e-04 1056s
  ep9 step 6500/10781 loss 0.0824 lr 2.73e-04 1144s
  ep9 step 7000/10781 loss 0.0824 lr 2.72e-04 1232s
  ep9 step 7500/10781 loss 0.0824 lr 2.72e-04 1321s
  ep9 step 8000/10781 loss 0.0824 lr 2.72e-04 1409s
  ep9 step 8500/10781 loss 0.0824 lr 2.71e-04 1497s
  ep9 step 9000/10781 loss 0.0823 lr 2.71e-04 1585s
  ep9 step 9500/10781 loss 0.0823 lr 2.71e-04 1673s
  ep9 step 10000/10781 loss 0.0822 lr 2.70e-04 1761s
  ep9 step 10500/10781 loss 0.0821 lr 2.70e-04 1850s
{"ep": 9, "loss": 0.08208, "val_pooled_db": [-11.82, -10.73, -9.81, -9.16], "val_median_db": [-16.55, -15.71, -14.45, -13.72], "val_align_db": [-17.96, -17.32, -16.42, -15.79], "rho": [0.992, 0.991, 0.989, 0.987], "copy_last_db": [-4.45, -1.94, -1.6, -1.16], "lr": 0.00026991641451052517, "sec": 1932.3}
  ep10 step 500/10781 loss 0.0799 lr 2.70e-04 88s
  ep10 step 1000/10781 loss 0.0798 lr 2.69e-04 177s
  ep10 step 1500/10781 loss 0.0803 lr 2.69e-04 264s
  ep10 step 2000/10781 loss 0.0803 lr 2.69e-04 352s
  ep10 step 2500/10781 loss 0.0802 lr 2.68e-04 440s
  ep10 step 3000/10781 loss 0.0801 lr 2.68e-04 527s
  ep10 step 3500/10781 loss 0.0801 lr 2.68e-04 615s
  ep10 step 4000/10781 loss 0.0800 lr 2.67e-04 703s
  ep10 step 4500/10781 loss 0.0799 lr 2.67e-04 791s
  ep10 step 5000/10781 loss 0.0799 lr 2.66e-04 879s
  ep10 step 5500/10781 loss 0.0799 lr 2.66e-04 967s
  ep10 step 6000/10781 loss 0.0799 lr 2.66e-04 1055s
  ep10 step 6500/10781 loss 0.0799 lr 2.65e-04 1143s
  ep10 step 7000/10781 loss 0.0799 lr 2.65e-04 1231s
  ep10 step 7500/10781 loss 0.0797 lr 2.65e-04 1319s
  ep10 step 8000/10781 loss 0.0797 lr 2.64e-04 1407s
  ep10 step 8500/10781 loss 0.0796 lr 2.64e-04 1495s
  ep10 step 9000/10781 loss 0.0795 lr 2.64e-04 1584s
  ep10 step 9500/10781 loss 0.0795 lr 2.63e-04 1671s
  ep10 step 10000/10781 loss 0.0795 lr 2.63e-04 1759s
  ep10 step 10500/10781 loss 0.0794 lr 2.62e-04 1847s
{"ep": 10, "loss": 0.07937, "val_pooled_db": [-11.91, -10.83, -9.92, -9.31], "val_median_db": [-16.68, -15.87, -14.74, -14.02], "val_align_db": [-18.14, -17.52, -16.66, -15.98], "rho": [0.992, 0.991, 0.989, 0.987], "copy_last_db": [-4.45, -1.94, -1.6, -1.16], "lr": 0.00026227661222566516, "sec": 1929.8}
  ep11 step 500/10781 loss 0.0781 lr 2.62e-04 88s
  ep11 step 1000/10781 loss 0.0779 lr 2.62e-04 176s
  ep11 step 1500/10781 loss 0.0776 lr 2.61e-04 263s
  ep11 step 2000/10781 loss 0.0773 lr 2.61e-04 351s
  ep11 step 2500/10781 loss 0.0774 lr 2.60e-04 439s
  ep11 step 3000/10781 loss 0.0774 lr 2.60e-04 527s
  ep11 step 3500/10781 loss 0.0773 lr 2.60e-04 616s
  ep11 step 4000/10781 loss 0.0773 lr 2.59e-04 704s
  ep11 step 4500/10781 loss 0.0773 lr 2.59e-04 792s
  ep11 step 5000/10781 loss 0.0773 lr 2.58e-04 880s
  ep11 step 5500/10781 loss 0.0773 lr 2.58e-04 969s
  ep11 step 6000/10781 loss 0.0773 lr 2.58e-04 1057s
  ep11 step 6500/10781 loss 0.0772 lr 2.57e-04 1145s
  ep11 step 7000/10781 loss 0.0772 lr 2.57e-04 1233s
  ep11 step 7500/10781 loss 0.0772 lr 2.57e-04 1321s
  ep11 step 8000/10781 loss 0.0772 lr 2.56e-04 1409s
  ep11 step 8500/10781 loss 0.0771 lr 2.56e-04 1497s
  ep11 step 9000/10781 loss 0.0771 lr 2.55e-04 1584s
  ep11 step 9500/10781 loss 0.0771 lr 2.55e-04 1672s
  ep11 step 10000/10781 loss 0.0771 lr 2.55e-04 1760s
  ep11 step 10500/10781 loss 0.0771 lr 2.54e-04 1848s
{"ep": 11, "loss": 0.07704, "val_pooled_db": [-11.7, -10.72, -9.78, -9.17], "val_median_db": [-16.54, -15.96, -14.65, -13.96], "val_align_db": [-18.11, -17.51, -16.55, -15.86], "rho": [0.992, 0.991, 0.989, 0.987], "copy_last_db": [-4.45, -1.94, -1.6, -1.16], "lr": 0.0002539086530264399, "sec": 1930.7}
  ep12 step 500/10781 loss 0.0747 lr 2.54e-04 87s
  ep12 step 1000/10781 loss 0.0755 lr 2.53e-04 175s
  ep12 step 1500/10781 loss 0.0757 lr 2.53e-04 263s
  ep12 step 2000/10781 loss 0.0755 lr 2.52e-04 351s
  ep12 step 2500/10781 loss 0.0754 lr 2.52e-04 439s
  ep12 step 3000/10781 loss 0.0753 lr 2.51e-04 527s
  ep12 step 3500/10781 loss 0.0754 lr 2.51e-04 615s
  ep12 step 4000/10781 loss 0.0754 lr 2.51e-04 703s
  ep12 step 4500/10781 loss 0.0753 lr 2.50e-04 791s
  ep12 step 5000/10781 loss 0.0753 lr 2.50e-04 878s
  ep12 step 5500/10781 loss 0.0753 lr 2.49e-04 966s
  ep12 step 6000/10781 loss 0.0754 lr 2.49e-04 1054s
  ep12 step 6500/10781 loss 0.0754 lr 2.49e-04 1143s
  ep12 step 7000/10781 loss 0.0753 lr 2.48e-04 1230s
  ep12 step 7500/10781 loss 0.0752 lr 2.48e-04 1318s
  ep12 step 8000/10781 loss 0.0752 lr 2.47e-04 1407s
  ep12 step 8500/10781 loss 0.0752 lr 2.47e-04 1495s
  ep12 step 9000/10781 loss 0.0752 lr 2.46e-04 1583s
  ep12 step 9500/10781 loss 0.0752 lr 2.46e-04 1671s
  ep12 step 10000/10781 loss 0.0751 lr 2.46e-04 1759s
  ep12 step 10500/10781 loss 0.0751 lr 2.45e-04 1848s
{"ep": 12, "loss": 0.07507, "val_pooled_db": [-11.87, -10.78, -9.83, -9.16], "val_median_db": [-17.01, -15.98, -14.72, -13.95], "val_align_db": [-18.38, -17.56, -16.65, -15.92], "rho": [0.993, 0.991, 0.989, 0.987], "copy_last_db": [-4.45, -1.94, -1.6, -1.16], "lr": 0.0002448668063393066, "sec": 1930.6}
  ep13 step 500/10781 loss 0.0733 lr 2.44e-04 87s
  ep13 step 1000/10781 loss 0.0736 lr 2.44e-04 175s
  ep13 step 1500/10781 loss 0.0735 lr 2.44e-04 264s
  ep13 step 2000/10781 loss 0.0736 lr 2.43e-04 352s
  ep13 step 2500/10781 loss 0.0736 lr 2.43e-04 440s
  ep13 step 3000/10781 loss 0.0735 lr 2.42e-04 528s
  ep13 step 3500/10781 loss 0.0734 lr 2.42e-04 616s
  ep13 step 4000/10781 loss 0.0736 lr 2.41e-04 703s
  ep13 step 4500/10781 loss 0.0736 lr 2.41e-04 790s
  ep13 step 5000/10781 loss 0.0736 lr 2.40e-04 877s
  ep13 step 5500/10781 loss 0.0735 lr 2.40e-04 964s
  ep13 step 6000/10781 loss 0.0735 lr 2.40e-04 1050s
  ep13 step 6500/10781 loss 0.0736 lr 2.39e-04 1137s
  ep13 step 7000/10781 loss 0.0735 lr 2.39e-04 1224s
  ep13 step 7500/10781 loss 0.0735 lr 2.38e-04 1311s
  ep13 step 8000/10781 loss 0.0735 lr 2.38e-04 1398s
  ep13 step 8500/10781 loss 0.0734 lr 2.37e-04 1485s
  ep13 step 9000/10781 loss 0.0734 lr 2.37e-04 1572s
  ep13 step 9500/10781 loss 0.0734 lr 2.36e-04 1659s
  ep13 step 10000/10781 loss 0.0734 lr 2.36e-04 1747s
  ep13 step 10500/10781 loss 0.0733 lr 2.35e-04 1836s
{"ep": 13, "loss": 0.07331, "val_pooled_db": [-11.57, -10.57, -9.67, -8.99], "val_median_db": [-16.7, -15.71, -14.48, -13.68], "val_align_db": [-18.09, -17.38, -16.48, -15.66], "rho": [0.992, 0.991, 0.989, 0.986], "copy_last_db": [-4.45, -1.94, -1.6, -1.16], "lr": 0.00023520971200967334, "sec": 1934.1}
  ep14 step 500/10781 loss 0.0736 lr 2.35e-04 89s
  ep14 step 1000/10781 loss 0.0726 lr 2.34e-04 179s
  ep14 step 1500/10781 loss 0.0727 lr 2.34e-04 270s
  ep14 step 2000/10781 loss 0.0723 lr 2.33e-04 360s
  ep14 step 2500/10781 loss 0.0723 lr 2.33e-04 450s
  ep14 step 3000/10781 loss 0.0724 lr 2.32e-04 538s
  ep14 step 3500/10781 loss 0.0723 lr 2.32e-04 627s
  ep14 step 4000/10781 loss 0.0722 lr 2.31e-04 716s
  ep14 step 4500/10781 loss 0.0722 lr 2.31e-04 803s
  ep14 step 5000/10781 loss 0.0722 lr 2.31e-04 890s
  ep14 step 5500/10781 loss 0.0721 lr 2.30e-04 977s
  ep14 step 6000/10781 loss 0.0720 lr 2.30e-04 1065s
  ep14 step 6500/10781 loss 0.0720 lr 2.29e-04 1152s
  ep14 step 7000/10781 loss 0.0720 lr 2.29e-04 1238s
  ep14 step 7500/10781 loss 0.0719 lr 2.28e-04 1325s
  ep14 step 8000/10781 loss 0.0719 lr 2.28e-04 1413s
  ep14 step 8500/10781 loss 0.0718 lr 2.27e-04 1500s
  ep14 step 9000/10781 loss 0.0718 lr 2.27e-04 1587s
  ep14 step 9500/10781 loss 0.0718 lr 2.26e-04 1674s
  ep14 step 10000/10781 loss 0.0718 lr 2.26e-04 1761s
  ep14 step 10500/10781 loss 0.0717 lr 2.25e-04 1848s
{"ep": 14, "loss": 0.07172, "val_pooled_db": [-11.61, -10.62, -9.78, -8.99], "val_median_db": [-16.78, -15.89, -14.57, -13.77], "val_align_db": [-18.35, -17.57, -16.68, -15.77], "rho": [0.993, 0.991, 0.989, 0.987], "copy_last_db": [-4.45, -1.94, -1.6, -1.16], "lr": 0.000225, "sec": 1937.8}
  ep15 step 500/10781 loss 0.0704 lr 2.25e-04 87s
  ep15 step 1000/10781 loss 0.0706 lr 2.24e-04 174s
  ep15 step 1500/10781 loss 0.0705 lr 2.24e-04 261s
  ep15 step 2000/10781 loss 0.0707 lr 2.23e-04 349s
  ep15 step 2500/10781 loss 0.0706 lr 2.23e-04 436s
  ep15 step 3000/10781 loss 0.0707 lr 2.22e-04 523s
  ep15 step 3500/10781 loss 0.0707 lr 2.22e-04 610s
  ep15 step 4000/10781 loss 0.0706 lr 2.21e-04 698s
  ep15 step 4500/10781 loss 0.0705 lr 2.21e-04 786s
  ep15 step 5000/10781 loss 0.0705 lr 2.20e-04 873s
  ep15 step 5500/10781 loss 0.0704 lr 2.20e-04 960s
  ep15 step 6000/10781 loss 0.0704 lr 2.19e-04 1047s
  ep15 step 6500/10781 loss 0.0704 lr 2.19e-04 1134s
  ep15 step 7000/10781 loss 0.0704 lr 2.18e-04 1222s
  ep15 step 7500/10781 loss 0.0703 lr 2.18e-04 1308s
  ep15 step 8000/10781 loss 0.0703 lr 2.17e-04 1396s
  ep15 step 8500/10781 loss 0.0702 lr 2.17e-04 1483s
  ep15 step 9000/10781 loss 0.0702 lr 2.16e-04 1570s
  ep15 step 9500/10781 loss 0.0702 lr 2.16e-04 1656s
  ep15 step 10000/10781 loss 0.0701 lr 2.15e-04 1743s
  ep15 step 10500/10781 loss 0.0701 lr 2.15e-04 1830s
{"ep": 15, "loss": 0.07007, "val_pooled_db": [-11.74, -10.72, -9.85, -9.15], "val_median_db": [-17.07, -16.11, -14.95, -14.06], "val_align_db": [-18.35, -17.58, -16.81, -16.07], "rho": [0.993, 0.991, 0.99, 0.988], "copy_last_db": [-4.45, -1.94, -1.6, -1.16], "lr": 0.0002143038842104581, "sec": 1912.2}
early stopping at ep 15 (best ep 10, -10.49 dB)
DONE best_ep 10 val_mean_pooled_db -10.49
