[mm] sensors ['lidar'] pos_source predicted window_bytes {'lidar': 786432} coverage {"lidar": {"channel_frames": 53800, "missing": 0, "examples": [], "rsu_frames_cached": 17200, "row_bytes": 49152}}
[t1_mm_lidar] frames 53800 Nr 16 Nt 64 Ksc 64 | split T1: train windows 41090 (x16 = 657440), val windows 2490 (x16 = 39840) | load 0s
model mm:chiron params 23.08M | args {"model": "mm:chiron", "run_id": "t1_mm_lidar", "setting": "Nt_1_64_Nr_1_16_fc_28GHz", "Ksc": 64, "K_hist": 16, "H_pred": 4, "split": "T1", "seed": 42, "epochs": 40, "patience": 5, "lr": 0.0003, "wd": 0.0001, "batch": 64, "clip": 1.0, "warmup_epochs": 1.0, "D": 512, "L": 6, "heads": 8, "dropout": 0.1, "no_pos_emb": false, "residual": false, "c_hid": 128, "c_enc": 32, "norm": "rms", "patch_h": 4, "patch_w": 16, "lwm11_init": "pretrained", "lwm11_freeze": "none", "in_scale": 1.0, "t_layers": 2, "device": "cuda:0", "workers": 0, "max_train_windows": 0, "eval_every": 1, "out_root": "/mnt/ssd_7t_2/carla-wireless-dataset/mmw_reproduction/outputs_cp", "sensors": "lidar", "pos_source": "predicted", "pos_mode": "token", "fuse_layers": 3, "causal_mask": false, "sensor_cache_root": "", "backbone_init": ""}
[mm] param_groups {"backbone_no_head": 9178368, "head": 9978368, "fusion": 3554304, "embeddings": 5120, "enc_lidar": 366336, "sensor_encoders": 366336, "total": 23082496}
  ep1 step 500/10273 loss 1.1524 lr 1.46e-05 107s
  ep1 step 1000/10273 loss 1.0836 lr 2.92e-05 258s
  ep1 step 1500/10273 loss 1.0545 lr 4.38e-05 479s
  ep1 step 2000/10273 loss 1.0373 lr 5.84e-05 722s
  ep1 step 2500/10273 loss 1.0259 lr 7.30e-05 958s
  ep1 step 3000/10273 loss 1.0169 lr 8.76e-05 1120s
  ep1 step 3500/10273 loss 1.0098 lr 1.02e-04 1233s
  ep1 step 4000/10273 loss 1.0034 lr 1.17e-04 1346s
  ep1 step 4500/10273 loss 0.9966 lr 1.31e-04 1452s
  ep1 step 5000/10273 loss 0.9896 lr 1.46e-04 1558s
  ep1 step 5500/10273 loss 0.9809 lr 1.61e-04 1663s
  ep1 step 6000/10273 loss 0.9707 lr 1.75e-04 1769s
  ep1 step 6500/10273 loss 0.9582 lr 1.90e-04 1875s
  ep1 step 7000/10273 loss 0.9419 lr 2.04e-04 1981s
  ep1 step 7500/10273 loss 0.9196 lr 2.19e-04 2087s
  ep1 step 8000/10273 loss 0.8918 lr 2.34e-04 2193s
  ep1 step 8500/10273 loss 0.8610 lr 2.48e-04 2297s
  ep1 step 9000/10273 loss 0.8299 lr 2.63e-04 2402s
  ep1 step 9500/10273 loss 0.8001 lr 2.77e-04 2508s
  ep1 step 10000/10273 loss 0.7719 lr 2.92e-04 2613s
{"ep": 1, "loss": 0.75757, "val_pooled_db": [-7.52, -7.01, -6.34, -5.73], "val_median_db": [-8.32, -7.72, -6.99, -6.5], "val_align_db": [-9.33, -8.91, -8.29, -7.85], "rho": [0.94, 0.934, 0.923, 0.914], "copy_last_db": [-4.46, -2.38, -1.54, -0.84], "lr": 0.0003, "sec": 2718.6}
  ep2 step 500/10273 loss 0.2165 lr 3.00e-04 105s
  ep2 step 1000/10273 loss 0.2076 lr 3.00e-04 210s
  ep2 step 1500/10273 loss 0.2008 lr 3.00e-04 316s
  ep2 step 2000/10273 loss 0.1973 lr 3.00e-04 421s
  ep2 step 2500/10273 loss 0.1936 lr 3.00e-04 527s
  ep2 step 3000/10273 loss 0.1904 lr 3.00e-04 633s
  ep2 step 3500/10273 loss 0.1880 lr 3.00e-04 738s
  ep2 step 4000/10273 loss 0.1852 lr 3.00e-04 844s
  ep2 step 4500/10273 loss 0.1830 lr 3.00e-04 950s
  ep2 step 5000/10273 loss 0.1805 lr 3.00e-04 1056s
  ep2 step 5500/10273 loss 0.1781 lr 3.00e-04 1161s
  ep2 step 6000/10273 loss 0.1759 lr 3.00e-04 1267s
  ep2 step 6500/10273 loss 0.1738 lr 3.00e-04 1372s
  ep2 step 7000/10273 loss 0.1720 lr 3.00e-04 1478s
  ep2 step 7500/10273 loss 0.1704 lr 3.00e-04 1585s
  ep2 step 8000/10273 loss 0.1688 lr 3.00e-04 1691s
  ep2 step 8500/10273 loss 0.1672 lr 3.00e-04 1796s
  ep2 step 9000/10273 loss 0.1656 lr 3.00e-04 1901s
  ep2 step 9500/10273 loss 0.1644 lr 3.00e-04 2007s
  ep2 step 10000/10273 loss 0.1630 lr 3.00e-04 2112s
{"ep": 2, "loss": 0.16229, "val_pooled_db": [-9.6, -8.89, -8.08, -7.24], "val_median_db": [-11.44, -10.71, -9.73, -8.86], "val_align_db": [-12.53, -11.96, -11.14, -10.63], "rho": [0.972, 0.968, 0.961, 0.956], "copy_last_db": [-4.46, -2.38, -1.54, -0.84], "lr": 0.0002995135962201315, "sec": 2219.2}
  ep3 step 500/10273 loss 0.1322 lr 2.99e-04 104s
  ep3 step 1000/10273 loss 0.1344 lr 2.99e-04 216s
  ep3 step 1500/10273 loss 0.1342 lr 2.99e-04 332s
  ep3 step 2000/10273 loss 0.1329 lr 2.99e-04 449s
  ep3 step 2500/10273 loss 0.1319 lr 2.99e-04 565s
  ep3 step 3000/10273 loss 0.1312 lr 2.99e-04 682s
  ep3 step 3500/10273 loss 0.1308 lr 2.99e-04 798s
  ep3 step 4000/10273 loss 0.1303 lr 2.99e-04 913s
  ep3 step 4500/10273 loss 0.1296 lr 2.99e-04 1027s
  ep3 step 5000/10273 loss 0.1290 lr 2.99e-04 1142s
  ep3 step 5500/10273 loss 0.1287 lr 2.99e-04 1256s
  ep3 step 6000/10273 loss 0.1284 lr 2.99e-04 1368s
  ep3 step 6500/10273 loss 0.1279 lr 2.99e-04 1474s
  ep3 step 7000/10273 loss 0.1276 lr 2.99e-04 1581s
  ep3 step 7500/10273 loss 0.1272 lr 2.99e-04 1687s
  ep3 step 8000/10273 loss 0.1268 lr 2.98e-04 1793s
  ep3 step 8500/10273 loss 0.1263 lr 2.98e-04 1900s
  ep3 step 9000/10273 loss 0.1258 lr 2.98e-04 2006s
  ep3 step 9500/10273 loss 0.1256 lr 2.98e-04 2112s
  ep3 step 10000/10273 loss 0.1252 lr 2.98e-04 2217s
{"ep": 3, "loss": 0.12501, "val_pooled_db": [-9.94, -9.16, -8.27, -7.39], "val_median_db": [-12.24, -11.18, -10.19, -9.27], "val_align_db": [-13.44, -12.64, -11.67, -10.86], "rho": [0.977, 0.972, 0.965, 0.958], "copy_last_db": [-4.46, -2.38, -1.54, -0.84], "lr": 0.00029805753939568687, "sec": 2322.6}
  ep4 step 500/10273 loss 0.1128 lr 2.98e-04 113s
  ep4 step 1000/10273 loss 0.1119 lr 2.98e-04 274s
  ep4 step 1500/10273 loss 0.1122 lr 2.98e-04 380s
  ep4 step 2000/10273 loss 0.1131 lr 2.98e-04 485s
  ep4 step 2500/10273 loss 0.1127 lr 2.98e-04 624s
  ep4 step 3000/10273 loss 0.1129 lr 2.97e-04 728s
  ep4 step 3500/10273 loss 0.1132 lr 2.97e-04 833s
  ep4 step 4000/10273 loss 0.1135 lr 2.97e-04 938s
  ep4 step 4500/10273 loss 0.1136 lr 2.97e-04 1042s
  ep4 step 5000/10273 loss 0.1133 lr 2.97e-04 1146s
  ep4 step 5500/10273 loss 0.1129 lr 2.97e-04 1250s
  ep4 step 6000/10273 loss 0.1126 lr 2.97e-04 1355s
  ep4 step 6500/10273 loss 0.1121 lr 2.97e-04 1459s
  ep4 step 7000/10273 loss 0.1118 lr 2.97e-04 1563s
  ep4 step 7500/10273 loss 0.1115 lr 2.96e-04 1668s
  ep4 step 8000/10273 loss 0.1113 lr 2.96e-04 1772s
  ep4 step 8500/10273 loss 0.1110 lr 2.96e-04 1887s
  ep4 step 9000/10273 loss 0.1108 lr 2.96e-04 2005s
  ep4 step 9500/10273 loss 0.1106 lr 2.96e-04 2120s
  ep4 step 10000/10273 loss 0.1104 lr 2.96e-04 2238s
{"ep": 4, "loss": 0.11025, "val_pooled_db": [-10.17, -9.29, -8.31, -7.46], "val_median_db": [-12.54, -11.54, -10.51, -9.49], "val_align_db": [-13.68, -12.88, -11.95, -11.17], "rho": [0.978, 0.974, 0.968, 0.961], "copy_last_db": [-4.46, -2.38, -1.54, -0.84], "lr": 0.00029564127261390776, "sec": 2354.2}
  ep5 step 500/10273 loss 0.1036 lr 2.95e-04 115s
  ep5 step 1000/10273 loss 0.1042 lr 2.95e-04 230s
  ep5 step 1500/10273 loss 0.1033 lr 2.95e-04 345s
  ep5 step 2000/10273 loss 0.1032 lr 2.95e-04 456s
  ep5 step 2500/10273 loss 0.1030 lr 2.95e-04 562s
  ep5 step 3000/10273 loss 0.1031 lr 2.95e-04 667s
  ep5 step 3500/10273 loss 0.1029 lr 2.95e-04 773s
  ep5 step 4000/10273 loss 0.1030 lr 2.94e-04 879s
  ep5 step 4500/10273 loss 0.1027 lr 2.94e-04 985s
  ep5 step 5000/10273 loss 0.1024 lr 2.94e-04 1090s
  ep5 step 5500/10273 loss 0.1022 lr 2.94e-04 1196s
  ep5 step 6000/10273 loss 0.1019 lr 2.94e-04 1302s
  ep5 step 6500/10273 loss 0.1021 lr 2.94e-04 1408s
  ep5 step 7000/10273 loss 0.1019 lr 2.93e-04 1515s
  ep5 step 7500/10273 loss 0.1016 lr 2.93e-04 1621s
  ep5 step 8000/10273 loss 0.1016 lr 2.93e-04 1727s
  ep5 step 8500/10273 loss 0.1014 lr 2.93e-04 1833s
  ep5 step 9000/10273 loss 0.1012 lr 2.93e-04 1939s
  ep5 step 9500/10273 loss 0.1011 lr 2.93e-04 2045s
  ep5 step 10000/10273 loss 0.1010 lr 2.92e-04 2151s
{"ep": 5, "loss": 0.10085, "val_pooled_db": [-10.34, -9.4, -8.44, -7.57], "val_median_db": [-12.83, -11.71, -10.55, -9.67], "val_align_db": [-14.02, -13.17, -12.2, -11.46], "rho": [0.98, 0.976, 0.969, 0.964], "copy_last_db": [-4.46, -2.38, -1.54, -0.84], "lr": 0.00029228046629207175, "sec": 2258.0}
  ep6 step 500/10273 loss 0.0965 lr 2.92e-04 106s
  ep6 step 1000/10273 loss 0.0969 lr 2.92e-04 212s
  ep6 step 1500/10273 loss 0.0965 lr 2.92e-04 316s
  ep6 step 2000/10273 loss 0.0971 lr 2.92e-04 423s
  ep6 step 2500/10273 loss 0.0970 lr 2.91e-04 529s
  ep6 step 3000/10273 loss 0.0964 lr 2.91e-04 635s
  ep6 step 3500/10273 loss 0.0958 lr 2.91e-04 741s
  ep6 step 4000/10273 loss 0.0959 lr 2.91e-04 845s
  ep6 step 4500/10273 loss 0.0957 lr 2.91e-04 950s
  ep6 step 5000/10273 loss 0.0955 lr 2.90e-04 1056s
  ep6 step 5500/10273 loss 0.0955 lr 2.90e-04 1162s
  ep6 step 6000/10273 loss 0.0954 lr 2.90e-04 1268s
  ep6 step 6500/10273 loss 0.0951 lr 2.90e-04 1374s
  ep6 step 7000/10273 loss 0.0949 lr 2.89e-04 1480s
  ep6 step 7500/10273 loss 0.0948 lr 2.89e-04 1586s
  ep6 step 8000/10273 loss 0.0948 lr 2.89e-04 1691s
  ep6 step 8500/10273 loss 0.0946 lr 2.89e-04 1798s
  ep6 step 9000/10273 loss 0.0944 lr 2.89e-04 1904s
  ep6 step 9500/10273 loss 0.0944 lr 2.88e-04 2010s
  ep6 step 10000/10273 loss 0.0943 lr 2.88e-04 2115s
{"ep": 6, "loss": 0.09423, "val_pooled_db": [-10.38, -9.49, -8.46, -7.59], "val_median_db": [-12.97, -11.94, -10.71, -9.73], "val_align_db": [-13.99, -13.3, -12.16, -11.33], "rho": [0.98, 0.976, 0.969, 0.962], "copy_last_db": [-4.46, -2.38, -1.54, -0.84], "lr": 0.0002879969165488236, "sec": 2220.9}
  ep7 step 500/10273 loss 0.0916 lr 2.88e-04 106s
  ep7 step 1000/10273 loss 0.0922 lr 2.88e-04 211s
  ep7 step 1500/10273 loss 0.0918 lr 2.87e-04 317s
  ep7 step 2000/10273 loss 0.0911 lr 2.87e-04 422s
  ep7 step 2500/10273 loss 0.0907 lr 2.87e-04 527s
  ep7 step 3000/10273 loss 0.0905 lr 2.87e-04 633s
  ep7 step 3500/10273 loss 0.0903 lr 2.86e-04 739s
  ep7 step 4000/10273 loss 0.0901 lr 2.86e-04 844s
  ep7 step 4500/10273 loss 0.0902 lr 2.86e-04 950s
  ep7 step 5000/10273 loss 0.0901 lr 2.86e-04 1056s
  ep7 step 5500/10273 loss 0.0900 lr 2.85e-04 1161s
  ep7 step 6000/10273 loss 0.0901 lr 2.85e-04 1267s
  ep7 step 6500/10273 loss 0.0899 lr 2.85e-04 1373s
  ep7 step 7000/10273 loss 0.0897 lr 2.85e-04 1479s
  ep7 step 7500/10273 loss 0.0895 lr 2.84e-04 1584s
  ep7 step 8000/10273 loss 0.0898 lr 2.84e-04 1689s
  ep7 step 8500/10273 loss 0.0897 lr 2.84e-04 1796s
  ep7 step 9000/10273 loss 0.0897 lr 2.84e-04 1903s
  ep7 step 9500/10273 loss 0.0895 lr 2.83e-04 2009s
  ep7 step 10000/10273 loss 0.0894 lr 2.83e-04 2115s
{"ep": 7, "loss": 0.08933, "val_pooled_db": [-10.47, -9.53, -8.54, -7.63], "val_median_db": [-13.19, -11.96, -10.73, -9.64], "val_align_db": [-14.18, -13.3, -12.16, -11.3], "rho": [0.981, 0.976, 0.969, 0.962], "copy_last_db": [-4.46, -2.38, -1.54, -0.84], "lr": 0.0002828184038479814, "sec": 2220.7}
  ep8 step 500/10273 loss 0.0847 lr 2.83e-04 106s
  ep8 step 1000/10273 loss 0.0860 lr 2.82e-04 212s
  ep8 step 1500/10273 loss 0.0856 lr 2.82e-04 318s
  ep8 step 2000/10273 loss 0.0852 lr 2.82e-04 424s
  ep8 step 2500/10273 loss 0.0851 lr 2.81e-04 529s
  ep8 step 3000/10273 loss 0.0853 lr 2.81e-04 637s
  ep8 step 3500/10273 loss 0.0855 lr 2.81e-04 760s
  ep8 step 4000/10273 loss 0.0860 lr 2.81e-04 966s
  ep8 step 4500/10273 loss 0.0859 lr 2.80e-04 1079s
  ep8 step 5000/10273 loss 0.0860 lr 2.80e-04 1183s
  ep8 step 5500/10273 loss 0.0858 lr 2.80e-04 1287s
  ep8 step 6000/10273 loss 0.0858 lr 2.79e-04 1392s
  ep8 step 6500/10273 loss 0.0858 lr 2.79e-04 1497s
  ep8 step 7000/10273 loss 0.0857 lr 2.79e-04 1602s
  ep8 step 7500/10273 loss 0.0856 lr 2.78e-04 1707s
  ep8 step 8000/10273 loss 0.0857 lr 2.78e-04 1812s
  ep8 step 8500/10273 loss 0.0856 lr 2.78e-04 1917s
  ep8 step 9000/10273 loss 0.0855 lr 2.78e-04 2022s
  ep8 step 9500/10273 loss 0.0855 lr 2.77e-04 2127s
  ep8 step 10000/10273 loss 0.0854 lr 2.77e-04 2232s
{"ep": 8, "loss": 0.0853, "val_pooled_db": [-10.55, -9.57, -8.53, -7.69], "val_median_db": [-13.29, -12.02, -10.8, -9.75], "val_align_db": [-14.3, -13.3, -12.2, -11.3], "rho": [0.981, 0.976, 0.969, 0.962], "copy_last_db": [-4.46, -2.38, -1.54, -0.84], "lr": 0.0002767785128315692, "sec": 2338.5}
  ep9 step 500/10273 loss 0.0816 lr 2.76e-04 105s
  ep9 step 1000/10273 loss 0.0818 lr 2.76e-04 210s
  ep9 step 1500/10273 loss 0.0829 lr 2.76e-04 315s
  ep9 step 2000/10273 loss 0.0831 lr 2.76e-04 419s
  ep9 step 2500/10273 loss 0.0828 lr 2.75e-04 524s
  ep9 step 3000/10273 loss 0.0830 lr 2.75e-04 629s
  ep9 step 3500/10273 loss 0.0828 lr 2.75e-04 735s
  ep9 step 4000/10273 loss 0.0825 lr 2.74e-04 841s
  ep9 step 4500/10273 loss 0.0823 lr 2.74e-04 945s
  ep9 step 5000/10273 loss 0.0822 lr 2.74e-04 1050s
  ep9 step 5500/10273 loss 0.0823 lr 2.73e-04 1155s
  ep9 step 6000/10273 loss 0.0823 lr 2.73e-04 1260s
  ep9 step 6500/10273 loss 0.0821 lr 2.73e-04 1365s
  ep9 step 7000/10273 loss 0.0823 lr 2.72e-04 1470s
  ep9 step 7500/10273 loss 0.0822 lr 2.72e-04 1575s
  ep9 step 8000/10273 loss 0.0822 lr 2.72e-04 1679s
  ep9 step 8500/10273 loss 0.0820 lr 2.71e-04 1785s
  ep9 step 9000/10273 loss 0.0820 lr 2.71e-04 1890s
  ep9 step 9500/10273 loss 0.0819 lr 2.70e-04 1994s
  ep9 step 10000/10273 loss 0.0821 lr 2.70e-04 2099s
{"ep": 9, "loss": 0.08197, "val_pooled_db": [-10.51, -9.54, -8.57, -7.64], "val_median_db": [-13.31, -12.05, -10.89, -9.82], "val_align_db": [-14.29, -13.38, -12.24, -11.35], "rho": [0.981, 0.977, 0.97, 0.963], "copy_last_db": [-4.46, -2.38, -1.54, -0.84], "lr": 0.00026991641451052517, "sec": 2204.7}
  ep10 step 500/10273 loss 0.0792 lr 2.70e-04 105s
  ep10 step 1000/10273 loss 0.0788 lr 2.69e-04 209s
  ep10 step 1500/10273 loss 0.0795 lr 2.69e-04 313s
  ep10 step 2000/10273 loss 0.0795 lr 2.68e-04 418s
  ep10 step 2500/10273 loss 0.0794 lr 2.68e-04 522s
  ep10 step 3000/10273 loss 0.0793 lr 2.68e-04 627s
  ep10 step 3500/10273 loss 0.0797 lr 2.67e-04 731s
  ep10 step 4000/10273 loss 0.0803 lr 2.67e-04 835s
  ep10 step 4500/10273 loss 0.0801 lr 2.67e-04 939s
  ep10 step 5000/10273 loss 0.0800 lr 2.66e-04 1044s
  ep10 step 5500/10273 loss 0.0798 lr 2.66e-04 1149s
  ep10 step 6000/10273 loss 0.0800 lr 2.66e-04 1253s
  ep10 step 6500/10273 loss 0.0799 lr 2.65e-04 1357s
  ep10 step 7000/10273 loss 0.0797 lr 2.65e-04 1461s
  ep10 step 7500/10273 loss 0.0797 lr 2.64e-04 1566s
  ep10 step 8000/10273 loss 0.0795 lr 2.64e-04 1670s
  ep10 step 8500/10273 loss 0.0795 lr 2.64e-04 1774s
  ep10 step 9000/10273 loss 0.0796 lr 2.63e-04 1879s
  ep10 step 9500/10273 loss 0.0795 lr 2.63e-04 1984s
  ep10 step 10000/10273 loss 0.0794 lr 2.62e-04 2089s
{"ep": 10, "loss": 0.07933, "val_pooled_db": [-10.53, -9.49, -8.54, -7.66], "val_median_db": [-13.41, -12.06, -10.86, -9.73], "val_align_db": [-14.46, -13.43, -12.28, -11.29], "rho": [0.982, 0.977, 0.97, 0.962], "copy_last_db": [-4.46, -2.38, -1.54, -0.84], "lr": 0.00026227661222566516, "sec": 2195.2}
  ep11 step 500/10273 loss 0.0769 lr 2.62e-04 105s
  ep11 step 1000/10273 loss 0.0778 lr 2.61e-04 211s
  ep11 step 1500/10273 loss 0.0772 lr 2.61e-04 316s
  ep11 step 2000/10273 loss 0.0771 lr 2.61e-04 421s
  ep11 step 2500/10273 loss 0.0771 lr 2.60e-04 527s
  ep11 step 3000/10273 loss 0.0771 lr 2.60e-04 633s
  ep11 step 3500/10273 loss 0.0770 lr 2.60e-04 738s
  ep11 step 4000/10273 loss 0.0772 lr 2.59e-04 844s
  ep11 step 4500/10273 loss 0.0772 lr 2.59e-04 949s
  ep11 step 5000/10273 loss 0.0770 lr 2.58e-04 1054s
  ep11 step 5500/10273 loss 0.0770 lr 2.58e-04 1160s
  ep11 step 6000/10273 loss 0.0769 lr 2.57e-04 1265s
  ep11 step 6500/10273 loss 0.0770 lr 2.57e-04 1370s
  ep11 step 7000/10273 loss 0.0770 lr 2.57e-04 1475s
  ep11 step 7500/10273 loss 0.0770 lr 2.56e-04 1581s
  ep11 step 8000/10273 loss 0.0772 lr 2.56e-04 1686s
  ep11 step 8500/10273 loss 0.0771 lr 2.55e-04 1791s
  ep11 step 9000/10273 loss 0.0771 lr 2.55e-04 1897s
  ep11 step 9500/10273 loss 0.0772 lr 2.55e-04 2002s
  ep11 step 10000/10273 loss 0.0772 lr 2.54e-04 2108s
{"ep": 11, "loss": 0.07719, "val_pooled_db": [-10.58, -9.58, -8.54, -7.67], "val_median_db": [-13.43, -12.14, -10.85, -9.68], "val_align_db": [-14.44, -13.48, -12.27, -11.38], "rho": [0.982, 0.977, 0.97, 0.963], "copy_last_db": [-4.46, -2.38, -1.54, -0.84], "lr": 0.0002539086530264399, "sec": 2213.8}
  ep12 step 500/10273 loss 0.0760 lr 2.53e-04 105s
  ep12 step 1000/10273 loss 0.0755 lr 2.53e-04 211s
  ep12 step 1500/10273 loss 0.0752 lr 2.53e-04 316s
  ep12 step 2000/10273 loss 0.0751 lr 2.52e-04 421s
  ep12 step 2500/10273 loss 0.0754 lr 2.52e-04 526s
  ep12 step 3000/10273 loss 0.0753 lr 2.51e-04 632s
  ep12 step 3500/10273 loss 0.0752 lr 2.51e-04 737s
  ep12 step 4000/10273 loss 0.0750 lr 2.50e-04 844s
  ep12 step 4500/10273 loss 0.0750 lr 2.50e-04 950s
  ep12 step 5000/10273 loss 0.0750 lr 2.50e-04 1055s
  ep12 step 5500/10273 loss 0.0750 lr 2.49e-04 1161s
  ep12 step 6000/10273 loss 0.0751 lr 2.49e-04 1266s
  ep12 step 6500/10273 loss 0.0753 lr 2.48e-04 1371s
  ep12 step 7000/10273 loss 0.0755 lr 2.48e-04 1476s
  ep12 step 7500/10273 loss 0.0754 lr 2.47e-04 1580s
  ep12 step 8000/10273 loss 0.0755 lr 2.47e-04 1684s
  ep12 step 8500/10273 loss 0.0754 lr 2.46e-04 1788s
  ep12 step 9000/10273 loss 0.0754 lr 2.46e-04 1892s
  ep12 step 9500/10273 loss 0.0754 lr 2.46e-04 1996s
  ep12 step 10000/10273 loss 0.0753 lr 2.45e-04 2100s
{"ep": 12, "loss": 0.07521, "val_pooled_db": [-10.57, -9.56, -8.6, -7.71], "val_median_db": [-13.51, -12.22, -10.96, -9.84], "val_align_db": [-14.53, -13.52, -12.35, -11.4], "rho": [0.982, 0.978, 0.97, 0.963], "copy_last_db": [-4.46, -2.38, -1.54, -0.84], "lr": 0.0002448668063393066, "sec": 2204.7}
  ep13 step 500/10273 loss 0.0730 lr 2.44e-04 104s
  ep13 step 1000/10273 loss 0.0728 lr 2.44e-04 209s
  ep13 step 1500/10273 loss 0.0733 lr 2.43e-04 313s
  ep13 step 2000/10273 loss 0.0733 lr 2.43e-04 417s
  ep13 step 2500/10273 loss 0.0731 lr 2.43e-04 521s
  ep13 step 3000/10273 loss 0.0732 lr 2.42e-04 626s
  ep13 step 3500/10273 loss 0.0731 lr 2.42e-04 730s
  ep13 step 4000/10273 loss 0.0732 lr 2.41e-04 834s
  ep13 step 4500/10273 loss 0.0731 lr 2.41e-04 939s
  ep13 step 5000/10273 loss 0.0731 lr 2.40e-04 1043s
  ep13 step 5500/10273 loss 0.0731 lr 2.40e-04 1148s
  ep13 step 6000/10273 loss 0.0730 lr 2.39e-04 1252s
  ep13 step 6500/10273 loss 0.0730 lr 2.39e-04 1357s
  ep13 step 7000/10273 loss 0.0732 lr 2.38e-04 1461s
  ep13 step 7500/10273 loss 0.0732 lr 2.38e-04 1566s
  ep13 step 8000/10273 loss 0.0732 lr 2.37e-04 1670s
  ep13 step 8500/10273 loss 0.0734 lr 2.37e-04 1775s
  ep13 step 9000/10273 loss 0.0733 lr 2.36e-04 1880s
  ep13 step 9500/10273 loss 0.0734 lr 2.36e-04 1985s
  ep13 step 10000/10273 loss 0.0734 lr 2.35e-04 2090s
{"ep": 13, "loss": 0.07347, "val_pooled_db": [-10.5, -9.47, -8.45, -7.6], "val_median_db": [-13.41, -12.07, -10.82, -9.65], "val_align_db": [-14.48, -13.46, -12.26, -11.34], "rho": [0.982, 0.977, 0.97, 0.963], "copy_last_db": [-4.46, -2.38, -1.54, -0.84], "lr": 0.00023520971200967334, "sec": 2195.5}
  ep14 step 500/10273 loss 0.0719 lr 2.35e-04 104s
  ep14 step 1000/10273 loss 0.0714 lr 2.34e-04 209s
  ep14 step 1500/10273 loss 0.0720 lr 2.34e-04 314s
  ep14 step 2000/10273 loss 0.0718 lr 2.33e-04 418s
  ep14 step 2500/10273 loss 0.0722 lr 2.33e-04 522s
  ep14 step 3000/10273 loss 0.0724 lr 2.32e-04 626s
  ep14 step 3500/10273 loss 0.0723 lr 2.32e-04 731s
  ep14 step 4000/10273 loss 0.0722 lr 2.31e-04 835s
  ep14 step 4500/10273 loss 0.0721 lr 2.31e-04 940s
  ep14 step 5000/10273 loss 0.0720 lr 2.30e-04 1044s
  ep14 step 5500/10273 loss 0.0719 lr 2.30e-04 1149s
  ep14 step 6000/10273 loss 0.0719 lr 2.29e-04 1253s
  ep14 step 6500/10273 loss 0.0718 lr 2.29e-04 1357s
  ep14 step 7000/10273 loss 0.0717 lr 2.28e-04 1461s
  ep14 step 7500/10273 loss 0.0717 lr 2.28e-04 1565s
  ep14 step 8000/10273 loss 0.0717 lr 2.27e-04 1669s
  ep14 step 8500/10273 loss 0.0718 lr 2.27e-04 1774s
  ep14 step 9000/10273 loss 0.0718 lr 2.26e-04 1879s
  ep14 step 9500/10273 loss 0.0718 lr 2.26e-04 1983s
  ep14 step 10000/10273 loss 0.0717 lr 2.25e-04 2087s
{"ep": 14, "loss": 0.0719, "val_pooled_db": [-10.21, -9.31, -8.31, -7.45], "val_median_db": [-13.0, -11.84, -10.68, -9.56], "val_align_db": [-14.13, -13.21, -12.08, -11.26], "rho": [0.98, 0.976, 0.969, 0.962], "copy_last_db": [-4.46, -2.38, -1.54, -0.84], "lr": 0.000225, "sec": 2192.4}
  ep15 step 500/10273 loss 0.0711 lr 2.24e-04 104s
  ep15 step 1000/10273 loss 0.0705 lr 2.24e-04 209s
  ep15 step 1500/10273 loss 0.0704 lr 2.23e-04 313s
  ep15 step 2000/10273 loss 0.0703 lr 2.23e-04 418s
  ep15 step 2500/10273 loss 0.0708 lr 2.22e-04 522s
  ep15 step 3000/10273 loss 0.0712 lr 2.22e-04 626s
  ep15 step 3500/10273 loss 0.0714 lr 2.21e-04 731s
  ep15 step 4000/10273 loss 0.0712 lr 2.21e-04 836s
  ep15 step 4500/10273 loss 0.0710 lr 2.20e-04 941s
  ep15 step 5000/10273 loss 0.0709 lr 2.20e-04 1045s
  ep15 step 5500/10273 loss 0.0709 lr 2.19e-04 1150s
  ep15 step 6000/10273 loss 0.0708 lr 2.19e-04 1254s
  ep15 step 6500/10273 loss 0.0707 lr 2.18e-04 1358s
  ep15 step 7000/10273 loss 0.0706 lr 2.18e-04 1463s
  ep15 step 7500/10273 loss 0.0707 lr 2.17e-04 1567s
  ep15 step 8000/10273 loss 0.0706 lr 2.17e-04 1672s
  ep15 step 8500/10273 loss 0.0706 lr 2.16e-04 1776s
  ep15 step 9000/10273 loss 0.0707 lr 2.16e-04 1880s
  ep15 step 9500/10273 loss 0.0706 lr 2.15e-04 1983s
  ep15 step 10000/10273 loss 0.0706 lr 2.15e-04 2088s
{"ep": 15, "loss": 0.07054, "val_pooled_db": [-10.56, -9.57, -8.56, -7.7], "val_median_db": [-13.57, -12.25, -10.74, -9.72], "val_align_db": [-14.65, -13.61, -12.36, -11.44], "rho": [0.983, 0.978, 0.971, 0.963], "copy_last_db": [-4.46, -2.38, -1.54, -0.84], "lr": 0.0002143038842104581, "sec": 2194.0}
  ep16 step 500/10273 loss 0.0690 lr 2.14e-04 104s
  ep16 step 1000/10273 loss 0.0689 lr 2.13e-04 209s
  ep16 step 1500/10273 loss 0.0691 lr 2.13e-04 314s
  ep16 step 2000/10273 loss 0.0690 lr 2.12e-04 418s
  ep16 step 2500/10273 loss 0.0695 lr 2.12e-04 522s
  ep16 step 3000/10273 loss 0.0697 lr 2.11e-04 627s
  ep16 step 3500/10273 loss 0.0697 lr 2.11e-04 731s
  ep16 step 4000/10273 loss 0.0697 lr 2.10e-04 835s
  ep16 step 4500/10273 loss 0.0696 lr 2.09e-04 939s
  ep16 step 5000/10273 loss 0.0697 lr 2.09e-04 1043s
  ep16 step 5500/10273 loss 0.0696 lr 2.08e-04 1148s
  ep16 step 6000/10273 loss 0.0695 lr 2.08e-04 1252s
  ep16 step 6500/10273 loss 0.0695 lr 2.07e-04 1356s
  ep16 step 7000/10273 loss 0.0695 lr 2.07e-04 1460s
  ep16 step 7500/10273 loss 0.0694 lr 2.06e-04 1564s
  ep16 step 8000/10273 loss 0.0693 lr 2.06e-04 1669s
  ep16 step 8500/10273 loss 0.0693 lr 2.05e-04 1773s
  ep16 step 9000/10273 loss 0.0693 lr 2.05e-04 1878s
  ep16 step 9500/10273 loss 0.0693 lr 2.04e-04 1983s
  ep16 step 10000/10273 loss 0.0693 lr 2.03e-04 2087s
{"ep": 16, "loss": 0.06936, "val_pooled_db": [-10.5, -9.48, -8.39, -7.54], "val_median_db": [-13.49, -12.28, -10.83, -9.62], "val_align_db": [-14.56, -13.62, -12.31, -11.3], "rho": [0.982, 0.978, 0.97, 0.962], "copy_last_db": [-4.46, -2.38, -1.54, -0.84], "lr": 0.0002031907330563803, "sec": 2193.1}
  ep17 step 500/10273 loss 0.0689 lr 2.03e-04 104s
  ep17 step 1000/10273 loss 0.0686 lr 2.02e-04 208s
  ep17 step 1500/10273 loss 0.0681 lr 2.02e-04 312s
  ep17 step 2000/10273 loss 0.0680 lr 2.01e-04 417s
  ep17 step 2500/10273 loss 0.0679 lr 2.00e-04 521s
  ep17 step 3000/10273 loss 0.0683 lr 2.00e-04 625s
  ep17 step 3500/10273 loss 0.0681 lr 1.99e-04 729s
  ep17 step 4000/10273 loss 0.0682 lr 1.99e-04 833s
  ep17 step 4500/10273 loss 0.0681 lr 1.98e-04 937s
  ep17 step 5000/10273 loss 0.0682 lr 1.98e-04 1041s
  ep17 step 5500/10273 loss 0.0682 lr 1.97e-04 1146s
  ep17 step 6000/10273 loss 0.0682 lr 1.97e-04 1250s
  ep17 step 6500/10273 loss 0.0683 lr 1.96e-04 1354s
  ep17 step 7000/10273 loss 0.0683 lr 1.95e-04 1458s
  ep17 step 7500/10273 loss 0.0682 lr 1.95e-04 1562s
  ep17 step 8000/10273 loss 0.0682 lr 1.94e-04 1667s
  ep17 step 8500/10273 loss 0.0681 lr 1.94e-04 1771s
  ep17 step 9000/10273 loss 0.0682 lr 1.93e-04 1875s
  ep17 step 9500/10273 loss 0.0681 lr 1.93e-04 1978s
  ep17 step 10000/10273 loss 0.0681 lr 1.92e-04 2083s
{"ep": 17, "loss": 0.06818, "val_pooled_db": [-10.49, -9.49, -8.46, -7.57], "val_median_db": [-13.45, -12.17, -10.89, -9.67], "val_align_db": [-14.55, -13.53, -12.35, -11.43], "rho": [0.982, 0.978, 0.97, 0.963], "copy_last_db": [-4.46, -2.38, -1.54, -0.84], "lr": 0.0001917326195874679, "sec": 2187.8}
early stopping at ep 17 (best ep 12, -9.11 dB)
DONE best_ep 12 val_mean_pooled_db -9.11
